Archive member included because of file (symbol)

../LibA5T1000/gcc\libsyscall.a(app_call.o)
                              obj/GetCert.o (lib_app_call)
../LibA5T1000/gcc\libsyscall.a(app_sw.o)
                              obj/coremain.o (os_call_app)
../LibA5T1000/gcc\libsyscall.a(sys_call.o)
                              obj/GetCert.o (sys_func3)
../LibA5T1000/gcc\libbasecall.a(base_call.o)
                              obj/hardware.o (base_func0)
../LibA5T1000/gcc\libsptutil.a(bcd2bin.o)
                              obj/ftptran.o (bcd2bin)
../LibA5T1000/gcc\libsptutil.a(bcd2val.o)
                              ../LibA5T1000/gcc\libsptutil.a(bcd2bin.o) (bcd2val)
../LibA5T1000/gcc\libsptutil.a(bcdadd.o)
                              obj/sysutil.o (bcdadd)
../LibA5T1000/gcc\libsptutil.a(bcdinc.o)
                              obj/termdata.o (bcdinc)
../LibA5T1000/gcc\libsptutil.a(bcdsub.o)
                              obj/sysutil.o (bcdsub)
../LibA5T1000/gcc\libsptutil.a(bin2dec.o)
                              obj/emvtrans.o (bin2dec)
../LibA5T1000/gcc\libsptutil.a(chkdigit.o)
                              obj/apmtest.o (chk_digit)
../LibA5T1000/gcc\libsptutil.a(chkdok.o)
                              obj/termdata.o (chk_digit_ok)
../LibA5T1000/gcc\libsptutil.a(compress.o)
                              obj/ftptran.o (compress)
../LibA5T1000/gcc\libsptutil.a(crcccitt.o)
                              obj/stis.o (cal_crc)
../LibA5T1000/gcc\libsptutil.a(dbin2asc.o)
                              obj/ftptran.o (dbin2asc)
../LibA5T1000/gcc\libsptutil.a(dec2bin.o)
                              obj/ftptran.o (dec2bin)
../LibA5T1000/gcc\libsptutil.a(decbin8b.o)
                              obj/ftptran.o (decbin8b)
../LibA5T1000/gcc\libsptutil.a(fndb.o)
                              obj/comm.o (fndb)
../LibA5T1000/gcc\libsptutil.a(get_byte.o)
                              obj/inittran.o (get_byte)
../LibA5T1000/gcc\libsptutil.a(get_dist.o)
                              obj/inittran.o (get_distance)
../LibA5T1000/gcc\libsptutil.a(get_mem.o)
                              obj/inittran.o (get_mem)
../LibA5T1000/gcc\libsptutil.a(get_pptr.o)
                              obj/inittran.o (get_pptr)
../LibA5T1000/gcc\libsptutil.a(hex_val.o)
                              obj/GetCert.o (hex_value)
../LibA5T1000/gcc\libsptutil.a(inc_pptr.o)
                              obj/inittran.o (inc_pptr)
../LibA5T1000/gcc\libsptutil.a(lbin2asc.o)
                              obj/emvtrans.o (lbin2asc)
../LibA5T1000/gcc\libsptutil.a(lrc.o)
                              obj/inittran.o (lrc)
../LibA5T1000/gcc\libsptutil.a(pack_b.o)
                              obj/inittran.o (pack_byte)
../LibA5T1000/gcc\libsptutil.a(pack_mem.o)
                              obj/inittran.o (pack_mem)
../LibA5T1000/gcc\libsptutil.a(pack_nul.o)
                              obj/inittran.o (pack_null)
../LibA5T1000/gcc\libsptutil.a(peek_b.o)
                              obj/inittran.o (peek_byte)
../LibA5T1000/gcc\libsptutil.a(set_pptr.o)
                              ../LibA5T1000/gcc\libsptutil.a(get_mem.o) (buffer_overflow)
../LibA5T1000/gcc\libsptutil.a(skpb.o)
                              obj/emvtrans.o (skpb)
../LibA5T1000/gcc\libsptutil.a(split.o)
                              obj/comm.o (split)
../LibA5T1000/gcc\libsptutil.a(unix_tm.o)
                              obj/sysutil.o (RTC2UNIX)
../LibA5T1000/gcc\libsptutil.a(val2bcd.o)
                              ../LibA5T1000/gcc\libsptutil.a(bcdadd.o) (val2bcd)
../LibA5T1000/gcc\libsptutil.a(hexdigit.o)
                              ../LibA5T1000/gcc\libsptutil.a(split.o) (hex_digit)
../LibA5T1000/gcc\libsptutil.a(pack_nb.o)
                              ../LibA5T1000/gcc\libsptutil.a(pack_nul.o) (pack_nbyte)
C:\DevTools\gcc_v49_2014q4/arm-none-eabi/lib/thumb\libc.a(lib_a-atoi.o)
                              obj/param.o (atoi)
C:\DevTools\gcc_v49_2014q4/arm-none-eabi/lib/thumb\libc.a(lib_a-ctype_.o)
                              obj/kbdutil.o (__ctype_ptr__)
C:\DevTools\gcc_v49_2014q4/arm-none-eabi/lib/thumb\libc.a(lib_a-memcmp.o)
                              obj/GetCert.o (memcmp)
C:\DevTools\gcc_v49_2014q4/arm-none-eabi/lib/thumb\libc.a(lib_a-memcpy.o)
                              obj/GetCert.o (memcpy)
C:\DevTools\gcc_v49_2014q4/arm-none-eabi/lib/thumb\libc.a(lib_a-memmove.o)
                              obj/kbdutil.o (memmove)
C:\DevTools\gcc_v49_2014q4/arm-none-eabi/lib/thumb\libc.a(lib_a-memset.o)
                              obj/GetCert.o (memset)
C:\DevTools\gcc_v49_2014q4/arm-none-eabi/lib/thumb\libc.a(lib_a-strcat.o)
                              obj/GetCert.o (strcat)
C:\DevTools\gcc_v49_2014q4/arm-none-eabi/lib/thumb\libc.a(lib_a-strchr.o)
                              obj/mxml-search.o (strchr)
C:\DevTools\gcc_v49_2014q4/arm-none-eabi/lib/thumb\libc.a(lib_a-strcmp.o)
                              obj/ftptran.o (strcmp)
[...]
Memory Configuration

Name             Origin             Length             Attributes
*default*        0x00000000         0xffffffff

Linker script and memory map

START GROUP
LOAD obj/GetCert.o
LOAD obj/PhList.o
LOAD obj/Phone.o
LOAD obj/apmconfig.o
LOAD obj/apmfunc.o
LOAD obj/apmtest.o
LOAD obj/auxcom.o
LOAD obj/batchsys.o
LOAD obj/cakey.o
LOAD obj/comm.o
LOAD obj/constant.o
LOAD obj/coremain.o
LOAD obj/ctlcfg.o
LOAD obj/emvtrans.o
LOAD obj/ftptran.o
LOAD obj/hardware.o
LOAD obj/hashops.o
LOAD obj/infodata.o
LOAD obj/inittran.o
LOAD obj/kbdutil.o
LOAD obj/keydlltest.o
LOAD obj/lptutil.o
LOAD obj/main.o
LOAD obj/mcp.o
LOAD obj/menu.o
LOAD obj/message.o
LOAD obj/mxml-attr.o
LOAD obj/mxml-entity.o
LOAD obj/mxml-file.o
LOAD obj/mxml-get.o
LOAD obj/mxml-node.o
LOAD obj/mxml-private.o
LOAD obj/mxml-search.o
LOAD obj/mxml-string.o
LOAD obj/param.o
LOAD obj/pkcs.o
LOAD obj/remotedl.o
LOAD obj/rmenu.o
LOAD obj/stis.o
LOAD obj/sysutil.o
LOAD obj/termdata.o
LOAD obj/toggle.o
LOAD obj/tranutil.o
LOAD obj/wifi.o
LOAD obj/x509.o
LOAD obj/cstartup.o
LOAD obj/expect_send.o
LOAD obj/libc.o
LOAD ../LibA5T1000/gcc\libsyscall.a
LOAD ../LibA5T1000/gcc\libbasecall.a
LOAD ../LibA5T1000/gcc\libsptutil.a
LOAD ../LibA5T1000/gcc\libspglib.a
LOAD ../LibA5T1000/gcc\libspqr.a
LOAD C:\DevTools\gcc_v49_2014q4/arm-none-eabi/lib/thumb\libc.a
LOAD C:\DevTools\gcc_v49_2014q4/arm-none-eabi/lib/thumb\libnosys.a
LOAD C:\DevTools\gcc_v49_2014q4/arm-none-eabi/lib/thumb\libm.a
LOAD c:/devtools/gcc_v49_2014q4/bin/../lib/gcc/arm-none-eabi/4.9.3\libgcc.a
END GROUP
                0x01000000                _start_of_flash = 0x1000000
                0x01800000                _start_of_data = 0x1800000
                0x01c00000                _end_of_sram = (_start_of_data + 0x400000)
                0x01000020                _start_of_header = (_start_of_flash + 0x20)
                0x01000050                _start_of_app = (_start_of_flash + 0x50)
                0x01000000                . = _start_of_flash

.startup        0x01000000       0x1a
 *(sect_startup)
 sect_startup   0x01000000       0x1a obj/cstartup.o
                0x01000000                cstartup
                0x01000020                . = _start_of_header

.header         0x01000020       0x30
 *(sect_apphdr)
 sect_apphdr    0x01000020       0x30 obj/cstartup.o
                0x01000020                KAppHeader
                0x01000150                . = (_start_of_app + 0x100)

.text           0x01000150    0x22dac
 *(.text* .glue_7* .gnu.linkonce.t.*)
 .glue_7        0x00000000        0x0 linker stubs
 .glue_7t       0x00000000        0x0 linker stubs
 .text          0x01000150        0x0 obj/GetCert.o
 .text.Str2hex  0x01000150       0x2c obj/GetCert.o
                0x01000150                Str2hex
 .text.GetKey   0x0100017c      0x1ac obj/GetCert.o
                0x0100017c                GetKey
 .text.GetClientCert
                0x01000328      0x15c obj/GetCert.o
                0x01000328                GetClientCert
 .text.GetClientPriKey
                0x01000484      0x150 obj/GetCert.o
                0x01000484                GetClientPriKey
 .text          0x010005d4        0x0 obj/PhList.o
 .text          0x010005d4        0x0 obj/Phone.o
 .text          0x010005d4        0x0 obj/apmconfig.o
 .text.LcdSetup
                0x010005d4      0x24c obj/apmconfig.o
                0x010005d4                LcdSetup
 .text.KbdBacklight
                0x01000820       0x9c obj/apmconfig.o
                0x01000820                KbdBacklight
 .text.DispTermIP
                0x010008bc       0xdc obj/apmconfig.o
                0x010008bc                DispTermIP
 .text.ConfigTermIP
                0x01000998       0xcc obj/apmconfig.o
                0x01000998                ConfigTermIP
 .text.ConfigTermIP2
                0x01000a64      0x164 obj/apmconfig.o
                0x01000a64                ConfigTermIP2
 .text.ToggleDHCP
                0x01000bc8       0x74 obj/apmconfig.o
                0x01000bc8                ToggleDHCP
 .text.SetCodecVol
                0x01000c3c      0x140 obj/apmconfig.o
                0x01000c3c                SetCodecVol
 .text          0x01000d7c        0x0 obj/apmfunc.o
 .text.MerchFunc
                0x01000d7c      0x5ec obj/apmfunc.o
                0x01000d7c                MerchFunc
 .text.InitApplList
                0x01001368       0x64 obj/apmfunc.o
                0x01001368                InitApplList
 .text.SelectAppl
                0x010013cc       0xd0 obj/apmfunc.o
                0x010013cc                SelectAppl
 .text          0x0100149c        0x0 obj/apmtest.o
 .text.SetTestCommParam
                0x0100149c       0x90 obj/apmtest.o
                0x0100149c                SetTestCommParam
 .text.GetMaxMalloc
                0x0100152c       0x28 obj/apmtest.o
                0x0100152c                GetMaxMalloc
 .text.CalCheckDigit
                0x01001554       0xb8 obj/apmtest.o
                0x01001554                CalCheckDigit
 .text          0x0100160c        0x0 obj/auxcom.o
 .text          0x0100160c        0x0 obj/batchsys.o
 .text.CreateDummyRev.part.0
                0x0100160c       0x50 obj/batchsys.o
 .text.SaveRevRec.part.2
                0x0100165c       0x70 obj/batchsys.o
 .text.PurgeBatchFile
                0x010016cc       0x50 obj/batchsys.o
 .text.BatSysClose
                0x0100171c       0x70 obj/batchsys.o
                0x0100171c                BatSysClose
 .text.BatchFull
                0x0100178c       0x70 obj/batchsys.o
                0x0100178c                BatchFull
 .text.UpdateBatRec
                0x010017fc       0xdc obj/batchsys.o
                0x010017fc                UpdateBatRec
 .text.BuildTraceList
                0x010018d8      0x114 obj/batchsys.o
                0x010018d8                BuildTraceList
 .text.BatSysInit
                0x010019ec       0xc0 obj/batchsys.o
                0x010019ec                BatSysInit
 .text.BatSysClear
                0x01001aac       0x6c obj/batchsys.o
                0x01001aac                BatSysClear
 .text.GetRecCount
                0x01001b18        0xc obj/batchsys.o
                0x01001b18                GetRecCount
 .text.GetBatchRec
                0x01001b24       0x8c obj/batchsys.o
                0x01001b24                GetBatchRec
 .text.TraceInBatch
                0x01001bb0       0x38 obj/batchsys.o
                0x01001bb0                TraceInBatch
 .text.TraceInReversal
                0x01001be8       0x50 obj/batchsys.o
                0x01001be8                TraceInReversal
 .text.RocInBatch
                0x01001c38       0x38 obj/batchsys.o
                0x01001c38                RocInBatch
 .text.SaveRevRec
                0x01001c70       0x18 obj/batchsys.o
                0x01001c70                SaveRevRec
 .text.SaveBatRec
                0x01001c88       0xe0 obj/batchsys.o
                0x01001c88                SaveBatRec
 .text.GetRevRec
                0x01001d68       0x70 obj/batchsys.o
                0x01001d68                GetRevRec
 .text.ClearRevRec
                0x01001dd8       0x74 obj/batchsys.o
                0x01001dd8                ClearRevRec
 .text          0x01001e4c        0x0 obj/cakey.o
 .text.InjectCAKey
                0x01001e4c      0x344 obj/cakey.o
                0x01001e4c                InjectCAKey
 .text          0x01002190        0x0 obj/comm.o
 .text.GetMdmLineStatusRsp
                0x01002190       0x5c obj/comm.o
 .text.ResetMdmLine
                0x010021ec       0x3c obj/comm.o
 .text.FlushAux
                0x01002228       0x40 obj/comm.o
 .text.InitGPRSDat
                0x01002268      0x15c obj/comm.o
 .text.FlushTcpip
                0x010023c4       0x40 obj/comm.o
 .text.FlushMdmLine
                0x01002404       0x3c obj/comm.o
 .text.WaitPPPReady
                0x01002440       0xcc obj/comm.o
 .text.ConnectAux.isra.0
                0x0100250c       0x84 obj/comm.o
 .text.ConnectMdmLine.part.1
                0x01002590      0x154 obj/comm.o
 .text.ConnectMdmLine
                0x010026e4       0x4c obj/comm.o
 .text.CommInit
                0x01002730       0x38 obj/comm.o
                0x01002730                CommInit
 .text.WaitNetworkReady
                0x01002768       0xbc obj/comm.o
                0x01002768                WaitNetworkReady
 .text.ConnectPPP
                0x01002824      0x2e8 obj/comm.o
                0x01002824                ConnectPPP
 .text.DisconnectPPP
                0x01002b0c       0x24 obj/comm.o
                0x01002b0c                DisconnectPPP
 .text.ResetTcpip
                0x01002b30       0x6c obj/comm.o
 .text.ConnectTcpip
                0x01002b9c      0x1c0 obj/comm.o
 .text.PackTelNo
                0x01002d5c       0x88 obj/comm.o
                0x01002d5c                PackTelNo
 .text.SetGPRS  0x01002de4      0x474 obj/comm.o
                0x01002de4                SetGPRS
 .text.PackInitComm
                0x01003258      0x1c0 obj/comm.o
                0x01003258                PackInitComm
 .text.PackComm
                0x01003418       0x48 obj/comm.o
                0x01003418                PackComm
 .text.PreConnect
                0x01003460       0x44 obj/comm.o
                0x01003460                PreConnect
 .text.ConnectOK
                0x010034a4       0xa8 obj/comm.o
                0x010034a4                ConnectOK
 .text.FlushComm
                0x0100354c       0x40 obj/comm.o
                0x0100354c                FlushComm
 .text.SendRcvd
                0x0100358c      0x46c obj/comm.o
                0x0100358c                SendRcvd
 .text.ResetComm
                0x010039f8       0x68 obj/comm.o
                0x010039f8                ResetComm
 .text.SetGPRSInfo
                0x01003a60       0x48 obj/comm.o
                0x01003a60                SetGPRSInfo
 .text          0x01003aa8        0x0 obj/constant.o
 .text          0x01003aa8        0x0 obj/coremain.o
 .text.XF_GetHwHdl
                0x01003aa8       0x14 obj/coremain.o
                0x01003aa8                XF_GetHwHdl
 .text.XF_ClrKeyin
                0x01003abc       0x14 obj/coremain.o
                0x01003abc                XF_ClrKeyin
 .text.XF_GetKeyin
                0x01003ad0       0x14 obj/coremain.o
                0x01003ad0                XF_GetKeyin
 .text.XF_WaitKey
                0x01003ae4       0x14 obj/coremain.o
                0x01003ae4                XF_WaitKey
 .text.XF_YesNo
                0x01003af8       0x14 obj/coremain.o
                0x01003af8                XF_YesNo
 .text.XF_GetKbd
                0x01003b0c       0x14 obj/coremain.o
                0x01003b0c                XF_GetKbd
 .text.XF_SetKbdTO
                0x01003b20       0x14 obj/coremain.o
                0x01003b20                XF_SetKbdTO
 .text.XF_GetKbdTO
                0x01003b34       0x14 obj/coremain.o
                0x01003b34                XF_GetKbdTO
 .text.XF_PackComm
                0x01003b48       0x14 obj/coremain.o
                0x01003b48                XF_PackComm
 .text.XF_PreConnect
                0x01003b5c       0x14 obj/coremain.o
                0x01003b5c                XF_PreConnect
 .text.XF_ConnectOK
                0x01003b70       0x14 obj/coremain.o
                0x01003b70                XF_ConnectOK
 .text.XF_SendRcvd
                0x01003b84       0x14 obj/coremain.o
                0x01003b84                XF_SendRcvd
 .text.XF_FlushComm
                0x01003b98       0x14 obj/coremain.o
                0x01003b98                XF_FlushComm
 .text.XF_ResetComm
                0x01003bac       0x14 obj/coremain.o
                0x01003bac                XF_ResetComm
 .text.XF_GetTermData
                0x01003bc0       0x14 obj/coremain.o
                0x01003bc0                XF_GetTermData
 .text.XF_GetTermCfg
                0x01003bd4       0x14 obj/coremain.o
                0x01003bd4                XF_GetTermCfg
 .text.XF_GetCardCount
                0x01003be8       0x14 obj/coremain.o
                0x01003be8                XF_GetCardCount
 .text.XF_GetCardTbl
                0x01003bfc       0x14 obj/coremain.o
                0x01003bfc                XF_GetCardTbl
 .text.XF_GetIssuerCount
                0x01003c10       0x14 obj/coremain.o
                0x01003c10                XF_GetIssuerCount
 .text.XF_GetIssuerTbl
                0x01003c24       0x14 obj/coremain.o
                0x01003c24                XF_GetIssuerTbl
 .text.XF_GetAcqCount
                0x01003c38       0x14 obj/coremain.o
                0x01003c38                XF_GetAcqCount
 .text.XF_GetAcqTbl
                0x01003c4c       0x14 obj/coremain.o
                0x01003c4c                XF_GetAcqTbl
 .text.XF_GetDescCount
                0x01003c60       0x14 obj/coremain.o
                0x01003c60                XF_GetDescCount
 .text.XF_GetDescTbl
                0x01003c74       0x14 obj/coremain.o
                0x01003c74                XF_GetDescTbl
 .text.XF_GetLogoCount
                0x01003c88       0x14 obj/coremain.o
                0x01003c88                XF_GetLogoCount
 .text.XF_GetLogoTbl
                0x01003c9c       0x14 obj/coremain.o
                0x01003c9c                XF_GetLogoTbl
 .text.XF_GetExParamCount
                0x01003cb0       0x14 obj/coremain.o
                0x01003cb0                XF_GetExParamCount
 .text.XF_GetExtraParam
                0x01003cc4       0x14 obj/coremain.o
                0x01003cc4                XF_GetExtraParam
 .text.XF_GetPending
                0x01003cd8       0x14 obj/coremain.o
                0x01003cd8                XF_GetPending
 .text.XF_SetPending
                0x01003cec       0x14 obj/coremain.o
                0x01003cec                XF_SetPending
 .text.XF_GetBatchNo
                0x01003d00       0x14 obj/coremain.o
                0x01003d00                XF_GetBatchNo
 .text.XF_SetBatchNo
                0x01003d14       0x14 obj/coremain.o
                0x01003d14                XF_SetBatchNo
 .text.XF_SelectAcquirer
                0x01003d28       0x14 obj/coremain.o
                0x01003d28                XF_SelectAcquirer
 .text.XF_SetROC
                0x01003d3c       0x14 obj/coremain.o
                0x01003d3c                XF_SetROC
 .text.XF_SetTrace
                0x01003d50       0x14 obj/coremain.o
                0x01003d50                XF_SetTrace
 .text.XF_StisClr
                0x01003d64       0x14 obj/coremain.o
                0x01003d64                XF_StisClr
 .text.XF_StisAddTbl
                0x01003d78       0x14 obj/coremain.o
                0x01003d78                XF_StisAddTbl
 .text.XF_TermDataClr
                0x01003d8c       0x14 obj/coremain.o
                0x01003d8c                XF_TermDataClr
 .text.XF_TermDataUpd
                0x01003da0       0x14 obj/coremain.o
                0x01003da0                XF_TermDataUpd
 .text.XF_BatSysClear
                0x01003db4       0x14 obj/coremain.o
                0x01003db4                XF_BatSysClear
 .text.XF_BatchFull
                0x01003dc8       0x14 obj/coremain.o
                0x01003dc8                XF_BatchFull
 .text.XF_GetRecCount
                0x01003ddc       0x14 obj/coremain.o
                0x01003ddc                XF_GetRecCount
 .text.XF_GetBatchRec
                0x01003df0       0x14 obj/coremain.o
                0x01003df0                XF_GetBatchRec
 .text.XF_GetRevRec
                0x01003e04       0x14 obj/coremain.o
                0x01003e04                XF_GetRevRec
 .text.XF_ClearRevRec
                0x01003e18       0x14 obj/coremain.o
                0x01003e18                XF_ClearRevRec
 .text.XF_SaveBatRec
                0x01003e2c       0x14 obj/coremain.o
                0x01003e2c                XF_SaveBatRec
 .text.XF_UpdateBatRec
                0x01003e40       0x14 obj/coremain.o
                0x01003e40                XF_UpdateBatRec
 .text.XF_TraceInBatch
                0x01003e54       0x14 obj/coremain.o
                0x01003e54                XF_TraceInBatch
 .text.XF_TraceInReversal
                0x01003e68       0x14 obj/coremain.o
                0x01003e68                XF_TraceInReversal
 .text.XF_GetAccessCode
                0x01003e7c       0x14 obj/coremain.o
                0x01003e7c                XF_GetAccessCode
 .text.XF_SelYesNo
                0x01003e90       0x14 obj/coremain.o
                0x01003e90                XF_SelYesNo
 .text.XF_SelApp
                0x01003ea4       0x14 obj/coremain.o
                0x01003ea4                XF_SelApp
 .text.XF_MerchFunc
                0x01003eb8       0x16 obj/coremain.o
                0x01003eb8                XF_MerchFunc
 .text.XF_PwrSleep
                0x01003ece       0x14 obj/coremain.o
                0x01003ece                XF_PwrSleep
 *fill*         0x01003ee2        0x2 
 .text.ECRRequest.part.0
                0x01003ee4      0x124 obj/coremain.o
 .text.LoadFile
                0x01004008       0x6c obj/coremain.o
                0x01004008                LoadFile
 .text.SaveFile
                0x01004074       0x8c obj/coremain.o
                0x01004074                SaveFile
 .text.VirginInit
                0x01004100       0x64 obj/coremain.o
                0x01004100                VirginInit
 .text.GlobalsInit
                0x01004164      0x25c obj/coremain.o
                0x01004164                GlobalsInit
 .text.GlobalsCleanUp
                0x010043c0        0x2 obj/coremain.o
                0x010043c0                GlobalsCleanUp
 .text.ECRRequest
                0x010043c2       0x24 obj/coremain.o
                0x010043c2                ECRRequest
 .text.ChangeApp
                0x010043e6       0x16 obj/coremain.o
                0x010043e6                ChangeApp
 .text.Coremain
                0x010043fc      0x244 obj/coremain.o
                0x010043fc                Coremain
 .text          0x01004640        0x0 obj/ctlcfg.o
 .text.KernelReady
                0x01004640       0x12 obj/ctlcfg.o
 *fill*         0x01004652        0x2 
 .text.CTLFatal
                0x01004654       0x24 obj/ctlcfg.o
 .text.ClrCTLKey
                0x01004678       0x48 obj/ctlcfg.o
                0x01004678                ClrCTLKey
 .text.ClrCTLParam
                0x010046c0       0x54 obj/ctlcfg.o
                0x010046c0                ClrCTLParam
 .text.SetCTLLoaded
                0x01004714       0x10 obj/ctlcfg.o
                0x01004714                SetCTLLoaded
 .text.CTLClrDnloadBuf
                0x01004724       0x68 obj/ctlcfg.o
                0x01004724                CTLClrDnloadBuf
 .text.CTLKillDnloadBuf
                0x0100478c       0x40 obj/ctlcfg.o
                0x0100478c                CTLKillDnloadBuf
 .text.CTLData2DnloadBuf
                0x010047cc       0x78 obj/ctlcfg.o
                0x010047cc                CTLData2DnloadBuf
 .text.CTLDataUpdate
                0x01004844      0x144 obj/ctlcfg.o
                0x01004844                CTLDataUpdate
 .text.GetCTLKeyInfo
                0x01004988       0x44 obj/ctlcfg.o
                0x01004988                GetCTLKeyInfo
 .text.PrintCTLParam
                0x010049cc      0x65c obj/ctlcfg.o
                0x010049cc                PrintCTLParam
 .text.CTLUtilStart
                0x01005028       0x44 obj/ctlcfg.o
                0x01005028                CTLUtilStart
 .text          0x0100506c        0x0 obj/emvtrans.o
 .text.KernelReady
                0x0100506c       0x12 obj/emvtrans.o
 *fill*         0x0100507e        0x2 
 .text.EMVFatal
                0x01005080       0x24 obj/emvtrans.o
 .text.TagSize  0x010050a4       0x10 obj/emvtrans.o
                0x010050a4                TagSize
 .text.TagGet   0x010050b4       0x12 obj/emvtrans.o
                0x010050b4                TagGet
 .text.TLSize   0x010050c6       0x10 obj/emvtrans.o
                0x010050c6                TLSize
 .text.TLGet    0x010050d6       0x22 obj/emvtrans.o
                0x010050d6                TLGet
 .text.LDLoad   0x010050f8       0x50 obj/emvtrans.o
                0x010050f8                LDLoad
 .text.ConvDecimal
                0x01005148       0x6c obj/emvtrans.o
                0x01005148                ConvDecimal
 .text.ClrEMVKey
                0x010051b4       0x48 obj/emvtrans.o
                0x010051b4                ClrEMVKey
 .text.ClrEMVParam
                0x010051fc       0x54 obj/emvtrans.o
                0x010051fc                ClrEMVParam
 .text.SetEMVLoaded
                0x01005250       0x10 obj/emvtrans.o
                0x01005250                SetEMVLoaded
 .text.EMVClrDnloadBuf
                0x01005260       0x68 obj/emvtrans.o
                0x01005260                EMVClrDnloadBuf
 .text.EMVKillDnloadBuf
                0x010052c8       0x40 obj/emvtrans.o
                0x010052c8                EMVKillDnloadBuf
 .text.EMVData2DnloadBuf
                0x01005308       0x78 obj/emvtrans.o
                0x01005308                EMVData2DnloadBuf
 .text.EMVDataUpdate
                0x01005380      0x144 obj/emvtrans.o
                0x01005380                EMVDataUpdate
 .text.GetEMVKeyInfo
                0x010054c4       0x44 obj/emvtrans.o
                0x010054c4                GetEMVKeyInfo
 .text.PrintEMVParam
                0x01005508      0x6f4 obj/emvtrans.o
                0x01005508                PrintEMVParam
 .text.EMVUtilStart
                0x01005bfc       0x40 obj/emvtrans.o
                0x01005bfc                EMVUtilStart
 .text.EMVInit  0x01005c3c       0x78 obj/emvtrans.o
                0x01005c3c                EMVInit
 .text          0x01005cb4        0x0 obj/ftptran.o
 .text.STISFTPAppDelAllow
                0x01005cb4       0x2e obj/ftptran.o
 .text.DisplayFTPProcess
                0x01005ce2       0x52 obj/ftptran.o
 .text.WriteFTPDLLog
                0x01005d34      0x174 obj/ftptran.o
 .text.STISFTPDisplayResult
                0x01005ea8       0x3e obj/ftptran.o
 .text.SetupFtpTls
                0x01005ee6       0x18 obj/ftptran.o
                0x01005ee6                SetupFtpTls
 *fill*         0x01005efe        0x2 
 .text.DebugTcpCfg
                0x01005f00      0x198 obj/ftptran.o
                0x01005f00                DebugTcpCfg
 .text.PackFTPInitComm
                0x01006098      0x2f8 obj/ftptran.o
                0x01006098                PackFTPInitComm
 .text.ResetFtp
                0x01006390       0x78 obj/ftptran.o
                0x01006390                ResetFtp
 .text.DisconnectFtpData
                0x01006408       0x28 obj/ftptran.o
                0x01006408                DisconnectFtpData
 .text.IsLineDropFtp
                0x01006430       0x2c obj/ftptran.o
                0x01006430                IsLineDropFtp
 .text.SendFtp  0x0100645c       0x24 obj/ftptran.o
                0x0100645c                SendFtp
 .text.RcvdFtp  0x01006480       0x24 obj/ftptran.o
                0x01006480                RcvdFtp
 .text.WaitCmdChnReady
                0x010064a4       0x38 obj/ftptran.o
                0x010064a4                WaitCmdChnReady
 .text.FlushAllFtp
                0x010064dc       0x58 obj/ftptran.o
                0x010064dc                FlushAllFtp
 .text.SendRcvdFtpCmd
                0x01006534       0x9c obj/ftptran.o
                0x01006534                SendRcvdFtpCmd
 .text.WaitConnectFtpDataChn
                0x010065d0       0x54 obj/ftptran.o
                0x010065d0                WaitConnectFtpDataChn
 .text.ReadFtpData
                0x01006624       0x78 obj/ftptran.o
                0x01006624                ReadFtpData
 .text.SendFtpData
                0x0100669c       0x84 obj/ftptran.o
                0x0100669c                SendFtpData
 .text.GetFtpTxDataBufSize
                0x01006720       0x20 obj/ftptran.o
                0x01006720                GetFtpTxDataBufSize
 .text.DownloadAuth
                0x01006740       0x54 obj/ftptran.o
                0x01006740                DownloadAuth
 .text.LoginFtp
                0x01006794      0x160 obj/ftptran.o
                0x01006794                LoginFtp
 .text.ConnectFtp
                0x010068f4      0x268 obj/ftptran.o
                0x010068f4                ConnectFtp
 .text.GetFileFtp
                0x01006b5c      0x56c obj/ftptran.o
                0x01006b5c                GetFileFtp
 .text.CalFileChksum
                0x010070c8       0xc2 obj/ftptran.o
                0x010070c8                CalFileChksum
 *fill*         0x0100718a        0x2 
 .text.PutFileFtp
                0x0100718c      0x42c obj/ftptran.o
                0x0100718c                PutFileFtp
 .text.MatchDMK
                0x010075b8        0x4 obj/ftptran.o
                0x010075b8                MatchDMK
 .text.GetTID   0x010075bc       0x9e obj/ftptran.o
                0x010075bc                GetTID
 .text.CheckXmlParam
                0x0100765a       0x98 obj/ftptran.o
                0x0100765a                CheckXmlParam
 *fill*         0x010076f2        0x2 
 .text.CheckEDCFile
                0x010076f4      0x3c4 obj/ftptran.o
                0x010076f4                CheckEDCFile
 .text.CheckEMVAppFile
                0x01007ab8      0x1b8 obj/ftptran.o
                0x01007ab8                CheckEMVAppFile
 .text.CheckEMVKeyFile
                0x01007c70      0x1d4 obj/ftptran.o
                0x01007c70                CheckEMVKeyFile
 .text.CheckTMSExt
                0x01007e44       0x28 obj/ftptran.o
                0x01007e44                CheckTMSExt
 .text.CheckDLLFileLine
                0x01007e6c      0x254 obj/ftptran.o
                0x01007e6c                CheckDLLFileLine
 .text.CheckDLLFile
                0x010080c0      0x15c obj/ftptran.o
                0x010080c0                CheckDLLFile
 .text.InitFTPLogInfo
                0x0100821c       0x84 obj/ftptran.o
                0x0100821c                InitFTPLogInfo
 .text.UpdateFTPLogInfoError
                0x010082a0       0x18 obj/ftptran.o
                0x010082a0                UpdateFTPLogInfoError
 .text.CreateFTPMirrorList
                0x010082b8      0x340 obj/ftptran.o
                0x010082b8                CreateFTPMirrorList
 .text.STISFTPDownloadTrans
                0x010085f8      0xab0 obj/ftptran.o
                0x010085f8                STISFTPDownloadTrans
 .text.STISFTPPolling
                0x010090a8      0x3dc obj/ftptran.o
                0x010090a8                STISFTPPolling
 .text          0x01009484        0x0 obj/hardware.o
 .text.InitEcrDll.part.1
                0x01009484       0x5c obj/hardware.o
 .text.InitAllHw
                0x010094e0       0xc4 obj/hardware.o
                0x010094e0                InitAllHw
 .text.CloseAllHw
                0x010095a4       0x4c obj/hardware.o
                0x010095a4                CloseAllHw
 .text.GetHwHandle
                0x010095f0      0x128 obj/hardware.o
                0x010095f0                GetHwHandle
 .text.StopEcrDll
                0x01009718       0x16 obj/hardware.o
                0x01009718                StopEcrDll
 .text.InitEcrDll
                0x0100972e       0x1a obj/hardware.o
                0x0100972e                InitEcrDll
 .text.PwrSleep
                0x01009748      0x108 obj/hardware.o
                0x01009748                PwrSleep
 .text          0x01009850        0x0 obj/hashops.o
 .text.hashops_finish_sha512
                0x01009850        0xc obj/hashops.o
 .text.hashops_finish_sha384
                0x0100985c        0xc obj/hashops.o
 .text.hashops_finish_sha256
                0x01009868        0xc obj/hashops.o
 .text.hashops_finish_sha224
                0x01009874        0xc obj/hashops.o
 .text.hashops_finish_sha1
                0x01009880        0xc obj/hashops.o
 .text.hashops_finish_md5
                0x0100988c        0xc obj/hashops.o
 .text.hashops_update_sha512
                0x01009898       0x16 obj/hashops.o
 .text.hashops_init_sha512
                0x010098ae        0xc obj/hashops.o
 .text.hashops_update_sha384
                0x010098ba       0x16 obj/hashops.o
 .text.hashops_init_sha384
                0x010098d0        0xc obj/hashops.o
 .text.hashops_update_sha256
                0x010098dc       0x16 obj/hashops.o
 .text.hashops_init_sha256
                0x010098f2        0xc obj/hashops.o
 .text.hashops_update_sha224
                0x010098fe       0x16 obj/hashops.o
 .text.hashops_init_sha224
                0x01009914        0xc obj/hashops.o
 .text.hashops_update_sha1
                0x01009920       0x16 obj/hashops.o
 .text.hashops_init_sha1
                0x01009936        0xc obj/hashops.o
 .text.hashops_update_md5
                0x01009942       0x16 obj/hashops.o
 .text.hashops_init_md5
                0x01009958        0x8 obj/hashops.o
 .text.hashops_get
                0x01009960       0x28 obj/hashops.o
                0x01009960                hashops_get
 .text          0x01009988        0x0 obj/infodata.o
 .text.PackInfoData
                0x01009988       0x54 obj/infodata.o
                0x01009988                PackInfoData
 .text.DispInfoData
                0x010099dc      0x138 obj/infodata.o
                0x010099dc                DispInfoData
 .text          0x01009b14        0x0 obj/inittran.o
 .text.PackHostMsg
                0x01009b14      0x198 obj/inittran.o
                0x01009b14                PackHostMsg
 .text.CheckHostRsp
                0x01009cac      0x7b4 obj/inittran.o
                0x01009cac                CheckHostRsp
 .text.InitTrans
                0x0100a460      0x20c obj/inittran.o
                0x0100a460                InitTrans
 .text          0x0100a66c        0x0 obj/kbdutil.o
 .text.ConvertAlphaNew
                0x0100a66c       0x84 obj/kbdutil.o
 .text.UpdateDisplay
                0x0100a6f0      0x3ec obj/kbdutil.o
 .text.InitTimer
                0x0100aadc       0x1c obj/kbdutil.o
 .text.ClearKeyin
                0x0100aaf8       0x26 obj/kbdutil.o
                0x0100aaf8                ClearKeyin
 *fill*         0x0100ab1e        0x2 
 .text.GetKeyin
                0x0100ab20       0x34 obj/kbdutil.o
                0x0100ab20                GetKeyin
 .text.SetKbdTimeout
                0x0100ab54       0x24 obj/kbdutil.o
                0x0100ab54                SetKbdTimeout
 .text.GetKbdTimeout
                0x0100ab78       0x1c obj/kbdutil.o
                0x0100ab78                GetKbdTimeout
 .text.WaitKey  0x0100ab94       0x2a obj/kbdutil.o
                0x0100ab94                WaitKey
 *fill*         0x0100abbe        0x2 
 .text.WaitKeyCheck
                0x0100abc0       0x80 obj/kbdutil.o
                0x0100abc0                WaitKeyCheck
 .text.YesNo    0x0100ac40       0x28 obj/kbdutil.o
                0x0100ac40                YesNo
 .text.GetKbd   0x0100ac68      0x4cc obj/kbdutil.o
                0x0100ac68                GetKbd
 .text          0x0100b134        0x0 obj/keydlltest.o
 .text.ShowKeyStatus
                0x0100b134       0x7c obj/keydlltest.o
 .text.KeyDllTest
                0x0100b1b0      0x540 obj/keydlltest.o
                0x0100b1b0                KeyDllTest
 .text          0x0100b6f0        0x0 obj/lptutil.o
 .text.ResetLpt
                0x0100b6f0       0x2c obj/lptutil.o
 .text.WaitPrnFinish
                0x0100b71c       0x4c obj/lptutil.o
                0x0100b71c                WaitPrnFinish
 .text.GetBatteryLevel
                0x0100b768       0x1e obj/lptutil.o
                0x0100b768                GetBatteryLevel
 .text.PrintLowBatt
                0x0100b786       0x10 obj/lptutil.o
                0x0100b786                PrintLowBatt
 *fill*         0x0100b796        0x2 
 .text.LptClose
                0x0100b798       0x2c obj/lptutil.o
                0x0100b798                LptClose
 .text.LptOpen  0x0100b7c4       0x64 obj/lptutil.o
                0x0100b7c4                LptOpen
 .text.LptPutN  0x0100b828       0xc0 obj/lptutil.o
                0x0100b828                LptPutN
 .text.LptPutS  0x0100b8e8       0x14 obj/lptutil.o
                0x0100b8e8                LptPutS
 .text.Adv2Bookmark
                0x0100b8fc       0x78 obj/lptutil.o
                0x0100b8fc                Adv2Bookmark
 .text.PrintLogo
                0x0100b974       0x88 obj/lptutil.o
                0x0100b974                PrintLogo
 .text.PrintBuf
                0x0100b9fc       0xcc obj/lptutil.o
                0x0100b9fc                PrintBuf
 .text.PrintRcptLF
                0x0100bac8       0x24 obj/lptutil.o
                0x0100bac8                PrintRcptLF
 .text.PrintRcptFF
                0x0100baec        0x6 obj/lptutil.o
                0x0100baec                PrintRcptFF
 .text          0x0100baf2        0x0 obj/main.o
 *fill*         0x0100baf2        0x2 
 .text.startup.main
                0x0100baf4       0x78 obj/main.o
                0x0100baf4                main
 .text          0x0100bb6c        0x0 obj/mcp.o
 .text          0x0100bb6c        0x0 obj/menu.o
 .text.MenuSelect
                0x0100bb6c      0x590 obj/menu.o
                0x0100bb6c                MenuSelect
 .text          0x0100c0fc        0x0 obj/message.o
 .text          0x0100c0fc        0x0 obj/mxml-attr.o
 .text.mxml_set_attr
                0x0100c0fc       0xa4 obj/mxml-attr.o
 .text.mxmlElementDeleteAttr
                0x0100c1a0       0x64 obj/mxml-attr.o
                0x0100c1a0                mxmlElementDeleteAttr
 .text.mxmlElementGetAttr
                0x0100c204       0x32 obj/mxml-attr.o
                0x0100c204                mxmlElementGetAttr
 .text.mxmlElementSetAttr
                0x0100c236       0x38 obj/mxml-attr.o
                0x0100c236                mxmlElementSetAttr
 *fill*         0x0100c26e        0x2 
 .text.mxmlElementSetAttrf
                0x0100c270       0x54 obj/mxml-attr.o
                0x0100c270                mxmlElementSetAttrf
 .text          0x0100c2c4        0x0 obj/mxml-entity.o
 .text.mxmlEntityAddCallback
                0x0100c2c4       0x2c obj/mxml-entity.o
                0x0100c2c4                mxmlEntityAddCallback
 .text.mxmlEntityGetName
                0x0100c2f0       0x14 obj/mxml-entity.o
                0x0100c2f0                mxmlEntityGetName
 .text.mxmlEntityGetValue
                0x0100c304       0x2a obj/mxml-entity.o
                0x0100c304                mxmlEntityGetValue
 .text.mxmlEntityRemoveCallback
                0x0100c32e       0x42 obj/mxml-entity.o
                0x0100c32e                mxmlEntityRemoveCallback
 .text._mxml_entity_cb
                0x0100c370       0x74 obj/mxml-entity.o
                0x0100c370                _mxml_entity_cb
 .text          0x0100c3e4        0x0 obj/mxml-file.o
 .text.mxml_string_getc
                0x0100c3e4      0x1f8 obj/mxml-file.o
 .text.mxml_add_char
                0x0100c5dc      0x100 obj/mxml-file.o
 .text.mxml_isspace
                0x0100c6dc       0x1a obj/mxml-file.o
 *fill*         0x0100c6f6        0x2 
 .text.mxml_get_entity.constprop.3
                0x0100c6f8       0xec obj/mxml-file.o
 .text.mxml_load_data.constprop.1
                0x0100c7e4      0xa88 obj/mxml-file.o
 .text.mxmlLoadString
                0x0100d26c       0x16 obj/mxml-file.o
                0x0100d26c                mxmlLoadString
 .text.mxmlSAXLoadString
                0x0100d282       0x16 obj/mxml-file.o
                0x0100d282                mxmlSAXLoadString
 .text.mxmlSetCustomHandlers
                0x0100d298       0x14 obj/mxml-file.o
                0x0100d298                mxmlSetCustomHandlers
 .text.mxmlSetErrorCallback
                0x0100d2ac        0xc obj/mxml-file.o
                0x0100d2ac                mxmlSetErrorCallback
 .text.mxmlSetWrapMargin
                0x0100d2b8        0xe obj/mxml-file.o
                0x0100d2b8                mxmlSetWrapMargin
 .text          0x0100d2c6        0x0 obj/mxml-get.o
 *fill*         0x0100d2c6        0x2 
 .text.mxmlGetCDATA
                0x0100d2c8       0x2c obj/mxml-get.o
                0x0100d2c8                mxmlGetCDATA
 .text.mxmlGetCustom
                0x0100d2f4       0x22 obj/mxml-get.o
                0x0100d2f4                mxmlGetCustom
 .text.mxmlGetElement
                0x0100d316       0x10 obj/mxml-get.o
                0x0100d316                mxmlGetElement
 .text.mxmlGetFirstChild
                0x0100d326       0x10 obj/mxml-get.o
                0x0100d326                mxmlGetFirstChild
 .text.mxmlGetInteger
                0x0100d336       0x22 obj/mxml-get.o
                0x0100d336                mxmlGetInteger
 .text.mxmlGetLastChild
                0x0100d358       0x10 obj/mxml-get.o
                0x0100d358                mxmlGetLastChild
 .text.mxmlGetNextSibling
                0x0100d368        0x6 obj/mxml-get.o
                0x0100d368                mxmlGetNextSibling
 .text.mxmlGetOpaque
                0x0100d36e       0x22 obj/mxml-get.o
                0x0100d36e                mxmlGetOpaque
 .text.mxmlGetParent
                0x0100d390        0x6 obj/mxml-get.o
                0x0100d390                mxmlGetParent
 .text.mxmlGetPrevSibling
                0x0100d396        0x6 obj/mxml-get.o
                0x0100d396                mxmlGetPrevSibling
 .text.mxmlGetReal
                0x0100d39c       0x28 obj/mxml-get.o
                0x0100d39c                mxmlGetReal
 .text.mxmlGetText
                0x0100d3c4       0x3a obj/mxml-get.o
                0x0100d3c4                mxmlGetText
 .text.mxmlGetType
                0x0100d3fe        0xc obj/mxml-get.o
                0x0100d3fe                mxmlGetType
 .text.mxmlGetUserData
                0x0100d40a        0x6 obj/mxml-get.o
                0x0100d40a                mxmlGetUserData
 .text          0x0100d410        0x0 obj/mxml-node.o
 .text.mxmlGetRefCount
                0x0100d410        0x6 obj/mxml-node.o
                0x0100d410                mxmlGetRefCount
 .text.mxmlRemove
                0x0100d416       0x26 obj/mxml-node.o
                0x0100d416                mxmlRemove
 .text.mxmlAdd  0x0100d43c       0x86 obj/mxml-node.o
                0x0100d43c                mxmlAdd
 .text.mxml_new
                0x0100d4c2       0x30 obj/mxml-node.o
 *fill*         0x0100d4f2        0x2 
 .text.mxmlNewCDATA
                0x0100d4f4       0x28 obj/mxml-node.o
                0x0100d4f4                mxmlNewCDATA
 .text.mxmlNewCustom
                0x0100d51c       0x14 obj/mxml-node.o
                0x0100d51c                mxmlNewCustom
 .text.mxmlNewElement
                0x0100d530       0x22 obj/mxml-node.o
                0x0100d530                mxmlNewElement
 .text.mxmlNewInteger
                0x0100d552       0x10 obj/mxml-node.o
                0x0100d552                mxmlNewInteger
 .text.mxmlNewOpaque
                0x0100d562       0x22 obj/mxml-node.o
                0x0100d562                mxmlNewOpaque
 .text.mxmlNewReal
                0x0100d584       0x14 obj/mxml-node.o
                0x0100d584                mxmlNewReal
 .text.mxmlNewText
                0x0100d598       0x26 obj/mxml-node.o
                0x0100d598                mxmlNewText
 .text.mxmlNewTextf
                0x0100d5be       0x34 obj/mxml-node.o
                0x0100d5be                mxmlNewTextf
 .text.mxmlDelete
                0x0100d5f2       0x8e obj/mxml-node.o
                0x0100d5f2                mxmlDelete
 .text.mxmlNewXML
                0x0100d680       0x34 obj/mxml-node.o
                0x0100d680                mxmlNewXML
 .text.mxmlRelease
                0x0100d6b4       0x1e obj/mxml-node.o
                0x0100d6b4                mxmlRelease
 .text.mxmlRetain
                0x0100d6d2       0x12 obj/mxml-node.o
                0x0100d6d2                mxmlRetain
 .text          0x0100d6e4        0x0 obj/mxml-private.o
 .text.mxml_error
                0x0100d6e4       0x60 obj/mxml-private.o
                0x0100d6e4                mxml_error
 .text.mxml_ignore_cb
                0x0100d744        0x6 obj/mxml-private.o
                0x0100d744                mxml_ignore_cb
 .text.mxml_integer_cb
                0x0100d74a        0x4 obj/mxml-private.o
                0x0100d74a                mxml_integer_cb
 .text.mxml_opaque_cb
                0x0100d74e        0x4 obj/mxml-private.o
                0x0100d74e                mxml_opaque_cb
 .text.mxml_real_cb
                0x0100d752        0x4 obj/mxml-private.o
                0x0100d752                mxml_real_cb
 *fill*         0x0100d756        0x2 
 .text._mxml_global
                0x0100d758        0x8 obj/mxml-private.o
                0x0100d758                _mxml_global
 .text          0x0100d760        0x0 obj/mxml-search.o
 .text.mxmlWalkNext
                0x0100d760       0x32 obj/mxml-search.o
                0x0100d760                mxmlWalkNext
 .text.mxmlFindElement
                0x0100d792       0x80 obj/mxml-search.o
                0x0100d792                mxmlFindElement
 *fill*         0x0100d812        0x2 
 .text.mxmlFindPath
                0x0100d814       0xb0 obj/mxml-search.o
                0x0100d814                mxmlFindPath
 .text.mxmlWalkPrev
                0x0100d8c4       0x2e obj/mxml-search.o
                0x0100d8c4                mxmlWalkPrev
 .text          0x0100d8f2        0x0 obj/mxml-string.o
 .text._mxml_strdup
                0x0100d8f2       0x22 obj/mxml-string.o
                0x0100d8f2                _mxml_strdup
 .text._mxml_vsnprintf
                0x0100d914      0x3ac obj/mxml-string.o
                0x0100d914                _mxml_vsnprintf
 .text._mxml_snprintf
                0x0100dcc0       0x1a obj/mxml-string.o
                0x0100dcc0                _mxml_snprintf
 .text._mxml_vstrdupf
                0x0100dcda       0x4c obj/mxml-string.o
                0x0100dcda                _mxml_vstrdupf
 .text._mxml_strdupf
                0x0100dd26       0x1a obj/mxml-string.o
                0x0100dd26                _mxml_strdupf
 .text          0x0100dd40        0x0 obj/param.o
 .text.CheckNodeName
                0x0100dd40       0x44 obj/param.o
                0x0100dd40                CheckNodeName
 .text.UpdateNodeParam
                0x0100dd84       0xd8 obj/param.o
                0x0100dd84                UpdateNodeParam
 .text.UpdateParamEmvApp
                0x0100de5c      0x110 obj/param.o
                0x0100de5c                UpdateParamEmvApp
 .text.UpdateParamCtlApp
                0x0100df6c      0x110 obj/param.o
                0x0100df6c                UpdateParamCtlApp
 .text.UpdateParamEmvKey
                0x0100e07c      0x10c obj/param.o
                0x0100e07c                UpdateParamEmvKey
 .text.ParseTermCfg
                0x0100e188       0xa0 obj/param.o
                0x0100e188                ParseTermCfg
 .text.ParseAcquirer
                0x0100e228       0xd0 obj/param.o
                0x0100e228                ParseAcquirer
 .text.ParseIssuer
                0x0100e2f8       0xa0 obj/param.o
                0x0100e2f8                ParseIssuer
 .text.ParseCard
                0x0100e398       0xa8 obj/param.o
                0x0100e398                ParseCard
 .text.ParseEmvApp
                0x0100e440       0x90 obj/param.o
                0x0100e440                ParseEmvApp
 .text.ParseCtlApp
                0x0100e4d0       0x90 obj/param.o
                0x0100e4d0                ParseCtlApp
 .text.ParseEmvKey
                0x0100e560       0xc8 obj/param.o
                0x0100e560                ParseEmvKey
 .text.SetAPNConfig
                0x0100e628      0x400 obj/param.o
                0x0100e628                SetAPNConfig
 .text.XmlStringToCfg
                0x0100ea28      0x294 obj/param.o
                0x0100ea28                XmlStringToCfg
 .text.STISLoadParam
                0x0100ecbc      0x124 obj/param.o
                0x0100ecbc                STISLoadParam
 .text          0x0100ede0        0x0 obj/pkcs.o
 .text.getASNLength
                0x0100ede0       0x5a obj/pkcs.o
                0x0100ede0                getASNLength
 .text.getSequence
                0x0100ee3a       0x38 obj/pkcs.o
                0x0100ee3a                getSequence
 .text.getVersionNum
                0x0100ee72       0x36 obj/pkcs.o
                0x0100ee72                getVersionNum
 .text.getBig   0x0100eea8       0x90 obj/pkcs.o
                0x0100eea8                getBig
 .text.getPubKey
                0x0100ef38       0x78 obj/pkcs.o
                0x0100ef38                getPubKey
 .text.x509ParseKey
                0x0100efb0      0x13a obj/pkcs.o
                0x0100efb0                x509ParseKey
 .text          0x0100f0ea        0x0 obj/remotedl.o
 *fill*         0x0100f0ea        0x2 
 .text.DeleteRemoteDLFile
                0x0100f0ec       0x24 obj/remotedl.o
                0x0100f0ec                DeleteRemoteDLFile
 .text.RemoteDownload
                0x0100f110      0x17c obj/remotedl.o
                0x0100f110                RemoteDownload
 .text.RemoteDlSetScheduler
                0x0100f28c      0x2dc obj/remotedl.o
                0x0100f28c                RemoteDlSetScheduler
 .text.RemoteDlSetConfig
                0x0100f568       0x9c obj/remotedl.o
                0x0100f568                RemoteDlSetConfig
 .text.RemoteDlFailHdl
                0x0100f604       0x9c obj/remotedl.o
                0x0100f604                RemoteDlFailHdl
 .text.RemoteDlResetData
                0x0100f6a0       0xa0 obj/remotedl.o
                0x0100f6a0                RemoteDlResetData
 .text.RemoteDlInit
                0x0100f740       0x64 obj/remotedl.o
                0x0100f740                RemoteDlInit
 .text.SetRemoteDownload
                0x0100f7a4       0x3c obj/remotedl.o
                0x0100f7a4                SetRemoteDownload
 .text.SetRDLForceUpload
                0x0100f7e0       0x2c obj/remotedl.o
                0x0100f7e0                SetRDLForceUpload
 .text.GetRDLForceUpload
                0x0100f80c       0x20 obj/remotedl.o
                0x0100f80c                GetRDLForceUpload
 .text.RemoteDlChkScheduler
                0x0100f82c      0x1d8 obj/remotedl.o
                0x0100f82c                RemoteDlChkScheduler
 .text.SetRemoteDLAllowAtSetupMode
                0x0100fa04        0x2 obj/remotedl.o
                0x0100fa04                SetRemoteDLAllowAtSetupMode
 .text.GetRemoteDLAllowAtSetupMode
                0x0100fa06        0x4 obj/remotedl.o
                0x0100fa06                GetRemoteDLAllowAtSetupMode
 .text          0x0100fa0a        0x0 obj/rmenu.o
 .text.RMenuSel
                0x0100fa0a      0x2d4 obj/rmenu.o
                0x0100fa0a                RMenuSel
 .text          0x0100fcde        0x0 obj/stis.o
 .text.CreateEmptyFile
                0x0100fcde       0x2e obj/stis.o
 .text.TelToAscStr.constprop.16
                0x0100fd0c       0x2a obj/stis.o
 *fill*         0x0100fd36        0x2 
 .text.UpdTermCfg
                0x0100fd38       0x38 obj/stis.o
                0x0100fd38                UpdTermCfg
 .text.UpdCardTbl
                0x0100fd70       0x3c obj/stis.o
                0x0100fd70                UpdCardTbl
 .text.UpdIssuerTbl
                0x0100fdac       0x3c obj/stis.o
                0x0100fdac                UpdIssuerTbl
 .text.UpdAcqTbl
                0x0100fde8       0x3c obj/stis.o
                0x0100fde8                UpdAcqTbl
 .text.UpdDescTbl
                0x0100fe24       0x3c obj/stis.o
                0x0100fe24                UpdDescTbl
 .text.UpdLogoTbl
                0x0100fe60       0x40 obj/stis.o
                0x0100fe60                UpdLogoTbl
 .text.UpdExtraParam
                0x0100fea0       0x3c obj/stis.o
                0x0100fea0                UpdExtraParam
 .text.GetCardCount
                0x0100fedc       0x2c obj/stis.o
                0x0100fedc                GetCardCount
 .text.GetIssuerCount
                0x0100ff08       0x2c obj/stis.o
                0x0100ff08                GetIssuerCount
 .text.GetAcqCount
                0x0100ff34       0x2c obj/stis.o
                0x0100ff34                GetAcqCount
 .text.GetDescCount
                0x0100ff60       0x2c obj/stis.o
                0x0100ff60                GetDescCount
 .text.GetLogoCount
                0x0100ff8c       0x30 obj/stis.o
                0x0100ff8c                GetLogoCount
 .text.GetExParamCount
                0x0100ffbc       0x2c obj/stis.o
                0x0100ffbc                GetExParamCount
 .text.CloseSTISFiles
                0x0100ffe8       0xa8 obj/stis.o
                0x0100ffe8                CloseSTISFiles
 .text.CreateSTISFiles
                0x01010090       0xd8 obj/stis.o
                0x01010090                CreateSTISFiles
 .text.CloseExParamFiles
                0x01010168       0x24 obj/stis.o
                0x01010168                CloseExParamFiles
 .text.CreateExParamFiles
                0x0101018c       0x14 obj/stis.o
                0x0101018c                CreateExParamFiles
 .text.STISInit
                0x010101a0       0xe4 obj/stis.o
                0x010101a0                STISInit
 .text.ExParamInit
                0x01010284       0x48 obj/stis.o
                0x01010284                ExParamInit
 .text.GetTermCfg
                0x010102cc       0x60 obj/stis.o
                0x010102cc                GetTermCfg
 .text.GetCardTbl
                0x0101032c       0x50 obj/stis.o
                0x0101032c                GetCardTbl
 .text.GetIssuerTbl
                0x0101037c       0x50 obj/stis.o
                0x0101037c                GetIssuerTbl
 .text.GetAcqTbl
                0x010103cc       0x50 obj/stis.o
                0x010103cc                GetAcqTbl
 .text.GetDescTbl
                0x0101041c       0x50 obj/stis.o
                0x0101041c                GetDescTbl
 .text.GetLogoTbl
                0x0101046c       0x54 obj/stis.o
                0x0101046c                GetLogoTbl
 .text.GetExtraParam
                0x010104c0       0x50 obj/stis.o
                0x010104c0                GetExtraParam
 .text.PrintSTISParam
                0x01010510      0xc1c obj/stis.o
                0x01010510                PrintSTISParam
 .text.GetPending
                0x0101112c       0x1a obj/stis.o
                0x0101112c                GetPending
 .text.SetPending
                0x01011146       0x3e obj/stis.o
                0x01011146                SetPending
 .text.GetBatchNo
                0x01011184       0x28 obj/stis.o
                0x01011184                GetBatchNo
 .text.SetBatchNo
                0x010111ac       0x2e obj/stis.o
                0x010111ac                SetBatchNo
 .text.CleanStisTable
                0x010111da       0x34 obj/stis.o
                0x010111da                CleanStisTable
 .text.StisAdd  0x0101120e       0x62 obj/stis.o
                0x0101120e                StisAdd
 .text.SelectAcquirer
                0x01011270      0x100 obj/stis.o
                0x01011270                SelectAcquirer
 .text.ExtraMsgLen
                0x01011370       0x1c obj/stis.o
                0x01011370                ExtraMsgLen
 .text          0x0101138c        0x0 obj/sysutil.o
 .text.LongBeep
                0x0101138c        0xc obj/sysutil.o
                0x0101138c                LongBeep
 .text.AcceptBeep
                0x01011398        0xc obj/sysutil.o
                0x01011398                AcceptBeep
 .text.Short2Beep
                0x010113a4        0xc obj/sysutil.o
                0x010113a4                Short2Beep
 .text.Short1Beep
                0x010113b0        0xc obj/sysutil.o
                0x010113b0                Short1Beep
 .text.Delay1Sec
                0x010113bc       0x44 obj/sysutil.o
                0x010113bc                Delay1Sec
 .text.ErrorDelay
                0x01011400        0x8 obj/sysutil.o
                0x01011400                ErrorDelay
 .text.Delay10ms
                0x01011408       0x28 obj/sysutil.o
                0x01011408                Delay10ms
 .text.ShowStatus
                0x01011430       0x48 obj/sysutil.o
                0x01011430                ShowStatus
 .text.DispPutStr
                0x01011478       0x36 obj/sysutil.o
                0x01011478                DispPutStr
 .text.ShowBWLogo
                0x010114ae       0x38 obj/sysutil.o
                0x010114ae                ShowBWLogo
 .text.ShowGraphicT800
                0x010114e6       0x80 obj/sysutil.o
                0x010114e6                ShowGraphicT800
 .text.Disp2x16Msg
                0x01011566       0xbc obj/sysutil.o
                0x01011566                Disp2x16Msg
 .text.SetRTC   0x01011622       0x26 obj/sysutil.o
                0x01011622                SetRTC
 .text.ReadRTC  0x01011648       0x1a obj/sysutil.o
                0x01011648                ReadRTC
 *fill*         0x01011662        0x2 
 .text.ConvDateTime
                0x01011664       0x84 obj/sysutil.o
                0x01011664                ConvDateTime
 .text.SetDTG   0x010116e8       0x5a obj/sysutil.o
                0x010116e8                SetDTG
 .text.FreeRunMark
                0x01011742        0x8 obj/sysutil.o
                0x01011742                FreeRunMark
 .text.FreeRunElapsed
                0x0101174a       0x14 obj/sysutil.o
                0x0101174a                FreeRunElapsed
 *fill*         0x0101175e        0x2 
 .text.ShowIp   0x01011760       0x88 obj/sysutil.o
                0x01011760                ShowIp
 .text.EditIp   0x010117e8      0x134 obj/sysutil.o
                0x010117e8                EditIp
 .text.EditPort
                0x0101191c       0x54 obj/sysutil.o
                0x0101191c                EditPort
 .text.CheckPointerAddr
                0x01011970       0x68 obj/sysutil.o
                0x01011970                CheckPointerAddr
 .text.MemFatalErr
                0x010119d8       0x6c obj/sysutil.o
                0x010119d8                MemFatalErr
 .text.FreeRunSec
                0x01011a44       0x16 obj/sysutil.o
                0x01011a44                FreeRunSec
 *fill*         0x01011a5a        0x2 
 .text.ShowTxRxLed
                0x01011a5c       0x44 obj/sysutil.o
                0x01011a5c                ShowTxRxLed
 .text.DebugPoint
                0x01011aa0       0x5c obj/sysutil.o
                0x01011aa0                DebugPoint
 .text.ReadSFile
                0x01011afc       0x32 obj/sysutil.o
                0x01011afc                ReadSFile
 *fill*         0x01011b2e        0x2 
 .text.WriteSFile
                0x01011b30       0x74 obj/sysutil.o
                0x01011b30                WriteSFile
 .text.WGet     0x01011ba4        0xc obj/sysutil.o
                0x01011ba4                WGet
 .text.DWGet    0x01011bb0       0x14 obj/sysutil.o
                0x01011bb0                DWGet
 .text.WaitLanNetRdy
                0x01011bc4       0xf4 obj/sysutil.o
                0x01011bc4                WaitLanNetRdy
 .text.WaitWifiNetRdy
                0x01011cb8       0xec obj/sysutil.o
                0x01011cb8                WaitWifiNetRdy
 .text.HotPlug  0x01011da4       0x94 obj/sysutil.o
                0x01011da4                HotPlug
 .text          0x01011e38        0x0 obj/termdata.o
 .text.CancelExit
                0x01011e38       0x80 obj/termdata.o
 .text.UpdTermData
                0x01011eb8       0x34 obj/termdata.o
                0x01011eb8                UpdTermData
 .text.UpdateTermID
                0x01011eec      0x100 obj/termdata.o
 .text.SetInitIP
                0x01011fec      0x130 obj/termdata.o
 .text.GetTermData
                0x0101211c       0x58 obj/termdata.o
                0x0101211c                GetTermData
 .text.CloseTermData
                0x01012174       0x24 obj/termdata.o
                0x01012174                CloseTermData
 .text.CreateTermData
                0x01012198       0xb0 obj/termdata.o
                0x01012198                CreateTermData
 .text.TermDataInit
                0x01012248       0x68 obj/termdata.o
                0x01012248                TermDataInit
 .text.GetSTISMode
                0x010122b0       0x20 obj/termdata.o
                0x010122b0                GetSTISMode
 .text.SetSTISMode
                0x010122d0       0x28 obj/termdata.o
                0x010122d0                SetSTISMode
 .text.SetDebugMode
                0x010122f8       0x34 obj/termdata.o
                0x010122f8                SetDebugMode
 .text.DebugModeON
                0x0101232c       0x2c obj/termdata.o
                0x0101232c                DebugModeON
 .text.TrainingModeON
                0x01012358       0x2c obj/termdata.o
                0x01012358                TrainingModeON
 .text.PrintRcptHeader
                0x01012384       0x86 obj/termdata.o
                0x01012384                PrintRcptHeader
 *fill*         0x0101240a        0x2 
 .text.PrintSTIS
                0x0101240c       0xac obj/termdata.o
                0x0101240c                PrintSTIS
 .text.CompressInputData
                0x010124b8       0x42 obj/termdata.o
                0x010124b8                CompressInputData
 .text.CompressInputFData
                0x010124fa       0x3c obj/termdata.o
                0x010124fa                CompressInputFData
 *fill*         0x01012536        0x2 
 .text.SetModeOnOff
                0x01012538       0xc4 obj/termdata.o
                0x01012538                SetModeOnOff
 .text.UpdateFData
                0x010125fc       0x54 obj/termdata.o
                0x010125fc                UpdateFData
 .text.UpdatePABX
                0x01012650       0x80 obj/termdata.o
                0x01012650                UpdatePABX
 .text.SetupSTIS
                0x010126d0      0x3d4 obj/termdata.o
                0x010126d0                SetupSTIS
 .text.GetPortDevName
                0x01012aa4       0x28 obj/termdata.o
                0x01012aa4                GetPortDevName
 .text.SetupTerm
                0x01012acc      0x798 obj/termdata.o
                0x01012acc                SetupTerm
 .text.GenDLL   0x01013264       0x4c obj/termdata.o
                0x01013264                GenDLL
 .text.GetAccessCode
                0x010132b0       0xe0 obj/termdata.o
                0x010132b0                GetAccessCode
 .text.SetROC   0x01013390       0x34 obj/termdata.o
                0x01013390                SetROC
 .text.SetTrace
                0x010133c4       0x34 obj/termdata.o
                0x010133c4                SetTrace
 .text.GetTrace
                0x010133f8       0x14 obj/termdata.o
                0x010133f8                GetTrace
 .text.IncTrace
                0x0101340c       0x30 obj/termdata.o
                0x0101340c                IncTrace
 .text.CleanTermData
                0x0101343c       0x2c obj/termdata.o
                0x0101343c                CleanTermData
 .text.TermDataUpd
                0x01013468       0x24 obj/termdata.o
                0x01013468                TermDataUpd
 .text.UpdateFTPServerKey
                0x0101348c       0xc0 obj/termdata.o
                0x0101348c                UpdateFTPServerKey
 .text.STISFTPSetup
                0x0101354c      0x6fc obj/termdata.o
                0x0101354c                STISFTPSetup
 .text.CompareEDCDateChksum
                0x01013c48       0x44 obj/termdata.o
                0x01013c48                CompareEDCDateChksum
 .text.SetEDCDateChksumSize
                0x01013c8c       0x48 obj/termdata.o
                0x01013c8c                SetEDCDateChksumSize
 .text.CompareEMVAPPDateChksum
                0x01013cd4       0x44 obj/termdata.o
                0x01013cd4                CompareEMVAPPDateChksum
 .text.SetEMVAPPDateChksumSize
                0x01013d18       0x44 obj/termdata.o
                0x01013d18                SetEMVAPPDateChksumSize
 .text.CompareEMVKEYDateChksum
                0x01013d5c       0x44 obj/termdata.o
                0x01013d5c                CompareEMVKEYDateChksum
 .text.SetEMVKEYDateChksumSize
                0x01013da0       0x44 obj/termdata.o
                0x01013da0                SetEMVKEYDateChksumSize
 .text.CompareXAPPDateChksum
                0x01013de4       0x44 obj/termdata.o
                0x01013de4                CompareXAPPDateChksum
 .text.SetXAPPDateChksumSize
                0x01013e28       0x44 obj/termdata.o
                0x01013e28                SetXAPPDateChksumSize
 .text.CompareLXAPPDateChksum
                0x01013e6c       0x44 obj/termdata.o
                0x01013e6c                CompareLXAPPDateChksum
 .text.SetLXAPPDateChksumSize
                0x01013eb0       0x44 obj/termdata.o
                0x01013eb0                SetLXAPPDateChksumSize
 .text.AppListUploadReq
                0x01013ef4       0x24 obj/termdata.o
                0x01013ef4                AppListUploadReq
 .text.SetAppListUploadReq
                0x01013f18       0x28 obj/termdata.o
                0x01013f18                SetAppListUploadReq
 .text.GetMirrorAppListChksum
                0x01013f40       0x24 obj/termdata.o
                0x01013f40                GetMirrorAppListChksum
 .text.GetActualAppListChksum
                0x01013f64       0x2e obj/termdata.o
                0x01013f64                GetActualAppListChksum
 *fill*         0x01013f92        0x2 
 .text.UpdateAppListChksum
                0x01013f94       0x4c obj/termdata.o
                0x01013f94                UpdateAppListChksum
 .text          0x01013fe0        0x0 obj/toggle.o
 .text.ToggleOption
                0x01013fe0      0x14e obj/toggle.o
                0x01013fe0                ToggleOption
 *fill*         0x0101412e        0x2 
 .text.ToggleYesNo
                0x01014130       0x20 obj/toggle.o
                0x01014130                ToggleYesNo
 .text          0x01014150        0x0 obj/tranutil.o
 .text.PackRspText.part.0
                0x01014150       0x7c obj/tranutil.o
 .text.ResetTrans
                0x010141cc       0x28 obj/tranutil.o
                0x010141cc                ResetTrans
 .text.ClearResponse
                0x010141f4       0x2c obj/tranutil.o
                0x010141f4                ClearResponse
 .text.SetRspCode
                0x01014220       0x34 obj/tranutil.o
                0x01014220                SetRspCode
 .text.DispHeader
                0x01014254       0xe8 obj/tranutil.o
                0x01014254                DispHeader
 .text.DispRspText
                0x0101433c       0xcc obj/tranutil.o
                0x0101433c                DispRspText
 .text.TransEnd
                0x01014408       0x44 obj/tranutil.o
                0x01014408                TransEnd
 .text.Return2Base
                0x0101444c        0x4 obj/tranutil.o
                0x0101444c                Return2Base
 .text          0x01014450        0x0 obj/wifi.o
 .text.WifiOn   0x01014450       0x8c obj/wifi.o
                0x01014450                WifiOn
 .text.WifiOff  0x010144dc       0xe0 obj/wifi.o
                0x010144dc                WifiOff
 .text.WifiConfig
                0x010145bc      0xb5c obj/wifi.o
                0x010145bc                WifiConfig
 .text.WifiStatus
                0x01015118       0xe8 obj/wifi.o
                0x01015118                WifiStatus
 .text.GetWifiStatus
                0x01015200       0x28 obj/wifi.o
                0x01015200                GetWifiStatus
 .text.GetWifiConnStatus
                0x01015228       0x28 obj/wifi.o
                0x01015228                GetWifiConnStatus
 .text          0x01015250        0x0 obj/x509.o
 .text.oid_to_hash_value
                0x01015250       0x1e obj/x509.o
 .text.x509_get_asn_length
                0x0101526e       0x5a obj/x509.o
 .text.x509_get_integer
                0x010152c8       0x8a obj/x509.o
 .text.x509_get_sequence
                0x01015352       0x38 obj/x509.o
 .text.x509_get_oid
                0x0101538a       0x38 obj/x509.o
 .text.unlikely.x509_get_implicit_bit_string
                0x010153c2       0x46 obj/x509.o
 .text.x509_get_algorithm_identifier
                0x01015408      0x234 obj/x509.o
 .text.unlikely.x509_get_big
                0x0101563c       0x5c obj/x509.o
 .text.unlikely.x509_get_dn_attrib
                0x01015698      0x14a obj/x509.o
 *fill*         0x010157e2        0x2 
 .text.x509_select_hashops
                0x010157e4       0x8c obj/x509.o
 .text.unlikely.x509_generalize_time
                0x01015870       0x42 obj/x509.o
 *fill*         0x010158b2        0x2 
 .text.x509_check_leading_zeros.constprop.6
                0x010158b4       0x38 obj/x509.o
 .text.x509_verify_cert_with_PSS
                0x010158ec      0x1b8 obj/x509.o
 .text.x509_verify_cert_by_key
                0x01015aa4       0xdc obj/x509.o
                0x01015aa4                x509_verify_cert_by_key
 .text.x509_parse_cert
                0x01015b80      0x71c obj/x509.o
                0x01015b80                x509_parse_cert
 .text.x509_verify_cert_by_cert
                0x0101629c       0x36 obj/x509.o
                0x0101629c                x509_verify_cert_by_cert
 .text          0x010162d2        0x0 obj/cstartup.o
 *fill*         0x010162d2        0x2 
 .text.SegmentInit
                0x010162d4       0x78 obj/cstartup.o
                0x010162d4                SegmentInit
 .text          0x0101634c        0x0 obj/expect_send.o
 .text.expect_send_release
                0x0101634c       0x58 obj/expect_send.o
                0x0101634c                expect_send_release
 .text.expect_send_alloc
                0x010163a4      0x10e obj/expect_send.o
                0x010163a4                expect_send_alloc
 .text          0x010164b2        0x0 obj/libc.o
 .text.printchar
                0x010164b2       0x14 obj/libc.o
 .text.prints   0x010164c6       0xaa obj/libc.o
 .text.printi   0x01016570       0xa0 obj/libc.o
 .text.print    0x01016610      0x2c0 obj/libc.o
 .text._read_r  0x010168d0       0x2a obj/libc.o
                0x010168d0                _read_r
 .text._write_r
                0x010168fa       0x22 obj/libc.o
                0x010168fa                _write_r
 .text._close_r
                0x0101691c        0x4 obj/libc.o
                0x0101691c                _close_r
 .text._lseek_r
                0x01016920        0x4 obj/libc.o
                0x01016920                _lseek_r
 .text._fstat_r
                0x01016924        0xa obj/libc.o
                0x01016924                _fstat_r
 .text.isatty   0x0101692e        0x4 obj/libc.o
                0x0101692e                isatty
 *fill*         0x01016932        0x2 
 .text._sbrk_r  0x01016934       0x2c obj/libc.o
                0x01016934                _sbrk_r
 .text.putchar  0x01016960        0xe obj/libc.o
                0x01016960                putchar
 .text.printf   0x0101696e       0x1c obj/libc.o
                0x0101696e                printf
 .text.sprintf  0x0101698a       0x1e obj/libc.o
                0x0101698a                sprintf
 .text          0x010169a8      0x5f4 ../LibA5T1000/gcc\libsyscall.a(app_call.o)
                0x010169a8                lib_app_call
 .text          0x01016f9c       0x10 ../LibA5T1000/gcc\libsyscall.a(app_sw.o)
                0x01016f9c                os_call_app
 .text          0x01016fac       0x20 ../LibA5T1000/gcc\libsyscall.a(sys_call.o)
                0x01016fac                sys_func3
                0x01016fb0                sys_func0
                0x01016fbc                sys_func1
                0x01016fc4                sys_func2
 .text          0x01016fcc       0x1c ../LibA5T1000/gcc\libbasecall.a(base_call.o)
                0x01016fcc                base_func3
                0x01016fd0                base_func0
                0x01016fda                base_func1
                0x01016fe2                base_func2
 .text          0x01016fe8       0x52 ../LibA5T1000/gcc\libsptutil.a(bcd2bin.o)
                0x01016fe8                bcd2bin
                0x01017004                lbcd2lbin
 .text          0x0101703a        0xe ../LibA5T1000/gcc\libsptutil.a(bcd2val.o)
                0x0101703a                bcd2val
 .text          0x01017048       0x40 ../LibA5T1000/gcc\libsptutil.a(bcdadd.o)
                0x01017048                bcdadd
 .text          0x01017088       0x32 ../LibA5T1000/gcc\libsptutil.a(bcdinc.o)
                0x01017088                bcdinc
 .text          0x010170ba       0x3e ../LibA5T1000/gcc\libsptutil.a(bcdsub.o)
                0x010170ba                bcdsub
 .text          0x010170f8       0x28 ../LibA5T1000/gcc\libsptutil.a(bin2dec.o)
                0x010170f8                bin2dec
 .text          0x01017120       0x3a ../LibA5T1000/gcc\libsptutil.a(chkdigit.o)
                0x01017120                chk_digit
 .text          0x0101715a       0x36 ../LibA5T1000/gcc\libsptutil.a(chkdok.o)
                0x0101715a                chk_digit_ok
 .text          0x01017190       0x32 ../LibA5T1000/gcc\libsptutil.a(compress.o)
                0x01017190                compress
 *fill*         0x010171c2        0x2 
 .text          0x010171c4       0x30 ../LibA5T1000/gcc\libsptutil.a(crcccitt.o)
                0x010171c4                cal_crcx
                0x010171ec                cal_crc
 .text          0x010171f4       0x42 ../LibA5T1000/gcc\libsptutil.a(dbin2asc.o)
                0x010171f4                dbin2asc
 .text          0x01017236       0x1c ../LibA5T1000/gcc\libsptutil.a(dec2bin.o)
                0x01017236                dec2bin
 .text          0x01017252       0x40 ../LibA5T1000/gcc\libsptutil.a(decbin8b.o)
                0x01017252                decbin8b
 .text          0x01017292       0x18 ../LibA5T1000/gcc\libsptutil.a(fndb.o)
                0x01017292                fndb
 *fill*         0x010172aa        0x2 
 .text          0x010172ac       0x64 ../LibA5T1000/gcc\libsptutil.a(get_byte.o)
                0x010172ac                get_byte
                0x010172bc                get_word
                0x010172cc                get_dword
                0x010172ec                get_dword_le
 .text          0x01017310       0x14 ../LibA5T1000/gcc\libsptutil.a(get_dist.o)
                0x01017310                get_distance
 .text          0x01017324       0x2c ../LibA5T1000/gcc\libsptutil.a(get_mem.o)
                0x01017324                get_mem
 .text          0x01017350        0xc ../LibA5T1000/gcc\libsptutil.a(get_pptr.o)
                0x01017350                get_pptr
 .text          0x0101735c       0x10 ../LibA5T1000/gcc\libsptutil.a(hex_val.o)
                0x0101735c                hex_value
 .text          0x0101736c       0x20 ../LibA5T1000/gcc\libsptutil.a(inc_pptr.o)
                0x0101736c                inc_pptr
 .text          0x0101738c       0x32 ../LibA5T1000/gcc\libsptutil.a(lbin2asc.o)
                0x0101738c                lbin2asc
 .text          0x010173be       0x14 ../LibA5T1000/gcc\libsptutil.a(lrc.o)
                0x010173be                lrc
 *fill*         0x010173d2        0x2 
 .text          0x010173d4       0xfc ../LibA5T1000/gcc\libsptutil.a(pack_b.o)
                0x010173d4                pack_byte
                0x010173f8                pack_word
                0x01017424                pack_dword
                0x01017464                pack_word_le
                0x01017490                pack_dword_le
 .text          0x010174d0       0x28 ../LibA5T1000/gcc\libsptutil.a(pack_mem.o)
                0x010174d0                pack_mem
 .text          0x010174f8        0x8 ../LibA5T1000/gcc\libsptutil.a(pack_nul.o)
                0x010174f8                pack_null
 .text          0x01017500        0xc ../LibA5T1000/gcc\libsptutil.a(peek_b.o)
                0x01017500                peek_byte
 .text          0x0101750c       0x38 ../LibA5T1000/gcc\libsptutil.a(set_pptr.o)
                0x0101750c                buffer_overflow
                0x01017528                set_pptr
 .text          0x01017544       0x18 ../LibA5T1000/gcc\libsptutil.a(skpb.o)
                0x01017544                skpb
 .text          0x0101755c       0x2c ../LibA5T1000/gcc\libsptutil.a(split.o)
                0x0101755c                split
 .text          0x01017588      0x1f4 ../LibA5T1000/gcc\libsptutil.a(unix_tm.o)
                0x010175a8                RTC2UNIX
                0x01017664                UNIX2RTC
 .text          0x0101777c       0x18 ../LibA5T1000/gcc\libsptutil.a(val2bcd.o)
                0x0101777c                val2bcd
 .text          0x01017794        0xe ../LibA5T1000/gcc\libsptutil.a(hexdigit.o)
                0x01017794                hex_digit
 *fill*         0x010177a2        0x2 
 .text          0x010177a4       0x28 ../LibA5T1000/gcc\libsptutil.a(pack_nb.o)
                0x010177a4                pack_nbyte
 .text          0x010177cc        0x0 C:\DevTools\gcc_v49_2014q4/arm-none-eabi/lib/thumb\libc.a(lib_a-atoi.o)
 .text.atoi     0x010177cc       0x10 C:\DevTools\gcc_v49_2014q4/arm-none-eabi/lib/thumb\libc.a(lib_a-atoi.o)
                0x010177cc                atoi
 .text._atoi_r  0x010177dc       0x10 C:\DevTools\gcc_v49_2014q4/arm-none-eabi/lib/thumb\libc.a(lib_a-atoi.o)
                0x010177dc                _atoi_r
 .text          0x010177ec        0x0 C:\DevTools\gcc_v49_2014q4/arm-none-eabi/lib/thumb\libc.a(lib_a-ctype_.o)
 .text          0x010177ec        0x0 C:\DevTools\gcc_v49_2014q4/arm-none-eabi/lib/thumb\libc.a(lib_a-memcmp.o)
 .text.memcmp   0x010177ec       0x54 C:\DevTools\gcc_v49_2014q4/arm-none-eabi/lib/thumb\libc.a(lib_a-memcmp.o)
                0x010177ec                memcmp
 .text          0x01017840        0x0 C:\DevTools\gcc_v49_2014q4/arm-none-eabi/lib/thumb\libc.a(lib_a-memcpy.o)
 .text.memcpy   0x01017840       0x80 C:\DevTools\gcc_v49_2014q4/arm-none-eabi/lib/thumb\libc.a(lib_a-memcpy.o)
                0x01017840                memcpy
 .text          0x010178c0        0x0 C:\DevTools\gcc_v49_2014q4/arm-none-eabi/lib/thumb\libc.a(lib_a-memmove.o)
 .text.memmove  0x010178c0       0x9c C:\DevTools\gcc_v49_2014q4/arm-none-eabi/lib/thumb\libc.a(lib_a-memmove.o)
                0x010178c0                memmove
 .text          0x0101795c        0x0 C:\DevTools\gcc_v49_2014q4/arm-none-eabi/lib/thumb\libc.a(lib_a-memset.o)
 .text.memset   0x0101795c       0x94 C:\DevTools\gcc_v49_2014q4/arm-none-eabi/lib/thumb\libc.a(lib_a-memset.o)
                0x0101795c                memset
 .text          0x010179f0        0x0 C:\DevTools\gcc_v49_2014q4/arm-none-eabi/lib/thumb\libc.a(lib_a-strcat.o)
 .text.strcat   0x010179f0       0x54 C:\DevTools\gcc_v49_2014q4/arm-none-eabi/lib/thumb\libc.a(lib_a-strcat.o)
                0x010179f0                strcat
 .text          0x01017a44        0x0 C:\DevTools\gcc_v49_2014q4/arm-none-eabi/lib/thumb\libc.a(lib_a-strchr.o)
 .text.strchr   0x01017a44       0xdc C:\DevTools\gcc_v49_2014q4/arm-none-eabi/lib/thumb\libc.a(lib_a-strchr.o)
                0x01017a44                strchr
 .text          0x01017b20      0x224 C:\DevTools\gcc_v49_2014q4/arm-none-eabi/lib/thumb\libc.a(lib_a-strcmp.o)
                0x01017b20                strcmp
 .text          0x01017d44        0x0 C:\DevTools\gcc_v49_2014q4/arm-none-eabi/lib/thumb\libc.a(lib_a-strcpy.o)
 .text.strcpy   0x01017d44       0x10 C:\DevTools\gcc_v49_2014q4/arm-none-eabi/lib/thumb\libc.a(lib_a-strcpy.o)
                0x01017d44                strcpy
 .text          0x01017d54        0x0 C:\DevTools\gcc_v49_2014q4/arm-none-eabi/lib/thumb\libc.a(lib_a-strlen.o)
 .text.strlen   0x01017d54       0x6c C:\DevTools\gcc_v49_2014q4/arm-none-eabi/lib/thumb\libc.a(lib_a-strlen.o)
                0x01017d54                strlen
 .text          0x01017dc0        0x0 C:\DevTools\gcc_v49_2014q4/arm-none-eabi/lib/thumb\libc.a(lib_a-strncmp.o)
 .text.strncmp  0x01017dc0       0x98 C:\DevTools\gcc_v49_2014q4/arm-none-eabi/lib/thumb\libc.a(lib_a-strncmp.o)
                0x01017dc0                strncmp
 .text          0x01017e58        0x0 C:\DevTools\gcc_v49_2014q4/arm-none-eabi/lib/thumb\libc.a(lib_a-strncpy.o)
 .text.strncpy  0x01017e58       0x7c C:\DevTools\gcc_v49_2014q4/arm-none-eabi/lib/thumb\libc.a(lib_a-strncpy.o)
                0x01017e58                strncpy
 .text          0x01017ed4        0x0 C:\DevTools\gcc_v49_2014q4/arm-none-eabi/lib/thumb\libc.a(lib_a-strtod.o)
 .text.unlikely.sulp
                0x01017ed4       0x30 C:\DevTools\gcc_v49_2014q4/arm-none-eabi/lib/thumb\libc.a(lib_a-strtod.o)
 .text._strtod_r
                0x01017f04      0xf10 C:\DevTools\gcc_v49_2014q4/arm-none-eabi/lib/thumb\libc.a(lib_a-strtod.o)
                0x01017f04                _strtod_r
 .text.strtod   0x01018e14       0x1c C:\DevTools\gcc_v49_2014q4/arm-none-eabi/lib/thumb\libc.a(lib_a-strtod.o)
                0x01018e14                strtod
 .text.strtof   0x01018e30       0x34 C:\DevTools\gcc_v49_2014q4/arm-none-eabi/lib/thumb\libc.a(lib_a-strtod.o)
                0x01018e30                strtof
 .text          0x01018e64        0x0 C:\DevTools\gcc_v49_2014q4/arm-none-eabi/lib/thumb\libc.a(lib_a-strtol.o)
 .text._strtol_r
                0x01018e64      0x178 C:\DevTools\gcc_v49_2014q4/arm-none-eabi/lib/thumb\libc.a(lib_a-strtol.o)
                0x01018e64                _strtol_r
 .text.strtol   0x01018fdc       0x20 C:\DevTools\gcc_v49_2014q4/arm-none-eabi/lib/thumb\libc.a(lib_a-strtol.o)
                0x01018fdc                strtol
 .text          0x01018ffc        0x0 C:\DevTools\gcc_v49_2014q4/arm-none-eabi/lib/thumb\libc.a(lib_a-gdtoa-gethex.o)
 .text.rshift   0x01018ffc       0xa8 C:\DevTools\gcc_v49_2014q4/arm-none-eabi/lib/thumb\libc.a(lib_a-gdtoa-gethex.o)
 .text.__gethex
                0x010190a4      0x52c C:\DevTools\gcc_v49_2014q4/arm-none-eabi/lib/thumb\libc.a(lib_a-gdtoa-gethex.o)
                0x010190a4                __gethex
 .text          0x010195d0        0x0 C:\DevTools\gcc_v49_2014q4/arm-none-eabi/lib/thumb\libc.a(lib_a-gdtoa-hexnan.o)
 .text.__hexnan
                0x010195d0      0x1b8 C:\DevTools\gcc_v49_2014q4/arm-none-eabi/lib/thumb\libc.a(lib_a-gdtoa-hexnan.o)
                0x010195d0                __hexnan
 .text          0x01019788        0x0 C:\DevTools\gcc_v49_2014q4/arm-none-eabi/lib/thumb\libc.a(lib_a-impure.o)
 .text          0x01019788        0x0 C:\DevTools\gcc_v49_2014q4/arm-none-eabi/lib/thumb\libc.a(lib_a-locale.o)
 .text._setlocale_r
                0x01019788       0x48 C:\DevTools\gcc_v49_2014q4/arm-none-eabi/lib/thumb\libc.a(lib_a-locale.o)
                0x01019788                _setlocale_r
 .text.__locale_charset
                0x010197d0        0x8 C:\DevTools\gcc_v49_2014q4/arm-none-eabi/lib/thumb\libc.a(lib_a-locale.o)
                0x010197d0                __locale_charset
 .text.__locale_mb_cur_max
                0x010197d8        0xc C:\DevTools\gcc_v49_2014q4/arm-none-eabi/lib/thumb\libc.a(lib_a-locale.o)
                0x010197d8                __locale_mb_cur_max
 .text.__locale_msgcharset
                0x010197e4        0x8 C:\DevTools\gcc_v49_2014q4/arm-none-eabi/lib/thumb\libc.a(lib_a-locale.o)
                0x010197e4                __locale_msgcharset
 .text.__locale_cjk_lang
                0x010197ec        0x4 C:\DevTools\gcc_v49_2014q4/arm-none-eabi/lib/thumb\libc.a(lib_a-locale.o)
                0x010197ec                __locale_cjk_lang
 .text._localeconv_r
                0x010197f0        0x8 C:\DevTools\gcc_v49_2014q4/arm-none-eabi/lib/thumb\libc.a(lib_a-locale.o)
                0x010197f0                _localeconv_r
 .text.setlocale
                0x010197f8       0x1c C:\DevTools\gcc_v49_2014q4/arm-none-eabi/lib/thumb\libc.a(lib_a-locale.o)
                0x010197f8                setlocale
 .text.localeconv
                0x01019814        0x8 C:\DevTools\gcc_v49_2014q4/arm-none-eabi/lib/thumb\libc.a(lib_a-locale.o)
                0x01019814                localeconv
 .text          0x0101981c        0x0 C:\DevTools\gcc_v49_2014q4/arm-none-eabi/lib/thumb\libc.a(lib_a-mprec.o)
 .text._Balloc  0x0101981c       0x54 C:\DevTools\gcc_v49_2014q4/arm-none-eabi/lib/thumb\libc.a(lib_a-mprec.o)
                0x0101981c                _Balloc
 .text._Bfree   0x01019870       0x14 C:\DevTools\gcc_v49_2014q4/arm-none-eabi/lib/thumb\libc.a(lib_a-mprec.o)
                0x01019870                _Bfree
 .text.__multadd
                0x01019884       0x98 C:\DevTools\gcc_v49_2014q4/arm-none-eabi/lib/thumb\libc.a(lib_a-mprec.o)
                0x01019884                __multadd
 .text.__s2b    0x0101991c       0x98 C:\DevTools\gcc_v49_2014q4/arm-none-eabi/lib/thumb\libc.a(lib_a-mprec.o)
                0x0101991c                __s2b
 .text.__hi0bits
                0x010199b4       0x3c C:\DevTools\gcc_v49_2014q4/arm-none-eabi/lib/thumb\libc.a(lib_a-mprec.o)
                0x010199b4                __hi0bits
 .text.__lo0bits
                0x010199f0       0x5c C:\DevTools\gcc_v49_2014q4/arm-none-eabi/lib/thumb\libc.a(lib_a-mprec.o)
                0x010199f0                __lo0bits
 .text.__i2b    0x01019a4c       0x18 C:\DevTools\gcc_v49_2014q4/arm-none-eabi/lib/thumb\libc.a(lib_a-mprec.o)
                0x01019a4c                __i2b
 .text.__multiply
                0x01019a64      0x170 C:\DevTools\gcc_v49_2014q4/arm-none-eabi/lib/thumb\libc.a(lib_a-mprec.o)
                0x01019a64                __multiply
 .text.__pow5mult
                0x01019bd4       0xc0 C:\DevTools\gcc_v49_2014q4/arm-none-eabi/lib/thumb\libc.a(lib_a-mprec.o)
                0x01019bd4                __pow5mult
 .text.__lshift
                0x01019c94       0xd0 C:\DevTools\gcc_v49_2014q4/arm-none-eabi/lib/thumb\libc.a(lib_a-mprec.o)
                0x01019c94                __lshift
 .text.__mcmp   0x01019d64       0x3c C:\DevTools\gcc_v49_2014q4/arm-none-eabi/lib/thumb\libc.a(lib_a-mprec.o)
                0x01019d64                __mcmp
 .text.__mdiff  0x01019da0       0xf0 C:\DevTools\gcc_v49_2014q4/arm-none-eabi/lib/thumb\libc.a(lib_a-mprec.o)
                0x01019da0                __mdiff
 .text.__ulp    0x01019e90       0x4c C:\DevTools\gcc_v49_2014q4/arm-none-eabi/lib/thumb\libc.a(lib_a-mprec.o)
                0x01019e90                __ulp
 .text.__b2d    0x01019edc       0xe0 C:\DevTools\gcc_v49_2014q4/arm-none-eabi/lib/thumb\libc.a(lib_a-mprec.o)
                0x01019edc                __b2d
 .text.__d2b    0x01019fbc       0xc0 C:\DevTools\gcc_v49_2014q4/arm-none-eabi/lib/thumb\libc.a(lib_a-mprec.o)
                0x01019fbc                __d2b
 .text.__ratio  0x0101a07c       0x74 C:\DevTools\gcc_v49_2014q4/arm-none-eabi/lib/thumb\libc.a(lib_a-mprec.o)
                0x0101a07c                __ratio
 .text._mprec_log10
                0x0101a0f0       0x38 C:\DevTools\gcc_v49_2014q4/arm-none-eabi/lib/thumb\libc.a(lib_a-mprec.o)
                0x0101a0f0                _mprec_log10
 .text.__copybits
                0x0101a128       0x44 C:\DevTools\gcc_v49_2014q4/arm-none-eabi/lib/thumb\libc.a(lib_a-mprec.o)
                0x0101a128                __copybits
 .text.__any_on
                0x0101a16c       0x64 C:\DevTools\gcc_v49_2014q4/arm-none-eabi/lib/thumb\libc.a(lib_a-mprec.o)
                0x0101a16c                __any_on
 .text          0x0101a1d0        0x0 C:\DevTools\gcc_v49_2014q4/arm-none-eabi/lib/thumb\libc.a(lib_a-s_fpclassify.o)
 .text.__fpclassifyd
                0x0101a1d0       0x5c C:\DevTools\gcc_v49_2014q4/arm-none-eabi/lib/thumb\libc.a(lib_a-s_fpclassify.o)
                0x0101a1d0                __fpclassifyd
 .text          0x0101a22c        0x0 C:\DevTools\gcc_v49_2014q4/arm-none-eabi/lib/thumb\libc.a(lib_a-sf_nan.o)
 .text.nanf     0x0101a22c        0x8 C:\DevTools\gcc_v49_2014q4/arm-none-eabi/lib/thumb\libc.a(lib_a-sf_nan.o)
                0x0101a22c                nanf
 .text          0x0101a234        0x0 C:\DevTools\gcc_v49_2014q4/arm-none-eabi/lib/thumb\libc.a(lib_a-callocr.o)
 .text._calloc_r
                0x0101a234       0x64 C:\DevTools\gcc_v49_2014q4/arm-none-eabi/lib/thumb\libc.a(lib_a-callocr.o)
                0x0101a234                _calloc_r
 .text          0x0101a298        0x0 C:\DevTools\gcc_v49_2014q4/arm-none-eabi/lib/thumb\libc.a(lib_a-mallocr.o)
 .text._malloc_r
                0x0101a298      0x54c C:\DevTools\gcc_v49_2014q4/arm-none-eabi/lib/thumb\libc.a(lib_a-mallocr.o)
                0x0101a298                _malloc_r
 .text          0x0101a7e4        0x0 C:\DevTools\gcc_v49_2014q4/arm-none-eabi/lib/thumb\libc.a(lib_a-mlock.o)
 .text.__malloc_lock
                0x0101a7e4        0x4 C:\DevTools\gcc_v49_2014q4/arm-none-eabi/lib/thumb\libc.a(lib_a-mlock.o)
                0x0101a7e4                __malloc_lock
 .text.__malloc_unlock
                0x0101a7e8        0x4 C:\DevTools\gcc_v49_2014q4/arm-none-eabi/lib/thumb\libc.a(lib_a-mlock.o)
                0x0101a7e8                __malloc_unlock
 .text          0x0101a7ec        0x0 C:\DevTools\gcc_v49_2014q4/arm-none-eabi/lib/thumb\libc.a(lib_a-freer.o)
 .text._malloc_trim_r
                0x0101a7ec       0xa4 C:\DevTools\gcc_v49_2014q4/arm-none-eabi/lib/thumb\libc.a(lib_a-freer.o)
                0x0101a7ec                _malloc_trim_r
 .text._free_r  0x0101a890      0x1b4 C:\DevTools\gcc_v49_2014q4/arm-none-eabi/lib/thumb\libc.a(lib_a-freer.o)
                0x0101a890                _free_r
 .text          0x0101aa44      0x114 c:/devtools/gcc_v49_2014q4/bin/../lib/gcc/arm-none-eabi/4.9.3\libgcc.a(_udivsi3.o)
                0x0101aa44                __aeabi_uidiv
                0x0101aa44                __udivsi3
                0x0101ab38                __aeabi_uidivmod
 .text          0x0101ab58      0x148 c:/devtools/gcc_v49_2014q4/bin/../lib/gcc/arm-none-eabi/4.9.3\libgcc.a(_divsi3.o)
                0x0101ab58                __divsi3
                0x0101ab58                __aeabi_idiv
                0x0101ac80                __aeabi_idivmod
 .text          0x0101aca0        0x4 c:/devtools/gcc_v49_2014q4/bin/../lib/gcc/arm-none-eabi/4.9.3\libgcc.a(_dvmd_tls.o)
                0x0101aca0                __aeabi_idiv0
                0x0101aca0                __aeabi_ldiv0
 .text          0x0101aca4      0x41c c:/devtools/gcc_v49_2014q4/bin/../lib/gcc/arm-none-eabi/4.9.3\libgcc.a(_arm_addsubdf3.o)
                0x0101aca4                __aeabi_drsub
                0x0101acac                __aeabi_dsub
                0x0101acac                __subdf3
                0x0101acb0                __aeabi_dadd
                0x0101acb0                __adddf3
                0x0101afc0                __floatunsidf
                0x0101afc0                __aeabi_ui2d
                0x0101afe4                __floatsidf
                0x0101afe4                __aeabi_i2d
                0x0101b00c                __aeabi_f2d
                0x0101b00c                __extendsfdf2
                0x0101b04c                __floatundidf
                0x0101b04c                __aeabi_ul2d
                0x0101b060                __floatdidf
                0x0101b060                __aeabi_l2d
 .text          0x0101b0c0      0x49c c:/devtools/gcc_v49_2014q4/bin/../lib/gcc/arm-none-eabi/4.9.3\libgcc.a(_arm_muldivdf3.o)
                0x0101b0c0                __aeabi_dmul
                0x0101b0c0                __muldf3
                0x0101b350                __divdf3
                0x0101b350                __aeabi_ddiv
 .text          0x0101b55c      0x144 c:/devtools/gcc_v49_2014q4/bin/../lib/gcc/arm-none-eabi/4.9.3\libgcc.a(_arm_cmpdf2.o)
                0x0101b55c                __gtdf2
                0x0101b55c                __gedf2
                0x0101b564                __ltdf2
                0x0101b564                __ledf2
                0x0101b56c                __nedf2
                0x0101b56c                __eqdf2
                0x0101b56c                __cmpdf2
                0x0101b5f4                __aeabi_cdrcmple
                0x0101b610                __aeabi_cdcmpeq
                0x0101b610                __aeabi_cdcmple
                0x0101b628                __aeabi_dcmpeq
                0x0101b640                __aeabi_dcmplt
                0x0101b658                __aeabi_dcmple
                0x0101b670                __aeabi_dcmpge
                0x0101b688                __aeabi_dcmpgt
 .text          0x0101b6a0       0x5c c:/devtools/gcc_v49_2014q4/bin/../lib/gcc/arm-none-eabi/4.9.3\libgcc.a(_arm_fixdfsi.o)
                0x0101b6a0                __aeabi_d2iz
                0x0101b6a0                __fixdfsi
 .text          0x0101b6fc       0x54 c:/devtools/gcc_v49_2014q4/bin/../lib/gcc/arm-none-eabi/4.9.3\libgcc.a(_arm_fixunsdfsi.o)
                0x0101b6fc                __aeabi_d2uiz
                0x0101b6fc                __fixunsdfsi
 .text          0x0101b750       0xa0 c:/devtools/gcc_v49_2014q4/bin/../lib/gcc/arm-none-eabi/4.9.3\libgcc.a(_arm_truncdfsf2.o)
                0x0101b750                __truncdfsf2
                0x0101b750                __aeabi_d2f
 .text          0x0101b7f0       0x44 c:/devtools/gcc_v49_2014q4/bin/../lib/gcc/arm-none-eabi/4.9.3\libgcc.a(_aeabi_ldivmod.o)
                0x0101b7f0                __aeabi_ldivmod
 .text          0x0101b834       0x3c c:/devtools/gcc_v49_2014q4/bin/../lib/gcc/arm-none-eabi/4.9.3\libgcc.a(_aeabi_uldivmod.o)
                0x0101b834                __aeabi_uldivmod
 .text          0x0101b870       0x4c c:/devtools/gcc_v49_2014q4/bin/../lib/gcc/arm-none-eabi/4.9.3\libgcc.a(_fixdfdi.o)
                0x0101b870                __fixdfdi
                0x0101b870                __aeabi_d2lz
 .text          0x0101b8bc       0x6c c:/devtools/gcc_v49_2014q4/bin/../lib/gcc/arm-none-eabi/4.9.3\libgcc.a(_fixunsdfdi.o)
                0x0101b8bc                __fixunsdfdi
                0x0101b8bc                __aeabi_d2ulz
 .text          0x0101b928       0x84 c:/devtools/gcc_v49_2014q4/bin/../lib/gcc/arm-none-eabi/4.9.3\libgcc.a(bpabi.o)
                0x0101b928                __gnu_ldivmod_helper
                0x0101b96c                __gnu_uldivmod_helper
 .text          0x0101b9ac      0x178 c:/devtools/gcc_v49_2014q4/bin/../lib/gcc/arm-none-eabi/4.9.3\libgcc.a(_divdi3.o)
                0x0101b9ac                __divdi3
 .text          0x0101bb24      0x120 c:/devtools/gcc_v49_2014q4/bin/../lib/gcc/arm-none-eabi/4.9.3\libgcc.a(_udivdi3.o)
                0x0101bb24                __udivdi3
 .text          0x0101bc44       0x28 c:/devtools/gcc_v49_2014q4/bin/../lib/gcc/arm-none-eabi/4.9.3\libgcc.a(_clzdi2.o)
                0x0101bc44                __clzdi2
 .text          0x0101bc6c       0x48 c:/devtools/gcc_v49_2014q4/bin/../lib/gcc/arm-none-eabi/4.9.3\libgcc.a(_clzsi2.o)
                0x0101bc6c                __clzsi2
 *fill*         0x0101bcb4        0x4 
 .text.__stub   0x0101bcb8        0x4 linker stubs
 *(.init)
 *(.fini)
 *crtbegin.o(.ctors)
 *crtbegin?.o(.ctors)
 *(EXCLUDE_FILE(*crtend.o *crtend?.o) .ctors)
 *(SORT(.ctors.*))
 *(.ctors)
 *crtbegin.o(.dtors)
 *crtbegin?.o(.dtors)
 *(EXCLUDE_FILE(*crtend.o *crtend?.o) .dtors)
 *(SORT(.dtors.*))
 *(.dtors)
 *(.rodata* .gnu.linkonce.r.*)
 .rodata        0x0101bcbc       0x23 obj/GetCert.o
                0x0101bcbc                CAKeyEcr
                0x0101bcc3                CAKeyHost
                0x0101bcca                CAKeyTMS
                0x0101bcd1                ClientCert
                0x0101bcd8                ClientPriKey
 .rodata.str1.1
                0x0101bcdf       0x1f obj/GetCert.o
 .rodata.str1.1
                0x0101bcfe       0xa4 obj/apmconfig.o
 *fill*         0x0101bda2        0x2 
 .rodata        0x0101bda4      0x3d4 obj/apmfunc.o
 .rodata.str1.1
                0x0101c178      0x13d obj/apmfunc.o
                                0x140 (size before relaxing)
 .rodata.str1.1
                0x0101c2b5        0xe obj/apmtest.o
                                 0x11 (size before relaxing)
 .rodata.str1.1
                0x0101c2c3        0x6 obj/batchsys.o
 *fill*         0x0101c2c9        0x3 
 .rodata        0x0101c2cc      0x20c obj/cakey.o
 .rodata.str1.1
                0x0101c4d8       0x68 obj/cakey.o
                                 0x7c (size before relaxing)
 .rodata        0x0101c540      0x118 obj/comm.o
                0x0101c5dc                KDefaultSReg
 .rodata.str1.1
                0x0101c658      0x158 obj/comm.o
 .rodata        0x0101c7b0      0x114 obj/constant.o
                0x0101c7b0                KTransBitmap
                0x0101c7bc                KRspText
 .rodata        0x0101c8c4      0x304 obj/coremain.o
                0x0101c8c4                KApmDataFile
                0x0101c8cc                KBWSpectraLogo
                0x0101cae4                KExportFunc
                0x0101cbc4                KSoftName
 .rodata.str1.1
                0x0101cbc8       0xaf obj/coremain.o
 .rodata        0x0101cc77        0x8 obj/ctlcfg.o
 .rodata.str1.1
                0x0101cc7f      0x122 obj/ctlcfg.o
                                0x13b (size before relaxing)
 .rodata        0x0101cda1       0x8a obj/emvtrans.o
                0x0101cda9                KPinMsg
                0x0101cde9                KCardholderIDName
 .rodata.str1.1
                0x0101ce2b       0x6f obj/emvtrans.o
                                0x16d (size before relaxing)
 *fill*         0x0101ce9a        0x2 
 .rodata        0x0101ce9c       0xb0 obj/ftptran.o
                0x0101ceb4                KPPPDefaultSReg
                0x0101cf0c                KAuthKey