Archive member included because of file (symbol)

../LibA5T1000/gcc\libsyscall.a(app_call.o)
                              obj/Adjust.o (lib_app_call)
../LibA5T1000/gcc\libsyscall.a(sys_call.o)
                              obj/ParamTest.o (sys_func3)
../LibA5T1000/gcc\libbasecall.a(base_call.o)
                              obj/network.o (base_func0)
../LibA5T1000/gcc\libsptutil.a(bcd2bin.o)
                              obj/Settle.o (bcd2bin)
../LibA5T1000/gcc\libsptutil.a(bcd2val.o)
                              obj/Chkoptn.o (bcd2val)
../LibA5T1000/gcc\libsptutil.a(bcdadd.o)
                              obj/Sysutil.o (bcdadd)
../LibA5T1000/gcc\libsptutil.a(bcdinc.o)
                              obj/Settle.o (bcdinc)
../LibA5T1000/gcc\libsptutil.a(bcdsub.o)
                              obj/Sysutil.o (bcdsub)
../LibA5T1000/gcc\libsptutil.a(bin2bcd.o)
                              obj/hostmsg.o (bin2bcd)
../LibA5T1000/gcc\libsptutil.a(bin2dec.o)
                              obj/Func.o (bin2dec)
../LibA5T1000/gcc\libsptutil.a(bindec_d.o)
                              obj/Print.o (bindec_data)
../LibA5T1000/gcc\libsptutil.a(chkdok.o)
                              obj/input.o (chk_digit_ok)
../LibA5T1000/gcc\libsptutil.a(compress.o)
                              obj/Settle.o (compress)
../LibA5T1000/gcc\libsptutil.a(crcccitt.o)
                              obj/corevar.o (cal_crc)
../LibA5T1000/gcc\libsptutil.a(dbin2asc.o)
                              obj/Sysutil.o (dbin2asc)
../LibA5T1000/gcc\libsptutil.a(dbin2bcd.o)
                              obj/ctltrans.o (dbin2bcd)
../LibA5T1000/gcc\libsptutil.a(decbin4b.o)
                              obj/hostmsg.o (decbin4b)
../LibA5T1000/gcc\libsptutil.a(decbin8b.o)
                              obj/Adjust.o (decbin8b)
../LibA5T1000/gcc\libsptutil.a(fndb.o)
                              obj/Ecr.o (fndb)
../LibA5T1000/gcc\libsptutil.a(get_byte.o)
                              obj/hostmsg.o (get_byte)
../LibA5T1000/gcc\libsptutil.a(get_dist.o)
                              obj/corevar.o (get_distance)
../LibA5T1000/gcc\libsptutil.a(get_mem.o)
                              obj/hostmsg.o (get_mem)
../LibA5T1000/gcc\libsptutil.a(get_pptr.o)
                              obj/hostmsg.o (get_pptr)
../LibA5T1000/gcc\libsptutil.a(hex_val.o)
                              ../LibA5T1000/gcc\libsptutil.a(compress.o) (hex_value)
../LibA5T1000/gcc\libsptutil.a(inc_pptr.o)
                              obj/corevar.o (inc_pptr)
../LibA5T1000/gcc\libsptutil.a(isbdigit.o)
                              obj/input.o (isbdigit)
../LibA5T1000/gcc\libsptutil.a(pack_b.o)
                              obj/Settle.o (pack_byte)
../LibA5T1000/gcc\libsptutil.a(pack_lf.o)
                              obj/Func.o (pack_lf)
../LibA5T1000/gcc\libsptutil.a(pack_lfs.o)
                              obj/Func.o (pack_lfs)
../LibA5T1000/gcc\libsptutil.a(pack_mem.o)
                              obj/Func.o (pack_mem)
../LibA5T1000/gcc\libsptutil.a(pack_nb.o)
                              obj/Print.o (pack_nbyte)
../LibA5T1000/gcc\libsptutil.a(pack_spc.o)
                              obj/Func.o (pack_space)
../LibA5T1000/gcc\libsptutil.a(pack_str.o)
                              obj/Func.o (pack_str)
../LibA5T1000/gcc\libsptutil.a(peek_b.o)
                              obj/hostmsg.o (peek_byte)
../LibA5T1000/gcc\libsptutil.a(set_pptr.o)
                              ../LibA5T1000/gcc\libsptutil.a(get_mem.o) (buffer_overflow)
../LibA5T1000/gcc\libsptutil.a(skpb.o)
                              obj/Sysutil.o (skpb)
../LibA5T1000/gcc\libsptutil.a(split.o)
                              obj/Ecr.o (split)
../LibA5T1000/gcc\libsptutil.a(split_d.o)
                              obj/Func.o (split_data)
../LibA5T1000/gcc\libsptutil.a(val2bcd.o)
                              ../LibA5T1000/gcc\libsptutil.a(bcdadd.o) (val2bcd)
../LibA5T1000/gcc\libsptutil.a(hexdigit.o)
                              ../LibA5T1000/gcc\libsptutil.a(split.o) (hex_digit)
../LibA5T1000/gcc\libspglib.a(GIFLib.o)
                              obj/ParamTest.o (GIFSetPos)
../LibA5T1000/gcc\libspglib.a(GLib.o)
                              obj/tpadtest.o (GD_SetDotSize)
C:\DevTools\gcc_v49_2014q4/arm-none-eabi/lib/thumb\libc.a(lib_a-memcmp.o)
                              obj/Others.o (memcmp)
C:\DevTools\gcc_v49_2014q4/arm-none-eabi/lib/thumb\libc.a(lib_a-memcpy.o)
                              obj/Adjust.o (memcpy)
C:\DevTools\gcc_v49_2014q4/arm-none-eabi/lib/thumb\libc.a(lib_a-memmove.o)
                              obj/Coremain.o (memmove)
C:\DevTools\gcc_v49_2014q4/arm-none-eabi/lib/thumb\libc.a(lib_a-memset.o)
                              obj/Adjust.o (memset)
C:\DevTools\gcc_v49_2014q4/arm-none-eabi/lib/thumb\libc.a(lib_a-puts.o)
                              obj/ctltrans.o (puts)
C:\DevTools\gcc_v49_2014q4/arm-none-eabi/lib/thumb\libc.a(lib_a-strcat.o)
                              obj/ParamTest.o (strcat)
[...]
Memory Configuration

Name             Origin             Length             Attributes
*default*        0x00000000         0xffffffff

Linker script and memory map

START GROUP
LOAD obj/Adjust.o
LOAD obj/Auth.o
LOAD obj/Chkoptn.o
LOAD obj/Constant.o
LOAD obj/Coremain.o
LOAD obj/DemoTest.o
LOAD obj/Ecr.o
LOAD obj/Func.o
LOAD obj/Offline.o
LOAD obj/Others.o
LOAD obj/ParamTest.o
LOAD obj/Print.o
LOAD obj/Reversal.o
LOAD obj/Sale.o
LOAD obj/SaleOffl.o
LOAD obj/Settle.o
LOAD obj/Sysutil.o
LOAD obj/TLVUtil.o
LOAD obj/TestCfg.o
LOAD obj/Void.o
LOAD obj/auxcom.o
LOAD obj/brdrtest.o
LOAD obj/camtest.o
LOAD obj/corevar.o
LOAD obj/ctltrans.o
LOAD obj/debugstis.o
LOAD obj/emvl2cfg.o
LOAD obj/emvtrans.o
LOAD obj/hardware.o
LOAD obj/hostmsg.o
LOAD obj/iface.o
LOAD obj/iface_util.o
LOAD obj/input.o
LOAD obj/keytrans.o
LOAD obj/lptutil.o
LOAD obj/main.o
LOAD obj/menu.o
LOAD obj/message.o
LOAD obj/network.o
LOAD obj/record.o
LOAD obj/refund.o
LOAD obj/testrans.o
LOAD obj/toggle.o
LOAD obj/tpadtest.o
LOAD obj/tranutil.o
LOAD obj/wavecom.o
LOAD obj/cstartup.o
LOAD obj/expect_send.o
LOAD obj/libc.o
LOAD ../LibA5T1000/gcc\libsyscall.a
LOAD ../LibA5T1000/gcc\libbasecall.a
LOAD ../LibA5T1000/gcc\libsptutil.a
LOAD ../LibA5T1000/gcc\libspglib.a
LOAD ../LibA5T1000/gcc\libspqr.a
LOAD C:\DevTools\gcc_v49_2014q4/arm-none-eabi/lib/thumb\libc.a
LOAD C:\DevTools\gcc_v49_2014q4/arm-none-eabi/lib/thumb\libnosys.a
LOAD C:\DevTools\gcc_v49_2014q4/arm-none-eabi/lib/thumb\libm.a
LOAD c:/devtools/gcc_v49_2014q4/bin/../lib/gcc/arm-none-eabi/4.9.3\libgcc.a
END GROUP
                0x01000000                _start_of_flash = 0x1000000
                0x01800000                _start_of_data = 0x1800000
                0x01c00000                _end_of_sram = (_start_of_data + 0x400000)
                0x01000020                _start_of_header = (_start_of_flash + 0x20)
                0x01000050                _start_of_app = (_start_of_flash + 0x50)
                0x01000000                . = _start_of_flash

.startup        0x01000000       0x1a
 *(sect_startup)
 sect_startup   0x01000000       0x1a obj/cstartup.o
                0x01000000                cstartup
                0x01000020                . = _start_of_header

.header         0x01000020       0x30
 *(sect_apphdr)
 sect_apphdr    0x01000020       0x30 obj/cstartup.o
                0x01000020                KAppHeader
                0x01000150                . = (_start_of_app + 0x100)

.text           0x01000150    0x21ef4
 *(.text* .glue_7* .gnu.linkonce.t.*)
 .glue_7        0x00000000        0x0 linker stubs
 .glue_7t       0x00000000        0x0 linker stubs
 .text          0x01000150        0x0 obj/Adjust.o
 .text.DispCurrTotal
                0x01000150       0x84 obj/Adjust.o
 .text.AdjustTrans
                0x010001d4      0x4cc obj/Adjust.o
                0x010001d4                AdjustTrans
 .text          0x010006a0        0x0 obj/Auth.o
 .text.AuthTrans
                0x010006a0      0x118 obj/Auth.o
                0x010006a0                AuthTrans
 .text          0x010007b8        0x0 obj/Chkoptn.o
 .text.AdjustPSWReqd
                0x010007b8       0x14 obj/Chkoptn.o
                0x010007b8                AdjustPSWReqd
 .text.SettlePSWReqd
                0x010007cc       0x14 obj/Chkoptn.o
                0x010007cc                SettlePSWReqd
 .text.ManualPSWReqd
                0x010007e0       0x14 obj/Chkoptn.o
                0x010007e0                ManualPSWReqd
 .text.DispMSRReqd
                0x010007f4       0x10 obj/Chkoptn.o
                0x010007f4                DispMSRReqd
 .text.TIPsReqd
                0x01000804       0x10 obj/Chkoptn.o
                0x01000804                TIPsReqd
 .text.PrintTimeReqd
                0x01000814       0x10 obj/Chkoptn.o
                0x01000814                PrintTimeReqd
 .text.DDMMBusinessDate
                0x01000824       0x10 obj/Chkoptn.o
                0x01000824                DDMMBusinessDate
 .text.ComfirmTotal
                0x01000834       0x10 obj/Chkoptn.o
                0x01000834                ComfirmTotal
 .text.EcrRefReqd
                0x01000844       0x10 obj/Chkoptn.o
                0x01000844                EcrRefReqd
 .text.PromptTips
                0x01000854       0x14 obj/Chkoptn.o
                0x01000854                PromptTips
 .text.BlockLocalTrans
                0x01000868       0x14 obj/Chkoptn.o
                0x01000868                BlockLocalTrans
 .text.NumOfRcptCopy
                0x0100087c       0x10 obj/Chkoptn.o
                0x0100087c                NumOfRcptCopy
 .text.ReferralDial
                0x0100088c       0x10 obj/Chkoptn.o
                0x0100088c                ReferralDial
 .text.HostSettlePending
                0x0100089c       0x14 obj/Chkoptn.o
                0x0100089c                HostSettlePending
 .text.RefundOffline
                0x010008b0       0x14 obj/Chkoptn.o
                0x010008b0                RefundOffline
 .text.VoidOffline
                0x010008c4       0x14 obj/Chkoptn.o
                0x010008c4                VoidOffline
 .text.PiggybackOffline
                0x010008d8       0x14 obj/Chkoptn.o
                0x010008d8                PiggybackOffline
 .text.Prompt4DBC
                0x010008ec       0x14 obj/Chkoptn.o
                0x010008ec                Prompt4DBC
 .text.MultiAdjustAllowed
                0x01000900       0x14 obj/Chkoptn.o
                0x01000900                MultiAdjustAllowed
 .text.ExtraMsgLen
                0x01000914       0x14 obj/Chkoptn.o
                0x01000914                ExtraMsgLen
 .text.CheckDuplicate
                0x01000928       0x14 obj/Chkoptn.o
                0x01000928                CheckDuplicate
 .text.FallbackDialup
                0x0100093c       0x14 obj/Chkoptn.o
                0x0100093c                FallbackDialup
 .text.GetHostType
                0x01000950       0x14 obj/Chkoptn.o
                0x01000950                GetHostType
 .text.UnderFloorLimit
                0x01000964       0x3c obj/Chkoptn.o
                0x01000964                UnderFloorLimit
 .text.ManualEntryAllow
                0x010009a0       0x14 obj/Chkoptn.o
                0x010009a0                ManualEntryAllow
 .text.OfflineAllowed
                0x010009b4       0x14 obj/Chkoptn.o
                0x010009b4                OfflineAllowed
 .text.ExpDateReqd
                0x010009c8       0x14 obj/Chkoptn.o
                0x010009c8                ExpDateReqd
 .text.VoiceReferral
                0x010009dc       0x20 obj/Chkoptn.o
                0x010009dc                VoiceReferral
 .text.DescriptorReqd
                0x010009fc       0x14 obj/Chkoptn.o
                0x010009fc                DescriptorReqd
 .text.AdjustAllowed
                0x01000a10       0x14 obj/Chkoptn.o
                0x01000a10                AdjustAllowed
 .text.CheckPAN
                0x01000a24       0x14 obj/Chkoptn.o
                0x01000a24                CheckPAN
 .text.PrintReqd
                0x01000a38       0x14 obj/Chkoptn.o
                0x01000a38                PrintReqd
 .text.DefaultCapture
                0x01000a4c       0x14 obj/Chkoptn.o
                0x01000a4c                DefaultCapture
 .text.CheckExpDate
                0x01000a60       0x14 obj/Chkoptn.o
                0x01000a60                CheckExpDate
 .text.RefundBlocked
                0x01000a74       0x14 obj/Chkoptn.o
                0x01000a74                RefundBlocked
 .text.AuthBlocked
                0x01000a88       0x14 obj/Chkoptn.o
                0x01000a88                AuthBlocked
 .text.VoidBlocked
                0x01000a9c       0x14 obj/Chkoptn.o
                0x01000a9c                VoidBlocked
 .text.BlockAuthCode
                0x01000ab0       0x14 obj/Chkoptn.o
                0x01000ab0                BlockAuthCode
 .text.MaskCardNo
                0x01000ac4       0x14 obj/Chkoptn.o
                0x01000ac4                MaskCardNo
 .text.ExpiryReject
                0x01000ad8       0x14 obj/Chkoptn.o
                0x01000ad8                ExpiryReject
 .text.BlockLocalManual
                0x01000aec       0x14 obj/Chkoptn.o
                0x01000aec                BlockLocalManual
 .text.BlockLocalSwipe
                0x01000b00       0x14 obj/Chkoptn.o
                0x01000b00                BlockLocalSwipe
 .text.Track1Enable
                0x01000b14       0x14 obj/Chkoptn.o
                0x01000b14                Track1Enable
 .text.EMVProcDisable
                0x01000b28       0x14 obj/Chkoptn.o
                0x01000b28                EMVProcDisable
 .text          0x01000b3c        0x0 obj/Constant.o
 .text.SaleType
                0x01000b3c       0x18 obj/Constant.o
                0x01000b3c                SaleType
 .text          0x01000b54        0x0 obj/Coremain.o
 .text.DispDTG  0x01000b54       0xdc obj/Coremain.o
 .text.VirginInit
                0x01000c30      0x150 obj/Coremain.o
                0x01000c30                VirginInit
 .text.GlobalsInit
                0x01000d80       0x5c obj/Coremain.o
                0x01000d80                GlobalsInit
 .text.GlobalsCleanUp
                0x01000ddc       0x18 obj/Coremain.o
                0x01000ddc                GlobalsCleanUp
 .text.TransModeDisp
                0x01000df4      0x134 obj/Coremain.o
                0x01000df4                TransModeDisp
 .text.Coremain
                0x01000f28      0x4c8 obj/Coremain.o
                0x01000f28                Coremain
 .text          0x010013f0        0x0 obj/DemoTest.o
 .text          0x010013f0        0x0 obj/Ecr.o
 .text.EcrGetAmount
                0x010013f0       0x50 obj/Ecr.o
                0x010013f0                EcrGetAmount
 .text.EcrGetRef
                0x01001440       0x4c obj/Ecr.o
                0x01001440                EcrGetRef
 .text.EcrResp  0x0100148c      0x284 obj/Ecr.o
                0x0100148c                EcrResp
 .text.GetLastTrace
                0x01001710       0x74 obj/Ecr.o
                0x01001710                GetLastTrace
 .text.GetHostIdx
                0x01001784       0x38 obj/Ecr.o
                0x01001784                GetHostIdx
 .text.GetHostName
                0x010017bc       0x4c obj/Ecr.o
                0x010017bc                GetHostName
 .text.GetHostTot
                0x01001808       0x50 obj/Ecr.o
                0x01001808                GetHostTot
 .text.EcrSettle
                0x01001858       0x28 obj/Ecr.o
                0x01001858                EcrSettle
 .text.EcrCmdProcess
                0x01001880       0x90 obj/Ecr.o
                0x01001880                EcrCmdProcess
 .text          0x01001910        0x0 obj/Func.o
 .text.DispStatusMsg
                0x01001910       0x1a obj/Func.o
 *fill*         0x0100192a        0x2 
 .text.DispTransData
                0x0100192c      0x1e8 obj/Func.o
 .text.DispReversal
                0x01001b14      0x3b8 obj/Func.o
                0x01001b14                DispReversal
 .text.ClearReversal
                0x01001ecc      0x190 obj/Func.o
                0x01001ecc                ClearReversal
 .text.DisplayRecordno
                0x0100205c      0x2e8 obj/Func.o
                0x0100205c                DisplayRecordno
 .text.DisplayBatch
                0x01002344      0x324 obj/Func.o
                0x01002344                DisplayBatch
 .text.ClearBatch
                0x01002668      0x180 obj/Func.o
                0x01002668                ClearBatch
 .text.DispTransTotal
                0x010027e8      0x1a0 obj/Func.o
                0x010027e8                DispTransTotal
 .text.ReprintTxn
                0x01002988       0x68 obj/Func.o
                0x01002988                ReprintTxn
 .text.PrintTotals
                0x010029f0       0x80 obj/Func.o
                0x010029f0                PrintTotals
 .text.PrintTxnRecord
                0x01002a70      0x348 obj/Func.o
                0x01002a70                PrintTxnRecord
 .text.MerchantFunc
                0x01002db8      0x354 obj/Func.o
                0x01002db8                MerchantFunc
 .text          0x0100310c        0x0 obj/Offline.o
 .text.OfflineSent
                0x0100310c      0x1ac obj/Offline.o
                0x0100310c                OfflineSent
 .text          0x010032b8        0x0 obj/Others.o
 .text.GetAccessrefund
                0x010032b8       0xd8 obj/Others.o
                0x010032b8                GetAccessrefund
 .text.GetAccessrevoid
                0x01003390       0xd8 obj/Others.o
                0x01003390                GetAccessrevoid
 .text.OtherTrans
                0x01003468       0xa8 obj/Others.o
                0x01003468                OtherTrans
 .text.OtherCurrency
                0x01003510       0x34 obj/Others.o
                0x01003510                OtherCurrency
 .text          0x01003544        0x0 obj/ParamTest.o
 .text.ReadBmp  0x01003544       0x28 obj/ParamTest.o
 .text.LptPutN  0x0100356c       0xc4 obj/ParamTest.o
 .text.LptClose
                0x01003630       0x5c obj/ParamTest.o
 .text.WritePrn.constprop.0
                0x0100368c       0x14 obj/ParamTest.o
 .text.DispParamFile
                0x010036a0      0x1b4 obj/ParamTest.o
                0x010036a0                DispParamFile
 .text.LptParamFile
                0x01003854      0x41c obj/ParamTest.o
                0x01003854                LptParamFile
 .text          0x01003c70        0x0 obj/Print.o
 .text.PackLogo
                0x01003c70       0x50 obj/Print.o
                0x01003c70                PackLogo
 .text.PackDtg  0x01003cc0       0x32 obj/Print.o
                0x01003cc0                PackDtg
 *fill*         0x01003cf2        0x2 
 .text.PackCurrentDate
                0x01003cf4       0x80 obj/Print.o
                0x01003cf4                PackCurrentDate
 .text.PackSeperator
                0x01003d74       0x10 obj/Print.o
                0x01003d74                PackSeperator
 .text.PackRcptHeader
                0x01003d84       0x44 obj/Print.o
                0x01003d84                PackRcptHeader
 .text.PackAmt  0x01003dc8       0x40 obj/Print.o
                0x01003dc8                PackAmt
 .text.PackCountAmt
                0x01003e08       0x3a obj/Print.o
 .text.PackFF   0x01003e42       0x1a obj/Print.o
                0x01003e42                PackFF
 .text.PackTotals
                0x01003e5c       0xbc obj/Print.o
                0x01003e5c                PackTotals
 .text.PackEndOfRep
                0x01003f18       0x34 obj/Print.o
                0x01003f18                PackEndOfRep
 .text.SaveLastRcpt
                0x01003f4c       0xb0 obj/Print.o
                0x01003f4c                SaveLastRcpt
 .text.GetLastRcpt
                0x01003ffc       0x54 obj/Print.o
                0x01003ffc                GetLastRcpt
 .text.ReprintLast
                0x01004050       0x94 obj/Print.o
                0x01004050                ReprintLast
 .text.ManualFeed
                0x010040e4       0x30 obj/Print.o
                0x010040e4                ManualFeed
 .text          0x01004114        0x0 obj/Reversal.o
 .text.ReversalOK
                0x01004114       0xf4 obj/Reversal.o
                0x01004114                ReversalOK
 .text          0x01004208        0x0 obj/Sale.o
 .text.ReferralCall
                0x01004208      0x19c obj/Sale.o
                0x01004208                ReferralCall
 .text.ReferralProcess
                0x010043a4       0xec obj/Sale.o
                0x010043a4                ReferralProcess
 .text.SaleTrans
                0x01004490      0x15c obj/Sale.o
                0x01004490                SaleTrans
 .text          0x010045ec        0x0 obj/SaleOffl.o
 .text.SaleOfflTrans
                0x010045ec       0x6c obj/SaleOffl.o
                0x010045ec                SaleOfflTrans
 .text          0x01004658        0x0 obj/Settle.o
 .text.AllTotalZero
                0x01004658       0x48 obj/Settle.o
 .text.GetSettleAmount
                0x010046a0       0x80 obj/Settle.o
 .text.PackBatchText
                0x01004720       0x48 obj/Settle.o
 .text.CloseBatch
                0x01004768      0x1ac obj/Settle.o
 .text.ConfirmSetlTot
                0x01004914      0x304 obj/Settle.o
                0x01004914                ConfirmSetlTot
 .text.SettleTrans
                0x01004c18      0x350 obj/Settle.o
                0x01004c18                SettleTrans
 .text          0x01004f68        0x0 obj/Sysutil.o
 .text.LongBeep
                0x01004f68        0xc obj/Sysutil.o
                0x01004f68                LongBeep
 .text.AcceptBeep
                0x01004f74        0xc obj/Sysutil.o
                0x01004f74                AcceptBeep
 .text.Short2Beep
                0x01004f80        0xc obj/Sysutil.o
                0x01004f80                Short2Beep
 .text.Short1Beep
                0x01004f8c        0xc obj/Sysutil.o
                0x01004f8c                Short1Beep
 .text.Delay1Sec
                0x01004f98       0x44 obj/Sysutil.o
                0x01004f98                Delay1Sec
 .text.ErrorDelay
                0x01004fdc        0x8 obj/Sysutil.o
                0x01004fdc                ErrorDelay
 .text.Delay10ms
                0x01004fe4       0x28 obj/Sysutil.o
                0x01004fe4                Delay10ms
 .text.SetRTC   0x0100500c       0x26 obj/Sysutil.o
                0x0100500c                SetRTC
 .text.ReadRTC  0x01005032       0x1a obj/Sysutil.o
                0x01005032                ReadRTC
 .text.ConvDateTime
                0x0100504c       0x84 obj/Sysutil.o
                0x0100504c                ConvDateTime
 .text.ConvDateTimeT
                0x010050d0       0x48 obj/Sysutil.o
                0x010050d0                ConvDateTimeT
 .text.SetDTG   0x01005118       0x5a obj/Sysutil.o
                0x01005118                SetDTG
 .text.FreeRunMark
                0x01005172        0x8 obj/Sysutil.o
                0x01005172                FreeRunMark
 .text.FreeRunElapsed
                0x0100517a       0x14 obj/Sysutil.o
                0x0100517a                FreeRunElapsed
 .text.ByteCopy
                0x0100518e        0x4 obj/Sysutil.o
                0x0100518e                ByteCopy
 .text.CompressInputData
                0x01005192       0x32 obj/Sysutil.o
                0x01005192                CompressInputData
 .text.CompressInputFData
                0x010051c4       0x36 obj/Sysutil.o
                0x010051c4                CompressInputFData
 *fill*         0x010051fa        0x2 
 .text.GetMonthText
                0x010051fc       0x10 obj/Sysutil.o
                0x010051fc                GetMonthText
 .text.MemFatalErr
                0x0100520c       0x6c obj/Sysutil.o
                0x0100520c                MemFatalErr
 .text.DebugPoint
                0x01005278       0x5c obj/Sysutil.o
                0x01005278                DebugPoint
 .text.ConvAmount
                0x010052d4       0x80 obj/Sysutil.o
                0x010052d4                ConvAmount
 .text.Disp2x16Msg
                0x01005354       0xbc obj/Sysutil.o
                0x01005354                Disp2x16Msg
 .text.PrintLcd2LptCtr
                0x01005410      0x1c4 obj/Sysutil.o
                0x01005410                PrintLcd2LptCtr
 .text.debugAsc
                0x010055d4       0x60 obj/Sysutil.o
                0x010055d4                debugAsc
 .text.debugHex
                0x01005634       0x80 obj/Sysutil.o
                0x01005634                debugHex
 .text.ShowIp   0x010056b4       0x88 obj/Sysutil.o
                0x010056b4                ShowIp
 .text          0x0100573c        0x0 obj/TLVUtil.o
 .text.DDWORD2bcd
                0x0100573c       0x60 obj/TLVUtil.o
                0x0100573c                DDWORD2bcd
 .text.bcd2DDWORD
                0x0100579c       0x2a obj/TLVUtil.o
                0x0100579c                bcd2DDWORD
 .text.WPut     0x010057c6        0x8 obj/TLVUtil.o
                0x010057c6                WPut
 .text.TlvTSize
                0x010057ce       0x12 obj/TLVUtil.o
                0x010057ce                TlvTSize
 .text.TlvTag   0x010057e0       0x1a obj/TLVUtil.o
                0x010057e0                TlvTag
 .text.TlvLSize
                0x010057fa       0x1e obj/TLVUtil.o
                0x010057fa                TlvLSize
 .text.TlvLen   0x01005818       0x32 obj/TLVUtil.o
                0x01005818                TlvLen
 .text.TlvSizeOf
                0x0100584a       0x24 obj/TLVUtil.o
                0x0100584a                TlvSizeOf
 .text.TlvVPtr  0x0100586e       0x1a obj/TLVUtil.o
                0x0100586e                TlvVPtr
 .text.TlvSeek  0x01005888       0x44 obj/TLVUtil.o
                0x01005888                TlvSeek
 .text.TlvNext  0x010058cc       0x10 obj/TLVUtil.o
                0x010058cc                TlvNext
 .text.TlvIsCTag
                0x010058dc       0x14 obj/TLVUtil.o
                0x010058dc                TlvIsCTag
 .text.TlvPack  0x010058f0       0x58 obj/TLVUtil.o
                0x010058f0                TlvPack
 .text          0x01005948        0x0 obj/TestCfg.o
 .text.KernelReady
                0x01005948       0x12 obj/TestCfg.o
 *fill*         0x0100595a        0x2 
 .text.DoSetup  0x0100595c       0x40 obj/TestCfg.o
 .text.DoCTLSetup
                0x0100599c       0x40 obj/TestCfg.o
 .text.DebugAutoRun
                0x010059dc        0x4 obj/TestCfg.o
                0x010059dc                DebugAutoRun
 .text.GetAutoTrans
                0x010059e0        0x4 obj/TestCfg.o
                0x010059e0                GetAutoTrans
 .text.GetAutoAmount
                0x010059e4       0x10 obj/TestCfg.o
                0x010059e4                GetAutoAmount
 .text.GetAutoPin
                0x010059f4       0x10 obj/TestCfg.o
                0x010059f4                GetAutoPin
 .text.DebugEnd
                0x01005a04        0x4 obj/TestCfg.o
                0x01005a04                DebugEnd
 .text.LoadEMVKey
                0x01005a08       0x7c obj/TestCfg.o
                0x01005a08                LoadEMVKey
 .text.LoadEMVCfg
                0x01005a84       0xb8 obj/TestCfg.o
                0x01005a84                LoadEMVCfg
 .text.ExtPPadSetup
                0x01005b3c       0x5c obj/TestCfg.o
                0x01005b3c                ExtPPadSetup
 .text.LoadCTLKey
                0x01005b98       0x80 obj/TestCfg.o
                0x01005b98                LoadCTLKey
 .text.LoadCTLCfg
                0x01005c18       0xbc obj/TestCfg.o
                0x01005c18                LoadCTLCfg
 .text          0x01005cd4        0x0 obj/Void.o
 .text.VoidTrans
                0x01005cd4      0x2ec obj/Void.o
                0x01005cd4                VoidTrans
 .text          0x01005fc0        0x0 obj/auxcom.o
 .text.AuxOpen  0x01005fc0       0x24 obj/auxcom.o
                0x01005fc0                AuxOpen
 .text.AuxClose
                0x01005fe4       0x20 obj/auxcom.o
                0x01005fe4                AuxClose
 .text.AuxRead  0x01006004       0x14 obj/auxcom.o
                0x01006004                AuxRead
 .text.AuxRxRdy
                0x01006018        0xe obj/auxcom.o
                0x01006018                AuxRxRdy
 .text.AuxTxRdy
                0x01006026        0xe obj/auxcom.o
                0x01006026                AuxTxRdy
 .text.AuxWrite
                0x01006034       0x24 obj/auxcom.o
                0x01006034                AuxWrite
 .text.AuxEnable
                0x01006058       0x18 obj/auxcom.o
                0x01006058                AuxEnable
 .text.AuxDisable
                0x01006070       0x1c obj/auxcom.o
                0x01006070                AuxDisable
 .text.dbgHex   0x0100608c       0x7c obj/auxcom.o
                0x0100608c                dbgHex
 .text          0x01006108        0x0 obj/brdrtest.o
 .text.BRdrTest
                0x01006108      0x3f4 obj/brdrtest.o
                0x01006108                BRdrTest
 .text          0x010064fc        0x0 obj/camtest.o
 .text.ShowLayer
                0x010064fc       0x28 obj/camtest.o
 .text.SensorClose
                0x01006524       0x24 obj/camtest.o
 .text.SensorSwMode
                0x01006548      0x124 obj/camtest.o
 .text.SensorOpen
                0x0100666c      0x140 obj/camtest.o
 .text.LcdOnLayerEnable.part.0
                0x010067ac       0x20 obj/camtest.o
 .text.LcdOnLayerShow.constprop.1
                0x010067cc       0x54 obj/camtest.o
 .text.Y800toLcdLeft
                0x01006820       0x5a obj/camtest.o
                0x01006820                Y800toLcdLeft
 *fill*         0x0100687a        0x2 
 .text.ShowBarcode
                0x0100687c       0x98 obj/camtest.o
                0x0100687c                ShowBarcode
 .text.CamTest2D
                0x01006914      0x634 obj/camtest.o
                0x01006914                CamTest2D
 .text.CamTestAll
                0x01006f48      0x740 obj/camtest.o
                0x01006f48                CamTestAll
 .text          0x01007688        0x0 obj/corevar.o
 .text.DataFileInit
                0x01007688       0xd4 obj/corevar.o
                0x01007688                DataFileInit
 .text.DataFileUpdate
                0x0100775c       0x68 obj/corevar.o
                0x0100775c                DataFileUpdate
 .text.DataFileClose
                0x010077c4       0x70 obj/corevar.o
                0x010077c4                DataFileClose
 .text.CorrectHost
                0x01007834        0x4 obj/corevar.o
                0x01007834                CorrectHost
 .text.GenAuthCode
                0x01007838       0x20 obj/corevar.o
                0x01007838                GenAuthCode
 .text.SetDefault
                0x01007858       0x10 obj/corevar.o
                0x01007858                SetDefault
 .text.MsgBufSetup
                0x01007868       0x14 obj/corevar.o
                0x01007868                MsgBufSetup
 .text.PackMsgBufLen
                0x0100787c       0x14 obj/corevar.o
                0x0100787c                PackMsgBufLen
 .text.TxBufSetup
                0x01007890       0x28 obj/corevar.o
                0x01007890                TxBufSetup
 .text.PackTxBufLen
                0x010078b8       0x2c obj/corevar.o
                0x010078b8                PackTxBufLen
 .text.RxBufSetup
                0x010078e4       0x28 obj/corevar.o
                0x010078e4                RxBufSetup
 .text.PackRxBufLen
                0x0100790c       0x30 obj/corevar.o
                0x0100790c                PackRxBufLen
 .text.ValidRecordCRC
                0x0100793c       0x24 obj/corevar.o
                0x0100793c                ValidRecordCRC
 .text.RefreshDispAfter
                0x01007960       0x24 obj/corevar.o
                0x01007960                RefreshDispAfter
 .text.FreeGDS  0x01007984       0x14 obj/corevar.o
                0x01007984                FreeGDS
 .text.MallocGDS
                0x01007998       0x3c obj/corevar.o
                0x01007998                MallocGDS
 .text.TrainingModeON
                0x010079d4       0x18 obj/corevar.o
                0x010079d4                TrainingModeON
 .text.IncAPMTraceNoEnd
                0x010079ec       0x48 obj/corevar.o
                0x010079ec                IncAPMTraceNoEnd
 .text.IncAPMTraceNo
                0x01007a34       0x48 obj/corevar.o
                0x01007a34                IncAPMTraceNo
 .text.CTLEnable
                0x01007a7c        0xc obj/corevar.o
                0x01007a7c                CTLEnable
 .text.CTLEnabled
                0x01007a88        0xc obj/corevar.o
                0x01007a88                CTLEnabled
 .text.PPPCfgUpdate
                0x01007a94       0x1c obj/corevar.o
                0x01007a94                PPPCfgUpdate
 .text          0x01007ab0        0x0 obj/ctltrans.o
 .text.CTLTagSeek.part.1
                0x01007ab0       0x74 obj/ctltrans.o
 .text.CL_Led   0x01007b24       0x60 obj/ctltrans.o
                0x01007b24                CL_Led
 .text.CL_LedSet
                0x01007b84       0x8c obj/ctltrans.o
                0x01007b84                CL_LedSet
 .text.GetCTLKeyInfo
                0x01007c10       0x54 obj/ctltrans.o
                0x01007c10                GetCTLKeyInfo
 .text.CL_Init  0x01007c64       0x74 obj/ctltrans.o
                0x01007c64                CL_Init
 .text.CL_WaitCard
                0x01007cd8       0x94 obj/ctltrans.o
                0x01007cd8                CL_WaitCard
 .text.CL_Close
                0x01007d6c       0x40 obj/ctltrans.o
                0x01007d6c                CL_Close
 .text.CL_Off   0x01007dac       0x16 obj/ctltrans.o
                0x01007dac                CL_Off
 *fill*         0x01007dc2        0x2 
 .text.debugCTL
                0x01007dc4       0xd8 obj/ctltrans.o
                0x01007dc4                debugCTL
 .text.debugAuxCTL
                0x01007e9c       0xd0 obj/ctltrans.o
                0x01007e9c                debugAuxCTL
 .text.CTLTagSeek
                0x01007f6c       0x28 obj/ctltrans.o
                0x01007f6c                CTLTagSeek
 .text.CTLFatal
                0x01007f94       0x40 obj/ctltrans.o
                0x01007f94                CTLFatal
 .text.ValidCTLData
                0x01007fd4      0x168 obj/ctltrans.o
                0x01007fd4                ValidCTLData
 .text.PackCTLDummyData
                0x0100813c       0x38 obj/ctltrans.o
                0x0100813c                PackCTLDummyData
 .text.PackCTLTagsData
                0x01008174       0x40 obj/ctltrans.o
                0x01008174                PackCTLTagsData
 .text.PackCTLData
                0x010081b4       0x20 obj/ctltrans.o
                0x010081b4                PackCTLData
 .text.CTLComplete
                0x010081d4      0x3fc obj/ctltrans.o
 .text.CTLError.isra.3
                0x010085d0      0x160 obj/ctltrans.o
 .text.CTLPreProcess
                0x01008730       0xf0 obj/ctltrans.o
                0x01008730                CTLPreProcess
 .text.CTLWaitCard
                0x01008820       0x3e obj/ctltrans.o
                0x01008820                CTLWaitCard
 *fill*         0x0100885e        0x2 
 .text.debugEMV
                0x01008860       0xac obj/ctltrans.o
                0x01008860                debugEMV
 .text.CTLDebug
                0x0100890c      0x440 obj/ctltrans.o
                0x0100890c                CTLDebug
 .text.CTLProcess
                0x01008d4c       0xbc obj/ctltrans.o
                0x01008d4c                CTLProcess
 .text.CTLTrans
                0x01008e08       0xd4 obj/ctltrans.o
                0x01008e08                CTLTrans
 .text.CtlUnderTransLimit
                0x01008edc       0x20 obj/ctltrans.o
                0x01008edc                CtlUnderTransLimit
 .text.DispDefinedLogo
                0x01008efc       0x44 obj/ctltrans.o
                0x01008efc                DispDefinedLogo
 .text          0x01008f40        0x0 obj/debugstis.o
 .text.SaveSTISDbgData
                0x01008f40       0xd8 obj/debugstis.o
                0x01008f40                SaveSTISDbgData
 .text          0x01009018        0x0 obj/emvl2cfg.o
 .text          0x01009018        0x0 obj/emvtrans.o
 .text.EMVCancel
                0x01009018       0x70 obj/emvtrans.o
 .text.DeAss    0x01009088       0x82 obj/emvtrans.o
                0x01009088                DeAss
 .text.TagPut   0x0100910a       0x10 obj/emvtrans.o
                0x0100910a                TagPut
 .text.TagSeek  0x0100911a       0x10 obj/emvtrans.o
                0x0100911a                TagSeek
 .text.TagData  0x0100912a       0x14 obj/emvtrans.o
                0x0100912a                TagData
 *fill*         0x0100913e        0x2 
 .text.PackTagsData
                0x01009140       0x48 obj/emvtrans.o
                0x01009140                PackTagsData
 .text.EMVFatal
                0x01009188       0x40 obj/emvtrans.o
                0x01009188                EMVFatal
 .text.EMVInput
                0x010091c8      0x198 obj/emvtrans.o
                0x010091c8                EMVInput
 .text.GetApplNameTag
                0x01009360       0x40 obj/emvtrans.o
                0x01009360                GetApplNameTag
 .text.ValidEMVData
                0x010093a0      0x1e4 obj/emvtrans.o
                0x010093a0                ValidEMVData
 .text.PackEMVData
                0x01009584       0x20 obj/emvtrans.o
                0x01009584                PackEMVData
 .text.debugEMV2
                0x010095a4       0x78 obj/emvtrans.o
                0x010095a4                debugEMV2
 .text.GetTxnCode
                0x0100961c       0x1c obj/emvtrans.o
                0x0100961c                GetTxnCode
 .text.EMVProcess
                0x01009638      0x8fc obj/emvtrans.o
                0x01009638                EMVProcess
 .text.EMVTrans
                0x01009f34      0x148 obj/emvtrans.o
                0x01009f34                EMVTrans
 .text.EMVInit  0x0100a07c       0x48 obj/emvtrans.o
                0x0100a07c                EMVInit
 .text          0x0100a0c4        0x0 obj/hardware.o
 .text.CloseAllHw
                0x0100a0c4       0x50 obj/hardware.o
                0x0100a0c4                CloseAllHw
 .text.WaitKey  0x0100a114       0xac obj/hardware.o
                0x0100a114                WaitKey
 .text.MSRSwiped
                0x0100a1c0       0xc8 obj/hardware.o
                0x0100a1c0                MSRSwiped
 .text.ICCInserted
                0x0100a288       0x4c obj/hardware.o
                0x0100a288                ICCInserted
 .text.ICCReaderRdy
                0x0100a2d4       0x38 obj/hardware.o
                0x0100a2d4                ICCReaderRdy
 .text.WaitICCRemove
                0x0100a30c       0x4c obj/hardware.o
                0x0100a30c                WaitICCRemove
 .text.PowerOnICC
                0x0100a358       0x18 obj/hardware.o
                0x0100a358                PowerOnICC
 .text.PowerOffICC
                0x0100a370       0x16 obj/hardware.o
                0x0100a370                PowerOffICC
 .text.OffDevice
                0x0100a386       0x34 obj/hardware.o
                0x0100a386                OffDevice
 *fill*         0x0100a3ba        0x2 
 .text.InitAllHw
                0x0100a3bc       0x90 obj/hardware.o
                0x0100a3bc                InitAllHw
 .text.OnDevice
                0x0100a44c       0x3c obj/hardware.o
                0x0100a44c                OnDevice
 .text.PwrSleep
                0x0100a488      0x19c obj/hardware.o
                0x0100a488                PwrSleep
 .text          0x0100a624        0x0 obj/hostmsg.o
 .text.PackProcCode
                0x0100a624       0x3c obj/hostmsg.o
                0x0100a624                PackProcCode
 .text.PackHostMsg
                0x0100a660      0x19c obj/hostmsg.o
                0x0100a660                PackHostMsg
 .text.CheckHostRsp
                0x0100a7fc      0x478 obj/hostmsg.o
                0x0100a7fc                CheckHostRsp
 .text          0x0100ac74        0x0 obj/iface.o
 .text.UpdIfaceDat
                0x0100ac74       0x8c obj/iface.o
 .text.keyPut   0x0100ad00       0x88 obj/iface.o
 .text.encrypt  0x0100ad88       0xf8 obj/iface.o
 .text.errRspData.isra.0
                0x0100ae80       0x12 obj/iface.o
 .text.IfaceRx.part.8
                0x0100ae92       0x2e obj/iface.o
 .text.rspPackFmt.isra.6.constprop.9
                0x0100aec0      0x150 obj/iface.o
 .text.IfaceInitData
                0x0100b010      0x11c obj/iface.o
                0x0100b010                IfaceInitData
 .text.packFullEmvData
                0x0100b12c      0x2f0 obj/iface.o
                0x0100b12c                packFullEmvData
 .text.ItfVoid  0x0100b41c        0xe obj/iface.o
                0x0100b41c                ItfVoid
 *fill*         0x0100b42a        0x2 
 .text.ItfHostTot
                0x0100b42c       0x24 obj/iface.o
                0x0100b42c                ItfHostTot
 .text.ItfSettle
                0x0100b450       0x44 obj/iface.o
                0x0100b450                ItfSettle
 .text.Spt3MsgHdr
                0x0100b494      0x5a8 obj/iface.o
                0x0100b494                Spt3MsgHdr
 .text.IfaceInit
                0x0100ba3c        0x4 obj/iface.o
                0x0100ba3c                IfaceInit
 .text.IfaceClose
                0x0100ba40        0x4 obj/iface.o
                0x0100ba40                IfaceClose
 .text.debugAuxIface
                0x0100ba44      0x108 obj/iface.o
                0x0100ba44                debugAuxIface
 .text.IfaceTx  0x0100bb4c       0x2a obj/iface.o
                0x0100bb4c                IfaceTx
 .text.IfaceRx  0x0100bb76       0x28 obj/iface.o
                0x0100bb76                IfaceRx
 *fill*         0x0100bb9e        0x2 
 .text.IfaceProcess
                0x0100bba0       0x60 obj/iface.o
                0x0100bba0                IfaceProcess
 .text          0x0100bc00        0x0 obj/iface_util.o
 .text.UGet     0x0100bc00       0x16 obj/iface_util.o
                0x0100bc00                UGet
 .text.UPut     0x0100bc16       0x10 obj/iface_util.o
                0x0100bc16                UPut
 .text.WGet     0x0100bc26        0xc obj/iface_util.o
                0x0100bc26                WGet
 .text.Des      0x0100bc32       0x26 obj/iface_util.o
                0x0100bc32                Des
 .text.Des2     0x0100bc58       0x26 obj/iface_util.o
                0x0100bc58                Des2
 .text.TDes     0x0100bc7e       0x26 obj/iface_util.o
                0x0100bc7e                TDes
 .text.TDes2    0x0100bca4       0x26 obj/iface_util.o
                0x0100bca4                TDes2
 *fill*         0x0100bcca        0x2 
 .text.Crc16    0x0100bccc       0x28 obj/iface_util.o
                0x0100bccc                Crc16
 .text.Random   0x0100bcf4       0x38 obj/iface_util.o
                0x0100bcf4                Random
 .text          0x0100bd2c        0x0 obj/input.o
 .text.DispKeyinPAN
                0x0100bd2c       0x94 obj/input.o
 .text.FindSeperator.constprop.2
                0x0100bdc0       0x30 obj/input.o
 .text.CheckCurrency
                0x0100bdf0       0x8c obj/input.o
                0x0100bdf0                CheckCurrency
 .text.InCardTable
                0x0100be7c      0x1a0 obj/input.o
                0x0100be7c                InCardTable
 .text.PromptYesNo
                0x0100c01c       0x28 obj/input.o
                0x0100c01c                PromptYesNo
 .text.GetAuthCode
                0x0100c044       0xbc obj/input.o
                0x0100c044                GetAuthCode
 .text.GetAmount
                0x0100c100      0x248 obj/input.o
                0x0100c100                GetAmount
 .text.Expire_diff
                0x0100c348       0x58 obj/input.o
                0x0100c348                Expire_diff
 .text.ValidCard
                0x0100c3a0      0x308 obj/input.o
                0x0100c3a0                ValidCard
 .text.GetExpDate
                0x0100c6a8      0x118 obj/input.o
                0x0100c6a8                GetExpDate
 .text.GetProductCode
                0x0100c7c0      0x2c0 obj/input.o
                0x0100c7c0                GetProductCode
 .text.Get4DBC  0x0100ca80       0x7c obj/input.o
                0x0100ca80                Get4DBC
 .text.SearchRecord
                0x0100cafc      0x108 obj/input.o
                0x0100cafc                SearchRecord
 .text.GetCardNbr
                0x0100cc04       0xe8 obj/input.o
                0x0100cc04                GetCardNbr
 .text.GetCard  0x0100ccec       0xf8 obj/input.o
                0x0100ccec                GetCard
 .text.WaitCardTrans
                0x0100cde4      0x328 obj/input.o
                0x0100cde4                WaitCardTrans
 .text.GetEcrRef
                0x0100d10c       0x84 obj/input.o
                0x0100d10c                GetEcrRef
 .text.GetCashBackAmount
                0x0100d190       0xcc obj/input.o
                0x0100d190                GetCashBackAmount
 .text          0x0100d25c        0x0 obj/keytrans.o
 .text.key_ready
                0x0100d25c       0x24 obj/keytrans.o
                0x0100d25c                key_ready
 .text.ResetKey
                0x0100d280       0x54 obj/keytrans.o
                0x0100d280                ResetKey
 .text.LoadTmk  0x0100d2d4      0x28c obj/keytrans.o
                0x0100d2d4                LoadTmk
 .text.LoadKeys
                0x0100d560      0x220 obj/keytrans.o
                0x0100d560                LoadKeys
 .text.EncData  0x0100d780      0x114 obj/keytrans.o
                0x0100d780                EncData
 .text.DecData  0x0100d894      0x114 obj/keytrans.o
                0x0100d894                DecData
 .text.SetMode  0x0100d9a8      0x154 obj/keytrans.o
                0x0100d9a8                SetMode
 .text.GetPIN   0x0100dafc       0xb4 obj/keytrans.o
                0x0100dafc                GetPIN
 .text.SetDhostIdx
                0x0100dbb0       0x84 obj/keytrans.o
                0x0100dbb0                SetDhostIdx
 .text.ResetDukptIkey
                0x0100dc34       0xac obj/keytrans.o
                0x0100dc34                ResetDukptIkey
 .text.LoadDukptIkey
                0x0100dce0       0xdc obj/keytrans.o
                0x0100dce0                LoadDukptIkey
 .text.GetDukptPin
                0x0100ddbc      0x108 obj/keytrans.o
                0x0100ddbc                GetDukptPin
 .text.IccTmkInject
                0x0100dec4       0xec obj/keytrans.o
                0x0100dec4                IccTmkInject
 .text          0x0100dfb0        0x0 obj/lptutil.o
 .text.RestartLpt
                0x0100dfb0       0x2c obj/lptutil.o
 .text.ResetLpt
                0x0100dfdc       0x2c obj/lptutil.o
 .text.WaitPrnFinish
                0x0100e008       0xe0 obj/lptutil.o
                0x0100e008                WaitPrnFinish
 .text.GetBatteryLevel
                0x0100e0e8       0x1e obj/lptutil.o
                0x0100e0e8                GetBatteryLevel
 .text.PrintLowBatt
                0x0100e106       0x10 obj/lptutil.o
                0x0100e106                PrintLowBatt
 *fill*         0x0100e116        0x2 
 .text.LptClose
                0x0100e118       0x2c obj/lptutil.o
                0x0100e118                LptClose
 .text.LptOpen  0x0100e144       0xf0 obj/lptutil.o
                0x0100e144                LptOpen
 .text.LptPutN  0x0100e234       0x54 obj/lptutil.o
                0x0100e234                LptPutN
 .text.LptPutS  0x0100e288       0x14 obj/lptutil.o
                0x0100e288                LptPutS
 .text.Adv2Bookmark
                0x0100e29c       0x78 obj/lptutil.o
                0x0100e29c                Adv2Bookmark
 .text.PrintLogo
                0x0100e314       0x88 obj/lptutil.o
                0x0100e314                PrintLogo
 .text.PrintBuf
                0x0100e39c      0x148 obj/lptutil.o
                0x0100e39c                PrintBuf
 .text.PrintRcptLF
                0x0100e4e4       0x24 obj/lptutil.o
                0x0100e4e4                PrintRcptLF
 .text.PrintRcptFF
                0x0100e508        0x6 obj/lptutil.o
                0x0100e508                PrintRcptFF
 .text          0x0100e50e        0x0 obj/main.o
 *fill*         0x0100e50e        0x2 
 .text.startup.main
                0x0100e510       0x78 obj/main.o
                0x0100e510                main
 .text          0x0100e588        0x0 obj/menu.o
 .text.MenuSelect
                0x0100e588      0x590 obj/menu.o
                0x0100e588                MenuSelect
 .text          0x0100eb18        0x0 obj/message.o
 .text.GetConstMsg
                0x0100eb18       0x10 obj/message.o
                0x0100eb18                GetConstMsg
 .text          0x0100eb28        0x0 obj/network.o
 .text.SetBannerMode
                0x0100eb28       0x48 obj/network.o
                0x0100eb28                SetBannerMode
 .text.IconPuts
                0x0100eb70       0x40 obj/network.o
                0x0100eb70                IconPuts
 .text.SetBannerText
                0x0100ebb0       0x14 obj/network.o
                0x0100ebb0                SetBannerText
 .text.GPRSReset
                0x0100ebc4      0x14c obj/network.o
                0x0100ebc4                GPRSReset
 .text.SetPPPConfig
                0x0100ed10       0xa6 obj/network.o
                0x0100ed10                SetPPPConfig
 *fill*         0x0100edb6        0x2 
 .text.NetworkInfo
                0x0100edb8      0x538 obj/network.o
                0x0100edb8                NetworkInfo
 .text.SelSIM   0x0100f2f0      0x2a4 obj/network.o
                0x0100f2f0                SelSIM
 .text.GetBatteryPercent
                0x0100f594       0x60 obj/network.o
                0x0100f594                GetBatteryPercent
 .text.ShowSimStatus
                0x0100f5f4      0x154 obj/network.o
                0x0100f5f4                ShowSimStatus
 .text.SimStatusThrd
                0x0100f748       0x18 obj/network.o
                0x0100f748                SimStatusThrd
 .text.NetworkInit
                0x0100f760      0x26c obj/network.o
                0x0100f760                NetworkInit
 .text.GetSubNum
                0x0100f9cc       0xb4 obj/network.o
                0x0100f9cc                GetSubNum
 .text.GetMobileNum
                0x0100fa80      0x1dc obj/network.o
                0x0100fa80                GetMobileNum
 .text.GetSimCCID
                0x0100fc5c      0x28c obj/network.o
                0x0100fc5c                GetSimCCID
 .text.MobileNumTest
                0x0100fee8       0xe4 obj/network.o
                0x0100fee8                MobileNumTest
 .text.SNTest   0x0100ffcc       0xe8 obj/network.o
                0x0100ffcc                SNTest
 .text.GetPPPStatus
                0x010100b4       0x20 obj/network.o
                0x010100b4                GetPPPStatus
 .text.DispNifInfo2
                0x010100d4       0xe4 obj/network.o
                0x010100d4                DispNifInfo2
 .text.ShowPPPStatus
                0x010101b8      0x144 obj/network.o
                0x010101b8                ShowPPPStatus
 .text          0x010102fc        0x0 obj/record.o
 .text.MoveInput2Tx
                0x010102fc       0x2c obj/record.o
                0x010102fc                MoveInput2Tx
 .text.Input2RecordBuf
                0x01010328       0xa0 obj/record.o
                0x01010328                Input2RecordBuf
 .text.UpdateHostStatus
                0x010103c8       0xa0 obj/record.o
                0x010103c8                UpdateHostStatus
 .text.SaveRecord
                0x01010468       0x78 obj/record.o
                0x01010468                SaveRecord
 .text.SaveOfflRecord
                0x010104e0       0x70 obj/record.o
                0x010104e0                SaveOfflRecord
 .text.UpdateRecord
                0x01010550       0x70 obj/record.o
                0x01010550                UpdateRecord
 .text          0x010105c0        0x0 obj/refund.o
 .text.RefundTrans
                0x010105c0      0x138 obj/refund.o
                0x010105c0                RefundTrans
 .text          0x010106f8        0x0 obj/testrans.o
 .text.TestTrans
                0x010106f8       0xc0 obj/testrans.o
                0x010106f8                TestTrans
 .text          0x010107b8        0x0 obj/toggle.o
 .text.ToggleOption
                0x010107b8      0x12c obj/toggle.o
                0x010107b8                ToggleOption
 .text          0x010108e4        0x0 obj/tpadtest.o
 .text.IconPutS
                0x010108e4       0x2e obj/tpadtest.o
 *fill*         0x01010912        0x2 
 .text.TouchDetected2
                0x01010914       0x60 obj/tpadtest.o
 .text.TouchDetected1
                0x01010974       0x60 obj/tpadtest.o
 .text.TouchDetected0
                0x010109d4       0x60 obj/tpadtest.o
 .text.TouchLoss
                0x01010a34       0x38 obj/tpadtest.o
 .text.CleanTPadConf
                0x01010a6c        0xa obj/tpadtest.o
 *fill*         0x01010a76        0x2 
 .text.UpdTPadDotSize
                0x01010a78       0x5c obj/tpadtest.o
 .text.DotUpDn  0x01010ad4       0x2c obj/tpadtest.o
 .text.DotDn    0x01010b00       0x14 obj/tpadtest.o
 .text.DotUp    0x01010b14       0x14 obj/tpadtest.o
 .text.TPadTest
                0x01010b28      0x1e4 obj/tpadtest.o
                0x01010b28                TPadTest
 .text.TPadTestEnable
                0x01010d0c       0x10 obj/tpadtest.o
                0x01010d0c                TPadTestEnable
 .text.SPadTest
                0x01010d1c      0x1dc obj/tpadtest.o
                0x01010d1c                SPadTest
 .text          0x01010ef8        0x0 obj/tranutil.o
 .text.AddTotal
                0x01010ef8       0x16 obj/tranutil.o
 *fill*         0x01010f0e        0x2 
 .text.PackContents
                0x01010f10      0x29c obj/tranutil.o
 .text.PackContent
                0x010111ac      0x264 obj/tranutil.o
 .text.PackTelNo
                0x01011410       0x88 obj/tranutil.o
 .text.PackTxnSlip.part.0
                0x01011498       0x14 obj/tranutil.o
 .text.ValidAcquirer
                0x010114ac       0x68 obj/tranutil.o
 .text.OverMargin
                0x01011514       0x44 obj/tranutil.o
                0x01011514                OverMargin
 .text.PackDTGAA
                0x01011558       0x2c obj/tranutil.o
                0x01011558                PackDTGAA
 .text.PackDateTime
                0x01011584       0x48 obj/tranutil.o
                0x01011584                PackDateTime
 .text.Packprintissuer
                0x010115cc      0x210 obj/tranutil.o
                0x010115cc                Packprintissuer
 .text.Packprintconfig
                0x010117dc      0x6b4 obj/tranutil.o
                0x010117dc                Packprintconfig
 .text.PackHeader
                0x01011e90       0x78 obj/tranutil.o
                0x01011e90                PackHeader
 .text.PackRecordP
                0x01011f08       0xc8 obj/tranutil.o
                0x01011f08                PackRecordP
 .text.PackInputP
                0x01011fd0       0xf0 obj/tranutil.o
                0x01011fd0                PackInputP
 .text.DispHeader
                0x010120c0       0xc0 obj/tranutil.o
                0x010120c0                DispHeader
 .text.SetRspCode
                0x01012180        0xc obj/tranutil.o
                0x01012180                SetRspCode
 .text.ClearResponse
                0x0101218c       0x3c obj/tranutil.o
                0x0101218c                ClearResponse
 .text.ConfirmCard
                0x010121c8      0x1e8 obj/tranutil.o
                0x010121c8                ConfirmCard
 .text.PackRspText
                0x010123b0       0xa4 obj/tranutil.o
                0x010123b0                PackRspText
 .text.DispRspText
                0x01012454       0xd0 obj/tranutil.o
                0x01012454                DispRspText
 .text.DispErrorMsg
                0x01012524       0x30 obj/tranutil.o
                0x01012524                DispErrorMsg
 .text.TransEnd
                0x01012554      0x138 obj/tranutil.o
                0x01012554                TransEnd
 .text.DispAmount
                0x0101268c       0x98 obj/tranutil.o
                0x0101268c                DispAmount
 .text.AddToTotals
                0x01012724      0x1b0 obj/tranutil.o
                0x01012724                AddToTotals
 .text.CalIssuerSum
                0x010128d4       0x40 obj/tranutil.o
 .text.CalTotals
                0x01012914       0x5c obj/tranutil.o
                0x01012914                CalTotals
 .text.PackIssuerSum
                0x01012970      0x2d8 obj/tranutil.o
                0x01012970                PackIssuerSum
 .text.PackIssuerSumT
                0x01012c48      0x278 obj/tranutil.o
                0x01012c48                PackIssuerSumT
 .text.FormatHolderName
                0x01012ec0       0x6e obj/tranutil.o
                0x01012ec0                FormatHolderName
 *fill*         0x01012f2e        0x2 
 .text.IncTraceNoEND
                0x01012f30       0x34 obj/tranutil.o
                0x01012f30                IncTraceNoEND
 .text.IncTraceNo
                0x01012f64       0x30 obj/tranutil.o
                0x01012f64                IncTraceNo
 .text.ClearRspData
                0x01012f94       0x4c obj/tranutil.o
                0x01012f94                ClearRspData
 .text.ResetTerm
                0x01012fe0       0x6c obj/tranutil.o
                0x01012fe0                ResetTerm
 .text.PackComm
                0x0101304c      0x400 obj/tranutil.o
                0x0101304c                PackComm
 .text.TransAllowed
                0x0101344c      0x16c obj/tranutil.o
                0x0101344c                TransAllowed
 .text          0x010135b8        0x0 obj/wavecom.o
 .text.ClearCmdBuf
                0x010135b8       0x48 obj/wavecom.o
 .text.SendWaitRsp.part.0
                0x01013600      0x128 obj/wavecom.o
 .text.SendWaitRsp
                0x01013728       0x68 obj/wavecom.o
 .text.SetSmsMode.part.1
                0x01013790       0x3c obj/wavecom.o
 .text.Asc2DWVAL.constprop.7
                0x010137cc       0x22 obj/wavecom.o
 *fill*         0x010137ee        0x2 
 .text.WaitModuReady
                0x010137f0       0x4c obj/wavecom.o
                0x010137f0                WaitModuReady
 .text.SimDetect
                0x0101383c       0x38 obj/wavecom.o
                0x0101383c                SimDetect
 .text.RegisterNetwork
                0x01013874       0x84 obj/wavecom.o
                0x01013874                RegisterNetwork
 .text.AttachGPRS
                0x010138f8       0x34 obj/wavecom.o
                0x010138f8                AttachGPRS
 .text.GetPHBCapcity
                0x0101392c       0xbc obj/wavecom.o
                0x0101392c                GetPHBCapcity
 .text.GetContact
                0x010139e8       0xb4 obj/wavecom.o
                0x010139e8                GetContact
 .text.LoadPhoneBook
                0x01013a9c       0x48 obj/wavecom.o
                0x01013a9c                LoadPhoneBook
 .text.SortPhoneBook
                0x01013ae4       0xb8 obj/wavecom.o
                0x01013ae4                SortPhoneBook
 .text.SelectPHBook
                0x01013b9c      0x100 obj/wavecom.o
                0x01013b9c                SelectPHBook
 .text.WriteContact
                0x01013c9c       0x90 obj/wavecom.o
                0x01013c9c                WriteContact
 .text.DelContact
                0x01013d2c       0x5c obj/wavecom.o
                0x01013d2c                DelContact
 .text.AllCallForward
                0x01013d88       0x4c obj/wavecom.o
                0x01013d88                AllCallForward
 .text.MakeCall
                0x01013dd4       0x40 obj/wavecom.o
                0x01013dd4                MakeCall
 .text.MakeReqCall
                0x01013e14       0x4c obj/wavecom.o
                0x01013e14                MakeReqCall
 .text.CheckCallStatus
                0x01013e60       0x80 obj/wavecom.o
                0x01013e60                CheckCallStatus
 .text.AnswerCall
                0x01013ee0       0x28 obj/wavecom.o
                0x01013ee0                AnswerCall
 .text.SendKeyPress
                0x01013f08       0x1c obj/wavecom.o
                0x01013f08                SendKeyPress
 .text.HangUp   0x01013f24       0x28 obj/wavecom.o
                0x01013f24                HangUp
 .text.CheckCallEnd
                0x01013f4c       0x58 obj/wavecom.o
                0x01013f4c                CheckCallEnd
 .text.GetCallerID
                0x01013fa4       0x54 obj/wavecom.o
                0x01013fa4                GetCallerID
 .text.ReadGain
                0x01013ff8       0x20 obj/wavecom.o
                0x01013ff8                ReadGain
 .text.WriteGain
                0x01014018       0x3c obj/wavecom.o
                0x01014018                WriteGain
 .text.GetOptrName
                0x01014054       0x6c obj/wavecom.o
                0x01014054                GetOptrName
 .text.FacilityEnable
                0x010140c0       0x98 obj/wavecom.o
                0x010140c0                FacilityEnable
 .text.CheckPinState
                0x01014158       0x80 obj/wavecom.o
                0x01014158                CheckPinState
 .text.EnterPin
                0x010141d8       0x4c obj/wavecom.o
                0x010141d8                EnterPin
 .text.ChangePin
                0x01014224       0x94 obj/wavecom.o
                0x01014224                ChangePin
 .text.SetNewMsgInd
                0x010142b8       0x20 obj/wavecom.o
                0x010142b8                SetNewMsgInd
 .text.GetSmsMode
                0x010142d8       0x4c obj/wavecom.o
                0x010142d8                GetSmsMode
 .text.GetSmsTotal
                0x01014324       0xa0 obj/wavecom.o
                0x01014324                GetSmsTotal
 .text.LoadSmsInbox
                0x010143c4      0x29c obj/wavecom.o
                0x010143c4                LoadSmsInbox
 .text.ReadSms  0x01014660      0x10c obj/wavecom.o
                0x01014660                ReadSms
 .text.DelSms   0x0101476c       0x84 obj/wavecom.o
                0x0101476c                DelSms
 .text.SmsSend  0x010147f0       0xb4 obj/wavecom.o
                0x010147f0                SmsSend
 .text.ModuleInit
                0x010148a4       0x38 obj/wavecom.o
                0x010148a4                ModuleInit
 .text          0x010148dc        0x0 obj/cstartup.o
 .text.SegmentInit
                0x010148dc       0x78 obj/cstartup.o
                0x010148dc                SegmentInit
 .text          0x01014954        0x0 obj/expect_send.o
 .text.expect_send_release
                0x01014954       0x58 obj/expect_send.o
                0x01014954                expect_send_release
 .text.expect_send_alloc
                0x010149ac      0x10e obj/expect_send.o
                0x010149ac                expect_send_alloc
 .text          0x01014aba        0x0 obj/libc.o
 .text.printchar
                0x01014aba       0x14 obj/libc.o
 .text.prints   0x01014ace       0xaa obj/libc.o
 .text.printi   0x01014b78       0xa0 obj/libc.o
 .text.print    0x01014c18      0x2c0 obj/libc.o
 .text._read_r  0x01014ed8       0x2a obj/libc.o
                0x01014ed8                _read_r
 .text._write_r
                0x01014f02       0x22 obj/libc.o
                0x01014f02                _write_r
 .text._close_r
                0x01014f24        0x4 obj/libc.o
                0x01014f24                _close_r
 .text._lseek_r
                0x01014f28        0x4 obj/libc.o
                0x01014f28                _lseek_r
 .text._fstat_r
                0x01014f2c        0xa obj/libc.o
                0x01014f2c                _fstat_r
 .text.isatty   0x01014f36        0x4 obj/libc.o
                0x01014f36                isatty
 *fill*         0x01014f3a        0x2 
 .text._sbrk_r  0x01014f3c       0x2c obj/libc.o
                0x01014f3c                _sbrk_r
 .text.putchar  0x01014f68        0xe obj/libc.o
                0x01014f68                putchar
 .text.printf   0x01014f76       0x1c obj/libc.o
                0x01014f76                printf
 .text.sprintf  0x01014f92       0x1e obj/libc.o
                0x01014f92                sprintf
 .text          0x01014fb0      0x5f4 ../LibA5T1000/gcc\libsyscall.a(app_call.o)
                0x01014fb0                lib_app_call
 .text          0x010155a4       0x20 ../LibA5T1000/gcc\libsyscall.a(sys_call.o)
                0x010155a4                sys_func3
                0x010155a8                sys_func0
                0x010155b4                sys_func1
                0x010155bc                sys_func2
 .text          0x010155c4       0x1c ../LibA5T1000/gcc\libbasecall.a(base_call.o)
                0x010155c4                base_func3
                0x010155c8                base_func0
                0x010155d2                base_func1
                0x010155da                base_func2
 .text          0x010155e0       0x52 ../LibA5T1000/gcc\libsptutil.a(bcd2bin.o)
                0x010155e0                bcd2bin
                0x010155fc                lbcd2lbin
 .text          0x01015632        0xe ../LibA5T1000/gcc\libsptutil.a(bcd2val.o)
                0x01015632                bcd2val
 .text          0x01015640       0x40 ../LibA5T1000/gcc\libsptutil.a(bcdadd.o)
                0x01015640                bcdadd
 .text          0x01015680       0x32 ../LibA5T1000/gcc\libsptutil.a(bcdinc.o)
                0x01015680                bcdinc
 .text          0x010156b2       0x3e ../LibA5T1000/gcc\libsptutil.a(bcdsub.o)
                0x010156b2                bcdsub
 .text          0x010156f0       0x3c ../LibA5T1000/gcc\libsptutil.a(bin2bcd.o)
                0x010156f0                binary2bcd
                0x01015726                bin2bcd
 .text          0x0101572c       0x28 ../LibA5T1000/gcc\libsptutil.a(bin2dec.o)
                0x0101572c                bin2dec
 .text          0x01015754       0x1a ../LibA5T1000/gcc\libsptutil.a(bindec_d.o)
                0x01015754                bindec_data
 .text          0x0101576e       0x36 ../LibA5T1000/gcc\libsptutil.a(chkdok.o)
                0x0101576e                chk_digit_ok
 .text          0x010157a4       0x32 ../LibA5T1000/gcc\libsptutil.a(compress.o)
                0x010157a4                compress
 *fill*         0x010157d6        0x2 
 .text          0x010157d8       0x30 ../LibA5T1000/gcc\libsptutil.a(crcccitt.o)
                0x010157d8                cal_crcx
                0x01015800                cal_crc
 .text          0x01015808       0x42 ../LibA5T1000/gcc\libsptutil.a(dbin2asc.o)
                0x01015808                dbin2asc
 .text          0x0101584a       0x60 ../LibA5T1000/gcc\libsptutil.a(dbin2bcd.o)
                0x0101584a                dbin2bcd
 .text          0x010158aa       0x1c ../LibA5T1000/gcc\libsptutil.a(decbin4b.o)
                0x010158aa                decbin4b
 .text          0x010158c6       0x40 ../LibA5T1000/gcc\libsptutil.a(decbin8b.o)
                0x010158c6                decbin8b
 .text          0x01015906       0x18 ../LibA5T1000/gcc\libsptutil.a(fndb.o)
                0x01015906                fndb
 *fill*         0x0101591e        0x2 
 .text          0x01015920       0x64 ../LibA5T1000/gcc\libsptutil.a(get_byte.o)
                0x01015920                get_byte
                0x01015930                get_word
                0x01015940                get_dword
                0x01015960                get_dword_le
 .text          0x01015984       0x14 ../LibA5T1000/gcc\libsptutil.a(get_dist.o)
                0x01015984                get_distance
 .text          0x01015998       0x2c ../LibA5T1000/gcc\libsptutil.a(get_mem.o)
                0x01015998                get_mem
 .text          0x010159c4        0xc ../LibA5T1000/gcc\libsptutil.a(get_pptr.o)
                0x010159c4                get_pptr
 .text          0x010159d0       0x10 ../LibA5T1000/gcc\libsptutil.a(hex_val.o)
                0x010159d0                hex_value
 .text          0x010159e0       0x20 ../LibA5T1000/gcc\libsptutil.a(inc_pptr.o)
                0x010159e0                inc_pptr
 .text          0x01015a00       0x18 ../LibA5T1000/gcc\libsptutil.a(isbdigit.o)
                0x01015a00                isbdigit
 .text          0x01015a18       0xfc ../LibA5T1000/gcc\libsptutil.a(pack_b.o)
                0x01015a18                pack_byte
                0x01015a3c                pack_word
                0x01015a68                pack_dword
                0x01015aa8                pack_word_le
                0x01015ad4                pack_dword_le
 .text          0x01015b14        0x6 ../LibA5T1000/gcc\libsptutil.a(pack_lf.o)
                0x01015b14                pack_lf
 .text          0x01015b1a        0x8 ../LibA5T1000/gcc\libsptutil.a(pack_lfs.o)
                0x01015b1a                pack_lfs
 *fill*         0x01015b22        0x2 
 .text          0x01015b24       0x28 ../LibA5T1000/gcc\libsptutil.a(pack_mem.o)
                0x01015b24                pack_mem
 .text          0x01015b4c       0x28 ../LibA5T1000/gcc\libsptutil.a(pack_nb.o)
                0x01015b4c                pack_nbyte
 .text          0x01015b74        0x8 ../LibA5T1000/gcc\libsptutil.a(pack_spc.o)
                0x01015b74                pack_space
 .text          0x01015b7c       0x18 ../LibA5T1000/gcc\libsptutil.a(pack_str.o)
                0x01015b7c                pack_str
 .text          0x01015b94        0xc ../LibA5T1000/gcc\libsptutil.a(peek_b.o)
                0x01015b94                peek_byte
 .text          0x01015ba0       0x38 ../LibA5T1000/gcc\libsptutil.a(set_pptr.o)
                0x01015ba0                buffer_overflow
                0x01015bbc                set_pptr
 .text          0x01015bd8       0x18 ../LibA5T1000/gcc\libsptutil.a(skpb.o)
                0x01015bd8                skpb
 .text          0x01015bf0       0x2c ../LibA5T1000/gcc\libsptutil.a(split.o)
                0x01015bf0                split
 .text          0x01015c1c       0x28 ../LibA5T1000/gcc\libsptutil.a(split_d.o)
                0x01015c1c                split_data
 .text          0x01015c44       0x18 ../LibA5T1000/gcc\libsptutil.a(val2bcd.o)
                0x01015c44                val2bcd
 .text          0x01015c5c        0xe ../LibA5T1000/gcc\libsptutil.a(hexdigit.o)
                0x01015c5c                hex_digit
 *fill*         0x01015c6a        0x2 
 .text          0x01015c6c      0x7b4 ../LibA5T1000/gcc\libspglib.a(GIFLib.o)
                0x01015f8c                GIFSetPos
                0x01015f98                GIFPlay
                0x01016034                GIFPlayOn
                0x0101604c                GIFStop
                0x0101609c                GIFUnLoad
                0x01016108                GIFLoadMem
 .text          0x01016420      0x340 ../LibA5T1000/gcc\libspglib.a(GLib.o)
                0x01016420                GD_SetDotSize
                0x01016444                GD_SetDotColor
                0x01016470                GD_SetInSpace
                0x0101647c                GD_SetOutSpace
                0x01016488                FillColorPixel
                0x010164bc                FillMonoPixel
                0x010164f6                GD_Dot
                0x01016568                GD_Point
                0x0101656e                GD_Line
                0x01016644                GD_Rectangle
                0x010166cc                GD_Triangle
                0x010166f4                GD_Circle
 .text          0x01016760        0x0 C:\DevTools\gcc_v49_2014q4/arm-none-eabi/lib/thumb\libc.a(lib_a-memcmp.o)
 .text.memcmp   0x01016760       0x54 C:\DevTools\gcc_v49_2014q4/arm-none-eabi/lib/thumb\libc.a(lib_a-memcmp.o)
                0x01016760                memcmp
 .text          0x010167b4        0x0 C:\DevTools\gcc_v49_2014q4/arm-none-eabi/lib/thumb\libc.a(lib_a-memcpy.o)
 .text.memcpy   0x010167b4       0x80 C:\DevTools\gcc_v49_2014q4/arm-none-eabi/lib/thumb\libc.a(lib_a-memcpy.o)
                0x010167b4                memcpy
 .text          0x01016834        0x0 C:\DevTools\gcc_v49_2014q4/arm-none-eabi/lib/thumb\libc.a(lib_a-memmove.o)
 .text.memmove  0x01016834       0x9c C:\DevTools\gcc_v49_2014q4/arm-none-eabi/lib/thumb\libc.a(lib_a-memmove.o)
                0x01016834                memmove
 .text          0x010168d0        0x0 C:\DevTools\gcc_v49_2014q4/arm-none-eabi/lib/thumb\libc.a(lib_a-memset.o)
 .text.memset   0x010168d0       0x94 C:\DevTools\gcc_v49_2014q4/arm-none-eabi/lib/thumb\libc.a(lib_a-memset.o)
                0x010168d0                memset
 .text          0x01016964        0x0 C:\DevTools\gcc_v49_2014q4/arm-none-eabi/lib/thumb\libc.a(lib_a-puts.o)
 .text._puts_r  0x01016964       0x60 C:\DevTools\gcc_v49_2014q4/arm-none-eabi/lib/thumb\libc.a(lib_a-puts.o)
                0x01016964                _puts_r
 .text.puts     0x010169c4       0x18 C:\DevTools\gcc_v49_2014q4/arm-none-eabi/lib/thumb\libc.a(lib_a-puts.o)
                0x010169c4                puts
 .text          0x010169dc        0x0 C:\DevTools\gcc_v49_2014q4/arm-none-eabi/lib/thumb\libc.a(lib_a-strcat.o)
 .text.strcat   0x010169dc       0x54 C:\DevTools\gcc_v49_2014q4/arm-none-eabi/lib/thumb\libc.a(lib_a-strcat.o)
                0x010169dc                strcat
 .text          0x01016a30        0x0 C:\DevTools\gcc_v49_2014q4/arm-none-eabi/lib/thumb\libc.a(lib_a-strchr.o)
 .text.strchr   0x01016a30       0xdc C:\DevTools\gcc_v49_2014q4/arm-none-eabi/lib/thumb\libc.a(lib_a-strchr.o)
                0x01016a30                strchr
 .text          0x01016b0c        0x0 C:\DevTools\gcc_v49_2014q4/arm-none-eabi/lib/thumb\libc.a(lib_a-strcpy.o)
 .text.strcpy   0x01016b0c       0x10 C:\DevTools\gcc_v49_2014q4/arm-none-eabi/lib/thumb\libc.a(lib_a-strcpy.o)
                0x01016b0c                strcpy
 .text          0x01016b1c        0x0 C:\DevTools\gcc_v49_2014q4/arm-none-eabi/lib/thumb\libc.a(lib_a-strlen.o)
 .text.strlen   0x01016b1c       0x6c C:\DevTools\gcc_v49_2014q4/arm-none-eabi/lib/thumb\libc.a(lib_a-strlen.o)
                0x01016b1c                strlen
 .text          0x01016b88        0x0 C:\DevTools\gcc_v49_2014q4/arm-none-eabi/lib/thumb\libc.a(lib_a-strstr.o)
 .text.critical_factorization
                0x01016b88       0xc4 C:\DevTools\gcc_v49_2014q4/arm-none-eabi/lib/thumb\libc.a(lib_a-strstr.o)
 .text.two_way_long_needle
                0x01016c4c      0x1f8 C:\DevTools\gcc_v49_2014q4/arm-none-eabi/lib/thumb\libc.a(lib_a-strstr.o)
 .text.strstr   0x01016e44      0x228 C:\DevTools\gcc_v49_2014q4/arm-none-eabi/lib/thumb\libc.a(lib_a-strstr.o)
                0x01016e44                strstr
 .text          0x0101706c        0x0 C:\DevTools\gcc_v49_2014q4/arm-none-eabi/lib/thumb\libc.a(lib_a-fvwrite.o)
 .text.__sfvwrite_r
                0x0101706c      0x340 C:\DevTools\gcc_v49_2014q4/arm-none-eabi/lib/thumb\libc.a(lib_a-fvwrite.o)
                0x0101706c                __sfvwrite_r
 .text          0x010173ac        0x0 C:\DevTools\gcc_v49_2014q4/arm-none-eabi/lib/thumb\libc.a(lib_a-impure.o)
 .text          0x010173ac        0x0 C:\DevTools\gcc_v49_2014q4/arm-none-eabi/lib/thumb\libc.a(lib_a-mallocr.o)
 .text._malloc_r
                0x010173ac      0x54c C:\DevTools\gcc_v49_2014q4/arm-none-eabi/lib/thumb\libc.a(lib_a-mallocr.o)
                0x010173ac                _malloc_r
 .text          0x010178f8        0x0 C:\DevTools\gcc_v49_2014q4/arm-none-eabi/lib/thumb\libc.a(lib_a-memchr.o)
 .text.memchr   0x010178f8       0x8c C:\DevTools\gcc_v49_2014q4/arm-none-eabi/lib/thumb\libc.a(lib_a-memchr.o)
                0x010178f8                memchr
 .text          0x01017984        0x0 C:\DevTools\gcc_v49_2014q4/arm-none-eabi/lib/thumb\libc.a(lib_a-mlock.o)
 .text.__malloc_lock
                0x01017984        0x4 C:\DevTools\gcc_v49_2014q4/arm-none-eabi/lib/thumb\libc.a(lib_a-mlock.o)
                0x01017984                __malloc_lock
 .text.__malloc_unlock
                0x01017988        0x4 C:\DevTools\gcc_v49_2014q4/arm-none-eabi/lib/thumb\libc.a(lib_a-mlock.o)
                0x01017988                __malloc_unlock
 .text          0x0101798c        0x0 C:\DevTools\gcc_v49_2014q4/arm-none-eabi/lib/thumb\libc.a(lib_a-reallocr.o)
 .text._realloc_r
                0x0101798c      0x3dc C:\DevTools\gcc_v49_2014q4/arm-none-eabi/lib/thumb\libc.a(lib_a-reallocr.o)
                0x0101798c                _realloc_r
 .text          0x01017d68        0x0 C:\DevTools\gcc_v49_2014q4/arm-none-eabi/lib/thumb\libc.a(lib_a-wsetup.o)
 .text.__swsetup_r
                0x01017d68       0xd0 C:\DevTools\gcc_v49_2014q4/arm-none-eabi/lib/thumb\libc.a(lib_a-wsetup.o)
                0x01017d68                __swsetup_r
 .text          0x01017e38        0x0 C:\DevTools\gcc_v49_2014q4/arm-none-eabi/lib/thumb\libc.a(lib_a-fflush.o)
 .text.__sflush_r
                0x01017e38      0x168 C:\DevTools\gcc_v49_2014q4/arm-none-eabi/lib/thumb\libc.a(lib_a-fflush.o)
                0x01017e38                __sflush_r
 .text._fflush_r
                0x01017fa0       0x30 C:\DevTools\gcc_v49_2014q4/arm-none-eabi/lib/thumb\libc.a(lib_a-fflush.o)
                0x01017fa0                _fflush_r
 .text.fflush   0x01017fd0       0x2c C:\DevTools\gcc_v49_2014q4/arm-none-eabi/lib/thumb\libc.a(lib_a-fflush.o)
                0x01017fd0                fflush
 .text          0x01017ffc        0x0 C:\DevTools\gcc_v49_2014q4/arm-none-eabi/lib/thumb\libc.a(lib_a-findfp.o)
 .text.__fp_lock
                0x01017ffc        0x4 C:\DevTools\gcc_v49_2014q4/arm-none-eabi/lib/thumb\libc.a(lib_a-findfp.o)
 .text.__fp_unlock
                0x01018000        0x4 C:\DevTools\gcc_v49_2014q4/arm-none-eabi/lib/thumb\libc.a(lib_a-findfp.o)
 .text._cleanup_r
                0x01018004       0x14 C:\DevTools\gcc_v49_2014q4/arm-none-eabi/lib/thumb\libc.a(lib_a-findfp.o)
                0x01018004                _cleanup_r
 .text.__sinit.part.1
                0x01018018       0xf4 C:\DevTools\gcc_v49_2014q4/arm-none-eabi/lib/thumb\libc.a(lib_a-findfp.o)
 .text.__sfmoreglue
                0x0101810c       0x34 C:\DevTools\gcc_v49_2014q4/arm-none-eabi/lib/thumb\libc.a(lib_a-findfp.o)
                0x0101810c                __sfmoreglue
 .text.__sfp    0x01018140       0x94 C:\DevTools\gcc_v49_2014q4/arm-none-eabi/lib/thumb\libc.a(lib_a-findfp.o)
                0x01018140                __sfp
 .text._cleanup
                0x010181d4       0x1c C:\DevTools\gcc_v49_2014q4/arm-none-eabi/lib/thumb\libc.a(lib_a-findfp.o)
                0x010181d4                _cleanup
 .text.__sinit  0x010181f0       0x14 C:\DevTools\gcc_v49_2014q4/arm-none-eabi/lib/thumb\libc.a(lib_a-findfp.o)
                0x010181f0                __sinit
 .text.__sfp_lock_acquire
                0x01018204        0x4 C:\DevTools\gcc_v49_2014q4/arm-none-eabi/lib/thumb\libc.a(lib_a-findfp.o)
                0x01018204                __sfp_lock_acquire
 .text.__sfp_lock_release
                0x01018208        0x4 C:\DevTools\gcc_v49_2014q4/arm-none-eabi/lib/thumb\libc.a(lib_a-findfp.o)
                0x01018208                __sfp_lock_release
 .text.__sinit_lock_acquire
                0x0101820c        0x4 C:\DevTools\gcc_v49_2014q4/arm-none-eabi/lib/thumb\libc.a(lib_a-findfp.o)
                0x0101820c                __sinit_lock_acquire
 .text.__sinit_lock_release
                0x01018210        0x4 C:\DevTools\gcc_v49_2014q4/arm-none-eabi/lib/thumb\libc.a(lib_a-findfp.o)
                0x01018210                __sinit_lock_release
 .text.__fp_lock_all
                0x01018214       0x1c C:\DevTools\gcc_v49_2014q4/arm-none-eabi/lib/thumb\libc.a(lib_a-findfp.o)
                0x01018214                __fp_lock_all
 .text.__fp_unlock_all
                0x01018230       0x1c C:\DevTools\gcc_v49_2014q4/arm-none-eabi/lib/thumb\libc.a(lib_a-findfp.o)
                0x01018230                __fp_unlock_all
 .text          0x0101824c        0x0 C:\DevTools\gcc_v49_2014q4/arm-none-eabi/lib/thumb\libc.a(lib_a-freer.o)
 .text._malloc_trim_r
                0x0101824c       0xa4 C:\DevTools\gcc_v49_2014q4/arm-none-eabi/lib/thumb\libc.a(lib_a-freer.o)
                0x0101824c                _malloc_trim_r
 .text._free_r  0x010182f0      0x1b4 C:\DevTools\gcc_v49_2014q4/arm-none-eabi/lib/thumb\libc.a(lib_a-freer.o)
                0x010182f0                _free_r
 .text          0x010184a4        0x0 C:\DevTools\gcc_v49_2014q4/arm-none-eabi/lib/thumb\libc.a(lib_a-fwalk.o)
 .text._fwalk   0x010184a4       0x50 C:\DevTools\gcc_v49_2014q4/arm-none-eabi/lib/thumb\libc.a(lib_a-fwalk.o)
                0x010184a4                _fwalk
 .text._fwalk_reent
                0x010184f4       0x58 C:\DevTools\gcc_v49_2014q4/arm-none-eabi/lib/thumb\libc.a(lib_a-fwalk.o)
                0x010184f4                _fwalk_reent
 .text          0x0101854c        0x0 C:\DevTools\gcc_v49_2014q4/arm-none-eabi/lib/thumb\libc.a(lib_a-makebuf.o)
 .text.__smakebuf_r
                0x0101854c      0x100 C:\DevTools\gcc_v49_2014q4/arm-none-eabi/lib/thumb\libc.a(lib_a-makebuf.o)
                0x0101854c                __smakebuf_r
 .text          0x0101864c        0x0 C:\DevTools\gcc_v49_2014q4/arm-none-eabi/lib/thumb\libc.a(lib_a-stdio.o)
 .text.__sread  0x0101864c       0x2c C:\DevTools\gcc_v49_2014q4/arm-none-eabi/lib/thumb\libc.a(lib_a-stdio.o)
                0x0101864c                __sread
 .text.__seofread
                0x01018678        0x4 C:\DevTools\gcc_v49_2014q4/arm-none-eabi/lib/thumb\libc.a(lib_a-stdio.o)
                0x01018678                __seofread
 .text.__swrite
                0x0101867c       0x3c C:\DevTools\gcc_v49_2014q4/arm-none-eabi/lib/thumb\libc.a(lib_a-stdio.o)
                0x0101867c                __swrite
 .text.__sseek  0x010186b8       0x30 C:\DevTools\gcc_v49_2014q4/arm-none-eabi/lib/thumb\libc.a(lib_a-stdio.o)
                0x010186b8                __sseek
 .text.__sclose
                0x010186e8       0x10 C:\DevTools\gcc_v49_2014q4/arm-none-eabi/lib/thumb\libc.a(lib_a-stdio.o)
                0x010186e8                __sclose
 .text          0x010186f8        0x0 C:\DevTools\gcc_v49_2014q4/arm-none-eabi/lib/thumb\libc.a(lib_a-fclose.o)
 .text._fclose_r
                0x010186f8       0x94 C:\DevTools\gcc_v49_2014q4/arm-none-eabi/lib/thumb\libc.a(lib_a-fclose.o)
                0x010186f8                _fclose_r
 .text.fclose   0x0101878c       0x18 C:\DevTools\gcc_v49_2014q4/arm-none-eabi/lib/thumb\libc.a(lib_a-fclose.o)
                0x0101878c                fclose
 .text          0x010187a4        0x0 C:\DevTools\gcc_v49_2014q4/arm-none-eabi/lib/thumb\libc.a(lib_a-isattyr.o)
 .text._isatty_r
                0x010187a4       0x28 C:\DevTools\gcc_v49_2014q4/arm-none-eabi/lib/thumb\libc.a(lib_a-isattyr.o)
                0x010187a4                _isatty_r
 .text          0x010187cc        0x0 C:\DevTools\gcc_v49_2014q4/arm-none-eabi/lib/thumb\libc.a(lib_a-reent.o)
 .text.cleanup_glue
                0x010187cc       0x20 C:\DevTools\gcc_v49_2014q4/arm-none-eabi/lib/thumb\libc.a(lib_a-reent.o)
                0x010187cc                cleanup_glue
 .text._reclaim_reent
                0x010187ec       0xa0 C:\DevTools\gcc_v49_2014q4/arm-none-eabi/lib/thumb\libc.a(lib_a-reent.o)
                0x010187ec                _reclaim_reent
 .text          0x0101888c        0x0 C:\DevTools\gcc_v49_2014q4/arm-none-eabi/lib/thumb\libnosys.a(isatty.o)
 .text._isatty  0x0101888c       0x10 C:\DevTools\gcc_v49_2014q4/arm-none-eabi/lib/thumb\libnosys.a(isatty.o)
                0x0101888c                _isatty
 .text          0x0101889c        0x0 C:\DevTools\gcc_v49_2014q4/arm-none-eabi/lib/thumb\libm.a(lib_a-w_sqrt.o)
 .text.sqrt     0x0101889c       0xbc C:\DevTools\gcc_v49_2014q4/arm-none-eabi/lib/thumb\libm.a(lib_a-w_sqrt.o)
                0x0101889c                sqrt
 .text          0x01018958        0x0 C:\DevTools\gcc_v49_2014q4/arm-none-eabi/lib/thumb\libm.a(lib_a-e_sqrt.o)
 .text.__ieee754_sqrt
                0x01018958      0x1d4 C:\DevTools\gcc_v49_2014q4/arm-none-eabi/lib/thumb\libm.a(lib_a-e_sqrt.o)
                0x01018958                __ieee754_sqrt
 .text          0x01018b2c        0x0 C:\DevTools\gcc_v49_2014q4/arm-none-eabi/lib/thumb\libm.a(lib_a-s_fpclassify.o)
 .text.__fpclassifyd
                0x01018b2c       0x5c C:\DevTools\gcc_v49_2014q4/arm-none-eabi/lib/thumb\libm.a(lib_a-s_fpclassify.o)
                0x01018b2c                __fpclassifyd
 .text          0x01018b88        0x0 C:\DevTools\gcc_v49_2014q4/arm-none-eabi/lib/thumb\libm.a(lib_a-s_lib_ver.o)
 .text          0x01018b88        0x0 C:\DevTools\gcc_v49_2014q4/arm-none-eabi/lib/thumb\libm.a(lib_a-s_matherr.o)
 .text.matherr  0x01018b88        0x4 C:\DevTools\gcc_v49_2014q4/arm-none-eabi/lib/thumb\libm.a(lib_a-s_matherr.o)
                0x01018b88                matherr
 .text          0x01018b8c      0x114 c:/devtools/gcc_v49_2014q4/bin/../lib/gcc/arm-none-eabi/4.9.3\libgcc.a(_udivsi3.o)
                0x01018b8c                __aeabi_uidiv
                0x01018b8c                __udivsi3
                0x01018c80                __aeabi_uidivmod
 .text          0x01018ca0      0x148 c:/devtools/gcc_v49_2014q4/bin/../lib/gcc/arm-none-eabi/4.9.3\libgcc.a(_divsi3.o)
                0x01018ca0                __divsi3
                0x01018ca0                __aeabi_idiv
                0x01018dc8                __aeabi_idivmod
 .text          0x01018de8        0x4 c:/devtools/gcc_v49_2014q4/bin/../lib/gcc/arm-none-eabi/4.9.3\libgcc.a(_dvmd_tls.o)
                0x01018de8                __aeabi_idiv0
                0x01018de8                __aeabi_ldiv0
 .text          0x01018dec      0x41c c:/devtools/gcc_v49_2014q4/bin/../lib/gcc/arm-none-eabi/4.9.3\libgcc.a(_arm_addsubdf3.o)
                0x01018dec                __aeabi_drsub
                0x01018df4                __aeabi_dsub
                0x01018df4                __subdf3
                0x01018df8                __aeabi_dadd
                0x01018df8                __adddf3
                0x01019108                __floatunsidf
                0x01019108                __aeabi_ui2d
                0x0101912c                __floatsidf
                0x0101912c                __aeabi_i2d
                0x01019154                __aeabi_f2d
                0x01019154                __extendsfdf2
                0x01019194                __floatundidf
                0x01019194                __aeabi_ul2d
                0x010191a8                __floatdidf
                0x010191a8                __aeabi_l2d
 .text          0x01019208      0x49c c:/devtools/gcc_v49_2014q4/bin/../lib/gcc/arm-none-eabi/4.9.3\libgcc.a(_arm_muldivdf3.o)
                0x01019208                __aeabi_dmul
                0x01019208                __muldf3
                0x01019498                __divdf3
                0x01019498                __aeabi_ddiv
 .text          0x010196a4      0x144 c:/devtools/gcc_v49_2014q4/bin/../lib/gcc/arm-none-eabi/4.9.3\libgcc.a(_arm_cmpdf2.o)
                0x010196a4                __gtdf2
                0x010196a4                __gedf2
                0x010196ac                __ltdf2
                0x010196ac                __ledf2
                0x010196b4                __nedf2
                0x010196b4                __eqdf2
                0x010196b4                __cmpdf2
                0x0101973c                __aeabi_cdrcmple
                0x01019758                __aeabi_cdcmpeq
                0x01019758                __aeabi_cdcmple
                0x01019770                __aeabi_dcmpeq
                0x01019788                __aeabi_dcmplt
                0x010197a0                __aeabi_dcmple
                0x010197b8                __aeabi_dcmpge
                0x010197d0                __aeabi_dcmpgt
 .text          0x010197e8       0x54 c:/devtools/gcc_v49_2014q4/bin/../lib/gcc/arm-none-eabi/4.9.3\libgcc.a(_arm_fixunsdfsi.o)
                0x010197e8                __aeabi_d2uiz
                0x010197e8                __fixunsdfsi
 .text          0x0101983c       0x44 c:/devtools/gcc_v49_2014q4/bin/../lib/gcc/arm-none-eabi/4.9.3\libgcc.a(_aeabi_ldivmod.o)
                0x0101983c                __aeabi_ldivmod
 .text          0x01019880       0x3c c:/devtools/gcc_v49_2014q4/bin/../lib/gcc/arm-none-eabi/4.9.3\libgcc.a(_aeabi_uldivmod.o)
                0x01019880                __aeabi_uldivmod
 .text          0x010198bc       0x4c c:/devtools/gcc_v49_2014q4/bin/../lib/gcc/arm-none-eabi/4.9.3\libgcc.a(_fixdfdi.o)
                0x010198bc                __fixdfdi
                0x010198bc                __aeabi_d2lz
 .text          0x01019908       0x6c c:/devtools/gcc_v49_2014q4/bin/../lib/gcc/arm-none-eabi/4.9.3\libgcc.a(_fixunsdfdi.o)
                0x01019908                __fixunsdfdi
                0x01019908                __aeabi_d2ulz
 .text          0x01019974       0x84 c:/devtools/gcc_v49_2014q4/bin/../lib/gcc/arm-none-eabi/4.9.3\libgcc.a(bpabi.o)
                0x01019974                __gnu_ldivmod_helper
                0x010199b8                __gnu_uldivmod_helper
 .text          0x010199f8      0x178 c:/devtools/gcc_v49_2014q4/bin/../lib/gcc/arm-none-eabi/4.9.3\libgcc.a(_divdi3.o)
                0x010199f8                __divdi3
 .text          0x01019b70      0x120 c:/devtools/gcc_v49_2014q4/bin/../lib/gcc/arm-none-eabi/4.9.3\libgcc.a(_udivdi3.o)
                0x01019b70                __udivdi3
 .text          0x01019c90       0x28 c:/devtools/gcc_v49_2014q4/bin/../lib/gcc/arm-none-eabi/4.9.3\libgcc.a(_clzdi2.o)
                0x01019c90                __clzdi2
 .text          0x01019cb8       0x48 c:/devtools/gcc_v49_2014q4/bin/../lib/gcc/arm-none-eabi/4.9.3\libgcc.a(_clzsi2.o)
                0x01019cb8                __clzsi2
 *(.init)
 *(.fini)
 *crtbegin.o(.ctors)
 *crtbegin?.o(.ctors)
 *(EXCLUDE_FILE(*crtend.o *crtend?.o) .ctors)
 *(SORT(.ctors.*))
 *(.ctors)
 *crtbegin.o(.dtors)
 *crtbegin?.o(.dtors)
 *(EXCLUDE_FILE(*crtend.o *crtend?.o) .dtors)
 *(SORT(.dtors.*))
 *(.dtors)
 *(.rodata* .gnu.linkonce.r.*)
 .rodata        0x01019d00       0x10 obj/Adjust.o
 .rodata        0x01019d10      0x25c obj/Constant.o
                0x01019d10                KTransBitmap
                0x01019f50                KTransHeader
                0x01019f68                KSetlPCode2
 .rodata        0x01019f6c       0x24 obj/Coremain.o
                0x01019f7c                KSoftName
                0x01019f88                KExportFunc
 .rodata.str1.1
                0x01019f90       0x9b obj/Coremain.o
 *fill*         0x0101a02b        0x1 
 .rodata        0x0101a02c     0x3388 obj/DemoTest.o
                0x0101a02c                KCtlKeyRoom
                0x0101b2c4                KCtlApplCfg
                0x0101bd38                KKeyRoom
                0x0101c940                KApplCfg
 .rodata        0x0101d3b4       0x56 obj/Ecr.o
                0x0101d3b4                KSettleResp
                0x0101d3b8                KHostTotResp
                0x0101d3be                KHostNameResp
                0x0101d3c4                KLastTrace
                0x0101d3cc                KOfflSaleResp
                0x0101d3ea                KSaleResp
 *fill*         0x0101d40a        0x2 
 .rodata        0x0101d40c      0x2a0 obj/Func.o
 .rodata.str1.1
                0x0101d6ac      0x1a8 obj/Func.o
                                0x1b1 (size before relaxing)
 .rodata        0x0101d854      0x198 obj/Others.o
                0x0101d854                KOtherTransMenu
                0x0101d870                KOthercurrMenu
                0x0101d88c                KOtherTxncurr
                0x0101d90c                KOtherTxnItem
 .rodata.str1.1
                0x0101d9ec       0x50 obj/Others.o
 .rodata        0x0101da3c        0xc obj/ParamTest.o
 .rodata.str1.1
                0x0101da48       0x39 obj/ParamTest.o
 .rodata        0x0101da81       0x62 obj/Print.o
 .rodata.str1.1
                0x0101dae3       0x40 obj/Print.o
                                 0x48 (size before relaxing)
 .rodata.str1.1
                0x0101db23       0x2f obj/Sale.o
 *fill*         0x0101db52        0x2 
 .rodata        0x0101db54       0x78 obj/Settle.o
 .rodata.str1.1
                0x0101dbcc       0x22 obj/Settle.o
                                 0x28 (size before relaxing)
 .rodata        0x0101dbee       0x2c obj/Sysutil.o
 .rodata.str1.1
                0x0101dc1a       0x59 obj/Sysutil.o
                                 0x5b (size before relaxing)
 .rodata.str1.1
                0x0101dc73       0x18 obj/auxcom.o
                                 0x21 (size before relaxing)
 .rodata.str1.1
                0x0101dc8b       0x72 obj/brdrtest.o
 .rodata.str1.1
                0x0101dcfd       0xb2 obj/camtest.o
 .rodata        0x0101ddaf        0xc obj/corevar.o
 .rodata.str1.1
                0x0101ddbb       0x10 obj/corevar.o
 *fill*         0x0101ddcb        0x1 
 .rodata        0x0101ddcc       0x70 obj/ctltrans.o
                0x0101ddfe                wCTLDummyTags
                0x0101de0a                wCTLOnlineTags
 .rodata.str1.1
                0x0101de3c       0xa8 obj/ctltrans.o
                                 0xb4 (size before relaxing)
 *fill*         0x0101dee4        0x4 
 .rodata        0x0101dee8      0x400 obj/debugstis.o
 .rodata        0x0101e2e8       0xd4 obj/emvtrans.o
                0x0101e2f8                wVMOnlineTags
                0x0101e373                KPinMsg
 .rodata.str1.1
                0x0101e3bc       0x20 obj/emvtrans.o
                                 0x3b (size before relaxing)
 .rodata.str1.1
                0x0101e3dc       0x22 obj/hardware.o
 .rodata        0x0101e3fe        0x7 obj/hostmsg.o
 .rodata.str1.1
                0x0101e405        0xc obj/hostmsg.o
                                 0x11 (size before relaxing)
 *fill*         0x0101e411        0x1 
 .rodata        0x0101e412       0x82 obj/iface.o
                0x0101e428                KItfSettleResp
                0x0101e430                KItfHostTotResp
                0x0101e438                KItfHostNameResp
                0x0101e440                KItfLastTrace
                0x0101e44a                KItfOfflSaleResp
                0x0101e46e                KItfSaleResp
 .rodata.str1.1
                0x0101e494       0x49 obj/iface.o
                                 0x4c (size before relaxing)
 *fill*         0x0101e4dd        0x1 
 .rodata        0x0101e4de      0x200 obj/iface_util.o
 *fill*         0x0101e6de        0x2 
 .rodata        0x0101e6e0       0x10 obj/input.o
 .rodata.str1.1
                0x0101e6f0       0x59 obj/input.o
                                 0x5c (size before relaxing)
 .rodata        0x0101e749       0x2d obj/keytrans.o
 .rodata.str1.1
                0x0101e776      0x23d obj/keytrans.o
 *fill*         0x0101e9b3        0x1 
 .rodata        0x0101e9b4      0x914 obj/lptutil.o
 .rodata.str1.1
                0x00000000        0xc obj/lptutil.o
 .rodata        0x0101f2c8       0x18 obj/main.o
                0x0101f2c8                KAppHdr
 .rodata.str1.1
                0x0101f2e0       0x26 obj/main.o
 .rodata.str1.1
                0x0101f306       0x3d obj/menu.o
 *fill*         0x0101f343        0x1 
 .rodata        0x0101f344      0x670 obj/message.o
                0x0101f7d4                KRspText
 .rodata.str1.1
                0x0101f9b4      0xfa2 obj/message.o
 *fill*         0x01020956        0x2 
 .rodata        0x01020958       0x24 obj/network.o
 .rodata.str1.1
                0x0102097c      0x29d obj/network.o
                                0x2ae (size before relaxing)
 .rodata.str1.1
                0x01020c19      0x127 obj/toggle.o
                                0x137 (size before relaxing)
 .rodata        0x01020d40       0x50 obj/tpadtest.o
                0x01020d40                KPadObj
                0x01020d70                KPadConf
 .rodata.str1.1
                0x01020d90       0xb9 obj/tpadtest.o
 *fill*         0x01020e49        0x3 
 .rodata        0x01020e4c      0x104 obj/tranutil.o
 .rodata.str1.1
                0x01020f50      0xc14 obj/tranutil.o
                                0xca3 (size before relaxing)
 .rodata        0x01021b64       0x30 obj/wavecom.o
 .rodata.str1.1
                0x01021b94      0x271 obj/wavecom.o
                                0x286 (size before relaxing)
 .rodata.str1.1
                0x01021e05       0x20 obj/cstartup.o
 .rodata.str1.1
                0x01021e25        0x7 obj/libc.o
 .rodata        0x01021e2c      0x200 ../LibA5T1000/gcc\libsptutil.a(crcccitt.o)
 .rodata.str1.1
                0x0102202c        0x4 ../LibA5T1000/gcc\libspglib.a(GIFLib.o)
 .rodata.str1.4
                0x01022030        0x2 C:\DevTools\gcc_v49_2014q4/arm-none-eabi/lib/thumb\libc.a(lib_a-puts.o)
                                  0x4 (size before relaxing)
 *fill*         0x01022032        0x2 
 .rodata.str1.4
                0x01022034        0x2 C:\DevTools\gcc_v49_2014q4/arm-none-eabi/lib/thumb\libc.a(lib_a-impure.o)
                                  0x4 (size before relaxing)
 *fill*         0x01022036        0x2 
 .rodata._global_impure_ptr
                0x01022038        0x4 C:\DevTools\gcc_v49_2014q4/arm-none-eabi/lib/thumb\libc.a(lib_a-impure.o)
                0x01022038                _global_impure_ptr
 .rodata.str1.4
                0x0102203c        0x8 C:\DevTools\gcc_v49_2014q4/arm-none-eabi/lib/thumb\libm.a(lib_a-w_sqrt.o)
 *(.eh_frame*)

.vfp11_veneer   0x01022044        0x0
 .vfp11_veneer  0x00000000        0x0 linker stubs

.v4_bx          0x01022044        0x0
 .v4_bx         0x00000000        0x0 linker stubs

.iplt           0x01022044        0x0
 .iplt          0x00000000        0x0 obj/Adjust.o

.ARM.extab
 *(.ARM.extab* .gnu.linkonce.armextab.*)
                0x01022044                __exidx_start = .

.ARM.exidx      0x01022044        0x8
 *(.ARM.exidx* .gnu.linkonce.armexidx.*)
 .ARM.exidx     0x01022044        0x8 c:/devtools/gcc_v49_2014q4/bin/../lib/gcc/arm-none-eabi/4.9.3\libgcc.a(_divdi3.o)
 .ARM.exidx     0x0102204c        0x0 c:/devtools/gcc_v49_2014q4/bin/../lib/gcc/arm-none-eabi/4.9.3\libgcc.a(_udivdi3.o)
                                  0x8 (size before relaxing)
                0x0102204c                __exidx_end = .

.text_kek       0x0102204c        0x8
 *(sect_kek)
 sect_kek       0x0102204c        0x8 obj/cstartup.o
                0x0102204c                KKek
                0x01022054                _end_of_app = ALIGN (0x4)

.rel.dyn        0x01022054        0x0