Archive member included because of file (symbol)

../LibA5T1000/gcc\libsyscall.a(app_call.o)
                              obj/Adjust.o (lib_app_call)
../LibA5T1000/gcc\libsyscall.a(sys_call.o)
                              obj/ParamTest.o (sys_func3)
../LibA5T1000/gcc\libbasecall.a(base_call.o)
                              obj/network.o (base_func0)
../LibA5T1000/gcc\libsptutil.a(bcd2bin.o)
                              obj/Settle.o (bcd2bin)
../LibA5T1000/gcc\libsptutil.a(bcd2val.o)
                              obj/Chkoptn.o (bcd2val)
../LibA5T1000/gcc\libsptutil.a(bcdadd.o)
                              obj/Sysutil.o (bcdadd)
../LibA5T1000/gcc\libsptutil.a(bcdinc.o)
                              obj/Settle.o (bcdinc)
../LibA5T1000/gcc\libsptutil.a(bcdsub.o)
                              obj/Sysutil.o (bcdsub)
../LibA5T1000/gcc\libsptutil.a(bin2bcd.o)
                              obj/hostmsg.o (bin2bcd)
../LibA5T1000/gcc\libsptutil.a(bin2dec.o)
                              obj/Func.o (bin2dec)
../LibA5T1000/gcc\libsptutil.a(bindec_d.o)
                              obj/Print.o (bindec_data)
../LibA5T1000/gcc\libsptutil.a(chkdok.o)
                              obj/input.o (chk_digit_ok)
../LibA5T1000/gcc\libsptutil.a(compress.o)
                              obj/Settle.o (compress)
../LibA5T1000/gcc\libsptutil.a(crcccitt.o)
                              obj/corevar.o (cal_crc)
../LibA5T1000/gcc\libsptutil.a(dbin2asc.o)
                              obj/Sysutil.o (dbin2asc)
../LibA5T1000/gcc\libsptutil.a(dbin2bcd.o)
                              obj/ctltrans.o (dbin2bcd)
../LibA5T1000/gcc\libsptutil.a(decbin8b.o)
                              obj/Adjust.o (decbin8b)
../LibA5T1000/gcc\libsptutil.a(fndb.o)
                              obj/Ecr.o (fndb)
../LibA5T1000/gcc\libsptutil.a(get_byte.o)
                              obj/hostmsg.o (get_byte)
../LibA5T1000/gcc\libsptutil.a(get_dist.o)
                              obj/corevar.o (get_distance)
../LibA5T1000/gcc\libsptutil.a(get_mem.o)
                              obj/hostmsg.o (get_mem)
../LibA5T1000/gcc\libsptutil.a(get_pptr.o)
                              obj/hostmsg.o (get_pptr)
../LibA5T1000/gcc\libsptutil.a(hex_val.o)
                              ../LibA5T1000/gcc\libsptutil.a(compress.o) (hex_value)
../LibA5T1000/gcc\libsptutil.a(inc_pptr.o)
                              obj/corevar.o (inc_pptr)
../LibA5T1000/gcc\libsptutil.a(isbdigit.o)
                              obj/input.o (isbdigit)
../LibA5T1000/gcc\libsptutil.a(pack_b.o)
                              obj/Settle.o (pack_byte)
../LibA5T1000/gcc\libsptutil.a(pack_lf.o)
                              obj/Func.o (pack_lf)
../LibA5T1000/gcc\libsptutil.a(pack_lfs.o)
                              obj/Func.o (pack_lfs)
../LibA5T1000/gcc\libsptutil.a(pack_mem.o)
                              obj/Func.o (pack_mem)
../LibA5T1000/gcc\libsptutil.a(pack_nb.o)
                              obj/Print.o (pack_nbyte)
../LibA5T1000/gcc\libsptutil.a(pack_spc.o)
                              obj/Func.o (pack_space)
../LibA5T1000/gcc\libsptutil.a(pack_str.o)
                              obj/Func.o (pack_str)
../LibA5T1000/gcc\libsptutil.a(set_pptr.o)
                              ../LibA5T1000/gcc\libsptutil.a(get_mem.o) (buffer_overflow)
../LibA5T1000/gcc\libsptutil.a(skpb.o)
                              obj/Sysutil.o (skpb)
../LibA5T1000/gcc\libsptutil.a(split.o)
                              obj/Ecr.o (split)
../LibA5T1000/gcc\libsptutil.a(split_d.o)
                              obj/Func.o (split_data)
../LibA5T1000/gcc\libsptutil.a(val2bcd.o)
                              ../LibA5T1000/gcc\libsptutil.a(bcdadd.o) (val2bcd)
../LibA5T1000/gcc\libsptutil.a(hexdigit.o)
                              ../LibA5T1000/gcc\libsptutil.a(split.o) (hex_digit)
../LibA5T1000/gcc\libspglib.a(GIFLib.o)
                              obj/ParamTest.o (GIFSetPos)
../LibA5T1000/gcc\libspglib.a(GLib.o)
                              obj/tpadtest.o (GD_SetDotSize)
C:\DevTools\gcc_v49_2014q4/arm-none-eabi/lib/thumb\libc.a(lib_a-memcmp.o)
                              obj/Others.o (memcmp)
C:\DevTools\gcc_v49_2014q4/arm-none-eabi/lib/thumb\libc.a(lib_a-memcpy.o)
                              obj/Adjust.o (memcpy)
C:\DevTools\gcc_v49_2014q4/arm-none-eabi/lib/thumb\libc.a(lib_a-memmove.o)
                              obj/Coremain.o (memmove)
C:\DevTools\gcc_v49_2014q4/arm-none-eabi/lib/thumb\libc.a(lib_a-memset.o)
                              obj/Adjust.o (memset)
C:\DevTools\gcc_v49_2014q4/arm-none-eabi/lib/thumb\libc.a(lib_a-puts.o)
                              obj/ctltrans.o (puts)
C:\DevTools\gcc_v49_2014q4/arm-none-eabi/lib/thumb\libc.a(lib_a-strcat.o)
                              obj/ParamTest.o (strcat)
C:\DevTools\gcc_v49_2014q4/arm-none-eabi/lib/thumb\libc.a(lib_a-strchr.o)
                              obj/wavecom.o (strchr)
C:\DevTools\gcc_v49_2014q4/arm-none-eabi/lib/thumb\libc.a(lib_a-strcpy.o)
[...]
Memory Configuration

Name             Origin             Length             Attributes
*default*        0x00000000         0xffffffff

Linker script and memory map

START GROUP
LOAD obj/Adjust.o
LOAD obj/Auth.o
LOAD obj/Chkoptn.o
LOAD obj/Constant.o
LOAD obj/Coremain.o
LOAD obj/DemoTest.o
LOAD obj/Ecr.o
LOAD obj/Func.o
LOAD obj/Offline.o
LOAD obj/Others.o
LOAD obj/ParamTest.o
LOAD obj/Print.o
LOAD obj/Reversal.o
LOAD obj/Sale.o
LOAD obj/SaleOffl.o
LOAD obj/Settle.o
LOAD obj/Sysutil.o
LOAD obj/TLVUtil.o
LOAD obj/TestCfg.o
LOAD obj/Void.o
LOAD obj/auxcom.o
LOAD obj/brdrtest.o
LOAD obj/camtest.o
LOAD obj/corevar.o
LOAD obj/ctltrans.o
LOAD obj/debugstis.o
LOAD obj/emvl2cfg.o
LOAD obj/emvtrans.o
LOAD obj/hardware.o
LOAD obj/hostmsg.o
LOAD obj/iface.o
LOAD obj/iface_util.o
LOAD obj/input.o
LOAD obj/keytrans.o
LOAD obj/lptutil.o
LOAD obj/main.o
LOAD obj/menu.o
LOAD obj/message.o
LOAD obj/network.o
LOAD obj/record.o
LOAD obj/refund.o
LOAD obj/testrans.o
LOAD obj/toggle.o
LOAD obj/tpadtest.o
LOAD obj/tranutil.o
LOAD obj/wavecom.o
LOAD obj/cstartup.o
LOAD obj/expect_send.o
LOAD obj/libc.o
LOAD ../LibA5T1000/gcc\libsyscall.a
LOAD ../LibA5T1000/gcc\libbasecall.a
LOAD ../LibA5T1000/gcc\libsptutil.a
LOAD ../LibA5T1000/gcc\libspglib.a
LOAD ../LibA5T1000/gcc\libspqr.a
LOAD C:\DevTools\gcc_v49_2014q4/arm-none-eabi/lib/thumb\libc.a
LOAD C:\DevTools\gcc_v49_2014q4/arm-none-eabi/lib/thumb\libnosys.a
LOAD C:\DevTools\gcc_v49_2014q4/arm-none-eabi/lib/thumb\libm.a
LOAD c:/devtools/gcc_v49_2014q4/bin/../lib/gcc/arm-none-eabi/4.9.3\libgcc.a
END GROUP
                0x01000000                _start_of_flash = 0x1000000
                0x01800000                _start_of_data = 0x1800000
                0x01c00000                _end_of_sram = (_start_of_data + 0x400000)
                0x01000020                _start_of_header = (_start_of_flash + 0x20)
                0x01000050                _start_of_app = (_start_of_flash + 0x50)
                0x01000000                . = _start_of_flash

.startup        0x01000000       0x1a
 *(sect_startup)
 sect_startup   0x01000000       0x1a obj/cstartup.o
                0x01000000                cstartup
                0x01000020                . = _start_of_header

.header         0x01000020       0x30
 *(sect_apphdr)
 sect_apphdr    0x01000020       0x30 obj/cstartup.o
                0x01000020                KAppHeader
                0x01000150                . = (_start_of_app + 0x100)

.text           0x01000150    0x22c3c
 *(.text* .glue_7* .gnu.linkonce.t.*)
 .glue_7        0x00000000        0x0 linker stubs
 .glue_7t       0x00000000        0x0 linker stubs
 .text          0x01000150        0x0 obj/Adjust.o
 .text.DispCurrTotal
                0x01000150       0x84 obj/Adjust.o
 .text.AdjustTrans
                0x010001d4      0x4cc obj/Adjust.o
                0x010001d4                AdjustTrans
 .text          0x010006a0        0x0 obj/Auth.o
 .text.AuthTrans
                0x010006a0      0x118 obj/Auth.o
                0x010006a0                AuthTrans
 .text          0x010007b8        0x0 obj/Chkoptn.o
 .text.AdjustPSWReqd
                0x010007b8       0x14 obj/Chkoptn.o
                0x010007b8                AdjustPSWReqd
 .text.SettlePSWReqd
                0x010007cc       0x14 obj/Chkoptn.o
                0x010007cc                SettlePSWReqd
 .text.ManualPSWReqd
                0x010007e0       0x14 obj/Chkoptn.o
                0x010007e0                ManualPSWReqd
 .text.DispMSRReqd
                0x010007f4       0x10 obj/Chkoptn.o
                0x010007f4                DispMSRReqd
 .text.TIPsReqd
                0x01000804       0x10 obj/Chkoptn.o
                0x01000804                TIPsReqd
 .text.PrintTimeReqd
                0x01000814       0x10 obj/Chkoptn.o
                0x01000814                PrintTimeReqd
 .text.DDMMBusinessDate
                0x01000824       0x10 obj/Chkoptn.o
                0x01000824                DDMMBusinessDate
 .text.ComfirmTotal
                0x01000834       0x10 obj/Chkoptn.o
                0x01000834                ComfirmTotal
 .text.EcrRefReqd
                0x01000844       0x10 obj/Chkoptn.o
                0x01000844                EcrRefReqd
 .text.PromptTips
                0x01000854       0x14 obj/Chkoptn.o
                0x01000854                PromptTips
 .text.BlockLocalTrans
                0x01000868       0x14 obj/Chkoptn.o
                0x01000868                BlockLocalTrans
 .text.NumOfRcptCopy
                0x0100087c       0x10 obj/Chkoptn.o
                0x0100087c                NumOfRcptCopy
 .text.ReferralDial
                0x0100088c       0x10 obj/Chkoptn.o
                0x0100088c                ReferralDial
 .text.HostSettlePending
                0x0100089c       0x14 obj/Chkoptn.o
                0x0100089c                HostSettlePending
 .text.RefundOffline
                0x010008b0       0x14 obj/Chkoptn.o
                0x010008b0                RefundOffline
 .text.VoidOffline
                0x010008c4       0x14 obj/Chkoptn.o
                0x010008c4                VoidOffline
 .text.PiggybackOffline
                0x010008d8       0x14 obj/Chkoptn.o
                0x010008d8                PiggybackOffline
 .text.Prompt4DBC
                0x010008ec       0x14 obj/Chkoptn.o
                0x010008ec                Prompt4DBC
 .text.MultiAdjustAllowed
                0x01000900       0x14 obj/Chkoptn.o
                0x01000900                MultiAdjustAllowed
 .text.ExtraMsgLen
                0x01000914       0x14 obj/Chkoptn.o
                0x01000914                ExtraMsgLen
 .text.CheckDuplicate
                0x01000928       0x14 obj/Chkoptn.o
                0x01000928                CheckDuplicate
 .text.FallbackDialup
                0x0100093c       0x14 obj/Chkoptn.o
                0x0100093c                FallbackDialup
 .text.GetHostType
                0x01000950       0x14 obj/Chkoptn.o
                0x01000950                GetHostType
 .text.UnderFloorLimit
                0x01000964       0x3c obj/Chkoptn.o
                0x01000964                UnderFloorLimit
 .text.ManualEntryAllow
                0x010009a0       0x14 obj/Chkoptn.o
                0x010009a0                ManualEntryAllow
 .text.OfflineAllowed
                0x010009b4       0x14 obj/Chkoptn.o
                0x010009b4                OfflineAllowed
 .text.ExpDateReqd
                0x010009c8       0x14 obj/Chkoptn.o
                0x010009c8                ExpDateReqd
 .text.VoiceReferral
                0x010009dc       0x20 obj/Chkoptn.o
                0x010009dc                VoiceReferral
 .text.DescriptorReqd
                0x010009fc       0x14 obj/Chkoptn.o
                0x010009fc                DescriptorReqd
 .text.AdjustAllowed
                0x01000a10       0x14 obj/Chkoptn.o
                0x01000a10                AdjustAllowed
 .text.CheckPAN
                0x01000a24       0x14 obj/Chkoptn.o
                0x01000a24                CheckPAN
 .text.PrintReqd
                0x01000a38       0x14 obj/Chkoptn.o
                0x01000a38                PrintReqd
 .text.DefaultCapture
                0x01000a4c       0x14 obj/Chkoptn.o
                0x01000a4c                DefaultCapture
 .text.CheckExpDate
                0x01000a60       0x14 obj/Chkoptn.o
                0x01000a60                CheckExpDate
 .text.RefundBlocked
                0x01000a74       0x14 obj/Chkoptn.o
                0x01000a74                RefundBlocked
 .text.AuthBlocked
                0x01000a88       0x14 obj/Chkoptn.o
                0x01000a88                AuthBlocked
 .text.VoidBlocked
                0x01000a9c       0x14 obj/Chkoptn.o
                0x01000a9c                VoidBlocked
 .text.BlockAuthCode
                0x01000ab0       0x14 obj/Chkoptn.o
                0x01000ab0                BlockAuthCode
 .text.MaskCardNo
                0x01000ac4       0x14 obj/Chkoptn.o
                0x01000ac4                MaskCardNo
 .text.ExpiryReject
                0x01000ad8       0x14 obj/Chkoptn.o
                0x01000ad8                ExpiryReject
 .text.BlockLocalManual
                0x01000aec       0x14 obj/Chkoptn.o
                0x01000aec                BlockLocalManual
 .text.BlockLocalSwipe
                0x01000b00       0x14 obj/Chkoptn.o
                0x01000b00                BlockLocalSwipe
 .text.Track1Enable
                0x01000b14       0x14 obj/Chkoptn.o
                0x01000b14                Track1Enable
 .text.EMVProcDisable
                0x01000b28       0x14 obj/Chkoptn.o
                0x01000b28                EMVProcDisable
 .text          0x01000b3c        0x0 obj/Constant.o
 .text.SaleType
                0x01000b3c       0x18 obj/Constant.o
                0x01000b3c                SaleType
 .text          0x01000b54        0x0 obj/Coremain.o
 .text.DispDTG  0x01000b54       0xdc obj/Coremain.o
 .text.VirginInit
                0x01000c30      0x150 obj/Coremain.o
                0x01000c30                VirginInit
 .text.GlobalsInit
                0x01000d80       0x5c obj/Coremain.o
                0x01000d80                GlobalsInit
 .text.GlobalsCleanUp
                0x01000ddc       0x18 obj/Coremain.o
                0x01000ddc                GlobalsCleanUp
 .text.TransModeDisp
                0x01000df4      0x134 obj/Coremain.o
                0x01000df4                TransModeDisp
 .text.Coremain
                0x01000f28      0x4d0 obj/Coremain.o
                0x01000f28                Coremain
 .text          0x010013f8        0x0 obj/DemoTest.o
 .text          0x010013f8        0x0 obj/Ecr.o
 .text.EcrGetAmount
                0x010013f8       0x50 obj/Ecr.o
                0x010013f8                EcrGetAmount
 .text.EcrGetRef
                0x01001448       0x4c obj/Ecr.o
                0x01001448                EcrGetRef
 .text.EcrResp  0x01001494      0x284 obj/Ecr.o
                0x01001494                EcrResp
 .text.GetLastTrace
                0x01001718       0x78 obj/Ecr.o
                0x01001718                GetLastTrace
 .text.GetHostIdx
                0x01001790       0x38 obj/Ecr.o
                0x01001790                GetHostIdx
 .text.GetHostName
                0x010017c8       0x4c obj/Ecr.o
                0x010017c8                GetHostName
 .text.GetHostTot
                0x01001814       0x50 obj/Ecr.o
                0x01001814                GetHostTot
 .text.EcrSettle
                0x01001864       0x28 obj/Ecr.o
                0x01001864                EcrSettle
 .text.EcrCmdProcess
                0x0100188c       0x90 obj/Ecr.o
                0x0100188c                EcrCmdProcess
 .text          0x0100191c        0x0 obj/Func.o
 .text.DispStatusMsg
                0x0100191c       0x1a obj/Func.o
 *fill*         0x01001936        0x2 
 .text.DispTransData
                0x01001938      0x1e8 obj/Func.o
 .text.DispReversal
                0x01001b20      0x3b8 obj/Func.o
                0x01001b20                DispReversal
 .text.ClearReversal
                0x01001ed8      0x190 obj/Func.o
                0x01001ed8                ClearReversal
 .text.DisplayRecordno
                0x01002068      0x2e8 obj/Func.o
                0x01002068                DisplayRecordno
 .text.DisplayBatch
                0x01002350      0x324 obj/Func.o
                0x01002350                DisplayBatch
 .text.ClearBatch
                0x01002674      0x180 obj/Func.o
                0x01002674                ClearBatch
 .text.DispTransTotal
                0x010027f4      0x1a0 obj/Func.o
                0x010027f4                DispTransTotal
 .text.ReprintTxn
                0x01002994       0x68 obj/Func.o
                0x01002994                ReprintTxn
 .text.PrintTotals
                0x010029fc       0x80 obj/Func.o
                0x010029fc                PrintTotals
 .text.PrintTxnRecord
                0x01002a7c      0x348 obj/Func.o
                0x01002a7c                PrintTxnRecord
 .text.MerchantFunc
                0x01002dc4      0x354 obj/Func.o
                0x01002dc4                MerchantFunc
 .text          0x01003118        0x0 obj/Offline.o
 .text.OfflineSent
                0x01003118      0x1ac obj/Offline.o
                0x01003118                OfflineSent
 .text          0x010032c4        0x0 obj/Others.o
 .text.GetAccessrefund
                0x010032c4       0xd8 obj/Others.o
                0x010032c4                GetAccessrefund
 .text.GetAccessrevoid
                0x0100339c       0xd8 obj/Others.o
                0x0100339c                GetAccessrevoid
 .text.OtherTrans
                0x01003474       0xa8 obj/Others.o
                0x01003474                OtherTrans
 .text.OtherCurrency
                0x0100351c       0x34 obj/Others.o
                0x0100351c                OtherCurrency
 .text          0x01003550        0x0 obj/ParamTest.o
 .text.ReadBmp  0x01003550       0x28 obj/ParamTest.o
 .text.LptPutN  0x01003578       0xc4 obj/ParamTest.o
 .text.LptClose
                0x0100363c       0x5c obj/ParamTest.o
 .text.WritePrn.constprop.0
                0x01003698       0x14 obj/ParamTest.o
 .text.DispParamFile
                0x010036ac      0x1b4 obj/ParamTest.o
                0x010036ac                DispParamFile
 .text.LptParamFile
                0x01003860      0x41c obj/ParamTest.o
                0x01003860                LptParamFile
 .text          0x01003c7c        0x0 obj/Print.o
 .text.PackLogo
                0x01003c7c       0x50 obj/Print.o
                0x01003c7c                PackLogo
 .text.PackDtg  0x01003ccc       0x32 obj/Print.o
                0x01003ccc                PackDtg
 *fill*         0x01003cfe        0x2 
 .text.PackCurrentDate
                0x01003d00       0x80 obj/Print.o
                0x01003d00                PackCurrentDate
 .text.PackSeperator
                0x01003d80       0x10 obj/Print.o
                0x01003d80                PackSeperator
 .text.PackRcptHeader
                0x01003d90       0x44 obj/Print.o
                0x01003d90                PackRcptHeader
 .text.PackAmt  0x01003dd4       0x40 obj/Print.o
                0x01003dd4                PackAmt
 .text.PackCountAmt
                0x01003e14       0x3a obj/Print.o
 .text.PackFF   0x01003e4e       0x1a obj/Print.o
                0x01003e4e                PackFF
 .text.PackTotals
                0x01003e68       0xbc obj/Print.o
                0x01003e68                PackTotals
 .text.PackEndOfRep
                0x01003f24       0x34 obj/Print.o
                0x01003f24                PackEndOfRep
 .text.SaveLastRcpt
                0x01003f58       0xb0 obj/Print.o
                0x01003f58                SaveLastRcpt
 .text.GetLastRcpt
                0x01004008       0x54 obj/Print.o
                0x01004008                GetLastRcpt
 .text.ReprintLast
                0x0100405c       0x94 obj/Print.o
                0x0100405c                ReprintLast
 .text.ManualFeed
                0x010040f0       0x30 obj/Print.o
                0x010040f0                ManualFeed
 .text          0x01004120        0x0 obj/Reversal.o
 .text.ReversalOK
                0x01004120       0xf4 obj/Reversal.o
                0x01004120                ReversalOK
 .text          0x01004214        0x0 obj/Sale.o
 .text.ReferralCall
                0x01004214      0x19c obj/Sale.o
                0x01004214                ReferralCall
 .text.ReferralProcess
                0x010043b0       0xec obj/Sale.o
                0x010043b0                ReferralProcess
 .text.SaleTrans
                0x0100449c      0x15c obj/Sale.o
                0x0100449c                SaleTrans
 .text          0x010045f8        0x0 obj/SaleOffl.o
 .text.SaleOfflTrans
                0x010045f8       0x6c obj/SaleOffl.o
                0x010045f8                SaleOfflTrans
 .text          0x01004664        0x0 obj/Settle.o
 .text.AllTotalZero
                0x01004664       0x48 obj/Settle.o
 .text.GetSettleAmount
                0x010046ac       0x80 obj/Settle.o
 .text.UploadTransOK
                0x0100472c      0x1f0 obj/Settle.o
 .text.PackBatchText
                0x0100491c       0x48 obj/Settle.o
 .text.CloseBatch
                0x01004964      0x1ac obj/Settle.o
 .text.ConfirmSetlTot
                0x01004b10      0x304 obj/Settle.o
                0x01004b10                ConfirmSetlTot
 .text.SettleTrans
                0x01004e14      0x390 obj/Settle.o
                0x01004e14                SettleTrans
 .text          0x010051a4        0x0 obj/Sysutil.o
 .text.LongBeep
                0x010051a4        0xc obj/Sysutil.o
                0x010051a4                LongBeep
 .text.AcceptBeep
                0x010051b0        0xc obj/Sysutil.o
                0x010051b0                AcceptBeep
 .text.Short2Beep
                0x010051bc        0xc obj/Sysutil.o
                0x010051bc                Short2Beep
 .text.Short1Beep
                0x010051c8        0xc obj/Sysutil.o
                0x010051c8                Short1Beep
 .text.Delay1Sec
                0x010051d4       0x44 obj/Sysutil.o
                0x010051d4                Delay1Sec
 .text.ErrorDelay
                0x01005218        0x8 obj/Sysutil.o
                0x01005218                ErrorDelay
 .text.Delay10ms
                0x01005220       0x28 obj/Sysutil.o
                0x01005220                Delay10ms
 .text.SetRTC   0x01005248       0x26 obj/Sysutil.o
                0x01005248                SetRTC
 .text.ReadRTC  0x0100526e       0x1a obj/Sysutil.o
                0x0100526e                ReadRTC
 .text.ConvDateTime
                0x01005288       0x84 obj/Sysutil.o
                0x01005288                ConvDateTime
 .text.ConvDateTimeT
                0x0100530c       0x48 obj/Sysutil.o
                0x0100530c                ConvDateTimeT
 .text.SetDTG   0x01005354       0x5a obj/Sysutil.o
                0x01005354                SetDTG
 .text.FreeRunMark
                0x010053ae        0x8 obj/Sysutil.o
                0x010053ae                FreeRunMark
 .text.FreeRunElapsed
                0x010053b6       0x14 obj/Sysutil.o
                0x010053b6                FreeRunElapsed
 .text.ByteCopy
                0x010053ca        0x4 obj/Sysutil.o
                0x010053ca                ByteCopy
 .text.CompressInputData
                0x010053ce       0x32 obj/Sysutil.o
                0x010053ce                CompressInputData
 .text.CompressInputFData
                0x01005400       0x36 obj/Sysutil.o
                0x01005400                CompressInputFData
 *fill*         0x01005436        0x2 
 .text.GetMonthText
                0x01005438       0x10 obj/Sysutil.o
                0x01005438                GetMonthText
 .text.MemFatalErr
                0x01005448       0x6c obj/Sysutil.o
                0x01005448                MemFatalErr
 .text.DebugPoint
                0x010054b4       0x5c obj/Sysutil.o
                0x010054b4                DebugPoint
 .text.ConvAmount
                0x01005510       0x80 obj/Sysutil.o
                0x01005510                ConvAmount
 .text.Disp2x16Msg
                0x01005590       0xbc obj/Sysutil.o
                0x01005590                Disp2x16Msg
 .text.PrintLcd2LptCtr
                0x0100564c      0x1c4 obj/Sysutil.o
                0x0100564c                PrintLcd2LptCtr
 .text.debugAsc
                0x01005810       0x60 obj/Sysutil.o
                0x01005810                debugAsc
 .text.debugHex
                0x01005870       0x80 obj/Sysutil.o
                0x01005870                debugHex
 .text.ShowIp   0x010058f0       0x88 obj/Sysutil.o
                0x010058f0                ShowIp
 .text          0x01005978        0x0 obj/TLVUtil.o
 .text.DDWORD2bcd
                0x01005978       0x60 obj/TLVUtil.o
                0x01005978                DDWORD2bcd
 .text.bcd2DDWORD
                0x010059d8       0x2a obj/TLVUtil.o
                0x010059d8                bcd2DDWORD
 .text.WPut     0x01005a02        0x8 obj/TLVUtil.o
                0x01005a02                WPut
 .text.TlvTSize
                0x01005a0a       0x12 obj/TLVUtil.o
                0x01005a0a                TlvTSize
 .text.TlvTag   0x01005a1c       0x1a obj/TLVUtil.o
                0x01005a1c                TlvTag
 .text.TlvLSize
                0x01005a36       0x1e obj/TLVUtil.o
                0x01005a36                TlvLSize
 .text.TlvLen   0x01005a54       0x32 obj/TLVUtil.o
                0x01005a54                TlvLen
 .text.TlvSizeOf
                0x01005a86       0x24 obj/TLVUtil.o
                0x01005a86                TlvSizeOf
 .text.TlvVPtr  0x01005aaa       0x1a obj/TLVUtil.o
                0x01005aaa                TlvVPtr
 .text.TlvSeek  0x01005ac4       0x44 obj/TLVUtil.o
                0x01005ac4                TlvSeek
 .text.TlvNext  0x01005b08       0x10 obj/TLVUtil.o
                0x01005b08                TlvNext
 .text.TlvIsCTag
                0x01005b18       0x14 obj/TLVUtil.o
                0x01005b18                TlvIsCTag
 .text.TlvPack  0x01005b2c       0x58 obj/TLVUtil.o
                0x01005b2c                TlvPack
 .text          0x01005b84        0x0 obj/TestCfg.o
 .text.KernelReady
                0x01005b84       0x12 obj/TestCfg.o
 *fill*         0x01005b96        0x2 
 .text.DoSetup  0x01005b98       0x40 obj/TestCfg.o
 .text.DoCTLSetup
                0x01005bd8       0x40 obj/TestCfg.o
 .text.DebugAutoRun
                0x01005c18        0x4 obj/TestCfg.o
                0x01005c18                DebugAutoRun
 .text.GetAutoTrans
                0x01005c1c        0x4 obj/TestCfg.o
                0x01005c1c                GetAutoTrans
 .text.GetAutoAmount
                0x01005c20       0x10 obj/TestCfg.o
                0x01005c20                GetAutoAmount
 .text.GetAutoPin
                0x01005c30       0x10 obj/TestCfg.o
                0x01005c30                GetAutoPin
 .text.DebugEnd
                0x01005c40        0x4 obj/TestCfg.o
                0x01005c40                DebugEnd
 .text.LoadEMVKey
                0x01005c44       0x7c obj/TestCfg.o
                0x01005c44                LoadEMVKey
 .text.LoadEMVCfg
                0x01005cc0       0xb8 obj/TestCfg.o
                0x01005cc0                LoadEMVCfg
 .text.ExtPPadSetup
                0x01005d78       0x5c obj/TestCfg.o
                0x01005d78                ExtPPadSetup
 .text.LoadCTLKey
                0x01005dd4       0x80 obj/TestCfg.o
                0x01005dd4                LoadCTLKey
 .text.LoadCTLCfg
                0x01005e54       0xbc obj/TestCfg.o
                0x01005e54                LoadCTLCfg
 .text          0x01005f10        0x0 obj/Void.o
 .text.VoidTrans
                0x01005f10      0x2ec obj/Void.o
                0x01005f10                VoidTrans
 .text          0x010061fc        0x0 obj/auxcom.o
 .text.AuxOpen  0x010061fc       0x24 obj/auxcom.o
                0x010061fc                AuxOpen
 .text.AuxClose
                0x01006220       0x20 obj/auxcom.o
                0x01006220                AuxClose
 .text.AuxRead  0x01006240       0x14 obj/auxcom.o
                0x01006240                AuxRead
 .text.AuxRxRdy
                0x01006254        0xe obj/auxcom.o
                0x01006254                AuxRxRdy
 .text.AuxTxRdy
                0x01006262        0xe obj/auxcom.o
                0x01006262                AuxTxRdy
 .text.AuxWrite
                0x01006270       0x24 obj/auxcom.o
                0x01006270                AuxWrite
 .text.AuxEnable
                0x01006294       0x18 obj/auxcom.o
                0x01006294                AuxEnable
 .text.AuxDisable
                0x010062ac       0x1c obj/auxcom.o
                0x010062ac                AuxDisable
 .text.dbgHex   0x010062c8       0x7c obj/auxcom.o
                0x010062c8                dbgHex
 .text          0x01006344        0x0 obj/brdrtest.o
 .text.BRdrTest
                0x01006344      0x3f4 obj/brdrtest.o
                0x01006344                BRdrTest
 .text          0x01006738        0x0 obj/camtest.o
 .text.ShowLayer
                0x01006738       0x28 obj/camtest.o
 .text.SensorClose
                0x01006760       0x24 obj/camtest.o
 .text.SensorSwMode
                0x01006784      0x124 obj/camtest.o
 .text.SensorOpen
                0x010068a8      0x140 obj/camtest.o
 .text.LcdOnLayerEnable.part.0
                0x010069e8       0x20 obj/camtest.o
 .text.LcdOnLayerShow.constprop.1
                0x01006a08       0x54 obj/camtest.o
 .text.Y800toLcdLeft
                0x01006a5c       0x5a obj/camtest.o
                0x01006a5c                Y800toLcdLeft
 *fill*         0x01006ab6        0x2 
 .text.ShowBarcode
                0x01006ab8       0x98 obj/camtest.o
                0x01006ab8                ShowBarcode
 .text.CamTest2D
                0x01006b50      0x634 obj/camtest.o
                0x01006b50                CamTest2D
 .text.CamTestAll
                0x01007184      0x740 obj/camtest.o
                0x01007184                CamTestAll
 .text          0x010078c4        0x0 obj/corevar.o
 .text.DataFileInit
                0x010078c4       0xd4 obj/corevar.o
                0x010078c4                DataFileInit
 .text.DataFileUpdate
                0x01007998       0x68 obj/corevar.o
                0x01007998                DataFileUpdate
 .text.DataFileClose
                0x01007a00       0x70 obj/corevar.o
                0x01007a00                DataFileClose
 .text.CorrectHost
                0x01007a70        0x4 obj/corevar.o
                0x01007a70                CorrectHost
 .text.GenAuthCode
                0x01007a74       0x20 obj/corevar.o
                0x01007a74                GenAuthCode
 .text.SetDefault
                0x01007a94       0x10 obj/corevar.o
                0x01007a94                SetDefault
 .text.MsgBufSetup
                0x01007aa4       0x14 obj/corevar.o
                0x01007aa4                MsgBufSetup
 .text.PackMsgBufLen
                0x01007ab8       0x14 obj/corevar.o
                0x01007ab8                PackMsgBufLen
 .text.TxBufSetup
                0x01007acc       0x28 obj/corevar.o
                0x01007acc                TxBufSetup
 .text.PackTxBufLen
                0x01007af4       0x2c obj/corevar.o
                0x01007af4                PackTxBufLen
 .text.RxBufSetup
                0x01007b20       0x28 obj/corevar.o
                0x01007b20                RxBufSetup
 .text.PackRxBufLen
                0x01007b48       0x30 obj/corevar.o
                0x01007b48                PackRxBufLen
 .text.ValidRecordCRC
                0x01007b78       0x24 obj/corevar.o
                0x01007b78                ValidRecordCRC
 .text.RefreshDispAfter
                0x01007b9c       0x24 obj/corevar.o
                0x01007b9c                RefreshDispAfter
 .text.FreeGDS  0x01007bc0       0x14 obj/corevar.o
                0x01007bc0                FreeGDS
 .text.MallocGDS
                0x01007bd4       0x3c obj/corevar.o
                0x01007bd4                MallocGDS
 .text.TrainingModeON
                0x01007c10       0x18 obj/corevar.o
                0x01007c10                TrainingModeON
 .text.IncAPMTraceNoEnd
                0x01007c28       0x48 obj/corevar.o
                0x01007c28                IncAPMTraceNoEnd
 .text.IncAPMTraceNo
                0x01007c70       0x48 obj/corevar.o
                0x01007c70                IncAPMTraceNo
 .text.CTLEnable
                0x01007cb8        0xc obj/corevar.o
                0x01007cb8                CTLEnable
 .text.CTLEnabled
                0x01007cc4        0xc obj/corevar.o
                0x01007cc4                CTLEnabled
 .text.PPPCfgUpdate
                0x01007cd0       0x1c obj/corevar.o
                0x01007cd0                PPPCfgUpdate
 .text          0x01007cec        0x0 obj/ctltrans.o
 .text.CTLTagSeek.part.1
                0x01007cec       0x74 obj/ctltrans.o
 .text.CL_Led   0x01007d60       0x60 obj/ctltrans.o
                0x01007d60                CL_Led
 .text.CL_LedSet
                0x01007dc0       0x8c obj/ctltrans.o
                0x01007dc0                CL_LedSet
 .text.GetCTLKeyInfo
                0x01007e4c       0x54 obj/ctltrans.o
                0x01007e4c                GetCTLKeyInfo
 .text.CL_Init  0x01007ea0       0x74 obj/ctltrans.o
                0x01007ea0                CL_Init
 .text.CL_WaitCard
                0x01007f14       0x94 obj/ctltrans.o
                0x01007f14                CL_WaitCard
 .text.CL_Close
                0x01007fa8       0x40 obj/ctltrans.o
                0x01007fa8                CL_Close
 .text.CL_Off   0x01007fe8       0x16 obj/ctltrans.o
                0x01007fe8                CL_Off
 *fill*         0x01007ffe        0x2 
 .text.debugCTL
                0x01008000       0xd8 obj/ctltrans.o
                0x01008000                debugCTL
 .text.debugAuxCTL
                0x010080d8       0xd0 obj/ctltrans.o
                0x010080d8                debugAuxCTL
 .text.CTLTagSeek
                0x010081a8       0x28 obj/ctltrans.o
                0x010081a8                CTLTagSeek
 .text.CTLFatal
                0x010081d0       0x40 obj/ctltrans.o
                0x010081d0                CTLFatal
 .text.ValidCTLData
                0x01008210      0x164 obj/ctltrans.o
                0x01008210                ValidCTLData
 .text.PackCTLDummyData
                0x01008374       0x38 obj/ctltrans.o
                0x01008374                PackCTLDummyData
 .text.PackCTLTagsData
                0x010083ac       0x40 obj/ctltrans.o
                0x010083ac                PackCTLTagsData
 .text.PackCTLData
                0x010083ec       0x20 obj/ctltrans.o
                0x010083ec                PackCTLData
 .text.CTLComplete
                0x0100840c      0x3fc obj/ctltrans.o
 .text.CTLError.isra.3
                0x01008808      0x160 obj/ctltrans.o
 .text.CTLPreProcess
                0x01008968       0xf0 obj/ctltrans.o
                0x01008968                CTLPreProcess
 .text.CTLWaitCard
                0x01008a58       0x3e obj/ctltrans.o
                0x01008a58                CTLWaitCard
 *fill*         0x01008a96        0x2 
 .text.debugEMV
                0x01008a98       0xac obj/ctltrans.o
                0x01008a98                debugEMV
 .text.CTLDebug
                0x01008b44      0x440 obj/ctltrans.o
                0x01008b44                CTLDebug
 .text.CTLProcess
                0x01008f84       0xbc obj/ctltrans.o
                0x01008f84                CTLProcess
 .text.CTLTrans
                0x01009040       0xd4 obj/ctltrans.o
                0x01009040                CTLTrans
 .text.CtlUnderTransLimit
                0x01009114       0x20 obj/ctltrans.o
                0x01009114                CtlUnderTransLimit
 .text.DispDefinedLogo
                0x01009134       0x44 obj/ctltrans.o
                0x01009134                DispDefinedLogo
 .text          0x01009178        0x0 obj/debugstis.o
 .text.SaveSTISDbgData
                0x01009178       0xd8 obj/debugstis.o
                0x01009178                SaveSTISDbgData
 .text          0x01009250        0x0 obj/emvl2cfg.o
 .text          0x01009250        0x0 obj/emvtrans.o
 .text.EMVCancel
                0x01009250       0x70 obj/emvtrans.o
 .text.DeAss    0x010092c0       0x82 obj/emvtrans.o
                0x010092c0                DeAss
 .text.TagPut   0x01009342       0x10 obj/emvtrans.o
                0x01009342                TagPut
 .text.TagSeek  0x01009352       0x10 obj/emvtrans.o
                0x01009352                TagSeek
 .text.TagData  0x01009362       0x14 obj/emvtrans.o
                0x01009362                TagData
 *fill*         0x01009376        0x2 
 .text.PackTagsData
                0x01009378       0x48 obj/emvtrans.o
                0x01009378                PackTagsData
 .text.EMVFatal
                0x010093c0       0x40 obj/emvtrans.o
                0x010093c0                EMVFatal
 .text.EMVInput
                0x01009400      0x198 obj/emvtrans.o
                0x01009400                EMVInput
 .text.GetApplNameTag
                0x01009598       0x40 obj/emvtrans.o
                0x01009598                GetApplNameTag
 .text.ValidEMVData
                0x010095d8      0x1e4 obj/emvtrans.o
                0x010095d8                ValidEMVData
 .text.PackEMVData
                0x010097bc       0x20 obj/emvtrans.o
                0x010097bc                PackEMVData
 .text.debugEMV2
                0x010097dc       0x78 obj/emvtrans.o
                0x010097dc                debugEMV2
 .text.GetTxnCode
                0x01009854       0x1c obj/emvtrans.o
                0x01009854                GetTxnCode
 .text.EMVProcess
                0x01009870      0x8fc obj/emvtrans.o
                0x01009870                EMVProcess
 .text.EMVTrans
                0x0100a16c      0x148 obj/emvtrans.o
                0x0100a16c                EMVTrans
 .text.EMVInit  0x0100a2b4       0x48 obj/emvtrans.o
                0x0100a2b4                EMVInit
 .text          0x0100a2fc        0x0 obj/hardware.o
 .text.CloseAllHw
                0x0100a2fc       0x50 obj/hardware.o
                0x0100a2fc                CloseAllHw
 .text.WaitKey  0x0100a34c       0xac obj/hardware.o
                0x0100a34c                WaitKey
 .text.MSRSwiped
                0x0100a3f8       0xc8 obj/hardware.o
                0x0100a3f8                MSRSwiped
 .text.ICCInserted
                0x0100a4c0       0x4c obj/hardware.o
                0x0100a4c0                ICCInserted
 .text.ICCReaderRdy
                0x0100a50c       0x38 obj/hardware.o
                0x0100a50c                ICCReaderRdy
 .text.WaitICCRemove
                0x0100a544       0x4c obj/hardware.o
                0x0100a544                WaitICCRemove
 .text.PowerOnICC
                0x0100a590       0x18 obj/hardware.o
                0x0100a590                PowerOnICC
 .text.PowerOffICC
                0x0100a5a8       0x16 obj/hardware.o
                0x0100a5a8                PowerOffICC
 .text.OffDevice
                0x0100a5be       0x34 obj/hardware.o
                0x0100a5be                OffDevice
 *fill*         0x0100a5f2        0x2 
 .text.InitAllHw
                0x0100a5f4       0x90 obj/hardware.o
                0x0100a5f4                InitAllHw
 .text.OnDevice
                0x0100a684       0x3c obj/hardware.o
                0x0100a684                OnDevice
 .text.PwrSleep
                0x0100a6c0      0x19c obj/hardware.o
                0x0100a6c0                PwrSleep
 .text          0x0100a85c        0x0 obj/hostmsg.o
 .text.print_field.isra.0
                0x0100a85c        0xc obj/hostmsg.o
 .text.PackProcCode
                0x0100a868       0x3c obj/hostmsg.o
                0x0100a868                PackProcCode
 .text.PackHostMsg
                0x0100a8a4      0x8d0 obj/hostmsg.o
                0x0100a8a4                PackHostMsg
 .text.CheckHostRsp
                0x0100b174      0x748 obj/hostmsg.o
                0x0100b174                CheckHostRsp
 .text          0x0100b8bc        0x0 obj/iface.o
 .text.UpdIfaceDat
                0x0100b8bc       0x8c obj/iface.o
 .text.keyPut   0x0100b948       0x88 obj/iface.o
 .text.encrypt  0x0100b9d0       0xf8 obj/iface.o
 .text.errRspData.isra.0
                0x0100bac8       0x12 obj/iface.o
 .text.IfaceRx.part.8
                0x0100bada       0x2e obj/iface.o
 .text.rspPackFmt.isra.6.constprop.9
                0x0100bb08      0x150 obj/iface.o
 .text.IfaceInitData
                0x0100bc58      0x11c obj/iface.o
                0x0100bc58                IfaceInitData
 .text.packFullEmvData
                0x0100bd74      0x2f0 obj/iface.o
                0x0100bd74                packFullEmvData
 .text.ItfVoid  0x0100c064        0xe obj/iface.o
                0x0100c064                ItfVoid
 *fill*         0x0100c072        0x2 
 .text.ItfHostTot
                0x0100c074       0x24 obj/iface.o
                0x0100c074                ItfHostTot
 .text.ItfSettle
                0x0100c098       0x44 obj/iface.o
                0x0100c098                ItfSettle
 .text.Spt3MsgHdr
                0x0100c0dc      0x5a8 obj/iface.o
                0x0100c0dc                Spt3MsgHdr
 .text.IfaceInit
                0x0100c684        0x4 obj/iface.o
                0x0100c684                IfaceInit
 .text.IfaceClose
                0x0100c688        0x4 obj/iface.o
                0x0100c688                IfaceClose
 .text.debugAuxIface
                0x0100c68c      0x108 obj/iface.o
                0x0100c68c                debugAuxIface
 .text.IfaceTx  0x0100c794       0x2a obj/iface.o
                0x0100c794                IfaceTx
 .text.IfaceRx  0x0100c7be       0x28 obj/iface.o
                0x0100c7be                IfaceRx
 *fill*         0x0100c7e6        0x2 
 .text.IfaceProcess
                0x0100c7e8       0x60 obj/iface.o
                0x0100c7e8                IfaceProcess
 .text          0x0100c848        0x0 obj/iface_util.o
 .text.UGet     0x0100c848       0x16 obj/iface_util.o
                0x0100c848                UGet
 .text.UPut     0x0100c85e       0x10 obj/iface_util.o
                0x0100c85e                UPut
 .text.WGet     0x0100c86e        0xc obj/iface_util.o
                0x0100c86e                WGet
 .text.Des      0x0100c87a       0x26 obj/iface_util.o
                0x0100c87a                Des
 .text.Des2     0x0100c8a0       0x26 obj/iface_util.o
                0x0100c8a0                Des2
 .text.TDes     0x0100c8c6       0x26 obj/iface_util.o
                0x0100c8c6                TDes
 .text.TDes2    0x0100c8ec       0x26 obj/iface_util.o
                0x0100c8ec                TDes2
 *fill*         0x0100c912        0x2 
 .text.Crc16    0x0100c914       0x28 obj/iface_util.o
                0x0100c914                Crc16
 .text.Random   0x0100c93c       0x38 obj/iface_util.o
                0x0100c93c                Random
 .text          0x0100c974        0x0 obj/input.o
 .text.DispKeyinPAN
                0x0100c974       0x94 obj/input.o
 .text.FindSeperator.constprop.2
                0x0100ca08       0x30 obj/input.o
 .text.CheckCurrency
                0x0100ca38       0x8c obj/input.o
                0x0100ca38                CheckCurrency
 .text.InCardTable
                0x0100cac4      0x1a0 obj/input.o
                0x0100cac4                InCardTable
 .text.PromptYesNo
                0x0100cc64       0x28 obj/input.o
                0x0100cc64                PromptYesNo
 .text.GetAuthCode
                0x0100cc8c       0xbc obj/input.o
                0x0100cc8c                GetAuthCode
 .text.GetAmount
                0x0100cd48      0x258 obj/input.o
                0x0100cd48                GetAmount
 .text.Expire_diff
                0x0100cfa0       0x58 obj/input.o
                0x0100cfa0                Expire_diff
 .text.ValidCard
                0x0100cff8      0x308 obj/input.o
                0x0100cff8                ValidCard
 .text.GetExpDate
                0x0100d300      0x118 obj/input.o
                0x0100d300                GetExpDate
 .text.GetProductCode
                0x0100d418      0x2c0 obj/input.o
                0x0100d418                GetProductCode
 .text.Get4DBC  0x0100d6d8       0x7c obj/input.o
                0x0100d6d8                Get4DBC
 .text.SearchRecord
                0x0100d754      0x108 obj/input.o
                0x0100d754                SearchRecord
 .text.GetCardNbr
                0x0100d85c       0xe8 obj/input.o
                0x0100d85c                GetCardNbr
 .text.GetCard  0x0100d944       0xf8 obj/input.o
                0x0100d944                GetCard
 .text.WaitCardTrans
                0x0100da3c      0x328 obj/input.o
                0x0100da3c                WaitCardTrans
 .text.GetEcrRef
                0x0100dd64       0x84 obj/input.o
                0x0100dd64                GetEcrRef
 .text.GetCashBackAmount
                0x0100dde8       0xcc obj/input.o
                0x0100dde8                GetCashBackAmount
 .text          0x0100deb4        0x0 obj/keytrans.o
 .text.key_ready
                0x0100deb4       0x24 obj/keytrans.o
                0x0100deb4                key_ready
 .text.ResetKey
                0x0100ded8       0x54 obj/keytrans.o
                0x0100ded8                ResetKey
 .text.LoadTmk  0x0100df2c      0x28c obj/keytrans.o
                0x0100df2c                LoadTmk
 .text.LoadKeys
                0x0100e1b8      0x220 obj/keytrans.o
                0x0100e1b8                LoadKeys
 .text.EncData  0x0100e3d8      0x114 obj/keytrans.o
                0x0100e3d8                EncData
 .text.DecData  0x0100e4ec      0x114 obj/keytrans.o
                0x0100e4ec                DecData
 .text.SetMode  0x0100e600      0x154 obj/keytrans.o
                0x0100e600                SetMode
 .text.GetPIN   0x0100e754       0xb4 obj/keytrans.o
                0x0100e754                GetPIN
 .text.SetDhostIdx
                0x0100e808       0x84 obj/keytrans.o
                0x0100e808                SetDhostIdx
 .text.ResetDukptIkey
                0x0100e88c       0xac obj/keytrans.o
                0x0100e88c                ResetDukptIkey
 .text.LoadDukptIkey
                0x0100e938       0xdc obj/keytrans.o
                0x0100e938                LoadDukptIkey
 .text.GetDukptPin
                0x0100ea14      0x108 obj/keytrans.o
                0x0100ea14                GetDukptPin
 .text.IccTmkInject
                0x0100eb1c       0xec obj/keytrans.o
                0x0100eb1c                IccTmkInject
 .text          0x0100ec08        0x0 obj/lptutil.o
 .text.RestartLpt
                0x0100ec08       0x2c obj/lptutil.o
 .text.ResetLpt
                0x0100ec34       0x2c obj/lptutil.o
 .text.WaitPrnFinish
                0x0100ec60       0xe0 obj/lptutil.o
                0x0100ec60                WaitPrnFinish
 .text.GetBatteryLevel
                0x0100ed40       0x1e obj/lptutil.o
                0x0100ed40                GetBatteryLevel
 .text.PrintLowBatt
                0x0100ed5e       0x10 obj/lptutil.o
                0x0100ed5e                PrintLowBatt
 *fill*         0x0100ed6e        0x2 
 .text.LptClose
                0x0100ed70       0x2c obj/lptutil.o
                0x0100ed70                LptClose
 .text.LptOpen  0x0100ed9c       0xf0 obj/lptutil.o
                0x0100ed9c                LptOpen
 .text.LptPutN  0x0100ee8c       0x54 obj/lptutil.o
                0x0100ee8c                LptPutN
 .text.LptPutS  0x0100eee0       0x14 obj/lptutil.o
                0x0100eee0                LptPutS
 .text.Adv2Bookmark
                0x0100eef4       0x78 obj/lptutil.o
                0x0100eef4                Adv2Bookmark
 .text.PrintLogo
                0x0100ef6c       0x88 obj/lptutil.o
                0x0100ef6c                PrintLogo
 .text.PrintBuf
                0x0100eff4      0x148 obj/lptutil.o
                0x0100eff4                PrintBuf
 .text.PrintRcptLF
                0x0100f13c       0x24 obj/lptutil.o
                0x0100f13c                PrintRcptLF
 .text.PrintRcptFF
                0x0100f160        0x6 obj/lptutil.o
                0x0100f160                PrintRcptFF
 .text          0x0100f166        0x0 obj/main.o
 *fill*         0x0100f166        0x2 
 .text.startup.main
                0x0100f168       0x78 obj/main.o
                0x0100f168                main
 .text          0x0100f1e0        0x0 obj/menu.o
 .text.MenuSelect
                0x0100f1e0      0x590 obj/menu.o
                0x0100f1e0                MenuSelect
 .text          0x0100f770        0x0 obj/message.o
 .text.GetConstMsg
                0x0100f770       0x10 obj/message.o
                0x0100f770                GetConstMsg
 .text          0x0100f780        0x0 obj/network.o
 .text.SetBannerMode
                0x0100f780       0x48 obj/network.o
                0x0100f780                SetBannerMode
 .text.IconPuts
                0x0100f7c8       0x40 obj/network.o
                0x0100f7c8                IconPuts
 .text.SetBannerText
                0x0100f808       0x14 obj/network.o
                0x0100f808                SetBannerText
 .text.GPRSReset
                0x0100f81c      0x14c obj/network.o
                0x0100f81c                GPRSReset
 .text.SetPPPConfig
                0x0100f968       0xa6 obj/network.o
                0x0100f968                SetPPPConfig
 *fill*         0x0100fa0e        0x2 
 .text.NetworkInfo
                0x0100fa10      0x538 obj/network.o
                0x0100fa10                NetworkInfo
 .text.SelSIM   0x0100ff48      0x2a4 obj/network.o
                0x0100ff48                SelSIM
 .text.GetBatteryPercent
                0x010101ec       0x60 obj/network.o
                0x010101ec                GetBatteryPercent
 .text.ShowSimStatus
                0x0101024c      0x154 obj/network.o
                0x0101024c                ShowSimStatus
 .text.SimStatusThrd
                0x010103a0       0x18 obj/network.o
                0x010103a0                SimStatusThrd
 .text.NetworkInit
                0x010103b8      0x26c obj/network.o
                0x010103b8                NetworkInit
 .text.GetSubNum
                0x01010624       0xb4 obj/network.o
                0x01010624                GetSubNum
 .text.GetMobileNum
                0x010106d8      0x1dc obj/network.o
                0x010106d8                GetMobileNum
 .text.GetSimCCID
                0x010108b4      0x28c obj/network.o
                0x010108b4                GetSimCCID
 .text.MobileNumTest
                0x01010b40       0xe4 obj/network.o
                0x01010b40                MobileNumTest
 .text.SNTest   0x01010c24       0xe8 obj/network.o
                0x01010c24                SNTest
 .text.GetPPPStatus
                0x01010d0c       0x20 obj/network.o
                0x01010d0c                GetPPPStatus
 .text.DispNifInfo2
                0x01010d2c       0xe4 obj/network.o
                0x01010d2c                DispNifInfo2
 .text.ShowPPPStatus
                0x01010e10      0x144 obj/network.o
                0x01010e10                ShowPPPStatus
 .text          0x01010f54        0x0 obj/record.o
 .text.MoveInput2Tx
                0x01010f54       0x2c obj/record.o
                0x01010f54                MoveInput2Tx
 .text.Input2RecordBuf
                0x01010f80       0xa0 obj/record.o
                0x01010f80                Input2RecordBuf
 .text.UpdateHostStatus
                0x01011020       0xa0 obj/record.o
                0x01011020                UpdateHostStatus
 .text.SaveRecord
                0x010110c0       0x78 obj/record.o
                0x010110c0                SaveRecord
 .text.SaveOfflRecord
                0x01011138       0x70 obj/record.o
                0x01011138                SaveOfflRecord
 .text.UpdateRecord
                0x010111a8       0x70 obj/record.o
                0x010111a8                UpdateRecord
 .text          0x01011218        0x0 obj/refund.o
 .text.RefundTrans
                0x01011218      0x13c obj/refund.o
                0x01011218                RefundTrans
 .text          0x01011354        0x0 obj/testrans.o
 .text.TestTrans
                0x01011354       0xc0 obj/testrans.o
                0x01011354                TestTrans
 .text          0x01011414        0x0 obj/toggle.o
 .text.ToggleOption
                0x01011414      0x12c obj/toggle.o
                0x01011414                ToggleOption
 .text          0x01011540        0x0 obj/tpadtest.o
 .text.IconPutS
                0x01011540       0x2e obj/tpadtest.o
 *fill*         0x0101156e        0x2 
 .text.TouchDetected2
                0x01011570       0x60 obj/tpadtest.o
 .text.TouchDetected1
                0x010115d0       0x60 obj/tpadtest.o
 .text.TouchDetected0
                0x01011630       0x60 obj/tpadtest.o
 .text.TouchLoss
                0x01011690       0x38 obj/tpadtest.o
 .text.CleanTPadConf
                0x010116c8        0xa obj/tpadtest.o
 *fill*         0x010116d2        0x2 
 .text.UpdTPadDotSize
                0x010116d4       0x5c obj/tpadtest.o
 .text.DotUpDn  0x01011730       0x2c obj/tpadtest.o
 .text.DotDn    0x0101175c       0x14 obj/tpadtest.o
 .text.DotUp    0x01011770       0x14 obj/tpadtest.o
 .text.TPadTest
                0x01011784      0x1e4 obj/tpadtest.o
                0x01011784                TPadTest
 .text.TPadTestEnable
                0x01011968       0x10 obj/tpadtest.o
                0x01011968                TPadTestEnable
 .text.SPadTest
                0x01011978      0x1dc obj/tpadtest.o
                0x01011978                SPadTest
 .text          0x01011b54        0x0 obj/tranutil.o
 .text.AddTotal
                0x01011b54       0x16 obj/tranutil.o
 *fill*         0x01011b6a        0x2 
 .text.PackContents
                0x01011b6c      0x29c obj/tranutil.o
 .text.PackContent
                0x01011e08      0x264 obj/tranutil.o
 .text.PackTelNo
                0x0101206c       0x88 obj/tranutil.o
 .text.PackTxnSlip.part.0
                0x010120f4       0x14 obj/tranutil.o
 .text.ValidAcquirer
                0x01012108       0x68 obj/tranutil.o
 .text.OverMargin
                0x01012170       0x44 obj/tranutil.o
                0x01012170                OverMargin
 .text.PackDTGAA
                0x010121b4       0x2c obj/tranutil.o
                0x010121b4                PackDTGAA
 .text.PackDateTime
                0x010121e0       0x48 obj/tranutil.o
                0x010121e0                PackDateTime
 .text.Packprintissuer
                0x01012228      0x210 obj/tranutil.o
                0x01012228                Packprintissuer
 .text.Packprintconfig
                0x01012438      0x6b4 obj/tranutil.o
                0x01012438                Packprintconfig
 .text.PackHeader
                0x01012aec       0x78 obj/tranutil.o
                0x01012aec                PackHeader
 .text.PackRecordP
                0x01012b64       0xc8 obj/tranutil.o
                0x01012b64                PackRecordP
 .text.PackInputP
                0x01012c2c       0xf0 obj/tranutil.o
                0x01012c2c                PackInputP
 .text.DispHeader
                0x01012d1c       0xc0 obj/tranutil.o
                0x01012d1c                DispHeader
 .text.SetRspCode
                0x01012ddc        0xc obj/tranutil.o
                0x01012ddc                SetRspCode
 .text.ClearResponse
                0x01012de8       0x3c obj/tranutil.o
                0x01012de8                ClearResponse
 .text.ConfirmCard
                0x01012e24      0x1e8 obj/tranutil.o
                0x01012e24                ConfirmCard
 .text.PackRspText
                0x0101300c       0xa4 obj/tranutil.o
                0x0101300c                PackRspText
 .text.DispRspText
                0x010130b0       0xd0 obj/tranutil.o
                0x010130b0                DispRspText
 .text.DispErrorMsg
                0x01013180       0x30 obj/tranutil.o
                0x01013180                DispErrorMsg
 .text.TransEnd
                0x010131b0      0x138 obj/tranutil.o
                0x010131b0                TransEnd
 .text.DispAmount
                0x010132e8       0x98 obj/tranutil.o
                0x010132e8                DispAmount
 .text.AddToTotals
                0x01013380      0x1b0 obj/tranutil.o
                0x01013380                AddToTotals
 .text.CalIssuerSum
                0x01013530       0x40 obj/tranutil.o
 .text.CalTotals
                0x01013570       0x5c obj/tranutil.o
                0x01013570                CalTotals
 .text.PackIssuerSum
                0x010135cc      0x2d8 obj/tranutil.o
                0x010135cc                PackIssuerSum
 .text.PackIssuerSumT
                0x010138a4      0x278 obj/tranutil.o
                0x010138a4                PackIssuerSumT
 .text.FormatHolderName
                0x01013b1c       0x6e obj/tranutil.o
                0x01013b1c                FormatHolderName
 *fill*         0x01013b8a        0x2 
 .text.IncTraceNoEND
                0x01013b8c       0x34 obj/tranutil.o
                0x01013b8c                IncTraceNoEND
 .text.IncTraceNo
                0x01013bc0       0x30 obj/tranutil.o
                0x01013bc0                IncTraceNo
 .text.ClearRspData
                0x01013bf0       0x4c obj/tranutil.o
                0x01013bf0                ClearRspData
 .text.ResetTerm
                0x01013c3c       0x6c obj/tranutil.o
                0x01013c3c                ResetTerm
 .text.PackComm
                0x01013ca8      0x40c obj/tranutil.o
                0x01013ca8                PackComm
 .text.TransAllowed
                0x010140b4      0x16c obj/tranutil.o
                0x010140b4                TransAllowed
 .text          0x01014220        0x0 obj/wavecom.o
 .text.ClearCmdBuf
                0x01014220       0x48 obj/wavecom.o
 .text.SendWaitRsp.part.0
                0x01014268      0x128 obj/wavecom.o
 .text.SendWaitRsp
                0x01014390       0x68 obj/wavecom.o
 .text.SetSmsMode.part.1
                0x010143f8       0x3c obj/wavecom.o
 .text.Asc2DWVAL.constprop.7
                0x01014434       0x22 obj/wavecom.o
 *fill*         0x01014456        0x2 
 .text.WaitModuReady
                0x01014458       0x4c obj/wavecom.o
                0x01014458                WaitModuReady
 .text.SimDetect
                0x010144a4       0x38 obj/wavecom.o
                0x010144a4                SimDetect
 .text.RegisterNetwork
                0x010144dc       0x84 obj/wavecom.o
                0x010144dc                RegisterNetwork
 .text.AttachGPRS
                0x01014560       0x34 obj/wavecom.o
                0x01014560                AttachGPRS
 .text.GetPHBCapcity
                0x01014594       0xbc obj/wavecom.o
                0x01014594                GetPHBCapcity
 .text.GetContact
                0x01014650       0xb4 obj/wavecom.o
                0x01014650                GetContact
 .text.LoadPhoneBook
                0x01014704       0x48 obj/wavecom.o
                0x01014704                LoadPhoneBook
 .text.SortPhoneBook
                0x0101474c       0xb8 obj/wavecom.o
                0x0101474c                SortPhoneBook
 .text.SelectPHBook
                0x01014804      0x100 obj/wavecom.o
                0x01014804                SelectPHBook
 .text.WriteContact
                0x01014904       0x90 obj/wavecom.o
                0x01014904                WriteContact
 .text.DelContact
                0x01014994       0x5c obj/wavecom.o
                0x01014994                DelContact
 .text.AllCallForward
                0x010149f0       0x4c obj/wavecom.o
                0x010149f0                AllCallForward
 .text.MakeCall
                0x01014a3c       0x40 obj/wavecom.o
                0x01014a3c                MakeCall
 .text.MakeReqCall
                0x01014a7c       0x4c obj/wavecom.o
                0x01014a7c                MakeReqCall
 .text.CheckCallStatus
                0x01014ac8       0x80 obj/wavecom.o
                0x01014ac8                CheckCallStatus
 .text.AnswerCall
                0x01014b48       0x28 obj/wavecom.o
                0x01014b48                AnswerCall
 .text.SendKeyPress
                0x01014b70       0x1c obj/wavecom.o
                0x01014b70                SendKeyPress
 .text.HangUp   0x01014b8c       0x28 obj/wavecom.o
                0x01014b8c                HangUp
 .text.CheckCallEnd
                0x01014bb4       0x58 obj/wavecom.o
                0x01014bb4                CheckCallEnd
 .text.GetCallerID
                0x01014c0c       0x54 obj/wavecom.o
                0x01014c0c                GetCallerID
 .text.ReadGain
                0x01014c60       0x20 obj/wavecom.o
                0x01014c60                ReadGain
 .text.WriteGain
                0x01014c80       0x3c obj/wavecom.o
                0x01014c80                WriteGain
 .text.GetOptrName
                0x01014cbc       0x6c obj/wavecom.o
                0x01014cbc                GetOptrName
 .text.FacilityEnable
                0x01014d28       0x98 obj/wavecom.o
                0x01014d28                FacilityEnable
 .text.CheckPinState
                0x01014dc0       0x80 obj/wavecom.o
                0x01014dc0                CheckPinState
 .text.EnterPin
                0x01014e40       0x4c obj/wavecom.o
                0x01014e40                EnterPin
 .text.ChangePin
                0x01014e8c       0x94 obj/wavecom.o
                0x01014e8c                ChangePin
 .text.SetNewMsgInd
                0x01014f20       0x20 obj/wavecom.o
                0x01014f20                SetNewMsgInd
 .text.GetSmsMode
                0x01014f40       0x4c obj/wavecom.o
                0x01014f40                GetSmsMode
 .text.GetSmsTotal
                0x01014f8c       0xa0 obj/wavecom.o
                0x01014f8c                GetSmsTotal
 .text.LoadSmsInbox
                0x0101502c      0x29c obj/wavecom.o
                0x0101502c                LoadSmsInbox
 .text.ReadSms  0x010152c8      0x10c obj/wavecom.o
                0x010152c8                ReadSms
 .text.DelSms   0x010153d4       0x84 obj/wavecom.o
                0x010153d4                DelSms
 .text.SmsSend  0x01015458       0xb4 obj/wavecom.o
                0x01015458                SmsSend
 .text.ModuleInit
                0x0101550c       0x38 obj/wavecom.o
                0x0101550c                ModuleInit
 .text          0x01015544        0x0 obj/cstartup.o
 .text.SegmentInit
                0x01015544       0x78 obj/cstartup.o
                0x01015544                SegmentInit
 .text          0x010155bc        0x0 obj/expect_send.o
 .text.expect_send_release
                0x010155bc       0x58 obj/expect_send.o
                0x010155bc                expect_send_release
 .text.expect_send_alloc
                0x01015614      0x10e obj/expect_send.o
                0x01015614                expect_send_alloc
 .text          0x01015722        0x0 obj/libc.o
 .text.printchar
                0x01015722       0x14 obj/libc.o
 .text.prints   0x01015736       0xaa obj/libc.o
 .text.printi   0x010157e0       0xa0 obj/libc.o
 .text.print    0x01015880      0x2c0 obj/libc.o
 .text._read_r  0x01015b40       0x2a obj/libc.o
                0x01015b40                _read_r
 .text._write_r
                0x01015b6a       0x22 obj/libc.o
                0x01015b6a                _write_r
 .text._close_r
                0x01015b8c        0x4 obj/libc.o
                0x01015b8c                _close_r
 .text._lseek_r
                0x01015b90        0x4 obj/libc.o
                0x01015b90                _lseek_r
 .text._fstat_r
                0x01015b94        0xa obj/libc.o
                0x01015b94                _fstat_r
 .text.isatty   0x01015b9e        0x4 obj/libc.o
                0x01015b9e                isatty
 *fill*         0x01015ba2        0x2 
 .text._sbrk_r  0x01015ba4       0x2c obj/libc.o
                0x01015ba4                _sbrk_r
 .text.putchar  0x01015bd0        0xe obj/libc.o
                0x01015bd0                putchar
 .text.printf   0x01015bde       0x1c obj/libc.o
                0x01015bde                printf
 .text.sprintf  0x01015bfa       0x1e obj/libc.o
                0x01015bfa                sprintf
 .text          0x01015c18      0x5f4 ../LibA5T1000/gcc\libsyscall.a(app_call.o)
                0x01015c18                lib_app_call
 .text          0x0101620c       0x20 ../LibA5T1000/gcc\libsyscall.a(sys_call.o)
                0x0101620c                sys_func3
                0x01016210                sys_func0
                0x0101621c                sys_func1
                0x01016224                sys_func2
 .text          0x0101622c       0x1c ../LibA5T1000/gcc\libbasecall.a(base_call.o)
                0x0101622c                base_func3
                0x01016230                base_func0
                0x0101623a                base_func1
                0x01016242                base_func2
 .text          0x01016248       0x52 ../LibA5T1000/gcc\libsptutil.a(bcd2bin.o)
                0x01016248                bcd2bin
                0x01016264                lbcd2lbin
 .text          0x0101629a        0xe ../LibA5T1000/gcc\libsptutil.a(bcd2val.o)
                0x0101629a                bcd2val
 .text          0x010162a8       0x40 ../LibA5T1000/gcc\libsptutil.a(bcdadd.o)
                0x010162a8                bcdadd
 .text          0x010162e8       0x32 ../LibA5T1000/gcc\libsptutil.a(bcdinc.o)
                0x010162e8                bcdinc
 .text          0x0101631a       0x3e ../LibA5T1000/gcc\libsptutil.a(bcdsub.o)
                0x0101631a                bcdsub
 .text          0x01016358       0x3c ../LibA5T1000/gcc\libsptutil.a(bin2bcd.o)
                0x01016358                binary2bcd
                0x0101638e                bin2bcd
 .text          0x01016394       0x28 ../LibA5T1000/gcc\libsptutil.a(bin2dec.o)
                0x01016394                bin2dec
 .text          0x010163bc       0x1a ../LibA5T1000/gcc\libsptutil.a(bindec_d.o)
                0x010163bc                bindec_data
 .text          0x010163d6       0x36 ../LibA5T1000/gcc\libsptutil.a(chkdok.o)
                0x010163d6                chk_digit_ok
 .text          0x0101640c       0x32 ../LibA5T1000/gcc\libsptutil.a(compress.o)
                0x0101640c                compress
 *fill*         0x0101643e        0x2 
 .text          0x01016440       0x30 ../LibA5T1000/gcc\libsptutil.a(crcccitt.o)
                0x01016440                cal_crcx
                0x01016468                cal_crc
 .text          0x01016470       0x42 ../LibA5T1000/gcc\libsptutil.a(dbin2asc.o)
                0x01016470                dbin2asc
 .text          0x010164b2       0x60 ../LibA5T1000/gcc\libsptutil.a(dbin2bcd.o)
                0x010164b2                dbin2bcd
 .text          0x01016512       0x40 ../LibA5T1000/gcc\libsptutil.a(decbin8b.o)
                0x01016512                decbin8b
 .text          0x01016552       0x18 ../LibA5T1000/gcc\libsptutil.a(fndb.o)
                0x01016552                fndb
 *fill*         0x0101656a        0x2 
 .text          0x0101656c       0x64 ../LibA5T1000/gcc\libsptutil.a(get_byte.o)
                0x0101656c                get_byte
                0x0101657c                get_word
                0x0101658c                get_dword
                0x010165ac                get_dword_le
 .text          0x010165d0       0x14 ../LibA5T1000/gcc\libsptutil.a(get_dist.o)
                0x010165d0                get_distance
 .text          0x010165e4       0x2c ../LibA5T1000/gcc\libsptutil.a(get_mem.o)
                0x010165e4                get_mem
 .text          0x01016610        0xc ../LibA5T1000/gcc\libsptutil.a(get_pptr.o)
                0x01016610                get_pptr
 .text          0x0101661c       0x10 ../LibA5T1000/gcc\libsptutil.a(hex_val.o)
                0x0101661c                hex_value
 .text          0x0101662c       0x20 ../LibA5T1000/gcc\libsptutil.a(inc_pptr.o)
                0x0101662c                inc_pptr
 .text          0x0101664c       0x18 ../LibA5T1000/gcc\libsptutil.a(isbdigit.o)
                0x0101664c                isbdigit
 .text          0x01016664       0xfc ../LibA5T1000/gcc\libsptutil.a(pack_b.o)
                0x01016664                pack_byte
                0x01016688                pack_word
                0x010166b4                pack_dword
                0x010166f4                pack_word_le
                0x01016720                pack_dword_le
 .text          0x01016760        0x6 ../LibA5T1000/gcc\libsptutil.a(pack_lf.o)
                0x01016760                pack_lf
 .text          0x01016766        0x8 ../LibA5T1000/gcc\libsptutil.a(pack_lfs.o)
                0x01016766                pack_lfs
 *fill*         0x0101676e        0x2 
 .text          0x01016770       0x28 ../LibA5T1000/gcc\libsptutil.a(pack_mem.o)
                0x01016770                pack_mem
 .text          0x01016798       0x28 ../LibA5T1000/gcc\libsptutil.a(pack_nb.o)
                0x01016798                pack_nbyte
 .text          0x010167c0        0x8 ../LibA5T1000/gcc\libsptutil.a(pack_spc.o)
                0x010167c0                pack_space
 .text          0x010167c8       0x18 ../LibA5T1000/gcc\libsptutil.a(pack_str.o)
                0x010167c8                pack_str
 .text          0x010167e0       0x38 ../LibA5T1000/gcc\libsptutil.a(set_pptr.o)
                0x010167e0                buffer_overflow
                0x010167fc                set_pptr
 .text          0x01016818       0x18 ../LibA5T1000/gcc\libsptutil.a(skpb.o)
                0x01016818                skpb
 .text          0x01016830       0x2c ../LibA5T1000/gcc\libsptutil.a(split.o)
                0x01016830                split
 .text          0x0101685c       0x28 ../LibA5T1000/gcc\libsptutil.a(split_d.o)
                0x0101685c                split_data
 .text          0x01016884       0x18 ../LibA5T1000/gcc\libsptutil.a(val2bcd.o)
                0x01016884                val2bcd
 .text          0x0101689c        0xe ../LibA5T1000/gcc\libsptutil.a(hexdigit.o)
                0x0101689c                hex_digit
 *fill*         0x010168aa        0x2 
 .text          0x010168ac      0x7b4 ../LibA5T1000/gcc\libspglib.a(GIFLib.o)
                0x01016bcc                GIFSetPos
                0x01016bd8                GIFPlay
                0x01016c74                GIFPlayOn
                0x01016c8c                GIFStop
                0x01016cdc                GIFUnLoad
                0x01016d48                GIFLoadMem
 .text          0x01017060      0x340 ../LibA5T1000/gcc\libspglib.a(GLib.o)
                0x01017060                GD_SetDotSize
                0x01017084                GD_SetDotColor
                0x010170b0                GD_SetInSpace
                0x010170bc                GD_SetOutSpace
                0x010170c8                FillColorPixel
                0x010170fc                FillMonoPixel
                0x01017136                GD_Dot
                0x010171a8                GD_Point
                0x010171ae                GD_Line
                0x01017284                GD_Rectangle
                0x0101730c                GD_Triangle
                0x01017334                GD_Circle
 .text          0x010173a0        0x0 C:\DevTools\gcc_v49_2014q4/arm-none-eabi/lib/thumb\libc.a(lib_a-memcmp.o)
 .text.memcmp   0x010173a0       0x54 C:\DevTools\gcc_v49_2014q4/arm-none-eabi/lib/thumb\libc.a(lib_a-memcmp.o)
                0x010173a0                memcmp
 .text          0x010173f4        0x0 C:\DevTools\gcc_v49_2014q4/arm-none-eabi/lib/thumb\libc.a(lib_a-memcpy.o)
 .text.memcpy   0x010173f4       0x80 C:\DevTools\gcc_v49_2014q4/arm-none-eabi/lib/thumb\libc.a(lib_a-memcpy.o)
                0x010173f4                memcpy
 .text          0x01017474        0x0 C:\DevTools\gcc_v49_2014q4/arm-none-eabi/lib/thumb\libc.a(lib_a-memmove.o)
 .text.memmove  0x01017474       0x9c C:\DevTools\gcc_v49_2014q4/arm-none-eabi/lib/thumb\libc.a(lib_a-memmove.o)
                0x01017474                memmove
 .text          0x01017510        0x0 C:\DevTools\gcc_v49_2014q4/arm-none-eabi/lib/thumb\libc.a(lib_a-memset.o)
 .text.memset   0x01017510       0x94 C:\DevTools\gcc_v49_2014q4/arm-none-eabi/lib/thumb\libc.a(lib_a-memset.o)
                0x01017510                memset
 .text          0x010175a4        0x0 C:\DevTools\gcc_v49_2014q4/arm-none-eabi/lib/thumb\libc.a(lib_a-puts.o)
 .text._puts_r  0x010175a4       0x60 C:\DevTools\gcc_v49_2014q4/arm-none-eabi/lib/thumb\libc.a(lib_a-puts.o)
                0x010175a4                _puts_r
 .text.puts     0x01017604       0x18 C:\DevTools\gcc_v49_2014q4/arm-none-eabi/lib/thumb\libc.a(lib_a-puts.o)
                0x01017604                puts
 .text          0x0101761c        0x0 C:\DevTools\gcc_v49_2014q4/arm-none-eabi/lib/thumb\libc.a(lib_a-strcat.o)
 .text.strcat   0x0101761c       0x54 C:\DevTools\gcc_v49_2014q4/arm-none-eabi/lib/thumb\libc.a(lib_a-strcat.o)
                0x0101761c                strcat
 .text          0x01017670        0x0 C:\DevTools\gcc_v49_2014q4/arm-none-eabi/lib/thumb\libc.a(lib_a-strchr.o)
 .text.strchr   0x01017670       0xdc C:\DevTools\gcc_v49_2014q4/arm-none-eabi/lib/thumb\libc.a(lib_a-strchr.o)
                0x01017670                strchr
 .text          0x0101774c        0x0 C:\DevTools\gcc_v49_2014q4/arm-none-eabi/lib/thumb\libc.a(lib_a-strcpy.o)
 .text.strcpy   0x0101774c       0x10 C:\DevTools\gcc_v49_2014q4/arm-none-eabi/lib/thumb\libc.a(lib_a-strcpy.o)
                0x0101774c                strcpy
 .text          0x0101775c        0x0 C:\DevTools\gcc_v49_2014q4/arm-none-eabi/lib/thumb\libc.a(lib_a-strlen.o)
 .text.strlen   0x0101775c       0x6c C:\DevTools\gcc_v49_2014q4/arm-none-eabi/lib/thumb\libc.a(lib_a-strlen.o)
                0x0101775c                strlen
 .text          0x010177c8        0x0 C:\DevTools\gcc_v49_2014q4/arm-none-eabi/lib/thumb\libc.a(lib_a-strstr.o)
 .text.critical_factorization
                0x010177c8       0xc4 C:\DevTools\gcc_v49_2014q4/arm-none-eabi/lib/thumb\libc.a(lib_a-strstr.o)
 .text.two_way_long_needle
                0x0101788c      0x1f8 C:\DevTools\gcc_v49_2014q4/arm-none-eabi/lib/thumb\libc.a(lib_a-strstr.o)
 .text.strstr   0x01017a84      0x228 C:\DevTools\gcc_v49_2014q4/arm-none-eabi/lib/thumb\libc.a(lib_a-strstr.o)
                0x01017a84                strstr
 .text          0x01017cac        0x0 C:\DevTools\gcc_v49_2014q4/arm-none-eabi/lib/thumb\libc.a(lib_a-fvwrite.o)
 .text.__sfvwrite_r
                0x01017cac      0x340 C:\DevTools\gcc_v49_2014q4/arm-none-eabi/lib/thumb\libc.a(lib_a-fvwrite.o)
                0x01017cac                __sfvwrite_r
 .text          0x01017fec        0x0 C:\DevTools\gcc_v49_2014q4/arm-none-eabi/lib/thumb\libc.a(lib_a-impure.o)
 .text          0x01017fec        0x0 C:\DevTools\gcc_v49_2014q4/arm-none-eabi/lib/thumb\libc.a(lib_a-mallocr.o)
 .text._malloc_r
                0x01017fec      0x54c C:\DevTools\gcc_v49_2014q4/arm-none-eabi/lib/thumb\libc.a(lib_a-mallocr.o)
                0x01017fec                _malloc_r
 .text          0x01018538        0x0 C:\DevTools\gcc_v49_2014q4/arm-none-eabi/lib/thumb\libc.a(lib_a-memchr.o)
 .text.memchr   0x01018538       0x8c C:\DevTools\gcc_v49_2014q4/arm-none-eabi/lib/thumb\libc.a(lib_a-memchr.o)
                0x01018538                memchr
 .text          0x010185c4        0x0 C:\DevTools\gcc_v49_2014q4/arm-none-eabi/lib/thumb\libc.a(lib_a-mlock.o)
 .text.__malloc_lock
                0x010185c4        0x4 C:\DevTools\gcc_v49_2014q4/arm-none-eabi/lib/thumb\libc.a(lib_a-mlock.o)
                0x010185c4                __malloc_lock
 .text.__malloc_unlock
                0x010185c8        0x4 C:\DevTools\gcc_v49_2014q4/arm-none-eabi/lib/thumb\libc.a(lib_a-mlock.o)
                0x010185c8                __malloc_unlock
 .text          0x010185cc        0x0 C:\DevTools\gcc_v49_2014q4/arm-none-eabi/lib/thumb\libc.a(lib_a-reallocr.o)
 .text._realloc_r
                0x010185cc      0x3dc C:\DevTools\gcc_v49_2014q4/arm-none-eabi/lib/thumb\libc.a(lib_a-reallocr.o)
                0x010185cc                _realloc_r
 .text          0x010189a8        0x0 C:\DevTools\gcc_v49_2014q4/arm-none-eabi/lib/thumb\libc.a(lib_a-wsetup.o)
 .text.__swsetup_r
                0x010189a8       0xd0 C:\DevTools\gcc_v49_2014q4/arm-none-eabi/lib/thumb\libc.a(lib_a-wsetup.o)
                0x010189a8                __swsetup_r
 .text          0x01018a78        0x0 C:\DevTools\gcc_v49_2014q4/arm-none-eabi/lib/thumb\libc.a(lib_a-fflush.o)
 .text.__sflush_r
                0x01018a78      0x168 C:\DevTools\gcc_v49_2014q4/arm-none-eabi/lib/thumb\libc.a(lib_a-fflush.o)
                0x01018a78                __sflush_r
 .text._fflush_r
                0x01018be0       0x30 C:\DevTools\gcc_v49_2014q4/arm-none-eabi/lib/thumb\libc.a(lib_a-fflush.o)
                0x01018be0                _fflush_r
 .text.fflush   0x01018c10       0x2c C:\DevTools\gcc_v49_2014q4/arm-none-eabi/lib/thumb\libc.a(lib_a-fflush.o)
                0x01018c10                fflush
 .text          0x01018c3c        0x0 C:\DevTools\gcc_v49_2014q4/arm-none-eabi/lib/thumb\libc.a(lib_a-findfp.o)
 .text.__fp_lock
                0x01018c3c        0x4 C:\DevTools\gcc_v49_2014q4/arm-none-eabi/lib/thumb\libc.a(lib_a-findfp.o)
 .text.__fp_unlock
                0x01018c40        0x4 C:\DevTools\gcc_v49_2014q4/arm-none-eabi/lib/thumb\libc.a(lib_a-findfp.o)
 .text._cleanup_r
                0x01018c44       0x14 C:\DevTools\gcc_v49_2014q4/arm-none-eabi/lib/thumb\libc.a(lib_a-findfp.o)
                0x01018c44                _cleanup_r
 .text.__sinit.part.1
                0x01018c58       0xf4 C:\DevTools\gcc_v49_2014q4/arm-none-eabi/lib/thumb\libc.a(lib_a-findfp.o)
 .text.__sfmoreglue
                0x01018d4c       0x34 C:\DevTools\gcc_v49_2014q4/arm-none-eabi/lib/thumb\libc.a(lib_a-findfp.o)
                0x01018d4c                __sfmoreglue
 .text.__sfp    0x01018d80       0x94 C:\DevTools\gcc_v49_2014q4/arm-none-eabi/lib/thumb\libc.a(lib_a-findfp.o)
                0x01018d80                __sfp
 .text._cleanup
                0x01018e14       0x1c C:\DevTools\gcc_v49_2014q4/arm-none-eabi/lib/thumb\libc.a(lib_a-findfp.o)
                0x01018e14                _cleanup
 .text.__sinit  0x01018e30       0x14 C:\DevTools\gcc_v49_2014q4/arm-none-eabi/lib/thumb\libc.a(lib_a-findfp.o)
                0x01018e30                __sinit
 .text.__sfp_lock_acquire
                0x01018e44        0x4 C:\DevTools\gcc_v49_2014q4/arm-none-eabi/lib/thumb\libc.a(lib_a-findfp.o)
                0x01018e44                __sfp_lock_acquire
 .text.__sfp_lock_release
                0x01018e48        0x4 C:\DevTools\gcc_v49_2014q4/arm-none-eabi/lib/thumb\libc.a(lib_a-findfp.o)
                0x01018e48                __sfp_lock_release
 .text.__sinit_lock_acquire
                0x01018e4c        0x4 C:\DevTools\gcc_v49_2014q4/arm-none-eabi/lib/thumb\libc.a(lib_a-findfp.o)
                0x01018e4c                __sinit_lock_acquire
 .text.__sinit_lock_release
                0x01018e50        0x4 C:\DevTools\gcc_v49_2014q4/arm-none-eabi/lib/thumb\libc.a(lib_a-findfp.o)
                0x01018e50                __sinit_lock_release
 .text.__fp_lock_all
                0x01018e54       0x1c C:\DevTools\gcc_v49_2014q4/arm-none-eabi/lib/thumb\libc.a(lib_a-findfp.o)
                0x01018e54                __fp_lock_all
 .text.__fp_unlock_all
                0x01018e70       0x1c C:\DevTools\gcc_v49_2014q4/arm-none-eabi/lib/thumb\libc.a(lib_a-findfp.o)
                0x01018e70                __fp_unlock_all
 .text          0x01018e8c        0x0 C:\DevTools\gcc_v49_2014q4/arm-none-eabi/lib/thumb\libc.a(lib_a-freer.o)
 .text._malloc_trim_r
                0x01018e8c       0xa4 C:\DevTools\gcc_v49_2014q4/arm-none-eabi/lib/thumb\libc.a(lib_a-freer.o)
                0x01018e8c                _malloc_trim_r
 .text._free_r  0x01018f30      0x1b4 C:\DevTools\gcc_v49_2014q4/arm-none-eabi/lib/thumb\libc.a(lib_a-freer.o)
                0x01018f30                _free_r
 .text          0x010190e4        0x0 C:\DevTools\gcc_v49_2014q4/arm-none-eabi/lib/thumb\libc.a(lib_a-fwalk.o)
 .text._fwalk   0x010190e4       0x50 C:\DevTools\gcc_v49_2014q4/arm-none-eabi/lib/thumb\libc.a(lib_a-fwalk.o)
                0x010190e4                _fwalk
 .text._fwalk_reent
                0x01019134       0x58 C:\DevTools\gcc_v49_2014q4/arm-none-eabi/lib/thumb\libc.a(lib_a-fwalk.o)
                0x01019134                _fwalk_reent
 .text          0x0101918c        0x0 C:\DevTools\gcc_v49_2014q4/arm-none-eabi/lib/thumb\libc.a(lib_a-makebuf.o)
 .text.__smakebuf_r
                0x0101918c      0x100 C:\DevTools\gcc_v49_2014q4/arm-none-eabi/lib/thumb\libc.a(lib_a-makebuf.o)
                0x0101918c                __smakebuf_r
 .text          0x0101928c        0x0 C:\DevTools\gcc_v49_2014q4/arm-none-eabi/lib/thumb\libc.a(lib_a-stdio.o)
 .text.__sread  0x0101928c       0x2c C:\DevTools\gcc_v49_2014q4/arm-none-eabi/lib/thumb\libc.a(lib_a-stdio.o)
                0x0101928c                __sread
 .text.__seofread
                0x010192b8        0x4 C:\DevTools\gcc_v49_2014q4/arm-none-eabi/lib/thumb\libc.a(lib_a-stdio.o)
                0x010192b8                __seofread
 .text.__swrite
                0x010192bc       0x3c C:\DevTools\gcc_v49_2014q4/arm-none-eabi/lib/thumb\libc.a(lib_a-stdio.o)
                0x010192bc                __swrite
 .text.__sseek  0x010192f8       0x30 C:\DevTools\gcc_v49_2014q4/arm-none-eabi/lib/thumb\libc.a(lib_a-stdio.o)
                0x010192f8                __sseek
 .text.__sclose
                0x01019328       0x10 C:\DevTools\gcc_v49_2014q4/arm-none-eabi/lib/thumb\libc.a(lib_a-stdio.o)
                0x01019328                __sclose
 .text          0x01019338        0x0 C:\DevTools\gcc_v49_2014q4/arm-none-eabi/lib/thumb\libc.a(lib_a-fclose.o)
 .text._fclose_r
                0x01019338       0x94 C:\DevTools\gcc_v49_2014q4/arm-none-eabi/lib/thumb\libc.a(lib_a-fclose.o)
                0x01019338                _fclose_r
 .text.fclose   0x010193cc       0x18 C:\DevTools\gcc_v49_2014q4/arm-none-eabi/lib/thumb\libc.a(lib_a-fclose.o)
                0x010193cc                fclose
 .text          0x010193e4        0x0 C:\DevTools\gcc_v49_2014q4/arm-none-eabi/lib/thumb\libc.a(lib_a-isattyr.o)
 .text._isatty_r
                0x010193e4       0x28 C:\DevTools\gcc_v49_2014q4/arm-none-eabi/lib/thumb\libc.a(lib_a-isattyr.o)
                0x010193e4                _isatty_r
 .text          0x0101940c        0x0 C:\DevTools\gcc_v49_2014q4/arm-none-eabi/lib/thumb\libc.a(lib_a-reent.o)
 .text.cleanup_glue
                0x0101940c       0x20 C:\DevTools\gcc_v49_2014q4/arm-none-eabi/lib/thumb\libc.a(lib_a-reent.o)
                0x0101940c                cleanup_glue
 .text._reclaim_reent
                0x0101942c       0xa0 C:\DevTools\gcc_v49_2014q4/arm-none-eabi/lib/thumb\libc.a(lib_a-reent.o)
                0x0101942c                _reclaim_reent
 .text          0x010194cc        0x0 C:\DevTools\gcc_v49_2014q4/arm-none-eabi/lib/thumb\libnosys.a(isatty.o)
 .text._isatty  0x010194cc       0x10 C:\DevTools\gcc_v49_2014q4/arm-none-eabi/lib/thumb\libnosys.a(isatty.o)
                0x010194cc                _isatty
 .text          0x010194dc        0x0 C:\DevTools\gcc_v49_2014q4/arm-none-eabi/lib/thumb\libm.a(lib_a-w_sqrt.o)
 .text.sqrt     0x010194dc       0xbc C:\DevTools\gcc_v49_2014q4/arm-none-eabi/lib/thumb\libm.a(lib_a-w_sqrt.o)
                0x010194dc                sqrt
 .text          0x01019598        0x0 C:\DevTools\gcc_v49_2014q4/arm-none-eabi/lib/thumb\libm.a(lib_a-e_sqrt.o)
 .text.__ieee754_sqrt
                0x01019598      0x1d4 C:\DevTools\gcc_v49_2014q4/arm-none-eabi/lib/thumb\libm.a(lib_a-e_sqrt.o)
                0x01019598                __ieee754_sqrt
 .text          0x0101976c        0x0 C:\DevTools\gcc_v49_2014q4/arm-none-eabi/lib/thumb\libm.a(lib_a-s_fpclassify.o)
 .text.__fpclassifyd
                0x0101976c       0x5c C:\DevTools\gcc_v49_2014q4/arm-none-eabi/lib/thumb\libm.a(lib_a-s_fpclassify.o)
                0x0101976c                __fpclassifyd
 .text          0x010197c8        0x0 C:\DevTools\gcc_v49_2014q4/arm-none-eabi/lib/thumb\libm.a(lib_a-s_lib_ver.o)
 .text          0x010197c8        0x0 C:\DevTools\gcc_v49_2014q4/arm-none-eabi/lib/thumb\libm.a(lib_a-s_matherr.o)
 .text.matherr  0x010197c8        0x4 C:\DevTools\gcc_v49_2014q4/arm-none-eabi/lib/thumb\libm.a(lib_a-s_matherr.o)
                0x010197c8                matherr
 .text          0x010197cc      0x114 c:/devtools/gcc_v49_2014q4/bin/../lib/gcc/arm-none-eabi/4.9.3\libgcc.a(_udivsi3.o)
                0x010197cc                __aeabi_uidiv
                0x010197cc                __udivsi3
                0x010198c0                __aeabi_uidivmod
 .text          0x010198e0      0x148 c:/devtools/gcc_v49_2014q4/bin/../lib/gcc/arm-none-eabi/4.9.3\libgcc.a(_divsi3.o)
                0x010198e0                __divsi3
                0x010198e0                __aeabi_idiv
                0x01019a08                __aeabi_idivmod
 .text          0x01019a28        0x4 c:/devtools/gcc_v49_2014q4/bin/../lib/gcc/arm-none-eabi/4.9.3\libgcc.a(_dvmd_tls.o)
                0x01019a28                __aeabi_idiv0
                0x01019a28                __aeabi_ldiv0
 .text          0x01019a2c      0x41c c:/devtools/gcc_v49_2014q4/bin/../lib/gcc/arm-none-eabi/4.9.3\libgcc.a(_arm_addsubdf3.o)
                0x01019a2c                __aeabi_drsub
                0x01019a34                __aeabi_dsub
                0x01019a34                __subdf3
                0x01019a38                __aeabi_dadd
                0x01019a38                __adddf3
                0x01019d48                __floatunsidf
                0x01019d48                __aeabi_ui2d
                0x01019d6c                __floatsidf
                0x01019d6c                __aeabi_i2d
                0x01019d94                __aeabi_f2d
                0x01019d94                __extendsfdf2
                0x01019dd4                __floatundidf
                0x01019dd4                __aeabi_ul2d
                0x01019de8                __floatdidf
                0x01019de8                __aeabi_l2d
 .text          0x01019e48      0x49c c:/devtools/gcc_v49_2014q4/bin/../lib/gcc/arm-none-eabi/4.9.3\libgcc.a(_arm_muldivdf3.o)
                0x01019e48                __aeabi_dmul
                0x01019e48                __muldf3
                0x0101a0d8                __divdf3
                0x0101a0d8                __aeabi_ddiv
 .text          0x0101a2e4      0x144 c:/devtools/gcc_v49_2014q4/bin/../lib/gcc/arm-none-eabi/4.9.3\libgcc.a(_arm_cmpdf2.o)
                0x0101a2e4                __gtdf2
                0x0101a2e4                __gedf2
                0x0101a2ec                __ltdf2
                0x0101a2ec                __ledf2
                0x0101a2f4                __nedf2
                0x0101a2f4                __eqdf2
                0x0101a2f4                __cmpdf2
                0x0101a37c                __aeabi_cdrcmple
                0x0101a398                __aeabi_cdcmpeq
                0x0101a398                __aeabi_cdcmple
                0x0101a3b0                __aeabi_dcmpeq
                0x0101a3c8                __aeabi_dcmplt
                0x0101a3e0                __aeabi_dcmple
                0x0101a3f8                __aeabi_dcmpge
                0x0101a410                __aeabi_dcmpgt
 .text          0x0101a428       0x54 c:/devtools/gcc_v49_2014q4/bin/../lib/gcc/arm-none-eabi/4.9.3\libgcc.a(_arm_fixunsdfsi.o)
                0x0101a428                __aeabi_d2uiz
                0x0101a428                __fixunsdfsi
 .text          0x0101a47c       0x44 c:/devtools/gcc_v49_2014q4/bin/../lib/gcc/arm-none-eabi/4.9.3\libgcc.a(_aeabi_ldivmod.o)
                0x0101a47c                __aeabi_ldivmod
 .text          0x0101a4c0       0x3c c:/devtools/gcc_v49_2014q4/bin/../lib/gcc/arm-none-eabi/4.9.3\libgcc.a(_aeabi_uldivmod.o)
                0x0101a4c0                __aeabi_uldivmod
 .text          0x0101a4fc       0x4c c:/devtools/gcc_v49_2014q4/bin/../lib/gcc/arm-none-eabi/4.9.3\libgcc.a(_fixdfdi.o)
                0x0101a4fc                __fixdfdi
                0x0101a4fc                __aeabi_d2lz
 .text          0x0101a548       0x6c c:/devtools/gcc_v49_2014q4/bin/../lib/gcc/arm-none-eabi/4.9.3\libgcc.a(_fixunsdfdi.o)
                0x0101a548                __fixunsdfdi
                0x0101a548                __aeabi_d2ulz
 .text          0x0101a5b4       0x84 c:/devtools/gcc_v49_2014q4/bin/../lib/gcc/arm-none-eabi/4.9.3\libgcc.a(bpabi.o)
                0x0101a5b4                __gnu_ldivmod_helper
                0x0101a5f8                __gnu_uldivmod_helper
 .text          0x0101a638      0x178 c:/devtools/gcc_v49_2014q4/bin/../lib/gcc/arm-none-eabi/4.9.3\libgcc.a(_divdi3.o)
                0x0101a638                __divdi3
 .text          0x0101a7b0      0x120 c:/devtools/gcc_v49_2014q4/bin/../lib/gcc/arm-none-eabi/4.9.3\libgcc.a(_udivdi3.o)
                0x0101a7b0                __udivdi3
 .text          0x0101a8d0       0x28 c:/devtools/gcc_v49_2014q4/bin/../lib/gcc/arm-none-eabi/4.9.3\libgcc.a(_clzdi2.o)
                0x0101a8d0                __clzdi2
 .text          0x0101a8f8       0x48 c:/devtools/gcc_v49_2014q4/bin/../lib/gcc/arm-none-eabi/4.9.3\libgcc.a(_clzsi2.o)
                0x0101a8f8                __clzsi2
 *(.init)
 *(.fini)
 *crtbegin.o(.ctors)
 *crtbegin?.o(.ctors)
 *(EXCLUDE_FILE(*crtend.o *crtend?.o) .ctors)
 *(SORT(.ctors.*))
 *(.ctors)
 *crtbegin.o(.dtors)
 *crtbegin?.o(.dtors)
 *(EXCLUDE_FILE(*crtend.o *crtend?.o) .dtors)
 *(SORT(.dtors.*))
 *(.dtors)
 *(.rodata* .gnu.linkonce.r.*)
 .rodata        0x0101a940       0x10 obj/Adjust.o
 .rodata        0x0101a950      0x290 obj/Constant.o
                0x0101a950                KTransBitmap
                0x0101abc0                KTransHeader
                0x0101abda                KSetlPCode2
 .rodata        0x0101abe0       0x24 obj/Coremain.o
                0x0101abf0                KSoftName
                0x0101abfc                KExportFunc
 .rodata.str1.1
                0x0101ac04       0x9b obj/Coremain.o
 *fill*         0x0101ac9f        0x1 
 .rodata        0x0101aca0     0x3388 obj/DemoTest.o
                0x0101aca0                KCtlKeyRoom
                0x0101bf38                KCtlApplCfg
                0x0101c9ac                KKeyRoom
                0x0101d5b4                KApplCfg
 .rodata        0x0101e028       0x56 obj/Ecr.o
                0x0101e028                KSettleResp
                0x0101e02c                KHostTotResp
                0x0101e032                KHostNameResp
                0x0101e038                KLastTrace
                0x0101e040                KOfflSaleResp
                0x0101e05e                KSaleResp
 *fill*         0x0101e07e        0x2 
 .rodata        0x0101e080      0x2a0 obj/Func.o
 .rodata.str1.1
                0x0101e320      0x1a8 obj/Func.o
                                0x1b1 (size before relaxing)
 .rodata        0x0101e4c8      0x198 obj/Others.o
                0x0101e4c8                KOtherTransMenu
                0x0101e4e4                KOthercurrMenu
                0x0101e500                KOtherTxncurr
                0x0101e580                KOtherTxnItem
 .rodata.str1.1
                0x0101e660       0x50 obj/Others.o
 .rodata        0x0101e6b0        0xc obj/ParamTest.o
 .rodata.str1.1
                0x0101e6bc       0x39 obj/ParamTest.o
 .rodata        0x0101e6f5       0x62 obj/Print.o
 .rodata.str1.1
                0x0101e757       0x40 obj/Print.o
                                 0x48 (size before relaxing)
 .rodata.str1.1
                0x0101e797       0x2f obj/Sale.o
 *fill*         0x0101e7c6        0x2 
 .rodata        0x0101e7c8       0x78 obj/Settle.o
 .rodata.str1.1
                0x0101e840       0x28 obj/Settle.o
                                 0x2e (size before relaxing)
 .rodata        0x0101e868       0x2c obj/Sysutil.o
 .rodata.str1.1
                0x0101e894       0x50 obj/Sysutil.o
                                 0x5b (size before relaxing)
 .rodata.str1.1
                0x0101e8e4       0x18 obj/auxcom.o
                                 0x21 (size before relaxing)
 .rodata.str1.1
                0x0101e8fc       0x72 obj/brdrtest.o
 .rodata.str1.1
                0x0101e96e       0xb2 obj/camtest.o
 .rodata        0x0101ea20        0xc obj/corevar.o
 .rodata.str1.1
                0x0101ea2c       0x10 obj/corevar.o
 .rodata        0x0101ea3c       0x70 obj/ctltrans.o
                0x0101ea6e                wCTLDummyTags
                0x0101ea7a                wCTLOnlineTags
 .rodata.str1.1
                0x0101eaac       0xa3 obj/ctltrans.o
                                 0xb4 (size before relaxing)
 *fill*         0x0101eb4f        0x1 
 .rodata        0x0101eb50      0x400 obj/debugstis.o
 .rodata        0x0101ef50       0xd4 obj/emvtrans.o
                0x0101ef60                wVMOnlineTags
                0x0101efdb                KPinMsg
 .rodata.str1.1
                0x0101f024       0x20 obj/emvtrans.o
                                 0x3b (size before relaxing)
 .rodata.str1.1
                0x0101f044       0x22 obj/hardware.o
 .rodata        0x0101f066       0x10 obj/hostmsg.o
 .rodata.str1.1
                0x0101f076       0xb0 obj/hostmsg.o
                                 0xe7 (size before relaxing)
 .rodata        0x0101f126       0x82 obj/iface.o
                0x0101f13c                KItfSettleResp
                0x0101f144                KItfHostTotResp
                0x0101f14c                KItfHostNameResp
                0x0101f154                KItfLastTrace
                0x0101f15e                KItfOfflSaleResp
                0x0101f182                KItfSaleResp
 .rodata.str1.1
                0x0101f1a8       0x49 obj/iface.o
                                 0x4c (size before relaxing)
 *fill*         0x0101f1f1        0x1 
 .rodata        0x0101f1f2      0x200 obj/iface_util.o
 *fill*         0x0101f3f2        0x2 
 .rodata        0x0101f3f4       0x10 obj/input.o
 .rodata.str1.1
                0x0101f404       0x59 obj/input.o
                                 0x5c (size before relaxing)
 .rodata        0x0101f45d       0x2d obj/keytrans.o
 .rodata.str1.1
                0x0101f48a      0x23d obj/keytrans.o
 *fill*         0x0101f6c7        0x1 
 .rodata        0x0101f6c8      0x914 obj/lptutil.o
 .rodata.str1.1
                0x00000000        0xc obj/lptutil.o
 .rodata        0x0101ffdc       0x18 obj/main.o
                0x0101ffdc                KAppHdr
 .rodata.str1.1
                0x0101fff4       0x26 obj/main.o
 .rodata.str1.1
                0x0102001a       0x3d obj/menu.o
 *fill*         0x01020057        0x1 
 .rodata        0x01020058      0x680 obj/message.o
                0x010204f8                KRspText
 .rodata.str1.1
                0x010206d8      0xfc4 obj/message.o
 .rodata        0x0102169c       0x24 obj/network.o
 .rodata.str1.1
                0x010216c0      0x29a obj/network.o
                                0x2ae (size before relaxing)
 .rodata.str1.1
                0x0102195a      0x127 obj/toggle.o
                                0x137 (size before relaxing)
 *fill*         0x01021a81        0x3 
 .rodata        0x01021a84       0x50 obj/tpadtest.o
                0x01021a84                KPadObj
                0x01021ab4                KPadConf
 .rodata.str1.1
                0x01021ad4       0xb9 obj/tpadtest.o
 *fill*         0x01021b8d        0x3 
 .rodata        0x01021b90      0x104 obj/tranutil.o
 .rodata.str1.1
                0x01021c94      0xc18 obj/tranutil.o
                                0xca7 (size before relaxing)
 .rodata        0x010228ac       0x30 obj/wavecom.o
 .rodata.str1.1
                0x010228dc      0x271 obj/wavecom.o
                                0x286 (size before relaxing)
 .rodata.str1.1
                0x01022b4d       0x20 obj/cstartup.o
 .rodata.str1.1
                0x01022b6d        0x7 obj/libc.o
 .rodata        0x01022b74      0x200 ../LibA5T1000/gcc\libsptutil.a(crcccitt.o)
 .rodata.str1.1
                0x01022d74        0x4 ../LibA5T1000/gcc\libspglib.a(GIFLib.o)
 .rodata.str1.4
                0x01022d78        0x2 C:\DevTools\gcc_v49_2014q4/arm-none-eabi/lib/thumb\libc.a(lib_a-puts.o)
                                  0x4 (size before relaxing)
 *fill*         0x01022d7a        0x2 
 .rodata.str1.4
                0x01022d7c        0x2 C:\DevTools\gcc_v49_2014q4/arm-none-eabi/lib/thumb\libc.a(lib_a-impure.o)
                                  0x4 (size before relaxing)
 *fill*         0x01022d7e        0x2 
 .rodata._global_impure_ptr
                0x01022d80        0x4 C:\DevTools\gcc_v49_2014q4/arm-none-eabi/lib/thumb\libc.a(lib_a-impure.o)
                0x01022d80                _global_impure_ptr
 .rodata.str1.4
                0x01022d84        0x8 C:\DevTools\gcc_v49_2014q4/arm-none-eabi/lib/thumb\libm.a(lib_a-w_sqrt.o)
 *(.eh_frame*)

.vfp11_veneer   0x01022d8c        0x0
 .vfp11_veneer  0x00000000        0x0 linker stubs

.v4_bx          0x01022d8c        0x0
 .v4_bx         0x00000000        0x0 linker stubs

.iplt           0x01022d8c        0x0
 .iplt          0x00000000        0x0 obj/Adjust.o

.ARM.extab
 *(.ARM.extab* .gnu.linkonce.armextab.*)
                0x01022d8c                __exidx_start = .

.ARM.exidx      0x01022d8c        0x8
 *(.ARM.exidx* .gnu.linkonce.armexidx.*)
 .ARM.exidx     0x01022d8c        0x8 c:/devtools/gcc_v49_2014q4/bin/../lib/gcc/arm-none-eabi/4.9.3\libgcc.a(_divdi3.o)
 .ARM.exidx     0x01022d94        0x0 c:/devtools/gcc_v49_2014q4/bin/../lib/gcc/arm-none-eabi/4.9.3\libgcc.a(_udivdi3.o)
                                  0x8 (size before relaxing)
                0x01022d94                __exidx_end = .

.text_kek       0x01022d94        0x8
 *(sect_kek)
 sect_kek       0x01022d94        0x8 obj/cstartup.o
                0x01022d94                KKek
                0x01022d9c                _end_of_app = ALIGN (0x4)

.rel.dyn        0x01022d9c        0x0
 .rel.iplt      0x00000000        0x0 obj/Adjust.o
                0x01800000                . = _start_of_data

.data           0x01800000     0xca30 load address 0x01022d9c
 *(.data*)