Archive member included because of file (symbol)

../LibA5T1000/gcc\libsyscall.a(app_call.o)
                              obj/Adjust.o (lib_app_call)
../LibA5T1000/gcc\libsyscall.a(sys_call.o)
                              obj/ParamTest.o (sys_func3)
../LibA5T1000/gcc\libbasecall.a(base_call.o)
                              obj/network.o (base_func0)
../LibA5T1000/gcc\libsptutil.a(bcd2bin.o)
                              obj/Settle.o (bcd2bin)
../LibA5T1000/gcc\libsptutil.a(bcd2val.o)
                              obj/Chkoptn.o (bcd2val)
../LibA5T1000/gcc\libsptutil.a(bcdadd.o)
                              obj/Sysutil.o (bcdadd)
../LibA5T1000/gcc\libsptutil.a(bcdinc.o)
                              obj/Settle.o (bcdinc)
../LibA5T1000/gcc\libsptutil.a(bcdsub.o)
                              obj/Sysutil.o (bcdsub)
../LibA5T1000/gcc\libsptutil.a(bin2bcd.o)
                              obj/hostmsg.o (bin2bcd)
../LibA5T1000/gcc\libsptutil.a(bin2dec.o)
                              obj/Func.o (bin2dec)
../LibA5T1000/gcc\libsptutil.a(bindec_d.o)
                              obj/Print.o (bindec_data)
../LibA5T1000/gcc\libsptutil.a(chkdok.o)
                              obj/input.o (chk_digit_ok)
../LibA5T1000/gcc\libsptutil.a(compress.o)
                              obj/Settle.o (compress)
../LibA5T1000/gcc\libsptutil.a(crcccitt.o)
                              obj/corevar.o (cal_crc)
../LibA5T1000/gcc\libsptutil.a(dbin2asc.o)
                              obj/Sysutil.o (dbin2asc)
../LibA5T1000/gcc\libsptutil.a(dbin2bcd.o)
                              obj/ctltrans.o (dbin2bcd)
../LibA5T1000/gcc\libsptutil.a(decbin8b.o)
                              obj/Adjust.o (decbin8b)
../LibA5T1000/gcc\libsptutil.a(fndb.o)
                              obj/Ecr.o (fndb)
../LibA5T1000/gcc\libsptutil.a(get_byte.o)
                              obj/hostmsg.o (get_byte)
../LibA5T1000/gcc\libsptutil.a(get_dist.o)
                              obj/corevar.o (get_distance)
../LibA5T1000/gcc\libsptutil.a(get_mem.o)
                              obj/hostmsg.o (get_mem)
../LibA5T1000/gcc\libsptutil.a(get_pptr.o)
                              obj/hostmsg.o (get_pptr)
../LibA5T1000/gcc\libsptutil.a(hex_val.o)
                              ../LibA5T1000/gcc\libsptutil.a(compress.o) (hex_value)
../LibA5T1000/gcc\libsptutil.a(inc_pptr.o)
                              obj/corevar.o (inc_pptr)
../LibA5T1000/gcc\libsptutil.a(isbdigit.o)
                              obj/input.o (isbdigit)
../LibA5T1000/gcc\libsptutil.a(pack_b.o)
                              obj/Settle.o (pack_byte)
../LibA5T1000/gcc\libsptutil.a(pack_lf.o)
                              obj/Func.o (pack_lf)
../LibA5T1000/gcc\libsptutil.a(pack_lfs.o)
                              obj/Func.o (pack_lfs)
../LibA5T1000/gcc\libsptutil.a(pack_mem.o)
                              obj/Func.o (pack_mem)
../LibA5T1000/gcc\libsptutil.a(pack_nb.o)
                              obj/Print.o (pack_nbyte)
../LibA5T1000/gcc\libsptutil.a(pack_spc.o)
                              obj/Func.o (pack_space)
../LibA5T1000/gcc\libsptutil.a(pack_str.o)
                              obj/Func.o (pack_str)
../LibA5T1000/gcc\libsptutil.a(set_pptr.o)
                              ../LibA5T1000/gcc\libsptutil.a(get_mem.o) (buffer_overflow)
../LibA5T1000/gcc\libsptutil.a(skpb.o)
                              obj/Sysutil.o (skpb)
../LibA5T1000/gcc\libsptutil.a(split.o)
                              obj/Ecr.o (split)
../LibA5T1000/gcc\libsptutil.a(split_d.o)
                              obj/Func.o (split_data)
../LibA5T1000/gcc\libsptutil.a(val2bcd.o)
                              ../LibA5T1000/gcc\libsptutil.a(bcdadd.o) (val2bcd)
../LibA5T1000/gcc\libsptutil.a(hexdigit.o)
                              ../LibA5T1000/gcc\libsptutil.a(split.o) (hex_digit)
../LibA5T1000/gcc\libspglib.a(GIFLib.o)
                              obj/ParamTest.o (GIFSetPos)
../LibA5T1000/gcc\libspglib.a(GLib.o)
                              obj/tpadtest.o (GD_SetDotSize)
C:\DevTools\gcc_v49_2014q4/arm-none-eabi/lib/thumb\libc.a(lib_a-memcmp.o)
                              obj/Others.o (memcmp)
C:\DevTools\gcc_v49_2014q4/arm-none-eabi/lib/thumb\libc.a(lib_a-memcpy.o)
                              obj/Adjust.o (memcpy)
C:\DevTools\gcc_v49_2014q4/arm-none-eabi/lib/thumb\libc.a(lib_a-memmove.o)
                              obj/Coremain.o (memmove)
C:\DevTools\gcc_v49_2014q4/arm-none-eabi/lib/thumb\libc.a(lib_a-memset.o)
                              obj/Adjust.o (memset)
C:\DevTools\gcc_v49_2014q4/arm-none-eabi/lib/thumb\libc.a(lib_a-puts.o)
                              obj/ctltrans.o (puts)
C:\DevTools\gcc_v49_2014q4/arm-none-eabi/lib/thumb\libc.a(lib_a-strcat.o)
                              obj/ParamTest.o (strcat)
C:\DevTools\gcc_v49_2014q4/arm-none-eabi/lib/thumb\libc.a(lib_a-strchr.o)
                              obj/wavecom.o (strchr)
C:\DevTools\gcc_v49_2014q4/arm-none-eabi/lib/thumb\libc.a(lib_a-strcpy.o)
[...]
Memory Configuration

Name             Origin             Length             Attributes
*default*        0x00000000         0xffffffff

Linker script and memory map

START GROUP
LOAD obj/Adjust.o
LOAD obj/Auth.o
LOAD obj/Chkoptn.o
LOAD obj/Constant.o
LOAD obj/Coremain.o
LOAD obj/DemoTest.o
LOAD obj/Ecr.o
LOAD obj/Func.o
LOAD obj/Offline.o
LOAD obj/Others.o
LOAD obj/ParamTest.o
LOAD obj/Print.o
LOAD obj/Reversal.o
LOAD obj/Sale.o
LOAD obj/SaleOffl.o
LOAD obj/Settle.o
LOAD obj/Sysutil.o
LOAD obj/TLVUtil.o
LOAD obj/TestCfg.o
LOAD obj/Void.o
LOAD obj/auxcom.o
LOAD obj/brdrtest.o
LOAD obj/camtest.o
LOAD obj/corevar.o
LOAD obj/ctltrans.o
LOAD obj/debugstis.o
LOAD obj/emvl2cfg.o
LOAD obj/emvtrans.o
LOAD obj/hardware.o
LOAD obj/hostmsg.o
LOAD obj/iface.o
LOAD obj/iface_util.o
LOAD obj/input.o
LOAD obj/keytrans.o
LOAD obj/lptutil.o
LOAD obj/main.o
LOAD obj/menu.o
LOAD obj/message.o
LOAD obj/network.o
LOAD obj/record.o
LOAD obj/refund.o
LOAD obj/testrans.o
LOAD obj/toggle.o
LOAD obj/tpadtest.o
LOAD obj/tranutil.o
LOAD obj/wavecom.o
LOAD obj/cstartup.o
LOAD obj/expect_send.o
LOAD obj/libc.o
LOAD ../LibA5T1000/gcc\libsyscall.a
LOAD ../LibA5T1000/gcc\libbasecall.a
LOAD ../LibA5T1000/gcc\libsptutil.a
LOAD ../LibA5T1000/gcc\libspglib.a
LOAD ../LibA5T1000/gcc\libspqr.a
LOAD C:\DevTools\gcc_v49_2014q4/arm-none-eabi/lib/thumb\libc.a
LOAD C:\DevTools\gcc_v49_2014q4/arm-none-eabi/lib/thumb\libnosys.a
LOAD C:\DevTools\gcc_v49_2014q4/arm-none-eabi/lib/thumb\libm.a
LOAD c:/devtools/gcc_v49_2014q4/bin/../lib/gcc/arm-none-eabi/4.9.3\libgcc.a
END GROUP
                0x01000000                _start_of_flash = 0x1000000
                0x01800000                _start_of_data = 0x1800000
                0x01c00000                _end_of_sram = (_start_of_data + 0x400000)
                0x01000020                _start_of_header = (_start_of_flash + 0x20)
                0x01000050                _start_of_app = (_start_of_flash + 0x50)
                0x01000000                . = _start_of_flash

.startup        0x01000000       0x1a
 *(sect_startup)
 sect_startup   0x01000000       0x1a obj/cstartup.o
                0x01000000                cstartup
                0x01000020                . = _start_of_header

.header         0x01000020       0x30
 *(sect_apphdr)
 sect_apphdr    0x01000020       0x30 obj/cstartup.o
                0x01000020                KAppHeader
                0x01000150                . = (_start_of_app + 0x100)

.text           0x01000150    0x22dd0
 *(.text* .glue_7* .gnu.linkonce.t.*)
 .glue_7        0x00000000        0x0 linker stubs
 .glue_7t       0x00000000        0x0 linker stubs
 .text          0x01000150        0x0 obj/Adjust.o
 .text.DispCurrTotal
                0x01000150       0x84 obj/Adjust.o
 .text.AdjustTrans
                0x010001d4      0x4cc obj/Adjust.o
                0x010001d4                AdjustTrans
 .text          0x010006a0        0x0 obj/Auth.o
 .text.AuthTrans
                0x010006a0      0x118 obj/Auth.o
                0x010006a0                AuthTrans
 .text          0x010007b8        0x0 obj/Chkoptn.o
 .text.AdjustPSWReqd
                0x010007b8       0x14 obj/Chkoptn.o
                0x010007b8                AdjustPSWReqd
 .text.SettlePSWReqd
                0x010007cc       0x14 obj/Chkoptn.o
                0x010007cc                SettlePSWReqd
 .text.ManualPSWReqd
                0x010007e0       0x14 obj/Chkoptn.o
                0x010007e0                ManualPSWReqd
 .text.DispMSRReqd
                0x010007f4       0x10 obj/Chkoptn.o
                0x010007f4                DispMSRReqd
 .text.TIPsReqd
                0x01000804       0x10 obj/Chkoptn.o
                0x01000804                TIPsReqd
 .text.PrintTimeReqd
                0x01000814       0x10 obj/Chkoptn.o
                0x01000814                PrintTimeReqd
 .text.DDMMBusinessDate
                0x01000824       0x10 obj/Chkoptn.o
                0x01000824                DDMMBusinessDate
 .text.ComfirmTotal
                0x01000834       0x10 obj/Chkoptn.o
                0x01000834                ComfirmTotal
 .text.EcrRefReqd
                0x01000844       0x10 obj/Chkoptn.o
                0x01000844                EcrRefReqd
 .text.PromptTips
                0x01000854       0x14 obj/Chkoptn.o
                0x01000854                PromptTips
 .text.BlockLocalTrans
                0x01000868       0x14 obj/Chkoptn.o
                0x01000868                BlockLocalTrans
 .text.NumOfRcptCopy
                0x0100087c       0x10 obj/Chkoptn.o
                0x0100087c                NumOfRcptCopy
 .text.ReferralDial
                0x0100088c       0x10 obj/Chkoptn.o
                0x0100088c                ReferralDial
 .text.HostSettlePending
                0x0100089c       0x14 obj/Chkoptn.o
                0x0100089c                HostSettlePending
 .text.RefundOffline
                0x010008b0       0x14 obj/Chkoptn.o
                0x010008b0                RefundOffline
 .text.VoidOffline
                0x010008c4       0x14 obj/Chkoptn.o
                0x010008c4                VoidOffline
 .text.PiggybackOffline
                0x010008d8       0x14 obj/Chkoptn.o
                0x010008d8                PiggybackOffline
 .text.Prompt4DBC
                0x010008ec       0x14 obj/Chkoptn.o
                0x010008ec                Prompt4DBC
 .text.MultiAdjustAllowed
                0x01000900       0x14 obj/Chkoptn.o
                0x01000900                MultiAdjustAllowed
 .text.ExtraMsgLen
                0x01000914       0x14 obj/Chkoptn.o
                0x01000914                ExtraMsgLen
 .text.CheckDuplicate
                0x01000928       0x14 obj/Chkoptn.o
                0x01000928                CheckDuplicate
 .text.FallbackDialup
                0x0100093c       0x14 obj/Chkoptn.o
                0x0100093c                FallbackDialup
 .text.GetHostType
                0x01000950       0x14 obj/Chkoptn.o
                0x01000950                GetHostType
 .text.UnderFloorLimit
                0x01000964       0x3c obj/Chkoptn.o
                0x01000964                UnderFloorLimit
 .text.ManualEntryAllow
                0x010009a0       0x14 obj/Chkoptn.o
                0x010009a0                ManualEntryAllow
 .text.OfflineAllowed
                0x010009b4       0x14 obj/Chkoptn.o
                0x010009b4                OfflineAllowed
 .text.ExpDateReqd
                0x010009c8       0x14 obj/Chkoptn.o
                0x010009c8                ExpDateReqd
 .text.VoiceReferral
                0x010009dc       0x20 obj/Chkoptn.o
                0x010009dc                VoiceReferral
 .text.DescriptorReqd
                0x010009fc       0x14 obj/Chkoptn.o
                0x010009fc                DescriptorReqd
 .text.AdjustAllowed
                0x01000a10       0x14 obj/Chkoptn.o
                0x01000a10                AdjustAllowed
 .text.CheckPAN
                0x01000a24       0x14 obj/Chkoptn.o
                0x01000a24                CheckPAN
 .text.PrintReqd
                0x01000a38       0x14 obj/Chkoptn.o
                0x01000a38                PrintReqd
 .text.DefaultCapture
                0x01000a4c       0x14 obj/Chkoptn.o
                0x01000a4c                DefaultCapture
 .text.CheckExpDate
                0x01000a60       0x14 obj/Chkoptn.o
                0x01000a60                CheckExpDate
 .text.RefundBlocked
                0x01000a74       0x14 obj/Chkoptn.o
                0x01000a74                RefundBlocked
 .text.AuthBlocked
                0x01000a88       0x14 obj/Chkoptn.o
                0x01000a88                AuthBlocked
 .text.VoidBlocked
                0x01000a9c       0x14 obj/Chkoptn.o
                0x01000a9c                VoidBlocked
 .text.BlockAuthCode
                0x01000ab0       0x14 obj/Chkoptn.o
                0x01000ab0                BlockAuthCode
 .text.MaskCardNo
                0x01000ac4       0x14 obj/Chkoptn.o
                0x01000ac4                MaskCardNo
 .text.ExpiryReject
                0x01000ad8       0x14 obj/Chkoptn.o
                0x01000ad8                ExpiryReject
 .text.BlockLocalManual
                0x01000aec       0x14 obj/Chkoptn.o
                0x01000aec                BlockLocalManual
 .text.BlockLocalSwipe
                0x01000b00       0x14 obj/Chkoptn.o
                0x01000b00                BlockLocalSwipe
 .text.Track1Enable
                0x01000b14       0x14 obj/Chkoptn.o
                0x01000b14                Track1Enable
 .text.EMVProcDisable
                0x01000b28       0x14 obj/Chkoptn.o
                0x01000b28                EMVProcDisable
 .text          0x01000b3c        0x0 obj/Constant.o
 .text.SaleType
                0x01000b3c       0x18 obj/Constant.o
                0x01000b3c                SaleType
 .text          0x01000b54        0x0 obj/Coremain.o
 .text.DispDTG  0x01000b54       0xdc obj/Coremain.o
 .text.VirginInit
                0x01000c30      0x150 obj/Coremain.o
                0x01000c30                VirginInit
 .text.GlobalsInit
                0x01000d80       0x5c obj/Coremain.o
                0x01000d80                GlobalsInit
 .text.GlobalsCleanUp
                0x01000ddc       0x18 obj/Coremain.o
                0x01000ddc                GlobalsCleanUp
 .text.TransModeDisp
                0x01000df4      0x138 obj/Coremain.o
                0x01000df4                TransModeDisp
 .text.Coremain
                0x01000f2c      0x4d4 obj/Coremain.o
                0x01000f2c                Coremain
 .text          0x01001400        0x0 obj/DemoTest.o
 .text          0x01001400        0x0 obj/Ecr.o
 .text.EcrGetAmount
                0x01001400       0x50 obj/Ecr.o
                0x01001400                EcrGetAmount
 .text.EcrGetRef
                0x01001450       0x4c obj/Ecr.o
                0x01001450                EcrGetRef
 .text.EcrResp  0x0100149c      0x284 obj/Ecr.o
                0x0100149c                EcrResp
 .text.GetLastTrace
                0x01001720       0x78 obj/Ecr.o
                0x01001720                GetLastTrace
 .text.GetHostIdx
                0x01001798       0x38 obj/Ecr.o
                0x01001798                GetHostIdx
 .text.GetHostName
                0x010017d0       0x4c obj/Ecr.o
                0x010017d0                GetHostName
 .text.GetHostTot
                0x0100181c       0x50 obj/Ecr.o
                0x0100181c                GetHostTot
 .text.EcrSettle
                0x0100186c       0x28 obj/Ecr.o
                0x0100186c                EcrSettle
 .text.EcrCmdProcess
                0x01001894       0x90 obj/Ecr.o
                0x01001894                EcrCmdProcess
 .text          0x01001924        0x0 obj/Func.o
 .text.DispStatusMsg
                0x01001924       0x1a obj/Func.o
 *fill*         0x0100193e        0x2 
 .text.DispTransData
                0x01001940      0x1e8 obj/Func.o
 .text.DispReversal
                0x01001b28      0x3b8 obj/Func.o
                0x01001b28                DispReversal
 .text.ClearReversal
                0x01001ee0      0x190 obj/Func.o
                0x01001ee0                ClearReversal
 .text.DisplayRecordno
                0x01002070      0x2e8 obj/Func.o
                0x01002070                DisplayRecordno
 .text.DisplayBatch
                0x01002358      0x324 obj/Func.o
                0x01002358                DisplayBatch
 .text.ClearBatch
                0x0100267c      0x180 obj/Func.o
                0x0100267c                ClearBatch
 .text.DispTransTotal
                0x010027fc      0x1a0 obj/Func.o
                0x010027fc                DispTransTotal
 .text.ReprintTxn
                0x0100299c       0x68 obj/Func.o
                0x0100299c                ReprintTxn
 .text.PrintTotals
                0x01002a04       0x80 obj/Func.o
                0x01002a04                PrintTotals
 .text.PrintTxnRecord
                0x01002a84      0x348 obj/Func.o
                0x01002a84                PrintTxnRecord
 .text.MerchantFunc
                0x01002dcc      0x354 obj/Func.o
                0x01002dcc                MerchantFunc
 .text          0x01003120        0x0 obj/Offline.o
 .text.OfflineSent
                0x01003120      0x1ac obj/Offline.o
                0x01003120                OfflineSent
 .text          0x010032cc        0x0 obj/Others.o
 .text.GetAccessrefund
                0x010032cc       0xd8 obj/Others.o
                0x010032cc                GetAccessrefund
 .text.GetAccessrevoid
                0x010033a4       0xd8 obj/Others.o
                0x010033a4                GetAccessrevoid
 .text.OtherTrans
                0x0100347c       0xa8 obj/Others.o
                0x0100347c                OtherTrans
 .text.OtherCurrency
                0x01003524       0x34 obj/Others.o
                0x01003524                OtherCurrency
 .text          0x01003558        0x0 obj/ParamTest.o
 .text.ReadBmp  0x01003558       0x28 obj/ParamTest.o
 .text.LptPutN  0x01003580       0xc4 obj/ParamTest.o
 .text.LptClose
                0x01003644       0x5c obj/ParamTest.o
 .text.WritePrn.constprop.0
                0x010036a0       0x14 obj/ParamTest.o
 .text.DispParamFile
                0x010036b4      0x1b4 obj/ParamTest.o
                0x010036b4                DispParamFile
 .text.LptParamFile
                0x01003868      0x41c obj/ParamTest.o
                0x01003868                LptParamFile
 .text          0x01003c84        0x0 obj/Print.o
 .text.PackLogo
                0x01003c84       0x50 obj/Print.o
                0x01003c84                PackLogo
 .text.PackDtg  0x01003cd4       0x32 obj/Print.o
                0x01003cd4                PackDtg
 *fill*         0x01003d06        0x2 
 .text.PackCurrentDate
                0x01003d08       0x80 obj/Print.o
                0x01003d08                PackCurrentDate
 .text.PackSeperator
                0x01003d88       0x10 obj/Print.o
                0x01003d88                PackSeperator
 .text.PackRcptHeader
                0x01003d98       0x44 obj/Print.o
                0x01003d98                PackRcptHeader
 .text.PackAmt  0x01003ddc       0x40 obj/Print.o
                0x01003ddc                PackAmt
 .text.PackCountAmt
                0x01003e1c       0x3a obj/Print.o
 .text.PackFF   0x01003e56       0x1a obj/Print.o
                0x01003e56                PackFF
 .text.PackTotals
                0x01003e70       0xbc obj/Print.o
                0x01003e70                PackTotals
 .text.PackEndOfRep
                0x01003f2c       0x34 obj/Print.o
                0x01003f2c                PackEndOfRep
 .text.SaveLastRcpt
                0x01003f60       0xb0 obj/Print.o
                0x01003f60                SaveLastRcpt
 .text.GetLastRcpt
                0x01004010       0x54 obj/Print.o
                0x01004010                GetLastRcpt
 .text.ReprintLast
                0x01004064       0x94 obj/Print.o
                0x01004064                ReprintLast
 .text.ManualFeed
                0x010040f8       0x30 obj/Print.o
                0x010040f8                ManualFeed
 .text          0x01004128        0x0 obj/Reversal.o
 .text.ReversalOK
                0x01004128       0xf4 obj/Reversal.o
                0x01004128                ReversalOK
 .text          0x0100421c        0x0 obj/Sale.o
 .text.ReferralCall
                0x0100421c      0x19c obj/Sale.o
                0x0100421c                ReferralCall
 .text.ReferralProcess
                0x010043b8       0xec obj/Sale.o
                0x010043b8                ReferralProcess
 .text.SaleTrans
                0x010044a4      0x15c obj/Sale.o
                0x010044a4                SaleTrans
 .text          0x01004600        0x0 obj/SaleOffl.o
 .text.SaleOfflTrans
                0x01004600       0x6c obj/SaleOffl.o
                0x01004600                SaleOfflTrans
 .text          0x0100466c        0x0 obj/Settle.o
 .text.AllTotalZero
                0x0100466c       0x48 obj/Settle.o
 .text.GetSettleAmount
                0x010046b4       0x80 obj/Settle.o
 .text.UploadTransOK
                0x01004734      0x1f0 obj/Settle.o
 .text.PackBatchText
                0x01004924       0x48 obj/Settle.o
 .text.CloseBatch
                0x0100496c      0x1b0 obj/Settle.o
 .text.ConfirmSetlTot
                0x01004b1c      0x310 obj/Settle.o
                0x01004b1c                ConfirmSetlTot
 .text.SettleTrans
                0x01004e2c      0x390 obj/Settle.o
                0x01004e2c                SettleTrans
 .text          0x010051bc        0x0 obj/Sysutil.o
 .text.LongBeep
                0x010051bc        0xc obj/Sysutil.o
                0x010051bc                LongBeep
 .text.AcceptBeep
                0x010051c8        0xc obj/Sysutil.o
                0x010051c8                AcceptBeep
 .text.Short2Beep
                0x010051d4        0xc obj/Sysutil.o
                0x010051d4                Short2Beep
 .text.Short1Beep
                0x010051e0        0xc obj/Sysutil.o
                0x010051e0                Short1Beep
 .text.Delay1Sec
                0x010051ec       0x44 obj/Sysutil.o
                0x010051ec                Delay1Sec
 .text.ErrorDelay
                0x01005230        0x8 obj/Sysutil.o
                0x01005230                ErrorDelay
 .text.Delay10ms
                0x01005238       0x28 obj/Sysutil.o
                0x01005238                Delay10ms
 .text.SetRTC   0x01005260       0x26 obj/Sysutil.o
                0x01005260                SetRTC
 .text.ReadRTC  0x01005286       0x1a obj/Sysutil.o
                0x01005286                ReadRTC
 .text.ConvDateTime
                0x010052a0       0x84 obj/Sysutil.o
                0x010052a0                ConvDateTime
 .text.ConvDateTimeT
                0x01005324       0x48 obj/Sysutil.o
                0x01005324                ConvDateTimeT
 .text.SetDTG   0x0100536c       0x5a obj/Sysutil.o
                0x0100536c                SetDTG
 .text.FreeRunMark
                0x010053c6        0x8 obj/Sysutil.o
                0x010053c6                FreeRunMark
 .text.FreeRunElapsed
                0x010053ce       0x14 obj/Sysutil.o
                0x010053ce                FreeRunElapsed
 .text.ByteCopy
                0x010053e2        0x4 obj/Sysutil.o
                0x010053e2                ByteCopy
 .text.CompressInputData
                0x010053e6       0x32 obj/Sysutil.o
                0x010053e6                CompressInputData
 .text.CompressInputFData
                0x01005418       0x36 obj/Sysutil.o
                0x01005418                CompressInputFData
 *fill*         0x0100544e        0x2 
 .text.GetMonthText
                0x01005450       0x10 obj/Sysutil.o
                0x01005450                GetMonthText
 .text.MemFatalErr
                0x01005460       0x6c obj/Sysutil.o
                0x01005460                MemFatalErr
 .text.DebugPoint
                0x010054cc       0x5c obj/Sysutil.o
                0x010054cc                DebugPoint
 .text.ConvAmount
                0x01005528       0x80 obj/Sysutil.o
                0x01005528                ConvAmount
 .text.Disp2x16Msg
                0x010055a8       0xbc obj/Sysutil.o
                0x010055a8                Disp2x16Msg
 .text.PrintLcd2LptCtr
                0x01005664      0x1c4 obj/Sysutil.o
                0x01005664                PrintLcd2LptCtr
 .text.debugAsc
                0x01005828       0x60 obj/Sysutil.o
                0x01005828                debugAsc
 .text.debugHex
                0x01005888       0x80 obj/Sysutil.o
                0x01005888                debugHex
 .text.ShowIp   0x01005908       0x88 obj/Sysutil.o
                0x01005908                ShowIp
 .text          0x01005990        0x0 obj/TLVUtil.o
 .text.DDWORD2bcd
                0x01005990       0x60 obj/TLVUtil.o
                0x01005990                DDWORD2bcd
 .text.bcd2DDWORD
                0x010059f0       0x2a obj/TLVUtil.o
                0x010059f0                bcd2DDWORD
 .text.WPut     0x01005a1a        0x8 obj/TLVUtil.o
                0x01005a1a                WPut
 .text.TlvTSize
                0x01005a22       0x12 obj/TLVUtil.o
                0x01005a22                TlvTSize
 .text.TlvTag   0x01005a34       0x1a obj/TLVUtil.o
                0x01005a34                TlvTag
 .text.TlvLSize
                0x01005a4e       0x1e obj/TLVUtil.o
                0x01005a4e                TlvLSize
 .text.TlvLen   0x01005a6c       0x32 obj/TLVUtil.o
                0x01005a6c                TlvLen
 .text.TlvSizeOf
                0x01005a9e       0x24 obj/TLVUtil.o
                0x01005a9e                TlvSizeOf
 .text.TlvVPtr  0x01005ac2       0x1a obj/TLVUtil.o
                0x01005ac2                TlvVPtr
 .text.TlvSeek  0x01005adc       0x44 obj/TLVUtil.o
                0x01005adc                TlvSeek
 .text.TlvNext  0x01005b20       0x10 obj/TLVUtil.o
                0x01005b20                TlvNext
 .text.TlvIsCTag
                0x01005b30       0x14 obj/TLVUtil.o
                0x01005b30                TlvIsCTag
 .text.TlvPack  0x01005b44       0x58 obj/TLVUtil.o
                0x01005b44                TlvPack
 .text          0x01005b9c        0x0 obj/TestCfg.o
 .text.KernelReady
                0x01005b9c       0x12 obj/TestCfg.o
 *fill*         0x01005bae        0x2 
 .text.DoSetup  0x01005bb0       0x40 obj/TestCfg.o
 .text.DoCTLSetup
                0x01005bf0       0x40 obj/TestCfg.o
 .text.DebugAutoRun
                0x01005c30        0x4 obj/TestCfg.o
                0x01005c30                DebugAutoRun
 .text.GetAutoTrans
                0x01005c34        0x4 obj/TestCfg.o
                0x01005c34                GetAutoTrans
 .text.GetAutoAmount
                0x01005c38       0x10 obj/TestCfg.o
                0x01005c38                GetAutoAmount
 .text.GetAutoPin
                0x01005c48       0x10 obj/TestCfg.o
                0x01005c48                GetAutoPin
 .text.DebugEnd
                0x01005c58        0x4 obj/TestCfg.o
                0x01005c58                DebugEnd
 .text.LoadEMVKey
                0x01005c5c       0x80 obj/TestCfg.o
                0x01005c5c                LoadEMVKey
 .text.LoadEMVCfg
                0x01005cdc       0xbc obj/TestCfg.o
                0x01005cdc                LoadEMVCfg
 .text.ExtPPadSetup
                0x01005d98       0x5c obj/TestCfg.o
                0x01005d98                ExtPPadSetup
 .text.LoadCTLKey
                0x01005df4       0x80 obj/TestCfg.o
                0x01005df4                LoadCTLKey
 .text.LoadCTLCfg
                0x01005e74       0xbc obj/TestCfg.o
                0x01005e74                LoadCTLCfg
 .text          0x01005f30        0x0 obj/Void.o
 .text.VoidTrans
                0x01005f30      0x2e8 obj/Void.o
                0x01005f30                VoidTrans
 .text          0x01006218        0x0 obj/auxcom.o
 .text.AuxOpen  0x01006218       0x24 obj/auxcom.o
                0x01006218                AuxOpen
 .text.AuxClose
                0x0100623c       0x20 obj/auxcom.o
                0x0100623c                AuxClose
 .text.AuxRead  0x0100625c       0x14 obj/auxcom.o
                0x0100625c                AuxRead
 .text.AuxRxRdy
                0x01006270        0xe obj/auxcom.o
                0x01006270                AuxRxRdy
 .text.AuxTxRdy
                0x0100627e        0xe obj/auxcom.o
                0x0100627e                AuxTxRdy
 .text.AuxWrite
                0x0100628c       0x24 obj/auxcom.o
                0x0100628c                AuxWrite
 .text.AuxEnable
                0x010062b0       0x18 obj/auxcom.o
                0x010062b0                AuxEnable
 .text.AuxDisable
                0x010062c8       0x1c obj/auxcom.o
                0x010062c8                AuxDisable
 .text.dbgHex   0x010062e4       0x7c obj/auxcom.o
                0x010062e4                dbgHex
 .text          0x01006360        0x0 obj/brdrtest.o
 .text.BRdrTest
                0x01006360      0x3f4 obj/brdrtest.o
                0x01006360                BRdrTest
 .text          0x01006754        0x0 obj/camtest.o
 .text.ShowLayer
                0x01006754       0x28 obj/camtest.o
 .text.SensorClose
                0x0100677c       0x24 obj/camtest.o
 .text.SensorSwMode
                0x010067a0      0x124 obj/camtest.o
 .text.SensorOpen
                0x010068c4      0x140 obj/camtest.o
 .text.LcdOnLayerEnable.part.0
                0x01006a04       0x20 obj/camtest.o
 .text.LcdOnLayerShow.constprop.1
                0x01006a24       0x54 obj/camtest.o
 .text.Y800toLcdLeft
                0x01006a78       0x5a obj/camtest.o
                0x01006a78                Y800toLcdLeft
 *fill*         0x01006ad2        0x2 
 .text.ShowBarcode
                0x01006ad4       0x98 obj/camtest.o
                0x01006ad4                ShowBarcode
 .text.CamTest2D
                0x01006b6c      0x634 obj/camtest.o
                0x01006b6c                CamTest2D
 .text.CamTestAll
                0x010071a0      0x740 obj/camtest.o
                0x010071a0                CamTestAll
 .text          0x010078e0        0x0 obj/corevar.o
 .text.DataFileInit
                0x010078e0       0xd4 obj/corevar.o
                0x010078e0                DataFileInit
 .text.DataFileUpdate
                0x010079b4       0x68 obj/corevar.o
                0x010079b4                DataFileUpdate
 .text.DataFileClose
                0x01007a1c       0x70 obj/corevar.o
                0x01007a1c                DataFileClose
 .text.CorrectHost
                0x01007a8c        0x4 obj/corevar.o
                0x01007a8c                CorrectHost
 .text.GenAuthCode
                0x01007a90       0x20 obj/corevar.o
                0x01007a90                GenAuthCode
 .text.SetDefault
                0x01007ab0       0x10 obj/corevar.o
                0x01007ab0                SetDefault
 .text.MsgBufSetup
                0x01007ac0       0x14 obj/corevar.o
                0x01007ac0                MsgBufSetup
 .text.PackMsgBufLen
                0x01007ad4       0x14 obj/corevar.o
                0x01007ad4                PackMsgBufLen
 .text.TxBufSetup
                0x01007ae8       0x28 obj/corevar.o
                0x01007ae8                TxBufSetup
 .text.PackTxBufLen
                0x01007b10       0x2c obj/corevar.o
                0x01007b10                PackTxBufLen
 .text.RxBufSetup
                0x01007b3c       0x28 obj/corevar.o
                0x01007b3c                RxBufSetup
 .text.PackRxBufLen
                0x01007b64       0x2c obj/corevar.o
                0x01007b64                PackRxBufLen
 .text.ValidRecordCRC
                0x01007b90       0x24 obj/corevar.o
                0x01007b90                ValidRecordCRC
 .text.RefreshDispAfter
                0x01007bb4       0x24 obj/corevar.o
                0x01007bb4                RefreshDispAfter
 .text.FreeGDS  0x01007bd8       0x14 obj/corevar.o
                0x01007bd8                FreeGDS
 .text.MallocGDS
                0x01007bec       0x40 obj/corevar.o
                0x01007bec                MallocGDS
 .text.TrainingModeON
                0x01007c2c       0x18 obj/corevar.o
                0x01007c2c                TrainingModeON
 .text.IncAPMTraceNoEnd
                0x01007c44       0x48 obj/corevar.o
                0x01007c44                IncAPMTraceNoEnd
 .text.IncAPMTraceNo
                0x01007c8c       0x48 obj/corevar.o
                0x01007c8c                IncAPMTraceNo
 .text.CTLEnable
                0x01007cd4        0xc obj/corevar.o
                0x01007cd4                CTLEnable
 .text.CTLEnabled
                0x01007ce0        0xc obj/corevar.o
                0x01007ce0                CTLEnabled
 .text.PPPCfgUpdate
                0x01007cec       0x1c obj/corevar.o
                0x01007cec                PPPCfgUpdate
 .text          0x01007d08        0x0 obj/ctltrans.o
 .text.CTLTagSeek.part.1
                0x01007d08       0x74 obj/ctltrans.o
 .text.CL_Led   0x01007d7c       0x60 obj/ctltrans.o
                0x01007d7c                CL_Led
 .text.CL_LedSet
                0x01007ddc       0x8c obj/ctltrans.o
                0x01007ddc                CL_LedSet
 .text.GetCTLKeyInfo
                0x01007e68       0x54 obj/ctltrans.o
                0x01007e68                GetCTLKeyInfo
 .text.CL_Init  0x01007ebc       0x74 obj/ctltrans.o
                0x01007ebc                CL_Init
 .text.CL_WaitCard
                0x01007f30       0x94 obj/ctltrans.o
                0x01007f30                CL_WaitCard
 .text.CL_Close
                0x01007fc4       0x40 obj/ctltrans.o
                0x01007fc4                CL_Close
 .text.CL_Off   0x01008004       0x16 obj/ctltrans.o
                0x01008004                CL_Off
 *fill*         0x0100801a        0x2 
 .text.debugCTL
                0x0100801c       0xd8 obj/ctltrans.o
                0x0100801c                debugCTL
 .text.debugAuxCTL
                0x010080f4       0xd0 obj/ctltrans.o
                0x010080f4                debugAuxCTL
 .text.CTLTagSeek
                0x010081c4       0x28 obj/ctltrans.o
                0x010081c4                CTLTagSeek
 .text.CTLFatal
                0x010081ec       0x40 obj/ctltrans.o
                0x010081ec                CTLFatal
 .text.ValidCTLData
                0x0100822c      0x164 obj/ctltrans.o
                0x0100822c                ValidCTLData
 .text.PackCTLDummyData
                0x01008390       0x38 obj/ctltrans.o
                0x01008390                PackCTLDummyData
 .text.PackCTLTagsData
                0x010083c8       0x40 obj/ctltrans.o
                0x010083c8                PackCTLTagsData
 .text.PackCTLData
                0x01008408       0x20 obj/ctltrans.o
                0x01008408                PackCTLData
 .text.CTLComplete
                0x01008428      0x3fc obj/ctltrans.o
 .text.CTLError.isra.3
                0x01008824      0x160 obj/ctltrans.o
 .text.CTLPreProcess
                0x01008984       0xf4 obj/ctltrans.o
                0x01008984                CTLPreProcess
 .text.CTLWaitCard
                0x01008a78       0x3e obj/ctltrans.o
                0x01008a78                CTLWaitCard
 *fill*         0x01008ab6        0x2 
 .text.debugEMV
                0x01008ab8       0xac obj/ctltrans.o
                0x01008ab8                debugEMV
 .text.CTLDebug
                0x01008b64      0x440 obj/ctltrans.o
                0x01008b64                CTLDebug
 .text.CTLProcess
                0x01008fa4       0xbc obj/ctltrans.o
                0x01008fa4                CTLProcess
 .text.CTLTrans
                0x01009060       0xd4 obj/ctltrans.o
                0x01009060                CTLTrans
 .text.CtlUnderTransLimit
                0x01009134       0x20 obj/ctltrans.o
                0x01009134                CtlUnderTransLimit
 .text.DispDefinedLogo
                0x01009154       0x44 obj/ctltrans.o
                0x01009154                DispDefinedLogo
 .text          0x01009198        0x0 obj/debugstis.o
 .text.SaveSTISDbgData
                0x01009198       0xd8 obj/debugstis.o
                0x01009198                SaveSTISDbgData
 .text          0x01009270        0x0 obj/emvl2cfg.o
 .text          0x01009270        0x0 obj/emvtrans.o
 .text.EMVCancel
                0x01009270       0x70 obj/emvtrans.o
 .text.DeAss    0x010092e0       0x82 obj/emvtrans.o
                0x010092e0                DeAss
 .text.TagPut   0x01009362       0x10 obj/emvtrans.o
                0x01009362                TagPut
 .text.TagSeek  0x01009372       0x10 obj/emvtrans.o
                0x01009372                TagSeek
 .text.TagData  0x01009382       0x14 obj/emvtrans.o
                0x01009382                TagData
 *fill*         0x01009396        0x2 
 .text.PackTagsData
                0x01009398       0x48 obj/emvtrans.o
                0x01009398                PackTagsData
 .text.EMVFatal
                0x010093e0       0x40 obj/emvtrans.o
                0x010093e0                EMVFatal
 .text.EMVInput
                0x01009420      0x198 obj/emvtrans.o
                0x01009420                EMVInput
 .text.GetApplNameTag
                0x010095b8       0x40 obj/emvtrans.o
                0x010095b8                GetApplNameTag
 .text.ValidEMVData
                0x010095f8      0x1e4 obj/emvtrans.o
                0x010095f8                ValidEMVData
 .text.PackEMVData
                0x010097dc       0x20 obj/emvtrans.o
                0x010097dc                PackEMVData
 .text.debugEMV2
                0x010097fc       0x78 obj/emvtrans.o
                0x010097fc                debugEMV2
 .text.GetTxnCode
                0x01009874       0x1c obj/emvtrans.o
                0x01009874                GetTxnCode
 .text.EMVProcess
                0x01009890      0x90c obj/emvtrans.o
                0x01009890                EMVProcess
 .text.EMVTrans
                0x0100a19c      0x148 obj/emvtrans.o
                0x0100a19c                EMVTrans
 .text.EMVInit  0x0100a2e4       0x4c obj/emvtrans.o
                0x0100a2e4                EMVInit
 .text          0x0100a330        0x0 obj/hardware.o
 .text.CloseAllHw
                0x0100a330       0x50 obj/hardware.o
                0x0100a330                CloseAllHw
 .text.WaitKey  0x0100a380       0xac obj/hardware.o
                0x0100a380                WaitKey
 .text.MSRSwiped
                0x0100a42c       0xc8 obj/hardware.o
                0x0100a42c                MSRSwiped
 .text.ICCInserted
                0x0100a4f4       0x4c obj/hardware.o
                0x0100a4f4                ICCInserted
 .text.ICCReaderRdy
                0x0100a540       0x38 obj/hardware.o
                0x0100a540                ICCReaderRdy
 .text.WaitICCRemove
                0x0100a578       0x4c obj/hardware.o
                0x0100a578                WaitICCRemove
 .text.PowerOnICC
                0x0100a5c4       0x18 obj/hardware.o
                0x0100a5c4                PowerOnICC
 .text.PowerOffICC
                0x0100a5dc       0x16 obj/hardware.o
                0x0100a5dc                PowerOffICC
 .text.OffDevice
                0x0100a5f2       0x34 obj/hardware.o
                0x0100a5f2                OffDevice
 *fill*         0x0100a626        0x2 
 .text.InitAllHw
                0x0100a628       0x90 obj/hardware.o
                0x0100a628                InitAllHw
 .text.OnDevice
                0x0100a6b8       0x3c obj/hardware.o
                0x0100a6b8                OnDevice
 .text.PwrSleep
                0x0100a6f4      0x19c obj/hardware.o
                0x0100a6f4                PwrSleep
 .text          0x0100a890        0x0 obj/hostmsg.o
 .text.print_field.isra.0
                0x0100a890        0xc obj/hostmsg.o
 .text.PackProcCode
                0x0100a89c       0x3c obj/hostmsg.o
                0x0100a89c                PackProcCode
 .text.PackHostMsg
                0x0100a8d8      0xa0c obj/hostmsg.o
                0x0100a8d8                PackHostMsg
 .text.CheckHostRsp
                0x0100b2e4      0x748 obj/hostmsg.o
                0x0100b2e4                CheckHostRsp
 .text          0x0100ba2c        0x0 obj/iface.o
 .text.UpdIfaceDat
                0x0100ba2c       0x8c obj/iface.o
 .text.keyPut   0x0100bab8       0x88 obj/iface.o
 .text.encrypt  0x0100bb40       0xf8 obj/iface.o
 .text.errRspData.isra.0
                0x0100bc38       0x12 obj/iface.o
 .text.IfaceRx.part.8
                0x0100bc4a       0x2e obj/iface.o
 .text.rspPackFmt.isra.6.constprop.9
                0x0100bc78      0x150 obj/iface.o
 .text.IfaceInitData
                0x0100bdc8      0x11c obj/iface.o
                0x0100bdc8                IfaceInitData
 .text.packFullEmvData
                0x0100bee4      0x2f0 obj/iface.o
                0x0100bee4                packFullEmvData
 .text.ItfVoid  0x0100c1d4        0xe obj/iface.o
                0x0100c1d4                ItfVoid
 *fill*         0x0100c1e2        0x2 
 .text.ItfHostTot
                0x0100c1e4       0x24 obj/iface.o
                0x0100c1e4                ItfHostTot
 .text.ItfSettle
                0x0100c208       0x44 obj/iface.o
                0x0100c208                ItfSettle
 .text.Spt3MsgHdr
                0x0100c24c      0x5a8 obj/iface.o
                0x0100c24c                Spt3MsgHdr
 .text.IfaceInit
                0x0100c7f4        0x4 obj/iface.o
                0x0100c7f4                IfaceInit
 .text.IfaceClose
                0x0100c7f8        0x4 obj/iface.o
                0x0100c7f8                IfaceClose
 .text.debugAuxIface
                0x0100c7fc      0x108 obj/iface.o
                0x0100c7fc                debugAuxIface
 .text.IfaceTx  0x0100c904       0x2a obj/iface.o
                0x0100c904                IfaceTx
 .text.IfaceRx  0x0100c92e       0x28 obj/iface.o
                0x0100c92e                IfaceRx
 *fill*         0x0100c956        0x2 
 .text.IfaceProcess
                0x0100c958       0x60 obj/iface.o
                0x0100c958                IfaceProcess
 .text          0x0100c9b8        0x0 obj/iface_util.o
 .text.UGet     0x0100c9b8       0x16 obj/iface_util.o
                0x0100c9b8                UGet
 .text.UPut     0x0100c9ce       0x10 obj/iface_util.o
                0x0100c9ce                UPut
 .text.WGet     0x0100c9de        0xc obj/iface_util.o
                0x0100c9de                WGet
 .text.Des      0x0100c9ea       0x26 obj/iface_util.o
                0x0100c9ea                Des
 .text.Des2     0x0100ca10       0x26 obj/iface_util.o
                0x0100ca10                Des2
 .text.TDes     0x0100ca36       0x26 obj/iface_util.o
                0x0100ca36                TDes
 .text.TDes2    0x0100ca5c       0x26 obj/iface_util.o
                0x0100ca5c                TDes2
 *fill*         0x0100ca82        0x2 
 .text.Crc16    0x0100ca84       0x28 obj/iface_util.o
                0x0100ca84                Crc16
 .text.Random   0x0100caac       0x38 obj/iface_util.o
                0x0100caac                Random
 .text          0x0100cae4        0x0 obj/input.o
 .text.DispKeyinPAN
                0x0100cae4       0x94 obj/input.o
 .text.FindSeperator.constprop.2
                0x0100cb78       0x30 obj/input.o
 .text.CheckCurrency
                0x0100cba8       0x8c obj/input.o
                0x0100cba8                CheckCurrency
 .text.InCardTable
                0x0100cc34      0x1a0 obj/input.o
                0x0100cc34                InCardTable
 .text.PromptYesNo
                0x0100cdd4       0x28 obj/input.o
                0x0100cdd4                PromptYesNo
 .text.GetAuthCode
                0x0100cdfc       0xbc obj/input.o
                0x0100cdfc                GetAuthCode
 .text.GetAmount
                0x0100ceb8      0x258 obj/input.o
                0x0100ceb8                GetAmount
 .text.Expire_diff
                0x0100d110       0x58 obj/input.o
                0x0100d110                Expire_diff
 .text.ValidCard
                0x0100d168      0x308 obj/input.o
                0x0100d168                ValidCard
 .text.GetExpDate
                0x0100d470      0x118 obj/input.o
                0x0100d470                GetExpDate
 .text.GetProductCode
                0x0100d588      0x2c0 obj/input.o
                0x0100d588                GetProductCode
 .text.Get4DBC  0x0100d848       0x7c obj/input.o
                0x0100d848                Get4DBC
 .text.SearchRecord
                0x0100d8c4      0x108 obj/input.o
                0x0100d8c4                SearchRecord
 .text.GetCardNbr
                0x0100d9cc       0xe8 obj/input.o
                0x0100d9cc                GetCardNbr
 .text.GetCard  0x0100dab4       0xf8 obj/input.o
                0x0100dab4                GetCard
 .text.WaitCardTrans
                0x0100dbac      0x32c obj/input.o
                0x0100dbac                WaitCardTrans
 .text.GetEcrRef
                0x0100ded8       0x84 obj/input.o
                0x0100ded8                GetEcrRef
 .text.GetCashBackAmount
                0x0100df5c       0xcc obj/input.o
                0x0100df5c                GetCashBackAmount
 .text          0x0100e028        0x0 obj/keytrans.o
 .text.key_ready
                0x0100e028       0x24 obj/keytrans.o
                0x0100e028                key_ready
 .text.ResetKey
                0x0100e04c       0x54 obj/keytrans.o
                0x0100e04c                ResetKey
 .text.LoadTmk  0x0100e0a0      0x28c obj/keytrans.o
                0x0100e0a0                LoadTmk
 .text.LoadKeys
                0x0100e32c      0x220 obj/keytrans.o
                0x0100e32c                LoadKeys
 .text.EncData  0x0100e54c      0x114 obj/keytrans.o
                0x0100e54c                EncData
 .text.DecData  0x0100e660      0x114 obj/keytrans.o
                0x0100e660                DecData
 .text.SetMode  0x0100e774      0x154 obj/keytrans.o
                0x0100e774                SetMode
 .text.GetPIN   0x0100e8c8       0xb4 obj/keytrans.o
                0x0100e8c8                GetPIN
 .text.SetDhostIdx
                0x0100e97c       0x84 obj/keytrans.o
                0x0100e97c                SetDhostIdx
 .text.ResetDukptIkey
                0x0100ea00       0xac obj/keytrans.o
                0x0100ea00                ResetDukptIkey
 .text.LoadDukptIkey
                0x0100eaac       0xdc obj/keytrans.o
                0x0100eaac                LoadDukptIkey
 .text.GetDukptPin
                0x0100eb88      0x108 obj/keytrans.o
                0x0100eb88                GetDukptPin
 .text.IccTmkInject
                0x0100ec90       0xec obj/keytrans.o
                0x0100ec90                IccTmkInject
 .text          0x0100ed7c        0x0 obj/lptutil.o
 .text.RestartLpt
                0x0100ed7c       0x2c obj/lptutil.o
 .text.ResetLpt
                0x0100eda8       0x2c obj/lptutil.o
 .text.WaitPrnFinish
                0x0100edd4       0xe0 obj/lptutil.o
                0x0100edd4                WaitPrnFinish
 .text.GetBatteryLevel
                0x0100eeb4       0x1e obj/lptutil.o
                0x0100eeb4                GetBatteryLevel
 .text.PrintLowBatt
                0x0100eed2       0x10 obj/lptutil.o
                0x0100eed2                PrintLowBatt
 *fill*         0x0100eee2        0x2 
 .text.LptClose
                0x0100eee4       0x2c obj/lptutil.o
                0x0100eee4                LptClose
 .text.LptOpen  0x0100ef10       0xf0 obj/lptutil.o
                0x0100ef10                LptOpen
 .text.LptPutN  0x0100f000       0x54 obj/lptutil.o
                0x0100f000                LptPutN
 .text.LptPutS  0x0100f054       0x14 obj/lptutil.o
                0x0100f054                LptPutS
 .text.Adv2Bookmark
                0x0100f068       0x78 obj/lptutil.o
                0x0100f068                Adv2Bookmark
 .text.PrintLogo
                0x0100f0e0       0x88 obj/lptutil.o
                0x0100f0e0                PrintLogo
 .text.PrintBuf
                0x0100f168      0x148 obj/lptutil.o
                0x0100f168                PrintBuf
 .text.PrintRcptLF
                0x0100f2b0       0x24 obj/lptutil.o
                0x0100f2b0                PrintRcptLF
 .text.PrintRcptFF
                0x0100f2d4        0x6 obj/lptutil.o
                0x0100f2d4                PrintRcptFF
 .text          0x0100f2da        0x0 obj/main.o
 *fill*         0x0100f2da        0x2 
 .text.startup.main
                0x0100f2dc       0x78 obj/main.o
                0x0100f2dc                main
 .text          0x0100f354        0x0 obj/menu.o
 .text.MenuSelect
                0x0100f354      0x590 obj/menu.o
                0x0100f354                MenuSelect
 .text          0x0100f8e4        0x0 obj/message.o
 .text.GetConstMsg
                0x0100f8e4       0x10 obj/message.o
                0x0100f8e4                GetConstMsg
 .text          0x0100f8f4        0x0 obj/network.o
 .text.SetBannerMode
                0x0100f8f4       0x48 obj/network.o
                0x0100f8f4                SetBannerMode
 .text.IconPuts
                0x0100f93c       0x40 obj/network.o
                0x0100f93c                IconPuts
 .text.SetBannerText
                0x0100f97c       0x14 obj/network.o
                0x0100f97c                SetBannerText
 .text.GPRSReset
                0x0100f990      0x14c obj/network.o
                0x0100f990                GPRSReset
 .text.SetPPPConfig
                0x0100fadc       0xa6 obj/network.o
                0x0100fadc                SetPPPConfig
 *fill*         0x0100fb82        0x2 
 .text.NetworkInfo
                0x0100fb84      0x538 obj/network.o
                0x0100fb84                NetworkInfo
 .text.SelSIM   0x010100bc      0x2a4 obj/network.o
                0x010100bc                SelSIM
 .text.GetBatteryPercent
                0x01010360       0x60 obj/network.o
                0x01010360                GetBatteryPercent
 .text.ShowSimStatus
                0x010103c0      0x154 obj/network.o
                0x010103c0                ShowSimStatus
 .text.SimStatusThrd
                0x01010514       0x18 obj/network.o
                0x01010514                SimStatusThrd
 .text.NetworkInit
                0x0101052c      0x26c obj/network.o
                0x0101052c                NetworkInit
 .text.GetSubNum
                0x01010798       0xb4 obj/network.o
                0x01010798                GetSubNum
 .text.GetMobileNum
                0x0101084c      0x1dc obj/network.o
                0x0101084c                GetMobileNum
 .text.GetSimCCID
                0x01010a28      0x28c obj/network.o
                0x01010a28                GetSimCCID
 .text.MobileNumTest
                0x01010cb4       0xe4 obj/network.o
                0x01010cb4                MobileNumTest
 .text.SNTest   0x01010d98       0xe8 obj/network.o
                0x01010d98                SNTest
 .text.GetPPPStatus
                0x01010e80       0x20 obj/network.o
                0x01010e80                GetPPPStatus
 .text.DispNifInfo2
                0x01010ea0       0xe4 obj/network.o
                0x01010ea0                DispNifInfo2
 .text.ShowPPPStatus
                0x01010f84      0x144 obj/network.o
                0x01010f84                ShowPPPStatus
 .text          0x010110c8        0x0 obj/record.o
 .text.MoveInput2Tx
                0x010110c8       0x2c obj/record.o
                0x010110c8                MoveInput2Tx
 .text.Input2RecordBuf
                0x010110f4       0xa0 obj/record.o
                0x010110f4                Input2RecordBuf
 .text.UpdateHostStatus
                0x01011194       0xa0 obj/record.o
                0x01011194                UpdateHostStatus
 .text.SaveRecord
                0x01011234       0x78 obj/record.o
                0x01011234                SaveRecord
 .text.SaveOfflRecord
                0x010112ac       0x70 obj/record.o
                0x010112ac                SaveOfflRecord
 .text.UpdateRecord
                0x0101131c       0x70 obj/record.o
                0x0101131c                UpdateRecord
 .text          0x0101138c        0x0 obj/refund.o
 .text.RefundTrans
                0x0101138c      0x13c obj/refund.o
                0x0101138c                RefundTrans
 .text          0x010114c8        0x0 obj/testrans.o
 .text.TestTrans
                0x010114c8       0xc0 obj/testrans.o
                0x010114c8                TestTrans
 .text          0x01011588        0x0 obj/toggle.o
 .text.ToggleOption
                0x01011588      0x12c obj/toggle.o
                0x01011588                ToggleOption
 .text          0x010116b4        0x0 obj/tpadtest.o
 .text.IconPutS
                0x010116b4       0x2e obj/tpadtest.o
 *fill*         0x010116e2        0x2 
 .text.TouchDetected2
                0x010116e4       0x60 obj/tpadtest.o
 .text.TouchDetected1
                0x01011744       0x60 obj/tpadtest.o
 .text.TouchDetected0
                0x010117a4       0x60 obj/tpadtest.o
 .text.TouchLoss
                0x01011804       0x38 obj/tpadtest.o
 .text.CleanTPadConf
                0x0101183c        0xa obj/tpadtest.o
 *fill*         0x01011846        0x2 
 .text.UpdTPadDotSize
                0x01011848       0x5c obj/tpadtest.o
 .text.DotUpDn  0x010118a4       0x2c obj/tpadtest.o
 .text.DotDn    0x010118d0       0x14 obj/tpadtest.o
 .text.DotUp    0x010118e4       0x14 obj/tpadtest.o
 .text.TPadTest
                0x010118f8      0x1e4 obj/tpadtest.o
                0x010118f8                TPadTest
 .text.TPadTestEnable
                0x01011adc       0x10 obj/tpadtest.o
                0x01011adc                TPadTestEnable
 .text.SPadTest
                0x01011aec      0x1dc obj/tpadtest.o
                0x01011aec                SPadTest
 .text          0x01011cc8        0x0 obj/tranutil.o
 .text.AddTotal
                0x01011cc8       0x16 obj/tranutil.o
 *fill*         0x01011cde        0x2 
 .text.PackContents
                0x01011ce0      0x29c obj/tranutil.o
 .text.PackContent
                0x01011f7c      0x264 obj/tranutil.o
 .text.PackTelNo
                0x010121e0       0x88 obj/tranutil.o
 .text.PackTxnSlip.part.0
                0x01012268       0x14 obj/tranutil.o
 .text.ValidAcquirer
                0x0101227c       0x68 obj/tranutil.o
 .text.OverMargin
                0x010122e4       0x44 obj/tranutil.o
                0x010122e4                OverMargin
 .text.PackDTGAA
                0x01012328       0x2c obj/tranutil.o
                0x01012328                PackDTGAA
 .text.PackDateTime
                0x01012354       0x48 obj/tranutil.o
                0x01012354                PackDateTime
 .text.Packprintissuer
                0x0101239c      0x210 obj/tranutil.o
                0x0101239c                Packprintissuer
 .text.Packprintconfig
                0x010125ac      0x6b4 obj/tranutil.o
                0x010125ac                Packprintconfig
 .text.PackHeader
                0x01012c60       0x78 obj/tranutil.o
                0x01012c60                PackHeader
 .text.PackRecordP
                0x01012cd8       0xc8 obj/tranutil.o
                0x01012cd8                PackRecordP
 .text.PackInputP
                0x01012da0       0xf0 obj/tranutil.o
                0x01012da0                PackInputP
 .text.DispHeader
                0x01012e90       0xc0 obj/tranutil.o
                0x01012e90                DispHeader
 .text.SetRspCode
                0x01012f50        0xc obj/tranutil.o
                0x01012f50                SetRspCode
 .text.ClearResponse
                0x01012f5c       0x3c obj/tranutil.o
                0x01012f5c                ClearResponse
 .text.ConfirmCard
                0x01012f98      0x1e8 obj/tranutil.o
                0x01012f98                ConfirmCard
 .text.PackRspText
                0x01013180       0xa4 obj/tranutil.o
                0x01013180                PackRspText
 .text.DispRspText
                0x01013224       0xd0 obj/tranutil.o
                0x01013224                DispRspText
 .text.DispErrorMsg
                0x010132f4       0x30 obj/tranutil.o
                0x010132f4                DispErrorMsg
 .text.TransEnd
                0x01013324      0x138 obj/tranutil.o
                0x01013324                TransEnd
 .text.DispAmount
                0x0101345c       0x98 obj/tranutil.o
                0x0101345c                DispAmount
 .text.AddToTotals
                0x010134f4      0x1b0 obj/tranutil.o
                0x010134f4                AddToTotals
 .text.CalIssuerSum
                0x010136a4       0x40 obj/tranutil.o
 .text.CalTotals
                0x010136e4       0x5c obj/tranutil.o
                0x010136e4                CalTotals
 .text.PackIssuerSum
                0x01013740      0x2d8 obj/tranutil.o
                0x01013740                PackIssuerSum
 .text.PackIssuerSumT
                0x01013a18      0x278 obj/tranutil.o
                0x01013a18                PackIssuerSumT
 .text.FormatHolderName
                0x01013c90       0x6e obj/tranutil.o
                0x01013c90                FormatHolderName
 *fill*         0x01013cfe        0x2 
 .text.IncTraceNoEND
                0x01013d00       0x34 obj/tranutil.o
                0x01013d00                IncTraceNoEND
 .text.IncTraceNo
                0x01013d34       0x30 obj/tranutil.o
                0x01013d34                IncTraceNo
 .text.ClearRspData
                0x01013d64       0x4c obj/tranutil.o
                0x01013d64                ClearRspData
 .text.ResetTerm
                0x01013db0       0x6c obj/tranutil.o
                0x01013db0                ResetTerm
 .text.PackComm
                0x01013e1c      0x40c obj/tranutil.o
                0x01013e1c                PackComm
 .text.TransAllowed
                0x01014228      0x16c obj/tranutil.o
                0x01014228                TransAllowed
 .text          0x01014394        0x0 obj/wavecom.o
 .text.ClearCmdBuf
                0x01014394       0x48 obj/wavecom.o
 .text.SendWaitRsp.part.0
                0x010143dc      0x128 obj/wavecom.o
 .text.SendWaitRsp
                0x01014504       0x68 obj/wavecom.o
 .text.SetSmsMode.part.1
                0x0101456c       0x3c obj/wavecom.o
 .text.Asc2DWVAL.constprop.7
                0x010145a8       0x22 obj/wavecom.o
 *fill*         0x010145ca        0x2 
 .text.WaitModuReady
                0x010145cc       0x4c obj/wavecom.o
                0x010145cc                WaitModuReady
 .text.SimDetect
                0x01014618       0x38 obj/wavecom.o
                0x01014618                SimDetect
 .text.RegisterNetwork
                0x01014650       0x84 obj/wavecom.o
                0x01014650                RegisterNetwork
 .text.AttachGPRS
                0x010146d4       0x34 obj/wavecom.o
                0x010146d4                AttachGPRS
 .text.GetPHBCapcity
                0x01014708       0xbc obj/wavecom.o
                0x01014708                GetPHBCapcity
 .text.GetContact
                0x010147c4       0xb4 obj/wavecom.o
                0x010147c4                GetContact
 .text.LoadPhoneBook
                0x01014878       0x48 obj/wavecom.o
                0x01014878                LoadPhoneBook
 .text.SortPhoneBook
                0x010148c0       0xb8 obj/wavecom.o
                0x010148c0                SortPhoneBook
 .text.SelectPHBook
                0x01014978      0x100 obj/wavecom.o
                0x01014978                SelectPHBook
 .text.WriteContact
                0x01014a78       0x90 obj/wavecom.o
                0x01014a78                WriteContact
 .text.DelContact
                0x01014b08       0x5c obj/wavecom.o
                0x01014b08                DelContact
 .text.AllCallForward
                0x01014b64       0x4c obj/wavecom.o
                0x01014b64                AllCallForward
 .text.MakeCall
                0x01014bb0       0x40 obj/wavecom.o
                0x01014bb0                MakeCall
 .text.MakeReqCall
                0x01014bf0       0x4c obj/wavecom.o
                0x01014bf0                MakeReqCall
 .text.CheckCallStatus
                0x01014c3c       0x80 obj/wavecom.o
                0x01014c3c                CheckCallStatus
 .text.AnswerCall
                0x01014cbc       0x28 obj/wavecom.o
                0x01014cbc                AnswerCall
 .text.SendKeyPress
                0x01014ce4       0x1c obj/wavecom.o
                0x01014ce4                SendKeyPress
 .text.HangUp   0x01014d00       0x28 obj/wavecom.o
                0x01014d00                HangUp
 .text.CheckCallEnd
                0x01014d28       0x58 obj/wavecom.o
                0x01014d28                CheckCallEnd
 .text.GetCallerID
                0x01014d80       0x54 obj/wavecom.o
                0x01014d80                GetCallerID
 .text.ReadGain
                0x01014dd4       0x20 obj/wavecom.o
                0x01014dd4                ReadGain
 .text.WriteGain
                0x01014df4       0x3c obj/wavecom.o
                0x01014df4                WriteGain
 .text.GetOptrName
                0x01014e30       0x6c obj/wavecom.o
                0x01014e30                GetOptrName
 .text.FacilityEnable
                0x01014e9c       0x98 obj/wavecom.o
                0x01014e9c                FacilityEnable
 .text.CheckPinState
                0x01014f34       0x80 obj/wavecom.o
                0x01014f34                CheckPinState
 .text.EnterPin
                0x01014fb4       0x4c obj/wavecom.o
                0x01014fb4                EnterPin
 .text.ChangePin
                0x01015000       0x94 obj/wavecom.o
                0x01015000                ChangePin
 .text.SetNewMsgInd
                0x01015094       0x20 obj/wavecom.o
                0x01015094                SetNewMsgInd
 .text.GetSmsMode
                0x010150b4       0x4c obj/wavecom.o
                0x010150b4                GetSmsMode
 .text.GetSmsTotal
                0x01015100       0xa0 obj/wavecom.o
                0x01015100                GetSmsTotal
 .text.LoadSmsInbox
                0x010151a0      0x29c obj/wavecom.o
                0x010151a0                LoadSmsInbox
 .text.ReadSms  0x0101543c      0x10c obj/wavecom.o
                0x0101543c                ReadSms
 .text.DelSms   0x01015548       0x84 obj/wavecom.o
                0x01015548                DelSms
 .text.SmsSend  0x010155cc       0xb4 obj/wavecom.o
                0x010155cc                SmsSend
 .text.ModuleInit
                0x01015680       0x38 obj/wavecom.o
                0x01015680                ModuleInit
 .text          0x010156b8        0x0 obj/cstartup.o
 .text.SegmentInit
                0x010156b8       0x78 obj/cstartup.o
                0x010156b8                SegmentInit
 .text          0x01015730        0x0 obj/expect_send.o
 .text.expect_send_release
                0x01015730       0x58 obj/expect_send.o
                0x01015730                expect_send_release
 .text.expect_send_alloc
                0x01015788      0x10e obj/expect_send.o
                0x01015788                expect_send_alloc
 .text          0x01015896        0x0 obj/libc.o
 .text.printchar
                0x01015896       0x14 obj/libc.o
 .text.prints   0x010158aa       0xaa obj/libc.o
 .text.printi   0x01015954       0xa0 obj/libc.o
 *fill*         0x010159f4        0x4 
 .text.print    0x010159f8      0x2c0 obj/libc.o
 .text._read_r  0x01015cb8       0x2a obj/libc.o
                0x01015cb8                _read_r
 .text._write_r
                0x01015ce2       0x22 obj/libc.o
                0x01015ce2                _write_r
 .text._close_r
                0x01015d04        0x4 obj/libc.o
                0x01015d04                _close_r
 .text._lseek_r
                0x01015d08        0x4 obj/libc.o
                0x01015d08                _lseek_r
 .text._fstat_r
                0x01015d0c        0xa obj/libc.o
                0x01015d0c                _fstat_r
 .text.isatty   0x01015d16        0x4 obj/libc.o
                0x01015d16                isatty
 *fill*         0x01015d1a        0x2 
 .text._sbrk_r  0x01015d1c       0x2c obj/libc.o
                0x01015d1c                _sbrk_r
 .text.putchar  0x01015d48        0xe obj/libc.o
                0x01015d48                putchar
 .text.printf   0x01015d56       0x1c obj/libc.o
                0x01015d56                printf
 .text.sprintf  0x01015d72       0x1e obj/libc.o
                0x01015d72                sprintf
 .text          0x01015d90      0x5f4 ../LibA5T1000/gcc\libsyscall.a(app_call.o)
                0x01015d90                lib_app_call
 .text          0x01016384       0x20 ../LibA5T1000/gcc\libsyscall.a(sys_call.o)
                0x01016384                sys_func3
                0x01016388                sys_func0
                0x01016394                sys_func1
                0x0101639c                sys_func2
 .text          0x010163a4       0x1c ../LibA5T1000/gcc\libbasecall.a(base_call.o)
                0x010163a4                base_func3
                0x010163a8                base_func0
                0x010163b2                base_func1
                0x010163ba                base_func2
 .text          0x010163c0       0x52 ../LibA5T1000/gcc\libsptutil.a(bcd2bin.o)
                0x010163c0                bcd2bin
                0x010163dc                lbcd2lbin
 .text          0x01016412        0xe ../LibA5T1000/gcc\libsptutil.a(bcd2val.o)
                0x01016412                bcd2val
 .text          0x01016420       0x40 ../LibA5T1000/gcc\libsptutil.a(bcdadd.o)
                0x01016420                bcdadd
 .text          0x01016460       0x32 ../LibA5T1000/gcc\libsptutil.a(bcdinc.o)
                0x01016460                bcdinc
 .text          0x01016492       0x3e ../LibA5T1000/gcc\libsptutil.a(bcdsub.o)
                0x01016492                bcdsub
 .text          0x010164d0       0x3c ../LibA5T1000/gcc\libsptutil.a(bin2bcd.o)
                0x010164d0                binary2bcd
                0x01016506                bin2bcd
 .text          0x0101650c       0x28 ../LibA5T1000/gcc\libsptutil.a(bin2dec.o)
                0x0101650c                bin2dec
 .text          0x01016534       0x1a ../LibA5T1000/gcc\libsptutil.a(bindec_d.o)
                0x01016534                bindec_data
 .text          0x0101654e       0x36 ../LibA5T1000/gcc\libsptutil.a(chkdok.o)
                0x0101654e                chk_digit_ok
 .text          0x01016584       0x32 ../LibA5T1000/gcc\libsptutil.a(compress.o)
                0x01016584                compress
 *fill*         0x010165b6        0x2 
 .text          0x010165b8       0x30 ../LibA5T1000/gcc\libsptutil.a(crcccitt.o)
                0x010165b8                cal_crcx
                0x010165e0                cal_crc
 .text          0x010165e8       0x42 ../LibA5T1000/gcc\libsptutil.a(dbin2asc.o)
                0x010165e8                dbin2asc
 .text          0x0101662a       0x60 ../LibA5T1000/gcc\libsptutil.a(dbin2bcd.o)
                0x0101662a                dbin2bcd
 .text          0x0101668a       0x40 ../LibA5T1000/gcc\libsptutil.a(decbin8b.o)
                0x0101668a                decbin8b
 .text          0x010166ca       0x18 ../LibA5T1000/gcc\libsptutil.a(fndb.o)
                0x010166ca                fndb
 *fill*         0x010166e2        0x2 
 .text          0x010166e4       0x64 ../LibA5T1000/gcc\libsptutil.a(get_byte.o)
                0x010166e4                get_byte
                0x010166f4                get_word
                0x01016704                get_dword
                0x01016724                get_dword_le
 .text          0x01016748       0x14 ../LibA5T1000/gcc\libsptutil.a(get_dist.o)
                0x01016748                get_distance
 .text          0x0101675c       0x2c ../LibA5T1000/gcc\libsptutil.a(get_mem.o)
                0x0101675c                get_mem
 .text          0x01016788        0xc ../LibA5T1000/gcc\libsptutil.a(get_pptr.o)
                0x01016788                get_pptr
 .text          0x01016794       0x10 ../LibA5T1000/gcc\libsptutil.a(hex_val.o)
                0x01016794                hex_value
 .text          0x010167a4       0x20 ../LibA5T1000/gcc\libsptutil.a(inc_pptr.o)
                0x010167a4                inc_pptr
 .text          0x010167c4       0x18 ../LibA5T1000/gcc\libsptutil.a(isbdigit.o)
                0x010167c4                isbdigit
 .text          0x010167dc       0xfc ../LibA5T1000/gcc\libsptutil.a(pack_b.o)
                0x010167dc                pack_byte
                0x01016800                pack_word
                0x0101682c                pack_dword
                0x0101686c                pack_word_le
                0x01016898                pack_dword_le
 .text          0x010168d8        0x6 ../LibA5T1000/gcc\libsptutil.a(pack_lf.o)
                0x010168d8                pack_lf
 .text          0x010168de        0x8 ../LibA5T1000/gcc\libsptutil.a(pack_lfs.o)
                0x010168de                pack_lfs
 *fill*         0x010168e6        0x2 
 .text          0x010168e8       0x28 ../LibA5T1000/gcc\libsptutil.a(pack_mem.o)
                0x010168e8                pack_mem
 .text          0x01016910       0x28 ../LibA5T1000/gcc\libsptutil.a(pack_nb.o)
                0x01016910                pack_nbyte
 .text          0x01016938        0x8 ../LibA5T1000/gcc\libsptutil.a(pack_spc.o)
                0x01016938                pack_space
 .text          0x01016940       0x18 ../LibA5T1000/gcc\libsptutil.a(pack_str.o)
                0x01016940                pack_str
 .text          0x01016958       0x38 ../LibA5T1000/gcc\libsptutil.a(set_pptr.o)
                0x01016958                buffer_overflow
                0x01016974                set_pptr
 .text          0x01016990       0x18 ../LibA5T1000/gcc\libsptutil.a(skpb.o)
                0x01016990                skpb
 .text          0x010169a8       0x2c ../LibA5T1000/gcc\libsptutil.a(split.o)
                0x010169a8                split
 .text          0x010169d4       0x28 ../LibA5T1000/gcc\libsptutil.a(split_d.o)
                0x010169d4                split_data
 .text          0x010169fc       0x18 ../LibA5T1000/gcc\libsptutil.a(val2bcd.o)
                0x010169fc                val2bcd
 .text          0x01016a14        0xe ../LibA5T1000/gcc\libsptutil.a(hexdigit.o)
                0x01016a14                hex_digit
 *fill*         0x01016a22        0x2 
 .text          0x01016a24      0x7b4 ../LibA5T1000/gcc\libspglib.a(GIFLib.o)
                0x01016d44                GIFSetPos
                0x01016d50                GIFPlay
                0x01016dec                GIFPlayOn
                0x01016e04                GIFStop
                0x01016e54                GIFUnLoad
                0x01016ec0                GIFLoadMem
 .text          0x010171d8      0x340 ../LibA5T1000/gcc\libspglib.a(GLib.o)
                0x010171d8                GD_SetDotSize
                0x010171fc                GD_SetDotColor
                0x01017228                GD_SetInSpace
                0x01017234                GD_SetOutSpace
                0x01017240                FillColorPixel
                0x01017274                FillMonoPixel
                0x010172ae                GD_Dot
                0x01017320                GD_Point
                0x01017326                GD_Line
                0x010173fc                GD_Rectangle
                0x01017484                GD_Triangle
                0x010174ac                GD_Circle
 .text          0x01017518        0x0 C:\DevTools\gcc_v49_2014q4/arm-none-eabi/lib/thumb\libc.a(lib_a-memcmp.o)
 .text.memcmp   0x01017518       0x54 C:\DevTools\gcc_v49_2014q4/arm-none-eabi/lib/thumb\libc.a(lib_a-memcmp.o)
                0x01017518                memcmp
 .text          0x0101756c        0x0 C:\DevTools\gcc_v49_2014q4/arm-none-eabi/lib/thumb\libc.a(lib_a-memcpy.o)
 .text.memcpy   0x0101756c       0x80 C:\DevTools\gcc_v49_2014q4/arm-none-eabi/lib/thumb\libc.a(lib_a-memcpy.o)
                0x0101756c                memcpy
 .text          0x010175ec        0x0 C:\DevTools\gcc_v49_2014q4/arm-none-eabi/lib/thumb\libc.a(lib_a-memmove.o)
 .text.memmove  0x010175ec       0x9c C:\DevTools\gcc_v49_2014q4/arm-none-eabi/lib/thumb\libc.a(lib_a-memmove.o)
                0x010175ec                memmove
 .text          0x01017688        0x0 C:\DevTools\gcc_v49_2014q4/arm-none-eabi/lib/thumb\libc.a(lib_a-memset.o)
 .text.memset   0x01017688       0x94 C:\DevTools\gcc_v49_2014q4/arm-none-eabi/lib/thumb\libc.a(lib_a-memset.o)
                0x01017688                memset
 .text          0x0101771c        0x0 C:\DevTools\gcc_v49_2014q4/arm-none-eabi/lib/thumb\libc.a(lib_a-puts.o)
 .text._puts_r  0x0101771c       0x60 C:\DevTools\gcc_v49_2014q4/arm-none-eabi/lib/thumb\libc.a(lib_a-puts.o)
                0x0101771c                _puts_r
 .text.puts     0x0101777c       0x18 C:\DevTools\gcc_v49_2014q4/arm-none-eabi/lib/thumb\libc.a(lib_a-puts.o)
                0x0101777c                puts
 .text          0x01017794        0x0 C:\DevTools\gcc_v49_2014q4/arm-none-eabi/lib/thumb\libc.a(lib_a-strcat.o)
 .text.strcat   0x01017794       0x54 C:\DevTools\gcc_v49_2014q4/arm-none-eabi/lib/thumb\libc.a(lib_a-strcat.o)
                0x01017794                strcat
 .text          0x010177e8        0x0 C:\DevTools\gcc_v49_2014q4/arm-none-eabi/lib/thumb\libc.a(lib_a-strchr.o)
 .text.strchr   0x010177e8       0xdc C:\DevTools\gcc_v49_2014q4/arm-none-eabi/lib/thumb\libc.a(lib_a-strchr.o)
                0x010177e8                strchr
 .text          0x010178c4        0x0 C:\DevTools\gcc_v49_2014q4/arm-none-eabi/lib/thumb\libc.a(lib_a-strcpy.o)
 .text.strcpy   0x010178c4       0x10 C:\DevTools\gcc_v49_2014q4/arm-none-eabi/lib/thumb\libc.a(lib_a-strcpy.o)
                0x010178c4                strcpy
 .text          0x010178d4        0x0 C:\DevTools\gcc_v49_2014q4/arm-none-eabi/lib/thumb\libc.a(lib_a-strlen.o)
 .text.strlen   0x010178d4       0x6c C:\DevTools\gcc_v49_2014q4/arm-none-eabi/lib/thumb\libc.a(lib_a-strlen.o)
                0x010178d4                strlen
 .text          0x01017940        0x0 C:\DevTools\gcc_v49_2014q4/arm-none-eabi/lib/thumb\libc.a(lib_a-strstr.o)
 .text.critical_factorization
                0x01017940       0xc4 C:\DevTools\gcc_v49_2014q4/arm-none-eabi/lib/thumb\libc.a(lib_a-strstr.o)
 .text.two_way_long_needle
                0x01017a04      0x1f8 C:\DevTools\gcc_v49_2014q4/arm-none-eabi/lib/thumb\libc.a(lib_a-strstr.o)
 .text.strstr   0x01017bfc      0x228 C:\DevTools\gcc_v49_2014q4/arm-none-eabi/lib/thumb\libc.a(lib_a-strstr.o)
                0x01017bfc                strstr
 .text          0x01017e24        0x0 C:\DevTools\gcc_v49_2014q4/arm-none-eabi/lib/thumb\libc.a(lib_a-fvwrite.o)
 .text.__sfvwrite_r
                0x01017e24      0x340 C:\DevTools\gcc_v49_2014q4/arm-none-eabi/lib/thumb\libc.a(lib_a-fvwrite.o)
                0x01017e24                __sfvwrite_r
 .text          0x01018164        0x0 C:\DevTools\gcc_v49_2014q4/arm-none-eabi/lib/thumb\libc.a(lib_a-impure.o)
 .text          0x01018164        0x0 C:\DevTools\gcc_v49_2014q4/arm-none-eabi/lib/thumb\libc.a(lib_a-mallocr.o)
 .text._malloc_r
                0x01018164      0x54c C:\DevTools\gcc_v49_2014q4/arm-none-eabi/lib/thumb\libc.a(lib_a-mallocr.o)
                0x01018164                _malloc_r
 .text          0x010186b0        0x0 C:\DevTools\gcc_v49_2014q4/arm-none-eabi/lib/thumb\libc.a(lib_a-memchr.o)
 .text.memchr   0x010186b0       0x8c C:\DevTools\gcc_v49_2014q4/arm-none-eabi/lib/thumb\libc.a(lib_a-memchr.o)
                0x010186b0                memchr
 .text          0x0101873c        0x0 C:\DevTools\gcc_v49_2014q4/arm-none-eabi/lib/thumb\libc.a(lib_a-mlock.o)
 .text.__malloc_lock
                0x0101873c        0x4 C:\DevTools\gcc_v49_2014q4/arm-none-eabi/lib/thumb\libc.a(lib_a-mlock.o)
                0x0101873c                __malloc_lock
 .text.__malloc_unlock
                0x01018740        0x4 C:\DevTools\gcc_v49_2014q4/arm-none-eabi/lib/thumb\libc.a(lib_a-mlock.o)
                0x01018740                __malloc_unlock
 .text          0x01018744        0x0 C:\DevTools\gcc_v49_2014q4/arm-none-eabi/lib/thumb\libc.a(lib_a-reallocr.o)
 .text._realloc_r
                0x01018744      0x3dc C:\DevTools\gcc_v49_2014q4/arm-none-eabi/lib/thumb\libc.a(lib_a-reallocr.o)
                0x01018744                _realloc_r
 .text          0x01018b20        0x0 C:\DevTools\gcc_v49_2014q4/arm-none-eabi/lib/thumb\libc.a(lib_a-wsetup.o)
 .text.__swsetup_r
                0x01018b20       0xd0 C:\DevTools\gcc_v49_2014q4/arm-none-eabi/lib/thumb\libc.a(lib_a-wsetup.o)
                0x01018b20                __swsetup_r
 .text          0x01018bf0        0x0 C:\DevTools\gcc_v49_2014q4/arm-none-eabi/lib/thumb\libc.a(lib_a-fflush.o)
 .text.__sflush_r
                0x01018bf0      0x168 C:\DevTools\gcc_v49_2014q4/arm-none-eabi/lib/thumb\libc.a(lib_a-fflush.o)
                0x01018bf0                __sflush_r
 .text._fflush_r
                0x01018d58       0x30 C:\DevTools\gcc_v49_2014q4/arm-none-eabi/lib/thumb\libc.a(lib_a-fflush.o)
                0x01018d58                _fflush_r
 .text.fflush   0x01018d88       0x2c C:\DevTools\gcc_v49_2014q4/arm-none-eabi/lib/thumb\libc.a(lib_a-fflush.o)
                0x01018d88                fflush
 .text          0x01018db4        0x0 C:\DevTools\gcc_v49_2014q4/arm-none-eabi/lib/thumb\libc.a(lib_a-findfp.o)
 .text.__fp_lock
                0x01018db4        0x4 C:\DevTools\gcc_v49_2014q4/arm-none-eabi/lib/thumb\libc.a(lib_a-findfp.o)
 .text.__fp_unlock
                0x01018db8        0x4 C:\DevTools\gcc_v49_2014q4/arm-none-eabi/lib/thumb\libc.a(lib_a-findfp.o)
 .text._cleanup_r
                0x01018dbc       0x14 C:\DevTools\gcc_v49_2014q4/arm-none-eabi/lib/thumb\libc.a(lib_a-findfp.o)
                0x01018dbc                _cleanup_r
 .text.__sinit.part.1
                0x01018dd0       0xf4 C:\DevTools\gcc_v49_2014q4/arm-none-eabi/lib/thumb\libc.a(lib_a-findfp.o)
 .text.__sfmoreglue
                0x01018ec4       0x34 C:\DevTools\gcc_v49_2014q4/arm-none-eabi/lib/thumb\libc.a(lib_a-findfp.o)
                0x01018ec4                __sfmoreglue
 .text.__sfp    0x01018ef8       0x94 C:\DevTools\gcc_v49_2014q4/arm-none-eabi/lib/thumb\libc.a(lib_a-findfp.o)
                0x01018ef8                __sfp
 .text._cleanup
                0x01018f8c       0x1c C:\DevTools\gcc_v49_2014q4/arm-none-eabi/lib/thumb\libc.a(lib_a-findfp.o)
                0x01018f8c                _cleanup
 .text.__sinit  0x01018fa8       0x14 C:\DevTools\gcc_v49_2014q4/arm-none-eabi/lib/thumb\libc.a(lib_a-findfp.o)
                0x01018fa8                __sinit
 .text.__sfp_lock_acquire
                0x01018fbc        0x4 C:\DevTools\gcc_v49_2014q4/arm-none-eabi/lib/thumb\libc.a(lib_a-findfp.o)
                0x01018fbc                __sfp_lock_acquire
 .text.__sfp_lock_release
                0x01018fc0        0x4 C:\DevTools\gcc_v49_2014q4/arm-none-eabi/lib/thumb\libc.a(lib_a-findfp.o)
                0x01018fc0                __sfp_lock_release
 .text.__sinit_lock_acquire
                0x01018fc4        0x4 C:\DevTools\gcc_v49_2014q4/arm-none-eabi/lib/thumb\libc.a(lib_a-findfp.o)
                0x01018fc4                __sinit_lock_acquire
 .text.__sinit_lock_release
                0x01018fc8        0x4 C:\DevTools\gcc_v49_2014q4/arm-none-eabi/lib/thumb\libc.a(lib_a-findfp.o)
                0x01018fc8                __sinit_lock_release
 .text.__fp_lock_all
                0x01018fcc       0x1c C:\DevTools\gcc_v49_2014q4/arm-none-eabi/lib/thumb\libc.a(lib_a-findfp.o)
                0x01018fcc                __fp_lock_all
 .text.__fp_unlock_all
                0x01018fe8       0x1c C:\DevTools\gcc_v49_2014q4/arm-none-eabi/lib/thumb\libc.a(lib_a-findfp.o)
                0x01018fe8                __fp_unlock_all
 .text          0x01019004        0x0 C:\DevTools\gcc_v49_2014q4/arm-none-eabi/lib/thumb\libc.a(lib_a-freer.o)
 .text._malloc_trim_r
                0x01019004       0xa4 C:\DevTools\gcc_v49_2014q4/arm-none-eabi/lib/thumb\libc.a(lib_a-freer.o)
                0x01019004                _malloc_trim_r
 .text._free_r  0x010190a8      0x1b4 C:\DevTools\gcc_v49_2014q4/arm-none-eabi/lib/thumb\libc.a(lib_a-freer.o)
                0x010190a8                _free_r
 .text          0x0101925c        0x0 C:\DevTools\gcc_v49_2014q4/arm-none-eabi/lib/thumb\libc.a(lib_a-fwalk.o)
 .text._fwalk   0x0101925c       0x50 C:\DevTools\gcc_v49_2014q4/arm-none-eabi/lib/thumb\libc.a(lib_a-fwalk.o)
                0x0101925c                _fwalk
 .text._fwalk_reent
                0x010192ac       0x58 C:\DevTools\gcc_v49_2014q4/arm-none-eabi/lib/thumb\libc.a(lib_a-fwalk.o)
                0x010192ac                _fwalk_reent
 .text          0x01019304        0x0 C:\DevTools\gcc_v49_2014q4/arm-none-eabi/lib/thumb\libc.a(lib_a-makebuf.o)
 .text.__smakebuf_r
                0x01019304      0x100 C:\DevTools\gcc_v49_2014q4/arm-none-eabi/lib/thumb\libc.a(lib_a-makebuf.o)
                0x01019304                __smakebuf_r
 .text          0x01019404        0x0 C:\DevTools\gcc_v49_2014q4/arm-none-eabi/lib/thumb\libc.a(lib_a-stdio.o)
 .text.__sread  0x01019404       0x2c C:\DevTools\gcc_v49_2014q4/arm-none-eabi/lib/thumb\libc.a(lib_a-stdio.o)
                0x01019404                __sread
 .text.__seofread
                0x01019430        0x4 C:\DevTools\gcc_v49_2014q4/arm-none-eabi/lib/thumb\libc.a(lib_a-stdio.o)
                0x01019430                __seofread
 .text.__swrite
                0x01019434       0x3c C:\DevTools\gcc_v49_2014q4/arm-none-eabi/lib/thumb\libc.a(lib_a-stdio.o)
                0x01019434                __swrite
 .text.__sseek  0x01019470       0x30 C:\DevTools\gcc_v49_2014q4/arm-none-eabi/lib/thumb\libc.a(lib_a-stdio.o)
                0x01019470                __sseek
 .text.__sclose
                0x010194a0       0x10 C:\DevTools\gcc_v49_2014q4/arm-none-eabi/lib/thumb\libc.a(lib_a-stdio.o)
                0x010194a0                __sclose
 .text          0x010194b0        0x0 C:\DevTools\gcc_v49_2014q4/arm-none-eabi/lib/thumb\libc.a(lib_a-fclose.o)
 .text._fclose_r
                0x010194b0       0x94 C:\DevTools\gcc_v49_2014q4/arm-none-eabi/lib/thumb\libc.a(lib_a-fclose.o)
                0x010194b0                _fclose_r
 .text.fclose   0x01019544       0x18 C:\DevTools\gcc_v49_2014q4/arm-none-eabi/lib/thumb\libc.a(lib_a-fclose.o)
                0x01019544                fclose
 .text          0x0101955c        0x0 C:\DevTools\gcc_v49_2014q4/arm-none-eabi/lib/thumb\libc.a(lib_a-isattyr.o)
 .text._isatty_r
                0x0101955c       0x28 C:\DevTools\gcc_v49_2014q4/arm-none-eabi/lib/thumb\libc.a(lib_a-isattyr.o)
                0x0101955c                _isatty_r
 .text          0x01019584        0x0 C:\DevTools\gcc_v49_2014q4/arm-none-eabi/lib/thumb\libc.a(lib_a-reent.o)
 .text.cleanup_glue
                0x01019584       0x20 C:\DevTools\gcc_v49_2014q4/arm-none-eabi/lib/thumb\libc.a(lib_a-reent.o)
                0x01019584                cleanup_glue
 .text._reclaim_reent
                0x010195a4       0xa0 C:\DevTools\gcc_v49_2014q4/arm-none-eabi/lib/thumb\libc.a(lib_a-reent.o)
                0x010195a4                _reclaim_reent
 .text          0x01019644        0x0 C:\DevTools\gcc_v49_2014q4/arm-none-eabi/lib/thumb\libnosys.a(isatty.o)
 .text._isatty  0x01019644       0x10 C:\DevTools\gcc_v49_2014q4/arm-none-eabi/lib/thumb\libnosys.a(isatty.o)
                0x01019644                _isatty
 .text          0x01019654        0x0 C:\DevTools\gcc_v49_2014q4/arm-none-eabi/lib/thumb\libm.a(lib_a-w_sqrt.o)
 .text.sqrt     0x01019654       0xbc C:\DevTools\gcc_v49_2014q4/arm-none-eabi/lib/thumb\libm.a(lib_a-w_sqrt.o)
                0x01019654                sqrt
 .text          0x01019710        0x0 C:\DevTools\gcc_v49_2014q4/arm-none-eabi/lib/thumb\libm.a(lib_a-e_sqrt.o)
 .text.__ieee754_sqrt
                0x01019710      0x1d4 C:\DevTools\gcc_v49_2014q4/arm-none-eabi/lib/thumb\libm.a(lib_a-e_sqrt.o)
                0x01019710                __ieee754_sqrt
 .text          0x010198e4        0x0 C:\DevTools\gcc_v49_2014q4/arm-none-eabi/lib/thumb\libm.a(lib_a-s_fpclassify.o)
 .text.__fpclassifyd
                0x010198e4       0x5c C:\DevTools\gcc_v49_2014q4/arm-none-eabi/lib/thumb\libm.a(lib_a-s_fpclassify.o)
                0x010198e4                __fpclassifyd
 .text          0x01019940        0x0 C:\DevTools\gcc_v49_2014q4/arm-none-eabi/lib/thumb\libm.a(lib_a-s_lib_ver.o)
 .text          0x01019940        0x0 C:\DevTools\gcc_v49_2014q4/arm-none-eabi/lib/thumb\libm.a(lib_a-s_matherr.o)
 .text.matherr  0x01019940        0x4 C:\DevTools\gcc_v49_2014q4/arm-none-eabi/lib/thumb\libm.a(lib_a-s_matherr.o)
                0x01019940                matherr
 .text          0x01019944      0x114 c:/devtools/gcc_v49_2014q4/bin/../lib/gcc/arm-none-eabi/4.9.3\libgcc.a(_udivsi3.o)
                0x01019944                __aeabi_uidiv
                0x01019944                __udivsi3
                0x01019a38                __aeabi_uidivmod
 .text          0x01019a58      0x148 c:/devtools/gcc_v49_2014q4/bin/../lib/gcc/arm-none-eabi/4.9.3\libgcc.a(_divsi3.o)
                0x01019a58                __divsi3
                0x01019a58                __aeabi_idiv
                0x01019b80                __aeabi_idivmod
 .text          0x01019ba0        0x4 c:/devtools/gcc_v49_2014q4/bin/../lib/gcc/arm-none-eabi/4.9.3\libgcc.a(_dvmd_tls.o)
                0x01019ba0                __aeabi_idiv0
                0x01019ba0                __aeabi_ldiv0
 .text          0x01019ba4      0x41c c:/devtools/gcc_v49_2014q4/bin/../lib/gcc/arm-none-eabi/4.9.3\libgcc.a(_arm_addsubdf3.o)
                0x01019ba4                __aeabi_drsub
                0x01019bac                __aeabi_dsub
                0x01019bac                __subdf3
                0x01019bb0                __aeabi_dadd
                0x01019bb0                __adddf3
                0x01019ec0                __floatunsidf
                0x01019ec0                __aeabi_ui2d
                0x01019ee4                __floatsidf
                0x01019ee4                __aeabi_i2d
                0x01019f0c                __aeabi_f2d
                0x01019f0c                __extendsfdf2
                0x01019f4c                __floatundidf
                0x01019f4c                __aeabi_ul2d
                0x01019f60                __floatdidf
                0x01019f60                __aeabi_l2d
 .text          0x01019fc0      0x49c c:/devtools/gcc_v49_2014q4/bin/../lib/gcc/arm-none-eabi/4.9.3\libgcc.a(_arm_muldivdf3.o)
                0x01019fc0                __aeabi_dmul
                0x01019fc0                __muldf3
                0x0101a250                __divdf3
                0x0101a250                __aeabi_ddiv
 .text          0x0101a45c      0x144 c:/devtools/gcc_v49_2014q4/bin/../lib/gcc/arm-none-eabi/4.9.3\libgcc.a(_arm_cmpdf2.o)
                0x0101a45c                __gtdf2
                0x0101a45c                __gedf2
                0x0101a464                __ltdf2
                0x0101a464                __ledf2
                0x0101a46c                __nedf2
                0x0101a46c                __eqdf2
                0x0101a46c                __cmpdf2
                0x0101a4f4                __aeabi_cdrcmple
                0x0101a510                __aeabi_cdcmpeq
                0x0101a510                __aeabi_cdcmple
                0x0101a528                __aeabi_dcmpeq
                0x0101a540                __aeabi_dcmplt
                0x0101a558                __aeabi_dcmple
                0x0101a570                __aeabi_dcmpge
                0x0101a588                __aeabi_dcmpgt
 .text          0x0101a5a0       0x54 c:/devtools/gcc_v49_2014q4/bin/../lib/gcc/arm-none-eabi/4.9.3\libgcc.a(_arm_fixunsdfsi.o)
                0x0101a5a0                __aeabi_d2uiz
                0x0101a5a0                __fixunsdfsi
 .text          0x0101a5f4       0x44 c:/devtools/gcc_v49_2014q4/bin/../lib/gcc/arm-none-eabi/4.9.3\libgcc.a(_aeabi_ldivmod.o)
                0x0101a5f4                __aeabi_ldivmod
 .text          0x0101a638       0x3c c:/devtools/gcc_v49_2014q4/bin/../lib/gcc/arm-none-eabi/4.9.3\libgcc.a(_aeabi_uldivmod.o)
                0x0101a638                __aeabi_uldivmod
 .text          0x0101a674       0x4c c:/devtools/gcc_v49_2014q4/bin/../lib/gcc/arm-none-eabi/4.9.3\libgcc.a(_fixdfdi.o)
                0x0101a674                __fixdfdi
                0x0101a674                __aeabi_d2lz
 .text          0x0101a6c0       0x6c c:/devtools/gcc_v49_2014q4/bin/../lib/gcc/arm-none-eabi/4.9.3\libgcc.a(_fixunsdfdi.o)
                0x0101a6c0                __fixunsdfdi
                0x0101a6c0                __aeabi_d2ulz
 .text          0x0101a72c       0x84 c:/devtools/gcc_v49_2014q4/bin/../lib/gcc/arm-none-eabi/4.9.3\libgcc.a(bpabi.o)
                0x0101a72c                __gnu_ldivmod_helper
                0x0101a770                __gnu_uldivmod_helper
 .text          0x0101a7b0      0x178 c:/devtools/gcc_v49_2014q4/bin/../lib/gcc/arm-none-eabi/4.9.3\libgcc.a(_divdi3.o)
                0x0101a7b0                __divdi3
 .text          0x0101a928      0x120 c:/devtools/gcc_v49_2014q4/bin/../lib/gcc/arm-none-eabi/4.9.3\libgcc.a(_udivdi3.o)
                0x0101a928                __udivdi3
 .text          0x0101aa48       0x28 c:/devtools/gcc_v49_2014q4/bin/../lib/gcc/arm-none-eabi/4.9.3\libgcc.a(_clzdi2.o)
                0x0101aa48                __clzdi2
 .text          0x0101aa70       0x48 c:/devtools/gcc_v49_2014q4/bin/../lib/gcc/arm-none-eabi/4.9.3\libgcc.a(_clzsi2.o)
                0x0101aa70                __clzsi2
 *(.init)
 *(.fini)
 *crtbegin.o(.ctors)
 *crtbegin?.o(.ctors)
 *(EXCLUDE_FILE(*crtend.o *crtend?.o) .ctors)
 *(SORT(.ctors.*))
 *(.ctors)
 *crtbegin.o(.dtors)
 *crtbegin?.o(.dtors)
 *(EXCLUDE_FILE(*crtend.o *crtend?.o) .dtors)
 *(SORT(.dtors.*))
 *(.dtors)
 *(.rodata* .gnu.linkonce.r.*)
 .rodata        0x0101aab8       0x10 obj/Adjust.o
 .rodata        0x0101aac8      0x290 obj/Constant.o
                0x0101aac8                KTransBitmap
                0x0101ad38                KTransHeader
                0x0101ad52                KSetlPCode2
 .rodata        0x0101ad58       0x24 obj/Coremain.o
                0x0101ad68                KSoftName
                0x0101ad74                KExportFunc
 .rodata.str1.1
                0x0101ad7c       0x9b obj/Coremain.o
 *fill*         0x0101ae17        0x1 
 .rodata        0x0101ae18     0x3388 obj/DemoTest.o
                0x0101ae18                KCtlKeyRoom
                0x0101c0b0                KCtlApplCfg
                0x0101cb24                KKeyRoom
                0x0101d72c                KApplCfg
 .rodata        0x0101e1a0       0x56 obj/Ecr.o
                0x0101e1a0                KSettleResp
                0x0101e1a4                KHostTotResp
                0x0101e1aa                KHostNameResp
                0x0101e1b0                KLastTrace
                0x0101e1b8                KOfflSaleResp
                0x0101e1d6                KSaleResp
 *fill*         0x0101e1f6        0x2 
 .rodata        0x0101e1f8      0x2a0 obj/Func.o
 .rodata.str1.1
                0x0101e498      0x1a8 obj/Func.o
                                0x1b1 (size before relaxing)
 .rodata        0x0101e640      0x198 obj/Others.o
                0x0101e640                KOtherTransMenu
                0x0101e65c                KOthercurrMenu
                0x0101e678                KOtherTxncurr
                0x0101e6f8                KOtherTxnItem
 .rodata.str1.1
                0x0101e7d8       0x50 obj/Others.o
 .rodata        0x0101e828        0xc obj/ParamTest.o
 .rodata.str1.1
                0x0101e834       0x39 obj/ParamTest.o
 .rodata        0x0101e86d       0x62 obj/Print.o
 .rodata.str1.1
                0x0101e8cf       0x40 obj/Print.o
                                 0x48 (size before relaxing)
 .rodata.str1.1
                0x0101e90f       0x2f obj/Sale.o
 *fill*         0x0101e93e        0x2 
 .rodata        0x0101e940       0x78 obj/Settle.o
 .rodata.str1.1
                0x0101e9b8       0x28 obj/Settle.o
                                 0x2e (size before relaxing)
 .rodata        0x0101e9e0       0x2c obj/Sysutil.o
 .rodata.str1.1
                0x0101ea0c       0x50 obj/Sysutil.o
                                 0x5b (size before relaxing)
 .rodata.str1.1
                0x0101ea5c       0x18 obj/auxcom.o
                                 0x21 (size before relaxing)
 .rodata.str1.1
                0x0101ea74       0x72 obj/brdrtest.o
 .rodata.str1.1
                0x0101eae6       0xb2 obj/camtest.o
 .rodata        0x0101eb98        0xc obj/corevar.o
 .rodata.str1.1
                0x0101eba4       0x10 obj/corevar.o
 .rodata        0x0101ebb4       0x70 obj/ctltrans.o
                0x0101ebe6                wCTLDummyTags
                0x0101ebf2                wCTLOnlineTags
 .rodata.str1.1
                0x0101ec24       0xa3 obj/ctltrans.o
                                 0xb4 (size before relaxing)
 *fill*         0x0101ecc7        0x1 
 .rodata        0x0101ecc8      0x400 obj/debugstis.o
 .rodata        0x0101f0c8       0xde obj/emvtrans.o
                0x0101f0d8                wVMOnlineTags
                0x0101f15d                KPinMsg
 .rodata.str1.1
                0x0101f1a6       0x20 obj/emvtrans.o
                                 0x3b (size before relaxing)
 .rodata.str1.1
                0x0101f1c6       0x22 obj/hardware.o
 .rodata        0x0101f1e8       0x10 obj/hostmsg.o
 .rodata.str1.1
                0x0101f1f8       0xc4 obj/hostmsg.o
                                 0xfb (size before relaxing)
 .rodata        0x0101f2bc       0x82 obj/iface.o
                0x0101f2d2                KItfSettleResp
                0x0101f2da                KItfHostTotResp
                0x0101f2e2                KItfHostNameResp
                0x0101f2ea                KItfLastTrace
                0x0101f2f4                KItfOfflSaleResp
                0x0101f318                KItfSaleResp
 .rodata.str1.1
                0x0101f33e       0x49 obj/iface.o
                                 0x4c (size before relaxing)
 *fill*         0x0101f387        0x1 
 .rodata        0x0101f388      0x200 obj/iface_util.o
 .rodata        0x0101f588       0x10 obj/input.o
 .rodata.str1.1
                0x0101f598       0x59 obj/input.o
                                 0x5c (size before relaxing)
 .rodata        0x0101f5f1       0x2d obj/keytrans.o
 .rodata.str1.1
                0x0101f61e      0x23d obj/keytrans.o
 *fill*         0x0101f85b        0x1 
 .rodata        0x0101f85c      0x914 obj/lptutil.o
 .rodata.str1.1
                0x00000000        0xc obj/lptutil.o
 .rodata        0x01020170       0x18 obj/main.o
                0x01020170                KAppHdr
 .rodata.str1.1
                0x01020188       0x26 obj/main.o
 .rodata.str1.1
                0x010201ae       0x3d obj/menu.o
 *fill*         0x010201eb        0x1 
 .rodata        0x010201ec      0x680 obj/message.o
                0x0102068c                KRspText
 .rodata.str1.1
                0x0102086c      0xfc4 obj/message.o
 .rodata        0x01021830       0x24 obj/network.o
 .rodata.str1.1
                0x01021854      0x29a obj/network.o
                                0x2ae (size before relaxing)
 .rodata.str1.1
                0x01021aee      0x127 obj/toggle.o
                                0x137 (size before relaxing)
 *fill*         0x01021c15        0x3 
 .rodata        0x01021c18       0x50 obj/tpadtest.o
                0x01021c18                KPadObj
                0x01021c48                KPadConf
 .rodata.str1.1
                0x01021c68       0xb9 obj/tpadtest.o
 *fill*         0x01021d21        0x3 
 .rodata        0x01021d24      0x104 obj/tranutil.o
 .rodata.str1.1
                0x01021e28      0xc18 obj/tranutil.o
                                0xca7 (size before relaxing)
 .rodata        0x01022a40       0x30 obj/wavecom.o
 .rodata.str1.1
                0x01022a70      0x271 obj/wavecom.o
                                0x286 (size before relaxing)
 .rodata.str1.1
                0x01022ce1       0x20 obj/cstartup.o
 .rodata.str1.1
                0x01022d01        0x7 obj/libc.o
 .rodata        0x01022d08      0x200 ../LibA5T1000/gcc\libsptutil.a(crcccitt.o)
 .rodata.str1.1
                0x01022f08        0x4 ../LibA5T1000/gcc\libspglib.a(GIFLib.o)
 .rodata.str1.4
                0x01022f0c        0x2 C:\DevTools\gcc_v49_2014q4/arm-none-eabi/lib/thumb\libc.a(lib_a-puts.o)
                                  0x4 (size before relaxing)
 *fill*         0x01022f0e        0x2 
 .rodata.str1.4
                0x01022f10        0x2 C:\DevTools\gcc_v49_2014q4/arm-none-eabi/lib/thumb\libc.a(lib_a-impure.o)
                                  0x4 (size before relaxing)
 *fill*         0x01022f12        0x2 
 .rodata._global_impure_ptr
                0x01022f14        0x4 C:\DevTools\gcc_v49_2014q4/arm-none-eabi/lib/thumb\libc.a(lib_a-impure.o)
                0x01022f14                _global_impure_ptr
 .rodata.str1.4
                0x01022f18        0x8 C:\DevTools\gcc_v49_2014q4/arm-none-eabi/lib/thumb\libm.a(lib_a-w_sqrt.o)
 *(.eh_frame*)

.vfp11_veneer   0x01022f20        0x0
 .vfp11_veneer  0x00000000        0x0 linker stubs

.v4_bx          0x01022f20        0x0
 .v4_bx         0x00000000        0x0 linker stubs

.iplt           0x01022f20        0x0
 .iplt          0x00000000        0x0 obj/Adjust.o

.ARM.extab
 *(.ARM.extab* .gnu.linkonce.armextab.*)
                0x01022f20                __exidx_start = .

.ARM.exidx      0x01022f20        0x8
 *(.ARM.exidx* .gnu.linkonce.armexidx.*)
 .ARM.exidx     0x01022f20        0x8 c:/devtools/gcc_v49_2014q4/bin/../lib/gcc/arm-none-eabi/4.9.3\libgcc.a(_divdi3.o)
 .ARM.exidx     0x01022f28        0x0 c:/devtools/gcc_v49_2014q4/bin/../lib/gcc/arm-none-eabi/4.9.3\libgcc.a(_udivdi3.o)
                                  0x8 (size before relaxing)
                0x01022f28                __exidx_end = .

.text_kek       0x01022f28        0x8
 *(sect_kek)
 sect_kek       0x01022f28        0x8 obj/cstartup.o
                0x01022f28                KKek
                0x01022f30                _end_of_app = ALIGN (0x4)

.rel.dyn        0x01022f30        0x0
 .rel.iplt      0x00000000        0x0 obj/Adjust.o
                0x01800000                . = _start_of_data

.data           0x01800000     0xca30 load address 0x01022f30
 *(.data*)