Archive member included because of file (symbol)

../LibA5T1000/gcc\libsyscall.a(app_call.o)
                              obj/Adjust.o (lib_app_call)
../LibA5T1000/gcc\libsyscall.a(sys_call.o)
                              obj/ParamTest.o (sys_func3)
../LibA5T1000/gcc\libbasecall.a(base_call.o)
                              obj/network.o (base_func0)
../LibA5T1000/gcc\libsptutil.a(bcd2bin.o)
                              obj/Settle.o (bcd2bin)
../LibA5T1000/gcc\libsptutil.a(bcd2val.o)
                              obj/Chkoptn.o (bcd2val)
../LibA5T1000/gcc\libsptutil.a(bcdadd.o)
                              obj/Sysutil.o (bcdadd)
../LibA5T1000/gcc\libsptutil.a(bcdinc.o)
                              obj/Settle.o (bcdinc)
../LibA5T1000/gcc\libsptutil.a(bcdsub.o)
                              obj/Sysutil.o (bcdsub)
../LibA5T1000/gcc\libsptutil.a(bin2bcd.o)
                              obj/hostmsg.o (bin2bcd)
../LibA5T1000/gcc\libsptutil.a(bin2dec.o)
                              obj/Func.o (bin2dec)
../LibA5T1000/gcc\libsptutil.a(bindec_d.o)
                              obj/Print.o (bindec_data)
../LibA5T1000/gcc\libsptutil.a(chkdok.o)
                              obj/input.o (chk_digit_ok)
../LibA5T1000/gcc\libsptutil.a(compress.o)
                              obj/Settle.o (compress)
../LibA5T1000/gcc\libsptutil.a(crcccitt.o)
                              obj/corevar.o (cal_crc)
../LibA5T1000/gcc\libsptutil.a(dbin2asc.o)
                              obj/Sysutil.o (dbin2asc)
../LibA5T1000/gcc\libsptutil.a(dbin2bcd.o)
                              obj/ctltrans.o (dbin2bcd)
../LibA5T1000/gcc\libsptutil.a(decbin8b.o)
                              obj/Adjust.o (decbin8b)
../LibA5T1000/gcc\libsptutil.a(fndb.o)
                              obj/Ecr.o (fndb)
../LibA5T1000/gcc\libsptutil.a(get_byte.o)
                              obj/hostmsg.o (get_byte)
../LibA5T1000/gcc\libsptutil.a(get_dist.o)
                              obj/corevar.o (get_distance)
../LibA5T1000/gcc\libsptutil.a(get_mem.o)
                              obj/hostmsg.o (get_mem)
../LibA5T1000/gcc\libsptutil.a(get_pptr.o)
                              obj/hostmsg.o (get_pptr)
../LibA5T1000/gcc\libsptutil.a(hex_val.o)
                              ../LibA5T1000/gcc\libsptutil.a(compress.o) (hex_value)
../LibA5T1000/gcc\libsptutil.a(inc_pptr.o)
                              obj/corevar.o (inc_pptr)
../LibA5T1000/gcc\libsptutil.a(isbdigit.o)
                              obj/input.o (isbdigit)
../LibA5T1000/gcc\libsptutil.a(pack_b.o)
                              obj/Settle.o (pack_byte)
../LibA5T1000/gcc\libsptutil.a(pack_lf.o)
                              obj/Func.o (pack_lf)
../LibA5T1000/gcc\libsptutil.a(pack_lfs.o)
                              obj/Func.o (pack_lfs)
../LibA5T1000/gcc\libsptutil.a(pack_mem.o)
                              obj/Func.o (pack_mem)
../LibA5T1000/gcc\libsptutil.a(pack_nb.o)
                              obj/Print.o (pack_nbyte)
../LibA5T1000/gcc\libsptutil.a(pack_spc.o)
                              obj/Func.o (pack_space)
../LibA5T1000/gcc\libsptutil.a(pack_str.o)
                              obj/Func.o (pack_str)
../LibA5T1000/gcc\libsptutil.a(set_pptr.o)
                              ../LibA5T1000/gcc\libsptutil.a(get_mem.o) (buffer_overflow)
../LibA5T1000/gcc\libsptutil.a(skpb.o)
                              obj/Sysutil.o (skpb)
../LibA5T1000/gcc\libsptutil.a(split.o)
                              obj/Ecr.o (split)
../LibA5T1000/gcc\libsptutil.a(split_d.o)
                              obj/Func.o (split_data)
../LibA5T1000/gcc\libsptutil.a(val2bcd.o)
                              ../LibA5T1000/gcc\libsptutil.a(bcdadd.o) (val2bcd)
../LibA5T1000/gcc\libsptutil.a(hexdigit.o)
                              ../LibA5T1000/gcc\libsptutil.a(split.o) (hex_digit)
../LibA5T1000/gcc\libspglib.a(GIFLib.o)
                              obj/ParamTest.o (GIFSetPos)
../LibA5T1000/gcc\libspglib.a(GLib.o)
                              obj/tpadtest.o (GD_SetDotSize)
C:\DevTools\gcc_v49_2014q4/arm-none-eabi/lib/thumb\libc.a(lib_a-memcmp.o)
                              obj/Others.o (memcmp)
C:\DevTools\gcc_v49_2014q4/arm-none-eabi/lib/thumb\libc.a(lib_a-memcpy.o)
                              obj/Adjust.o (memcpy)
C:\DevTools\gcc_v49_2014q4/arm-none-eabi/lib/thumb\libc.a(lib_a-memmove.o)
                              obj/Coremain.o (memmove)
C:\DevTools\gcc_v49_2014q4/arm-none-eabi/lib/thumb\libc.a(lib_a-memset.o)
                              obj/Adjust.o (memset)
C:\DevTools\gcc_v49_2014q4/arm-none-eabi/lib/thumb\libc.a(lib_a-puts.o)
                              obj/ctltrans.o (puts)
C:\DevTools\gcc_v49_2014q4/arm-none-eabi/lib/thumb\libc.a(lib_a-strcat.o)
                              obj/ParamTest.o (strcat)
C:\DevTools\gcc_v49_2014q4/arm-none-eabi/lib/thumb\libc.a(lib_a-strchr.o)
                              obj/wavecom.o (strchr)
C:\DevTools\gcc_v49_2014q4/arm-none-eabi/lib/thumb\libc.a(lib_a-strcpy.o)
[...]
Memory Configuration

Name             Origin             Length             Attributes
*default*        0x00000000         0xffffffff

Linker script and memory map

START GROUP
LOAD obj/Adjust.o
LOAD obj/Auth.o
LOAD obj/Chkoptn.o
LOAD obj/Constant.o
LOAD obj/Coremain.o
LOAD obj/DemoTest.o
LOAD obj/Ecr.o
LOAD obj/Func.o
LOAD obj/Offline.o
LOAD obj/Others.o
LOAD obj/ParamTest.o
LOAD obj/Print.o
LOAD obj/Reversal.o
LOAD obj/Sale.o
LOAD obj/SaleOffl.o
LOAD obj/Settle.o
LOAD obj/Sysutil.o
LOAD obj/TLVUtil.o
LOAD obj/TestCfg.o
LOAD obj/Void.o
LOAD obj/auxcom.o
LOAD obj/brdrtest.o
LOAD obj/camtest.o
LOAD obj/corevar.o
LOAD obj/ctltrans.o
LOAD obj/debugstis.o
LOAD obj/emvl2cfg.o
LOAD obj/emvtrans.o
LOAD obj/hardware.o
LOAD obj/hostmsg.o
LOAD obj/iface.o
LOAD obj/iface_util.o
LOAD obj/input.o
LOAD obj/keytrans.o
LOAD obj/lptutil.o
LOAD obj/main.o
LOAD obj/menu.o
LOAD obj/message.o
LOAD obj/network.o
LOAD obj/record.o
LOAD obj/refund.o
LOAD obj/testrans.o
LOAD obj/toggle.o
LOAD obj/tpadtest.o
LOAD obj/tranutil.o
LOAD obj/wavecom.o
LOAD obj/cstartup.o
LOAD obj/expect_send.o
LOAD obj/libc.o
LOAD ../LibA5T1000/gcc\libsyscall.a
LOAD ../LibA5T1000/gcc\libbasecall.a
LOAD ../LibA5T1000/gcc\libsptutil.a
LOAD ../LibA5T1000/gcc\libspglib.a
LOAD ../LibA5T1000/gcc\libspqr.a
LOAD C:\DevTools\gcc_v49_2014q4/arm-none-eabi/lib/thumb\libc.a
LOAD C:\DevTools\gcc_v49_2014q4/arm-none-eabi/lib/thumb\libnosys.a
LOAD C:\DevTools\gcc_v49_2014q4/arm-none-eabi/lib/thumb\libm.a
LOAD c:/devtools/gcc_v49_2014q4/bin/../lib/gcc/arm-none-eabi/4.9.3\libgcc.a
END GROUP
                0x01000000                _start_of_flash = 0x1000000
                0x01800000                _start_of_data = 0x1800000
                0x01c00000                _end_of_sram = (_start_of_data + 0x400000)
                0x01000020                _start_of_header = (_start_of_flash + 0x20)
                0x01000050                _start_of_app = (_start_of_flash + 0x50)
                0x01000000                . = _start_of_flash

.startup        0x01000000       0x1a
 *(sect_startup)
 sect_startup   0x01000000       0x1a obj/cstartup.o
                0x01000000                cstartup
                0x01000020                . = _start_of_header

.header         0x01000020       0x30
 *(sect_apphdr)
 sect_apphdr    0x01000020       0x30 obj/cstartup.o
                0x01000020                KAppHeader
                0x01000150                . = (_start_of_app + 0x100)

.text           0x01000150    0x22a14
 *(.text* .glue_7* .gnu.linkonce.t.*)
 .glue_7        0x00000000        0x0 linker stubs
 .glue_7t       0x00000000        0x0 linker stubs
 .text          0x01000150        0x0 obj/Adjust.o
 .text.DispCurrTotal
                0x01000150       0x84 obj/Adjust.o
 .text.AdjustTrans
                0x010001d4      0x4cc obj/Adjust.o
                0x010001d4                AdjustTrans
 .text          0x010006a0        0x0 obj/Auth.o
 .text.AuthTrans
                0x010006a0      0x118 obj/Auth.o
                0x010006a0                AuthTrans
 .text          0x010007b8        0x0 obj/Chkoptn.o
 .text.AdjustPSWReqd
                0x010007b8       0x14 obj/Chkoptn.o
                0x010007b8                AdjustPSWReqd
 .text.SettlePSWReqd
                0x010007cc       0x14 obj/Chkoptn.o
                0x010007cc                SettlePSWReqd
 .text.ManualPSWReqd
                0x010007e0       0x14 obj/Chkoptn.o
                0x010007e0                ManualPSWReqd
 .text.DispMSRReqd
                0x010007f4       0x10 obj/Chkoptn.o
                0x010007f4                DispMSRReqd
 .text.TIPsReqd
                0x01000804       0x10 obj/Chkoptn.o
                0x01000804                TIPsReqd
 .text.PrintTimeReqd
                0x01000814       0x10 obj/Chkoptn.o
                0x01000814                PrintTimeReqd
 .text.DDMMBusinessDate
                0x01000824       0x10 obj/Chkoptn.o
                0x01000824                DDMMBusinessDate
 .text.ComfirmTotal
                0x01000834       0x10 obj/Chkoptn.o
                0x01000834                ComfirmTotal
 .text.EcrRefReqd
                0x01000844       0x10 obj/Chkoptn.o
                0x01000844                EcrRefReqd
 .text.PromptTips
                0x01000854       0x14 obj/Chkoptn.o
                0x01000854                PromptTips
 .text.BlockLocalTrans
                0x01000868       0x14 obj/Chkoptn.o
                0x01000868                BlockLocalTrans
 .text.NumOfRcptCopy
                0x0100087c       0x10 obj/Chkoptn.o
                0x0100087c                NumOfRcptCopy
 .text.ReferralDial
                0x0100088c       0x10 obj/Chkoptn.o
                0x0100088c                ReferralDial
 .text.HostSettlePending
                0x0100089c       0x14 obj/Chkoptn.o
                0x0100089c                HostSettlePending
 .text.RefundOffline
                0x010008b0       0x14 obj/Chkoptn.o
                0x010008b0                RefundOffline
 .text.VoidOffline
                0x010008c4       0x14 obj/Chkoptn.o
                0x010008c4                VoidOffline
 .text.PiggybackOffline
                0x010008d8       0x14 obj/Chkoptn.o
                0x010008d8                PiggybackOffline
 .text.Prompt4DBC
                0x010008ec       0x14 obj/Chkoptn.o
                0x010008ec                Prompt4DBC
 .text.MultiAdjustAllowed
                0x01000900       0x14 obj/Chkoptn.o
                0x01000900                MultiAdjustAllowed
 .text.ExtraMsgLen
                0x01000914       0x14 obj/Chkoptn.o
                0x01000914                ExtraMsgLen
 .text.CheckDuplicate
                0x01000928       0x14 obj/Chkoptn.o
                0x01000928                CheckDuplicate
 .text.FallbackDialup
                0x0100093c       0x14 obj/Chkoptn.o
                0x0100093c                FallbackDialup
 .text.GetHostType
                0x01000950       0x14 obj/Chkoptn.o
                0x01000950                GetHostType
 .text.UnderFloorLimit
                0x01000964       0x3c obj/Chkoptn.o
                0x01000964                UnderFloorLimit
 .text.ManualEntryAllow
                0x010009a0       0x14 obj/Chkoptn.o
                0x010009a0                ManualEntryAllow
 .text.OfflineAllowed
                0x010009b4       0x14 obj/Chkoptn.o
                0x010009b4                OfflineAllowed
 .text.ExpDateReqd
                0x010009c8       0x14 obj/Chkoptn.o
                0x010009c8                ExpDateReqd
 .text.VoiceReferral
                0x010009dc       0x20 obj/Chkoptn.o
                0x010009dc                VoiceReferral
 .text.DescriptorReqd
                0x010009fc       0x14 obj/Chkoptn.o
                0x010009fc                DescriptorReqd
 .text.AdjustAllowed
                0x01000a10       0x14 obj/Chkoptn.o
                0x01000a10                AdjustAllowed
 .text.CheckPAN
                0x01000a24       0x14 obj/Chkoptn.o
                0x01000a24                CheckPAN
 .text.PrintReqd
                0x01000a38       0x14 obj/Chkoptn.o
                0x01000a38                PrintReqd
 .text.DefaultCapture
                0x01000a4c       0x14 obj/Chkoptn.o
                0x01000a4c                DefaultCapture
 .text.CheckExpDate
                0x01000a60       0x14 obj/Chkoptn.o
                0x01000a60                CheckExpDate
 .text.RefundBlocked
                0x01000a74       0x14 obj/Chkoptn.o
                0x01000a74                RefundBlocked
 .text.AuthBlocked
                0x01000a88       0x14 obj/Chkoptn.o
                0x01000a88                AuthBlocked
 .text.VoidBlocked
                0x01000a9c       0x14 obj/Chkoptn.o
                0x01000a9c                VoidBlocked
 .text.BlockAuthCode
                0x01000ab0       0x14 obj/Chkoptn.o
                0x01000ab0                BlockAuthCode
 .text.MaskCardNo
                0x01000ac4       0x14 obj/Chkoptn.o
                0x01000ac4                MaskCardNo
 .text.ExpiryReject
                0x01000ad8       0x14 obj/Chkoptn.o
                0x01000ad8                ExpiryReject
 .text.BlockLocalManual
                0x01000aec       0x14 obj/Chkoptn.o
                0x01000aec                BlockLocalManual
 .text.BlockLocalSwipe
                0x01000b00       0x14 obj/Chkoptn.o
                0x01000b00                BlockLocalSwipe
 .text.Track1Enable
                0x01000b14       0x14 obj/Chkoptn.o
                0x01000b14                Track1Enable
 .text.EMVProcDisable
                0x01000b28       0x14 obj/Chkoptn.o
                0x01000b28                EMVProcDisable
 .text          0x01000b3c        0x0 obj/Constant.o
 .text.SaleType
                0x01000b3c       0x18 obj/Constant.o
                0x01000b3c                SaleType
 .text          0x01000b54        0x0 obj/Coremain.o
 .text.DispDTG  0x01000b54       0xdc obj/Coremain.o
 .text.VirginInit
                0x01000c30      0x150 obj/Coremain.o
                0x01000c30                VirginInit
 .text.GlobalsInit
                0x01000d80       0x5c obj/Coremain.o
                0x01000d80                GlobalsInit
 .text.GlobalsCleanUp
                0x01000ddc       0x18 obj/Coremain.o
                0x01000ddc                GlobalsCleanUp
 .text.TransModeDisp
                0x01000df4      0x134 obj/Coremain.o
                0x01000df4                TransModeDisp
 .text.Coremain
                0x01000f28      0x4d0 obj/Coremain.o
                0x01000f28                Coremain
 .text          0x010013f8        0x0 obj/DemoTest.o
 .text          0x010013f8        0x0 obj/Ecr.o
 .text.EcrGetAmount
                0x010013f8       0x50 obj/Ecr.o
                0x010013f8                EcrGetAmount
 .text.EcrGetRef
                0x01001448       0x4c obj/Ecr.o
                0x01001448                EcrGetRef
 .text.EcrResp  0x01001494      0x284 obj/Ecr.o
                0x01001494                EcrResp
 .text.GetLastTrace
                0x01001718       0x74 obj/Ecr.o
                0x01001718                GetLastTrace
 .text.GetHostIdx
                0x0100178c       0x38 obj/Ecr.o
                0x0100178c                GetHostIdx
 .text.GetHostName
                0x010017c4       0x4c obj/Ecr.o
                0x010017c4                GetHostName
 .text.GetHostTot
                0x01001810       0x50 obj/Ecr.o
                0x01001810                GetHostTot
 .text.EcrSettle
                0x01001860       0x28 obj/Ecr.o
                0x01001860                EcrSettle
 .text.EcrCmdProcess
                0x01001888       0x90 obj/Ecr.o
                0x01001888                EcrCmdProcess
 .text          0x01001918        0x0 obj/Func.o
 .text.DispStatusMsg
                0x01001918       0x1a obj/Func.o
 *fill*         0x01001932        0x2 
 .text.DispTransData
                0x01001934      0x1e8 obj/Func.o
 .text.DispReversal
                0x01001b1c      0x3b8 obj/Func.o
                0x01001b1c                DispReversal
 .text.ClearReversal
                0x01001ed4      0x190 obj/Func.o
                0x01001ed4                ClearReversal
 .text.DisplayRecordno
                0x01002064      0x2e8 obj/Func.o
                0x01002064                DisplayRecordno
 .text.DisplayBatch
                0x0100234c      0x324 obj/Func.o
                0x0100234c                DisplayBatch
 .text.ClearBatch
                0x01002670      0x180 obj/Func.o
                0x01002670                ClearBatch
 .text.DispTransTotal
                0x010027f0      0x1a0 obj/Func.o
                0x010027f0                DispTransTotal
 .text.ReprintTxn
                0x01002990       0x68 obj/Func.o
                0x01002990                ReprintTxn
 .text.PrintTotals
                0x010029f8       0x80 obj/Func.o
                0x010029f8                PrintTotals
 .text.PrintTxnRecord
                0x01002a78      0x348 obj/Func.o
                0x01002a78                PrintTxnRecord
 .text.MerchantFunc
                0x01002dc0      0x354 obj/Func.o
                0x01002dc0                MerchantFunc
 .text          0x01003114        0x0 obj/Offline.o
 .text.OfflineSent
                0x01003114      0x1ac obj/Offline.o
                0x01003114                OfflineSent
 .text          0x010032c0        0x0 obj/Others.o
 .text.GetAccessrefund
                0x010032c0       0xd8 obj/Others.o
                0x010032c0                GetAccessrefund
 .text.GetAccessrevoid
                0x01003398       0xd8 obj/Others.o
                0x01003398                GetAccessrevoid
 .text.OtherTrans
                0x01003470       0xa8 obj/Others.o
                0x01003470                OtherTrans
 .text.OtherCurrency
                0x01003518       0x34 obj/Others.o
                0x01003518                OtherCurrency
 .text          0x0100354c        0x0 obj/ParamTest.o
 .text.ReadBmp  0x0100354c       0x28 obj/ParamTest.o
 .text.LptPutN  0x01003574       0xc4 obj/ParamTest.o
 .text.LptClose
                0x01003638       0x5c obj/ParamTest.o
 .text.WritePrn.constprop.0
                0x01003694       0x14 obj/ParamTest.o
 .text.DispParamFile
                0x010036a8      0x1b4 obj/ParamTest.o
                0x010036a8                DispParamFile
 .text.LptParamFile
                0x0100385c      0x41c obj/ParamTest.o
                0x0100385c                LptParamFile
 .text          0x01003c78        0x0 obj/Print.o
 .text.PackLogo
                0x01003c78       0x50 obj/Print.o
                0x01003c78                PackLogo
 .text.PackDtg  0x01003cc8       0x32 obj/Print.o
                0x01003cc8                PackDtg
 *fill*         0x01003cfa        0x2 
 .text.PackCurrentDate
                0x01003cfc       0x80 obj/Print.o
                0x01003cfc                PackCurrentDate
 .text.PackSeperator
                0x01003d7c       0x10 obj/Print.o
                0x01003d7c                PackSeperator
 .text.PackRcptHeader
                0x01003d8c       0x44 obj/Print.o
                0x01003d8c                PackRcptHeader
 .text.PackAmt  0x01003dd0       0x40 obj/Print.o
                0x01003dd0                PackAmt
 .text.PackCountAmt
                0x01003e10       0x3a obj/Print.o
 .text.PackFF   0x01003e4a       0x1a obj/Print.o
                0x01003e4a                PackFF
 .text.PackTotals
                0x01003e64       0xbc obj/Print.o
                0x01003e64                PackTotals
 .text.PackEndOfRep
                0x01003f20       0x34 obj/Print.o
                0x01003f20                PackEndOfRep
 .text.SaveLastRcpt
                0x01003f54       0xb0 obj/Print.o
                0x01003f54                SaveLastRcpt
 .text.GetLastRcpt
                0x01004004       0x54 obj/Print.o
                0x01004004                GetLastRcpt
 .text.ReprintLast
                0x01004058       0x94 obj/Print.o
                0x01004058                ReprintLast
 .text.ManualFeed
                0x010040ec       0x30 obj/Print.o
                0x010040ec                ManualFeed
 .text          0x0100411c        0x0 obj/Reversal.o
 .text.ReversalOK
                0x0100411c       0xf4 obj/Reversal.o
                0x0100411c                ReversalOK
 .text          0x01004210        0x0 obj/Sale.o
 .text.ReferralCall
                0x01004210      0x19c obj/Sale.o
                0x01004210                ReferralCall
 .text.ReferralProcess
                0x010043ac       0xec obj/Sale.o
                0x010043ac                ReferralProcess
 .text.SaleTrans
                0x01004498      0x15c obj/Sale.o
                0x01004498                SaleTrans
 .text          0x010045f4        0x0 obj/SaleOffl.o
 .text.SaleOfflTrans
                0x010045f4       0x6c obj/SaleOffl.o
                0x010045f4                SaleOfflTrans
 .text          0x01004660        0x0 obj/Settle.o
 .text.AllTotalZero
                0x01004660       0x48 obj/Settle.o
 .text.GetSettleAmount
                0x010046a8       0x80 obj/Settle.o
 .text.UploadTransOK
                0x01004728      0x114 obj/Settle.o
 .text.PackBatchText
                0x0100483c       0x48 obj/Settle.o
 .text.CloseBatch
                0x01004884      0x1ac obj/Settle.o
 .text.ConfirmSetlTot
                0x01004a30      0x304 obj/Settle.o
                0x01004a30                ConfirmSetlTot
 .text.SettleTrans
                0x01004d34      0x390 obj/Settle.o
                0x01004d34                SettleTrans
 .text          0x010050c4        0x0 obj/Sysutil.o
 .text.LongBeep
                0x010050c4        0xc obj/Sysutil.o
                0x010050c4                LongBeep
 .text.AcceptBeep
                0x010050d0        0xc obj/Sysutil.o
                0x010050d0                AcceptBeep
 .text.Short2Beep
                0x010050dc        0xc obj/Sysutil.o
                0x010050dc                Short2Beep
 .text.Short1Beep
                0x010050e8        0xc obj/Sysutil.o
                0x010050e8                Short1Beep
 .text.Delay1Sec
                0x010050f4       0x44 obj/Sysutil.o
                0x010050f4                Delay1Sec
 .text.ErrorDelay
                0x01005138        0x8 obj/Sysutil.o
                0x01005138                ErrorDelay
 .text.Delay10ms
                0x01005140       0x28 obj/Sysutil.o
                0x01005140                Delay10ms
 .text.SetRTC   0x01005168       0x26 obj/Sysutil.o
                0x01005168                SetRTC
 .text.ReadRTC  0x0100518e       0x1a obj/Sysutil.o
                0x0100518e                ReadRTC
 .text.ConvDateTime
                0x010051a8       0x84 obj/Sysutil.o
                0x010051a8                ConvDateTime
 .text.ConvDateTimeT
                0x0100522c       0x48 obj/Sysutil.o
                0x0100522c                ConvDateTimeT
 .text.SetDTG   0x01005274       0x5a obj/Sysutil.o
                0x01005274                SetDTG
 .text.FreeRunMark
                0x010052ce        0x8 obj/Sysutil.o
                0x010052ce                FreeRunMark
 .text.FreeRunElapsed
                0x010052d6       0x14 obj/Sysutil.o
                0x010052d6                FreeRunElapsed
 .text.ByteCopy
                0x010052ea        0x4 obj/Sysutil.o
                0x010052ea                ByteCopy
 .text.CompressInputData
                0x010052ee       0x32 obj/Sysutil.o
                0x010052ee                CompressInputData
 .text.CompressInputFData
                0x01005320       0x36 obj/Sysutil.o
                0x01005320                CompressInputFData
 *fill*         0x01005356        0x2 
 .text.GetMonthText
                0x01005358       0x10 obj/Sysutil.o
                0x01005358                GetMonthText
 .text.MemFatalErr
                0x01005368       0x6c obj/Sysutil.o
                0x01005368                MemFatalErr
 .text.DebugPoint
                0x010053d4       0x5c obj/Sysutil.o
                0x010053d4                DebugPoint
 .text.ConvAmount
                0x01005430       0x80 obj/Sysutil.o
                0x01005430                ConvAmount
 .text.Disp2x16Msg
                0x010054b0       0xbc obj/Sysutil.o
                0x010054b0                Disp2x16Msg
 .text.PrintLcd2LptCtr
                0x0100556c      0x1c4 obj/Sysutil.o
                0x0100556c                PrintLcd2LptCtr
 .text.debugAsc
                0x01005730       0x60 obj/Sysutil.o
                0x01005730                debugAsc
 .text.debugHex
                0x01005790       0x80 obj/Sysutil.o
                0x01005790                debugHex
 .text.ShowIp   0x01005810       0x88 obj/Sysutil.o
                0x01005810                ShowIp
 .text          0x01005898        0x0 obj/TLVUtil.o
 .text.DDWORD2bcd
                0x01005898       0x60 obj/TLVUtil.o
                0x01005898                DDWORD2bcd
 .text.bcd2DDWORD
                0x010058f8       0x2a obj/TLVUtil.o
                0x010058f8                bcd2DDWORD
 .text.WPut     0x01005922        0x8 obj/TLVUtil.o
                0x01005922                WPut
 .text.TlvTSize
                0x0100592a       0x12 obj/TLVUtil.o
                0x0100592a                TlvTSize
 .text.TlvTag   0x0100593c       0x1a obj/TLVUtil.o
                0x0100593c                TlvTag
 .text.TlvLSize
                0x01005956       0x1e obj/TLVUtil.o
                0x01005956                TlvLSize
 .text.TlvLen   0x01005974       0x32 obj/TLVUtil.o
                0x01005974                TlvLen
 .text.TlvSizeOf
                0x010059a6       0x24 obj/TLVUtil.o
                0x010059a6                TlvSizeOf
 .text.TlvVPtr  0x010059ca       0x1a obj/TLVUtil.o
                0x010059ca                TlvVPtr
 .text.TlvSeek  0x010059e4       0x44 obj/TLVUtil.o
                0x010059e4                TlvSeek
 .text.TlvNext  0x01005a28       0x10 obj/TLVUtil.o
                0x01005a28                TlvNext
 .text.TlvIsCTag
                0x01005a38       0x14 obj/TLVUtil.o
                0x01005a38                TlvIsCTag
 .text.TlvPack  0x01005a4c       0x58 obj/TLVUtil.o
                0x01005a4c                TlvPack
 .text          0x01005aa4        0x0 obj/TestCfg.o
 .text.KernelReady
                0x01005aa4       0x12 obj/TestCfg.o
 *fill*         0x01005ab6        0x2 
 .text.DoSetup  0x01005ab8       0x40 obj/TestCfg.o
 .text.DoCTLSetup
                0x01005af8       0x40 obj/TestCfg.o
 .text.DebugAutoRun
                0x01005b38        0x4 obj/TestCfg.o
                0x01005b38                DebugAutoRun
 .text.GetAutoTrans
                0x01005b3c        0x4 obj/TestCfg.o
                0x01005b3c                GetAutoTrans
 .text.GetAutoAmount
                0x01005b40       0x10 obj/TestCfg.o
                0x01005b40                GetAutoAmount
 .text.GetAutoPin
                0x01005b50       0x10 obj/TestCfg.o
                0x01005b50                GetAutoPin
 .text.DebugEnd
                0x01005b60        0x4 obj/TestCfg.o
                0x01005b60                DebugEnd
 .text.LoadEMVKey
                0x01005b64       0x7c obj/TestCfg.o
                0x01005b64                LoadEMVKey
 .text.LoadEMVCfg
                0x01005be0       0xb8 obj/TestCfg.o
                0x01005be0                LoadEMVCfg
 .text.ExtPPadSetup
                0x01005c98       0x5c obj/TestCfg.o
                0x01005c98                ExtPPadSetup
 .text.LoadCTLKey
                0x01005cf4       0x80 obj/TestCfg.o
                0x01005cf4                LoadCTLKey
 .text.LoadCTLCfg
                0x01005d74       0xbc obj/TestCfg.o
                0x01005d74                LoadCTLCfg
 .text          0x01005e30        0x0 obj/Void.o
 .text.VoidTrans
                0x01005e30      0x2ec obj/Void.o
                0x01005e30                VoidTrans
 .text          0x0100611c        0x0 obj/auxcom.o
 .text.AuxOpen  0x0100611c       0x24 obj/auxcom.o
                0x0100611c                AuxOpen
 .text.AuxClose
                0x01006140       0x20 obj/auxcom.o
                0x01006140                AuxClose
 .text.AuxRead  0x01006160       0x14 obj/auxcom.o
                0x01006160                AuxRead
 .text.AuxRxRdy
                0x01006174        0xe obj/auxcom.o
                0x01006174                AuxRxRdy
 .text.AuxTxRdy
                0x01006182        0xe obj/auxcom.o
                0x01006182                AuxTxRdy
 .text.AuxWrite
                0x01006190       0x24 obj/auxcom.o
                0x01006190                AuxWrite
 .text.AuxEnable
                0x010061b4       0x18 obj/auxcom.o
                0x010061b4                AuxEnable
 .text.AuxDisable
                0x010061cc       0x1c obj/auxcom.o
                0x010061cc                AuxDisable
 .text.dbgHex   0x010061e8       0x7c obj/auxcom.o
                0x010061e8                dbgHex
 .text          0x01006264        0x0 obj/brdrtest.o
 .text.BRdrTest
                0x01006264      0x3f4 obj/brdrtest.o
                0x01006264                BRdrTest
 .text          0x01006658        0x0 obj/camtest.o
 .text.ShowLayer
                0x01006658       0x28 obj/camtest.o
 .text.SensorClose
                0x01006680       0x24 obj/camtest.o
 .text.SensorSwMode
                0x010066a4      0x124 obj/camtest.o
 .text.SensorOpen
                0x010067c8      0x140 obj/camtest.o
 .text.LcdOnLayerEnable.part.0
                0x01006908       0x20 obj/camtest.o
 .text.LcdOnLayerShow.constprop.1
                0x01006928       0x54 obj/camtest.o
 .text.Y800toLcdLeft
                0x0100697c       0x5a obj/camtest.o
                0x0100697c                Y800toLcdLeft
 *fill*         0x010069d6        0x2 
 .text.ShowBarcode
                0x010069d8       0x98 obj/camtest.o
                0x010069d8                ShowBarcode
 .text.CamTest2D
                0x01006a70      0x634 obj/camtest.o
                0x01006a70                CamTest2D
 .text.CamTestAll
                0x010070a4      0x740 obj/camtest.o
                0x010070a4                CamTestAll
 .text          0x010077e4        0x0 obj/corevar.o
 .text.DataFileInit
                0x010077e4       0xd4 obj/corevar.o
                0x010077e4                DataFileInit
 .text.DataFileUpdate
                0x010078b8       0x68 obj/corevar.o
                0x010078b8                DataFileUpdate
 .text.DataFileClose
                0x01007920       0x70 obj/corevar.o
                0x01007920                DataFileClose
 .text.CorrectHost
                0x01007990        0x4 obj/corevar.o
                0x01007990                CorrectHost
 .text.GenAuthCode
                0x01007994       0x20 obj/corevar.o
                0x01007994                GenAuthCode
 .text.SetDefault
                0x010079b4       0x10 obj/corevar.o
                0x010079b4                SetDefault
 .text.MsgBufSetup
                0x010079c4       0x14 obj/corevar.o
                0x010079c4                MsgBufSetup
 .text.PackMsgBufLen
                0x010079d8       0x14 obj/corevar.o
                0x010079d8                PackMsgBufLen
 .text.TxBufSetup
                0x010079ec       0x28 obj/corevar.o
                0x010079ec                TxBufSetup
 .text.PackTxBufLen
                0x01007a14       0x2c obj/corevar.o
                0x01007a14                PackTxBufLen
 .text.RxBufSetup
                0x01007a40       0x28 obj/corevar.o
                0x01007a40                RxBufSetup
 .text.PackRxBufLen
                0x01007a68       0x30 obj/corevar.o
                0x01007a68                PackRxBufLen
 .text.ValidRecordCRC
                0x01007a98       0x24 obj/corevar.o
                0x01007a98                ValidRecordCRC
 .text.RefreshDispAfter
                0x01007abc       0x24 obj/corevar.o
                0x01007abc                RefreshDispAfter
 .text.FreeGDS  0x01007ae0       0x14 obj/corevar.o
                0x01007ae0                FreeGDS
 .text.MallocGDS
                0x01007af4       0x3c obj/corevar.o
                0x01007af4                MallocGDS
 .text.TrainingModeON
                0x01007b30       0x18 obj/corevar.o
                0x01007b30                TrainingModeON
 .text.IncAPMTraceNoEnd
                0x01007b48       0x48 obj/corevar.o
                0x01007b48                IncAPMTraceNoEnd
 .text.IncAPMTraceNo
                0x01007b90       0x48 obj/corevar.o
                0x01007b90                IncAPMTraceNo
 .text.CTLEnable
                0x01007bd8        0xc obj/corevar.o
                0x01007bd8                CTLEnable
 .text.CTLEnabled
                0x01007be4        0xc obj/corevar.o
                0x01007be4                CTLEnabled
 .text.PPPCfgUpdate
                0x01007bf0       0x1c obj/corevar.o
                0x01007bf0                PPPCfgUpdate
 .text          0x01007c0c        0x0 obj/ctltrans.o
 .text.CTLTagSeek.part.1
                0x01007c0c       0x74 obj/ctltrans.o
 .text.CL_Led   0x01007c80       0x60 obj/ctltrans.o
                0x01007c80                CL_Led
 .text.CL_LedSet
                0x01007ce0       0x8c obj/ctltrans.o
                0x01007ce0                CL_LedSet
 .text.GetCTLKeyInfo
                0x01007d6c       0x54 obj/ctltrans.o
                0x01007d6c                GetCTLKeyInfo
 .text.CL_Init  0x01007dc0       0x74 obj/ctltrans.o
                0x01007dc0                CL_Init
 .text.CL_WaitCard
                0x01007e34       0x94 obj/ctltrans.o
                0x01007e34                CL_WaitCard
 .text.CL_Close
                0x01007ec8       0x40 obj/ctltrans.o
                0x01007ec8                CL_Close
 .text.CL_Off   0x01007f08       0x16 obj/ctltrans.o
                0x01007f08                CL_Off
 *fill*         0x01007f1e        0x2 
 .text.debugCTL
                0x01007f20       0xd8 obj/ctltrans.o
                0x01007f20                debugCTL
 .text.debugAuxCTL
                0x01007ff8       0xd0 obj/ctltrans.o
                0x01007ff8                debugAuxCTL
 .text.CTLTagSeek
                0x010080c8       0x28 obj/ctltrans.o
                0x010080c8                CTLTagSeek
 .text.CTLFatal
                0x010080f0       0x40 obj/ctltrans.o
                0x010080f0                CTLFatal
 .text.ValidCTLData
                0x01008130      0x168 obj/ctltrans.o
                0x01008130                ValidCTLData
 .text.PackCTLDummyData
                0x01008298       0x38 obj/ctltrans.o
                0x01008298                PackCTLDummyData
 .text.PackCTLTagsData
                0x010082d0       0x40 obj/ctltrans.o
                0x010082d0                PackCTLTagsData
 .text.PackCTLData
                0x01008310       0x20 obj/ctltrans.o
                0x01008310                PackCTLData
 .text.CTLComplete
                0x01008330      0x3fc obj/ctltrans.o
 .text.CTLError.isra.3
                0x0100872c      0x160 obj/ctltrans.o
 .text.CTLPreProcess
                0x0100888c       0xf0 obj/ctltrans.o
                0x0100888c                CTLPreProcess
 .text.CTLWaitCard
                0x0100897c       0x3e obj/ctltrans.o
                0x0100897c                CTLWaitCard
 *fill*         0x010089ba        0x2 
 .text.debugEMV
                0x010089bc       0xac obj/ctltrans.o
                0x010089bc                debugEMV
 .text.CTLDebug
                0x01008a68      0x440 obj/ctltrans.o
                0x01008a68                CTLDebug
 .text.CTLProcess
                0x01008ea8       0xbc obj/ctltrans.o
                0x01008ea8                CTLProcess
 .text.CTLTrans
                0x01008f64       0xd4 obj/ctltrans.o
                0x01008f64                CTLTrans
 .text.CtlUnderTransLimit
                0x01009038       0x20 obj/ctltrans.o
                0x01009038                CtlUnderTransLimit
 .text.DispDefinedLogo
                0x01009058       0x44 obj/ctltrans.o
                0x01009058                DispDefinedLogo
 .text          0x0100909c        0x0 obj/debugstis.o
 .text.SaveSTISDbgData
                0x0100909c       0xd8 obj/debugstis.o
                0x0100909c                SaveSTISDbgData
 .text          0x01009174        0x0 obj/emvl2cfg.o
 .text          0x01009174        0x0 obj/emvtrans.o
 .text.EMVCancel
                0x01009174       0x70 obj/emvtrans.o
 .text.DeAss    0x010091e4       0x82 obj/emvtrans.o
                0x010091e4                DeAss
 .text.TagPut   0x01009266       0x10 obj/emvtrans.o
                0x01009266                TagPut
 .text.TagSeek  0x01009276       0x10 obj/emvtrans.o
                0x01009276                TagSeek
 .text.TagData  0x01009286       0x14 obj/emvtrans.o
                0x01009286                TagData
 *fill*         0x0100929a        0x2 
 .text.PackTagsData
                0x0100929c       0x48 obj/emvtrans.o
                0x0100929c                PackTagsData
 .text.EMVFatal
                0x010092e4       0x40 obj/emvtrans.o
                0x010092e4                EMVFatal
 .text.EMVInput
                0x01009324      0x198 obj/emvtrans.o
                0x01009324                EMVInput
 .text.GetApplNameTag
                0x010094bc       0x40 obj/emvtrans.o
                0x010094bc                GetApplNameTag
 .text.ValidEMVData
                0x010094fc      0x1e4 obj/emvtrans.o
                0x010094fc                ValidEMVData
 .text.PackEMVData
                0x010096e0       0x20 obj/emvtrans.o
                0x010096e0                PackEMVData
 .text.debugEMV2
                0x01009700       0x78 obj/emvtrans.o
                0x01009700                debugEMV2
 .text.GetTxnCode
                0x01009778       0x1c obj/emvtrans.o
                0x01009778                GetTxnCode
 .text.EMVProcess
                0x01009794      0x8fc obj/emvtrans.o
                0x01009794                EMVProcess
 .text.EMVTrans
                0x0100a090      0x148 obj/emvtrans.o
                0x0100a090                EMVTrans
 .text.EMVInit  0x0100a1d8       0x48 obj/emvtrans.o
                0x0100a1d8                EMVInit
 .text          0x0100a220        0x0 obj/hardware.o
 .text.CloseAllHw
                0x0100a220       0x50 obj/hardware.o
                0x0100a220                CloseAllHw
 .text.WaitKey  0x0100a270       0xac obj/hardware.o
                0x0100a270                WaitKey
 .text.MSRSwiped
                0x0100a31c       0xc8 obj/hardware.o
                0x0100a31c                MSRSwiped
 .text.ICCInserted
                0x0100a3e4       0x4c obj/hardware.o
                0x0100a3e4                ICCInserted
 .text.ICCReaderRdy
                0x0100a430       0x38 obj/hardware.o
                0x0100a430                ICCReaderRdy
 .text.WaitICCRemove
                0x0100a468       0x4c obj/hardware.o
                0x0100a468                WaitICCRemove
 .text.PowerOnICC
                0x0100a4b4       0x18 obj/hardware.o
                0x0100a4b4                PowerOnICC
 .text.PowerOffICC
                0x0100a4cc       0x16 obj/hardware.o
                0x0100a4cc                PowerOffICC
 .text.OffDevice
                0x0100a4e2       0x34 obj/hardware.o
                0x0100a4e2                OffDevice
 *fill*         0x0100a516        0x2 
 .text.InitAllHw
                0x0100a518       0x90 obj/hardware.o
                0x0100a518                InitAllHw
 .text.OnDevice
                0x0100a5a8       0x3c obj/hardware.o
                0x0100a5a8                OnDevice
 .text.PwrSleep
                0x0100a5e4      0x19c obj/hardware.o
                0x0100a5e4                PwrSleep
 .text          0x0100a780        0x0 obj/hostmsg.o
 .text.print_field
                0x0100a780       0x50 obj/hostmsg.o
 .text.PackProcCode
                0x0100a7d0       0x3c obj/hostmsg.o
                0x0100a7d0                PackProcCode
 .text.PackHostMsg
                0x0100a80c      0x70c obj/hostmsg.o
                0x0100a80c                PackHostMsg
 .text.CheckHostRsp
                0x0100af18      0x794 obj/hostmsg.o
                0x0100af18                CheckHostRsp
 .text          0x0100b6ac        0x0 obj/iface.o
 .text.UpdIfaceDat
                0x0100b6ac       0x8c obj/iface.o
 .text.keyPut   0x0100b738       0x88 obj/iface.o
 .text.encrypt  0x0100b7c0       0xf8 obj/iface.o
 .text.errRspData.isra.0
                0x0100b8b8       0x12 obj/iface.o
 .text.IfaceRx.part.8
                0x0100b8ca       0x2e obj/iface.o
 .text.rspPackFmt.isra.6.constprop.9
                0x0100b8f8      0x150 obj/iface.o
 .text.IfaceInitData
                0x0100ba48      0x11c obj/iface.o
                0x0100ba48                IfaceInitData
 .text.packFullEmvData
                0x0100bb64      0x2f0 obj/iface.o
                0x0100bb64                packFullEmvData
 .text.ItfVoid  0x0100be54        0xe obj/iface.o
                0x0100be54                ItfVoid
 *fill*         0x0100be62        0x2 
 .text.ItfHostTot
                0x0100be64       0x24 obj/iface.o
                0x0100be64                ItfHostTot
 .text.ItfSettle
                0x0100be88       0x44 obj/iface.o
                0x0100be88                ItfSettle
 .text.Spt3MsgHdr
                0x0100becc      0x5a8 obj/iface.o
                0x0100becc                Spt3MsgHdr
 .text.IfaceInit
                0x0100c474        0x4 obj/iface.o
                0x0100c474                IfaceInit
 .text.IfaceClose
                0x0100c478        0x4 obj/iface.o
                0x0100c478                IfaceClose
 .text.debugAuxIface
                0x0100c47c      0x108 obj/iface.o
                0x0100c47c                debugAuxIface
 .text.IfaceTx  0x0100c584       0x2a obj/iface.o
                0x0100c584                IfaceTx
 .text.IfaceRx  0x0100c5ae       0x28 obj/iface.o
                0x0100c5ae                IfaceRx
 *fill*         0x0100c5d6        0x2 
 .text.IfaceProcess
                0x0100c5d8       0x60 obj/iface.o
                0x0100c5d8                IfaceProcess
 .text          0x0100c638        0x0 obj/iface_util.o
 .text.UGet     0x0100c638       0x16 obj/iface_util.o
                0x0100c638                UGet
 .text.UPut     0x0100c64e       0x10 obj/iface_util.o
                0x0100c64e                UPut
 .text.WGet     0x0100c65e        0xc obj/iface_util.o
                0x0100c65e                WGet
 .text.Des      0x0100c66a       0x26 obj/iface_util.o
                0x0100c66a                Des
 .text.Des2     0x0100c690       0x26 obj/iface_util.o
                0x0100c690                Des2
 .text.TDes     0x0100c6b6       0x26 obj/iface_util.o
                0x0100c6b6                TDes
 .text.TDes2    0x0100c6dc       0x26 obj/iface_util.o
                0x0100c6dc                TDes2
 *fill*         0x0100c702        0x2 
 .text.Crc16    0x0100c704       0x28 obj/iface_util.o
                0x0100c704                Crc16
 .text.Random   0x0100c72c       0x38 obj/iface_util.o
                0x0100c72c                Random
 .text          0x0100c764        0x0 obj/input.o
 .text.DispKeyinPAN
                0x0100c764       0x94 obj/input.o
 .text.FindSeperator.constprop.2
                0x0100c7f8       0x30 obj/input.o
 .text.CheckCurrency
                0x0100c828       0x8c obj/input.o
                0x0100c828                CheckCurrency
 .text.InCardTable
                0x0100c8b4      0x1a0 obj/input.o
                0x0100c8b4                InCardTable
 .text.PromptYesNo
                0x0100ca54       0x28 obj/input.o
                0x0100ca54                PromptYesNo
 .text.GetAuthCode
                0x0100ca7c       0xbc obj/input.o
                0x0100ca7c                GetAuthCode
 .text.GetAmount
                0x0100cb38      0x258 obj/input.o
                0x0100cb38                GetAmount
 .text.Expire_diff
                0x0100cd90       0x58 obj/input.o
                0x0100cd90                Expire_diff
 .text.ValidCard
                0x0100cde8      0x308 obj/input.o
                0x0100cde8                ValidCard
 .text.GetExpDate
                0x0100d0f0      0x118 obj/input.o
                0x0100d0f0                GetExpDate
 .text.GetProductCode
                0x0100d208      0x2c0 obj/input.o
                0x0100d208                GetProductCode
 .text.Get4DBC  0x0100d4c8       0x7c obj/input.o
                0x0100d4c8                Get4DBC
 .text.SearchRecord
                0x0100d544      0x108 obj/input.o
                0x0100d544                SearchRecord
 .text.GetCardNbr
                0x0100d64c       0xe8 obj/input.o
                0x0100d64c                GetCardNbr
 .text.GetCard  0x0100d734       0xf8 obj/input.o
                0x0100d734                GetCard
 .text.WaitCardTrans
                0x0100d82c      0x328 obj/input.o
                0x0100d82c                WaitCardTrans
 .text.GetEcrRef
                0x0100db54       0x84 obj/input.o
                0x0100db54                GetEcrRef
 .text.GetCashBackAmount
                0x0100dbd8       0xcc obj/input.o
                0x0100dbd8                GetCashBackAmount
 .text          0x0100dca4        0x0 obj/keytrans.o
 .text.key_ready
                0x0100dca4       0x24 obj/keytrans.o
                0x0100dca4                key_ready
 .text.ResetKey
                0x0100dcc8       0x54 obj/keytrans.o
                0x0100dcc8                ResetKey
 .text.LoadTmk  0x0100dd1c      0x28c obj/keytrans.o
                0x0100dd1c                LoadTmk
 .text.LoadKeys
                0x0100dfa8      0x220 obj/keytrans.o
                0x0100dfa8                LoadKeys
 .text.EncData  0x0100e1c8      0x114 obj/keytrans.o
                0x0100e1c8                EncData
 .text.DecData  0x0100e2dc      0x114 obj/keytrans.o
                0x0100e2dc                DecData
 .text.SetMode  0x0100e3f0      0x154 obj/keytrans.o
                0x0100e3f0                SetMode
 .text.GetPIN   0x0100e544       0xb4 obj/keytrans.o
                0x0100e544                GetPIN
 .text.SetDhostIdx
                0x0100e5f8       0x84 obj/keytrans.o
                0x0100e5f8                SetDhostIdx
 .text.ResetDukptIkey
                0x0100e67c       0xac obj/keytrans.o
                0x0100e67c                ResetDukptIkey
 .text.LoadDukptIkey
                0x0100e728       0xdc obj/keytrans.o
                0x0100e728                LoadDukptIkey
 .text.GetDukptPin
                0x0100e804      0x108 obj/keytrans.o
                0x0100e804                GetDukptPin
 .text.IccTmkInject
                0x0100e90c       0xec obj/keytrans.o
                0x0100e90c                IccTmkInject
 .text          0x0100e9f8        0x0 obj/lptutil.o
 .text.RestartLpt
                0x0100e9f8       0x2c obj/lptutil.o
 .text.ResetLpt
                0x0100ea24       0x2c obj/lptutil.o
 .text.WaitPrnFinish
                0x0100ea50       0xe0 obj/lptutil.o
                0x0100ea50                WaitPrnFinish
 .text.GetBatteryLevel
                0x0100eb30       0x1e obj/lptutil.o
                0x0100eb30                GetBatteryLevel
 .text.PrintLowBatt
                0x0100eb4e       0x10 obj/lptutil.o
                0x0100eb4e                PrintLowBatt
 *fill*         0x0100eb5e        0x2 
 .text.LptClose
                0x0100eb60       0x2c obj/lptutil.o
                0x0100eb60                LptClose
 .text.LptOpen  0x0100eb8c       0xf0 obj/lptutil.o
                0x0100eb8c                LptOpen
 .text.LptPutN  0x0100ec7c       0x54 obj/lptutil.o
                0x0100ec7c                LptPutN
 .text.LptPutS  0x0100ecd0       0x14 obj/lptutil.o
                0x0100ecd0                LptPutS
 .text.Adv2Bookmark
                0x0100ece4       0x78 obj/lptutil.o
                0x0100ece4                Adv2Bookmark
 .text.PrintLogo
                0x0100ed5c       0x88 obj/lptutil.o
                0x0100ed5c                PrintLogo
 .text.PrintBuf
                0x0100ede4      0x148 obj/lptutil.o
                0x0100ede4                PrintBuf
 .text.PrintRcptLF
                0x0100ef2c       0x24 obj/lptutil.o
                0x0100ef2c                PrintRcptLF
 .text.PrintRcptFF
                0x0100ef50        0x6 obj/lptutil.o
                0x0100ef50                PrintRcptFF
 .text          0x0100ef56        0x0 obj/main.o
 *fill*         0x0100ef56        0x2 
 .text.startup.main
                0x0100ef58       0x78 obj/main.o
                0x0100ef58                main
 .text          0x0100efd0        0x0 obj/menu.o
 .text.MenuSelect
                0x0100efd0      0x590 obj/menu.o
                0x0100efd0                MenuSelect
 .text          0x0100f560        0x0 obj/message.o
 .text.GetConstMsg
                0x0100f560       0x10 obj/message.o
                0x0100f560                GetConstMsg
 .text          0x0100f570        0x0 obj/network.o
 .text.SetBannerMode
                0x0100f570       0x48 obj/network.o
                0x0100f570                SetBannerMode
 .text.IconPuts
                0x0100f5b8       0x40 obj/network.o
                0x0100f5b8                IconPuts
 .text.SetBannerText
                0x0100f5f8       0x14 obj/network.o
                0x0100f5f8                SetBannerText
 .text.GPRSReset
                0x0100f60c      0x14c obj/network.o
                0x0100f60c                GPRSReset
 .text.SetPPPConfig
                0x0100f758       0xa6 obj/network.o
                0x0100f758                SetPPPConfig
 *fill*         0x0100f7fe        0x2 
 .text.NetworkInfo
                0x0100f800      0x538 obj/network.o
                0x0100f800                NetworkInfo
 .text.SelSIM   0x0100fd38      0x2a4 obj/network.o
                0x0100fd38                SelSIM
 .text.GetBatteryPercent
                0x0100ffdc       0x60 obj/network.o
                0x0100ffdc                GetBatteryPercent
 .text.ShowSimStatus
                0x0101003c      0x154 obj/network.o
                0x0101003c                ShowSimStatus
 .text.SimStatusThrd
                0x01010190       0x18 obj/network.o
                0x01010190                SimStatusThrd
 .text.NetworkInit
                0x010101a8      0x26c obj/network.o
                0x010101a8                NetworkInit
 .text.GetSubNum
                0x01010414       0xb4 obj/network.o
                0x01010414                GetSubNum
 .text.GetMobileNum
                0x010104c8      0x1dc obj/network.o
                0x010104c8                GetMobileNum
 .text.GetSimCCID
                0x010106a4      0x28c obj/network.o
                0x010106a4                GetSimCCID
 .text.MobileNumTest
                0x01010930       0xe4 obj/network.o
                0x01010930                MobileNumTest
 .text.SNTest   0x01010a14       0xe8 obj/network.o
                0x01010a14                SNTest
 .text.GetPPPStatus
                0x01010afc       0x20 obj/network.o
                0x01010afc                GetPPPStatus
 .text.DispNifInfo2
                0x01010b1c       0xe4 obj/network.o
                0x01010b1c                DispNifInfo2
 .text.ShowPPPStatus
                0x01010c00      0x144 obj/network.o
                0x01010c00                ShowPPPStatus
 .text          0x01010d44        0x0 obj/record.o
 .text.MoveInput2Tx
                0x01010d44       0x2c obj/record.o
                0x01010d44                MoveInput2Tx
 .text.Input2RecordBuf
                0x01010d70       0xa0 obj/record.o
                0x01010d70                Input2RecordBuf
 .text.UpdateHostStatus
                0x01010e10       0xa0 obj/record.o
                0x01010e10                UpdateHostStatus
 .text.SaveRecord
                0x01010eb0       0x78 obj/record.o
                0x01010eb0                SaveRecord
 .text.SaveOfflRecord
                0x01010f28       0x70 obj/record.o
                0x01010f28                SaveOfflRecord
 .text.UpdateRecord
                0x01010f98       0x70 obj/record.o
                0x01010f98                UpdateRecord
 .text          0x01011008        0x0 obj/refund.o
 .text.RefundTrans
                0x01011008      0x13c obj/refund.o
                0x01011008                RefundTrans
 .text          0x01011144        0x0 obj/testrans.o
 .text.TestTrans
                0x01011144       0xc0 obj/testrans.o
                0x01011144                TestTrans
 .text          0x01011204        0x0 obj/toggle.o
 .text.ToggleOption
                0x01011204      0x12c obj/toggle.o
                0x01011204                ToggleOption
 .text          0x01011330        0x0 obj/tpadtest.o
 .text.IconPutS
                0x01011330       0x2e obj/tpadtest.o
 *fill*         0x0101135e        0x2 
 .text.TouchDetected2
                0x01011360       0x60 obj/tpadtest.o
 .text.TouchDetected1
                0x010113c0       0x60 obj/tpadtest.o
 .text.TouchDetected0
                0x01011420       0x60 obj/tpadtest.o
 .text.TouchLoss
                0x01011480       0x38 obj/tpadtest.o
 .text.CleanTPadConf
                0x010114b8        0xa obj/tpadtest.o
 *fill*         0x010114c2        0x2 
 .text.UpdTPadDotSize
                0x010114c4       0x5c obj/tpadtest.o
 .text.DotUpDn  0x01011520       0x2c obj/tpadtest.o
 .text.DotDn    0x0101154c       0x14 obj/tpadtest.o
 .text.DotUp    0x01011560       0x14 obj/tpadtest.o
 .text.TPadTest
                0x01011574      0x1e4 obj/tpadtest.o
                0x01011574                TPadTest
 .text.TPadTestEnable
                0x01011758       0x10 obj/tpadtest.o
                0x01011758                TPadTestEnable
 .text.SPadTest
                0x01011768      0x1dc obj/tpadtest.o
                0x01011768                SPadTest
 .text          0x01011944        0x0 obj/tranutil.o
 .text.AddTotal
                0x01011944       0x16 obj/tranutil.o
 *fill*         0x0101195a        0x2 
 .text.PackContents
                0x0101195c      0x29c obj/tranutil.o
 .text.PackContent
                0x01011bf8      0x264 obj/tranutil.o
 .text.PackTelNo
                0x01011e5c       0x88 obj/tranutil.o
 .text.PackTxnSlip.part.0
                0x01011ee4       0x14 obj/tranutil.o
 .text.ValidAcquirer
                0x01011ef8       0x68 obj/tranutil.o
 .text.OverMargin
                0x01011f60       0x44 obj/tranutil.o
                0x01011f60                OverMargin
 .text.PackDTGAA
                0x01011fa4       0x2c obj/tranutil.o
                0x01011fa4                PackDTGAA
 .text.PackDateTime
                0x01011fd0       0x48 obj/tranutil.o
                0x01011fd0                PackDateTime
 .text.Packprintissuer
                0x01012018      0x210 obj/tranutil.o
                0x01012018                Packprintissuer
 .text.Packprintconfig
                0x01012228      0x6b4 obj/tranutil.o
                0x01012228                Packprintconfig
 .text.PackHeader
                0x010128dc       0x78 obj/tranutil.o
                0x010128dc                PackHeader
 .text.PackRecordP
                0x01012954       0xc8 obj/tranutil.o
                0x01012954                PackRecordP
 .text.PackInputP
                0x01012a1c       0xf0 obj/tranutil.o
                0x01012a1c                PackInputP
 .text.DispHeader
                0x01012b0c       0xc0 obj/tranutil.o
                0x01012b0c                DispHeader
 .text.SetRspCode
                0x01012bcc        0xc obj/tranutil.o
                0x01012bcc                SetRspCode
 .text.ClearResponse
                0x01012bd8       0x3c obj/tranutil.o
                0x01012bd8                ClearResponse
 .text.ConfirmCard
                0x01012c14      0x1e8 obj/tranutil.o
                0x01012c14                ConfirmCard
 .text.PackRspText
                0x01012dfc       0xa4 obj/tranutil.o
                0x01012dfc                PackRspText
 .text.DispRspText
                0x01012ea0       0xd0 obj/tranutil.o
                0x01012ea0                DispRspText
 .text.DispErrorMsg
                0x01012f70       0x30 obj/tranutil.o
                0x01012f70                DispErrorMsg
 .text.TransEnd
                0x01012fa0      0x138 obj/tranutil.o
                0x01012fa0                TransEnd
 .text.DispAmount
                0x010130d8       0x98 obj/tranutil.o
                0x010130d8                DispAmount
 .text.AddToTotals
                0x01013170      0x1b0 obj/tranutil.o
                0x01013170                AddToTotals
 .text.CalIssuerSum
                0x01013320       0x40 obj/tranutil.o
 .text.CalTotals
                0x01013360       0x5c obj/tranutil.o
                0x01013360                CalTotals
 .text.PackIssuerSum
                0x010133bc      0x2d8 obj/tranutil.o
                0x010133bc                PackIssuerSum
 .text.PackIssuerSumT
                0x01013694      0x278 obj/tranutil.o
                0x01013694                PackIssuerSumT
 .text.FormatHolderName
                0x0101390c       0x6e obj/tranutil.o
                0x0101390c                FormatHolderName
 *fill*         0x0101397a        0x2 
 .text.IncTraceNoEND
                0x0101397c       0x34 obj/tranutil.o
                0x0101397c                IncTraceNoEND
 .text.IncTraceNo
                0x010139b0       0x30 obj/tranutil.o
                0x010139b0                IncTraceNo
 .text.ClearRspData
                0x010139e0       0x4c obj/tranutil.o
                0x010139e0                ClearRspData
 .text.ResetTerm
                0x01013a2c       0x6c obj/tranutil.o
                0x01013a2c                ResetTerm
 .text.PackComm
                0x01013a98      0x40c obj/tranutil.o
                0x01013a98                PackComm
 .text.TransAllowed
                0x01013ea4      0x16c obj/tranutil.o
                0x01013ea4                TransAllowed
 .text          0x01014010        0x0 obj/wavecom.o
 .text.ClearCmdBuf
                0x01014010       0x48 obj/wavecom.o
 .text.SendWaitRsp.part.0
                0x01014058      0x128 obj/wavecom.o
 .text.SendWaitRsp
                0x01014180       0x68 obj/wavecom.o
 .text.SetSmsMode.part.1
                0x010141e8       0x3c obj/wavecom.o
 .text.Asc2DWVAL.constprop.7
                0x01014224       0x22 obj/wavecom.o
 *fill*         0x01014246        0x2 
 .text.WaitModuReady
                0x01014248       0x4c obj/wavecom.o
                0x01014248                WaitModuReady
 .text.SimDetect
                0x01014294       0x38 obj/wavecom.o
                0x01014294                SimDetect
 .text.RegisterNetwork
                0x010142cc       0x84 obj/wavecom.o
                0x010142cc                RegisterNetwork
 .text.AttachGPRS
                0x01014350       0x34 obj/wavecom.o
                0x01014350                AttachGPRS
 .text.GetPHBCapcity
                0x01014384       0xbc obj/wavecom.o
                0x01014384                GetPHBCapcity
 .text.GetContact
                0x01014440       0xb4 obj/wavecom.o
                0x01014440                GetContact
 .text.LoadPhoneBook
                0x010144f4       0x48 obj/wavecom.o
                0x010144f4                LoadPhoneBook
 .text.SortPhoneBook
                0x0101453c       0xb8 obj/wavecom.o
                0x0101453c                SortPhoneBook
 .text.SelectPHBook
                0x010145f4      0x100 obj/wavecom.o
                0x010145f4                SelectPHBook
 .text.WriteContact
                0x010146f4       0x90 obj/wavecom.o
                0x010146f4                WriteContact
 .text.DelContact
                0x01014784       0x5c obj/wavecom.o
                0x01014784                DelContact
 .text.AllCallForward
                0x010147e0       0x4c obj/wavecom.o
                0x010147e0                AllCallForward
 .text.MakeCall
                0x0101482c       0x40 obj/wavecom.o
                0x0101482c                MakeCall
 .text.MakeReqCall
                0x0101486c       0x4c obj/wavecom.o
                0x0101486c                MakeReqCall
 .text.CheckCallStatus
                0x010148b8       0x80 obj/wavecom.o
                0x010148b8                CheckCallStatus
 .text.AnswerCall
                0x01014938       0x28 obj/wavecom.o
                0x01014938                AnswerCall
 .text.SendKeyPress
                0x01014960       0x1c obj/wavecom.o
                0x01014960                SendKeyPress
 .text.HangUp   0x0101497c       0x28 obj/wavecom.o
                0x0101497c                HangUp
 .text.CheckCallEnd
                0x010149a4       0x58 obj/wavecom.o
                0x010149a4                CheckCallEnd
 .text.GetCallerID
                0x010149fc       0x54 obj/wavecom.o
                0x010149fc                GetCallerID
 .text.ReadGain
                0x01014a50       0x20 obj/wavecom.o
                0x01014a50                ReadGain
 .text.WriteGain
                0x01014a70       0x3c obj/wavecom.o
                0x01014a70                WriteGain
 .text.GetOptrName
                0x01014aac       0x6c obj/wavecom.o
                0x01014aac                GetOptrName
 .text.FacilityEnable
                0x01014b18       0x98 obj/wavecom.o
                0x01014b18                FacilityEnable
 .text.CheckPinState
                0x01014bb0       0x80 obj/wavecom.o
                0x01014bb0                CheckPinState
 .text.EnterPin
                0x01014c30       0x4c obj/wavecom.o
                0x01014c30                EnterPin
 .text.ChangePin
                0x01014c7c       0x94 obj/wavecom.o
                0x01014c7c                ChangePin
 .text.SetNewMsgInd
                0x01014d10       0x20 obj/wavecom.o
                0x01014d10                SetNewMsgInd
 .text.GetSmsMode
                0x01014d30       0x4c obj/wavecom.o
                0x01014d30                GetSmsMode
 .text.GetSmsTotal
                0x01014d7c       0xa0 obj/wavecom.o
                0x01014d7c                GetSmsTotal
 .text.LoadSmsInbox
                0x01014e1c      0x29c obj/wavecom.o
                0x01014e1c                LoadSmsInbox
 .text.ReadSms  0x010150b8      0x10c obj/wavecom.o
                0x010150b8                ReadSms
 .text.DelSms   0x010151c4       0x84 obj/wavecom.o
                0x010151c4                DelSms
 .text.SmsSend  0x01015248       0xb4 obj/wavecom.o
                0x01015248                SmsSend
 .text.ModuleInit
                0x010152fc       0x38 obj/wavecom.o
                0x010152fc                ModuleInit
 .text          0x01015334        0x0 obj/cstartup.o
 .text.SegmentInit
                0x01015334       0x78 obj/cstartup.o
                0x01015334                SegmentInit
 .text          0x010153ac        0x0 obj/expect_send.o
 .text.expect_send_release
                0x010153ac       0x58 obj/expect_send.o
                0x010153ac                expect_send_release
 .text.expect_send_alloc
                0x01015404      0x10e obj/expect_send.o
                0x01015404                expect_send_alloc
 .text          0x01015512        0x0 obj/libc.o
 .text.printchar
                0x01015512       0x14 obj/libc.o
 .text.prints   0x01015526       0xaa obj/libc.o
 .text.printi   0x010155d0       0xa0 obj/libc.o
 .text.print    0x01015670      0x2c0 obj/libc.o
 .text._read_r  0x01015930       0x2a obj/libc.o
                0x01015930                _read_r
 .text._write_r
                0x0101595a       0x22 obj/libc.o
                0x0101595a                _write_r
 .text._close_r
                0x0101597c        0x4 obj/libc.o
                0x0101597c                _close_r
 .text._lseek_r
                0x01015980        0x4 obj/libc.o
                0x01015980                _lseek_r
 .text._fstat_r
                0x01015984        0xa obj/libc.o
                0x01015984                _fstat_r
 .text.isatty   0x0101598e        0x4 obj/libc.o
                0x0101598e                isatty
 *fill*         0x01015992        0x2 
 .text._sbrk_r  0x01015994       0x2c obj/libc.o
                0x01015994                _sbrk_r
 .text.putchar  0x010159c0        0xe obj/libc.o
                0x010159c0                putchar
 .text.printf   0x010159ce       0x1c obj/libc.o
                0x010159ce                printf
 .text.sprintf  0x010159ea       0x1e obj/libc.o
                0x010159ea                sprintf
 .text          0x01015a08      0x5f4 ../LibA5T1000/gcc\libsyscall.a(app_call.o)
                0x01015a08                lib_app_call
 .text          0x01015ffc       0x20 ../LibA5T1000/gcc\libsyscall.a(sys_call.o)
                0x01015ffc                sys_func3
                0x01016000                sys_func0
                0x0101600c                sys_func1
                0x01016014                sys_func2
 .text          0x0101601c       0x1c ../LibA5T1000/gcc\libbasecall.a(base_call.o)
                0x0101601c                base_func3
                0x01016020                base_func0
                0x0101602a                base_func1
                0x01016032                base_func2
 .text          0x01016038       0x52 ../LibA5T1000/gcc\libsptutil.a(bcd2bin.o)
                0x01016038                bcd2bin
                0x01016054                lbcd2lbin
 .text          0x0101608a        0xe ../LibA5T1000/gcc\libsptutil.a(bcd2val.o)
                0x0101608a                bcd2val
 .text          0x01016098       0x40 ../LibA5T1000/gcc\libsptutil.a(bcdadd.o)
                0x01016098                bcdadd
 .text          0x010160d8       0x32 ../LibA5T1000/gcc\libsptutil.a(bcdinc.o)
                0x010160d8                bcdinc
 .text          0x0101610a       0x3e ../LibA5T1000/gcc\libsptutil.a(bcdsub.o)
                0x0101610a                bcdsub
 .text          0x01016148       0x3c ../LibA5T1000/gcc\libsptutil.a(bin2bcd.o)
                0x01016148                binary2bcd
                0x0101617e                bin2bcd
 .text          0x01016184       0x28 ../LibA5T1000/gcc\libsptutil.a(bin2dec.o)
                0x01016184                bin2dec
 .text          0x010161ac       0x1a ../LibA5T1000/gcc\libsptutil.a(bindec_d.o)
                0x010161ac                bindec_data
 .text          0x010161c6       0x36 ../LibA5T1000/gcc\libsptutil.a(chkdok.o)
                0x010161c6                chk_digit_ok
 .text          0x010161fc       0x32 ../LibA5T1000/gcc\libsptutil.a(compress.o)
                0x010161fc                compress
 *fill*         0x0101622e        0x2 
 .text          0x01016230       0x30 ../LibA5T1000/gcc\libsptutil.a(crcccitt.o)
                0x01016230                cal_crcx
                0x01016258                cal_crc
 .text          0x01016260       0x42 ../LibA5T1000/gcc\libsptutil.a(dbin2asc.o)
                0x01016260                dbin2asc
 .text          0x010162a2       0x60 ../LibA5T1000/gcc\libsptutil.a(dbin2bcd.o)
                0x010162a2                dbin2bcd
 .text          0x01016302       0x40 ../LibA5T1000/gcc\libsptutil.a(decbin8b.o)
                0x01016302                decbin8b
 .text          0x01016342       0x18 ../LibA5T1000/gcc\libsptutil.a(fndb.o)
                0x01016342                fndb
 *fill*         0x0101635a        0x2 
 .text          0x0101635c       0x64 ../LibA5T1000/gcc\libsptutil.a(get_byte.o)
                0x0101635c                get_byte
                0x0101636c                get_word
                0x0101637c                get_dword
                0x0101639c                get_dword_le
 .text          0x010163c0       0x14 ../LibA5T1000/gcc\libsptutil.a(get_dist.o)
                0x010163c0                get_distance
 .text          0x010163d4       0x2c ../LibA5T1000/gcc\libsptutil.a(get_mem.o)
                0x010163d4                get_mem
 .text          0x01016400        0xc ../LibA5T1000/gcc\libsptutil.a(get_pptr.o)
                0x01016400                get_pptr
 .text          0x0101640c       0x10 ../LibA5T1000/gcc\libsptutil.a(hex_val.o)
                0x0101640c                hex_value
 .text          0x0101641c       0x20 ../LibA5T1000/gcc\libsptutil.a(inc_pptr.o)
                0x0101641c                inc_pptr
 .text          0x0101643c       0x18 ../LibA5T1000/gcc\libsptutil.a(isbdigit.o)
                0x0101643c                isbdigit
 .text          0x01016454       0xfc ../LibA5T1000/gcc\libsptutil.a(pack_b.o)
                0x01016454                pack_byte
                0x01016478                pack_word
                0x010164a4                pack_dword
                0x010164e4                pack_word_le
                0x01016510                pack_dword_le
 .text          0x01016550        0x6 ../LibA5T1000/gcc\libsptutil.a(pack_lf.o)
                0x01016550                pack_lf
 .text          0x01016556        0x8 ../LibA5T1000/gcc\libsptutil.a(pack_lfs.o)
                0x01016556                pack_lfs
 *fill*         0x0101655e        0x2 
 .text          0x01016560       0x28 ../LibA5T1000/gcc\libsptutil.a(pack_mem.o)
                0x01016560                pack_mem
 .text          0x01016588       0x28 ../LibA5T1000/gcc\libsptutil.a(pack_nb.o)
                0x01016588                pack_nbyte
 .text          0x010165b0        0x8 ../LibA5T1000/gcc\libsptutil.a(pack_spc.o)
                0x010165b0                pack_space
 .text          0x010165b8       0x18 ../LibA5T1000/gcc\libsptutil.a(pack_str.o)
                0x010165b8                pack_str
 .text          0x010165d0       0x38 ../LibA5T1000/gcc\libsptutil.a(set_pptr.o)
                0x010165d0                buffer_overflow
                0x010165ec                set_pptr
 .text          0x01016608       0x18 ../LibA5T1000/gcc\libsptutil.a(skpb.o)
                0x01016608                skpb
 .text          0x01016620       0x2c ../LibA5T1000/gcc\libsptutil.a(split.o)
                0x01016620                split
 .text          0x0101664c       0x28 ../LibA5T1000/gcc\libsptutil.a(split_d.o)
                0x0101664c                split_data
 .text          0x01016674       0x18 ../LibA5T1000/gcc\libsptutil.a(val2bcd.o)
                0x01016674                val2bcd
 .text          0x0101668c        0xe ../LibA5T1000/gcc\libsptutil.a(hexdigit.o)
                0x0101668c                hex_digit
 *fill*         0x0101669a        0x2 
 .text          0x0101669c      0x7b4 ../LibA5T1000/gcc\libspglib.a(GIFLib.o)
                0x010169bc                GIFSetPos
                0x010169c8                GIFPlay
                0x01016a64                GIFPlayOn
                0x01016a7c                GIFStop
                0x01016acc                GIFUnLoad
                0x01016b38                GIFLoadMem
 .text          0x01016e50      0x340 ../LibA5T1000/gcc\libspglib.a(GLib.o)
                0x01016e50                GD_SetDotSize
                0x01016e74                GD_SetDotColor
                0x01016ea0                GD_SetInSpace
                0x01016eac                GD_SetOutSpace
                0x01016eb8                FillColorPixel
                0x01016eec                FillMonoPixel
                0x01016f26                GD_Dot
                0x01016f98                GD_Point
                0x01016f9e                GD_Line
                0x01017074                GD_Rectangle
                0x010170fc                GD_Triangle
                0x01017124                GD_Circle
 .text          0x01017190        0x0 C:\DevTools\gcc_v49_2014q4/arm-none-eabi/lib/thumb\libc.a(lib_a-memcmp.o)
 .text.memcmp   0x01017190       0x54 C:\DevTools\gcc_v49_2014q4/arm-none-eabi/lib/thumb\libc.a(lib_a-memcmp.o)
                0x01017190                memcmp
 .text          0x010171e4        0x0 C:\DevTools\gcc_v49_2014q4/arm-none-eabi/lib/thumb\libc.a(lib_a-memcpy.o)
 .text.memcpy   0x010171e4       0x80 C:\DevTools\gcc_v49_2014q4/arm-none-eabi/lib/thumb\libc.a(lib_a-memcpy.o)
                0x010171e4                memcpy
 .text          0x01017264        0x0 C:\DevTools\gcc_v49_2014q4/arm-none-eabi/lib/thumb\libc.a(lib_a-memmove.o)
 .text.memmove  0x01017264       0x9c C:\DevTools\gcc_v49_2014q4/arm-none-eabi/lib/thumb\libc.a(lib_a-memmove.o)
                0x01017264                memmove
 .text          0x01017300        0x0 C:\DevTools\gcc_v49_2014q4/arm-none-eabi/lib/thumb\libc.a(lib_a-memset.o)
 .text.memset   0x01017300       0x94 C:\DevTools\gcc_v49_2014q4/arm-none-eabi/lib/thumb\libc.a(lib_a-memset.o)
                0x01017300                memset
 .text          0x01017394        0x0 C:\DevTools\gcc_v49_2014q4/arm-none-eabi/lib/thumb\libc.a(lib_a-puts.o)
 .text._puts_r  0x01017394       0x60 C:\DevTools\gcc_v49_2014q4/arm-none-eabi/lib/thumb\libc.a(lib_a-puts.o)
                0x01017394                _puts_r
 .text.puts     0x010173f4       0x18 C:\DevTools\gcc_v49_2014q4/arm-none-eabi/lib/thumb\libc.a(lib_a-puts.o)
                0x010173f4                puts
 .text          0x0101740c        0x0 C:\DevTools\gcc_v49_2014q4/arm-none-eabi/lib/thumb\libc.a(lib_a-strcat.o)
 .text.strcat   0x0101740c       0x54 C:\DevTools\gcc_v49_2014q4/arm-none-eabi/lib/thumb\libc.a(lib_a-strcat.o)
                0x0101740c                strcat
 .text          0x01017460        0x0 C:\DevTools\gcc_v49_2014q4/arm-none-eabi/lib/thumb\libc.a(lib_a-strchr.o)
 .text.strchr   0x01017460       0xdc C:\DevTools\gcc_v49_2014q4/arm-none-eabi/lib/thumb\libc.a(lib_a-strchr.o)
                0x01017460                strchr
 .text          0x0101753c        0x0 C:\DevTools\gcc_v49_2014q4/arm-none-eabi/lib/thumb\libc.a(lib_a-strcpy.o)
 .text.strcpy   0x0101753c       0x10 C:\DevTools\gcc_v49_2014q4/arm-none-eabi/lib/thumb\libc.a(lib_a-strcpy.o)
                0x0101753c                strcpy
 .text          0x0101754c        0x0 C:\DevTools\gcc_v49_2014q4/arm-none-eabi/lib/thumb\libc.a(lib_a-strlen.o)
 .text.strlen   0x0101754c       0x6c C:\DevTools\gcc_v49_2014q4/arm-none-eabi/lib/thumb\libc.a(lib_a-strlen.o)
                0x0101754c                strlen
 .text          0x010175b8        0x0 C:\DevTools\gcc_v49_2014q4/arm-none-eabi/lib/thumb\libc.a(lib_a-strstr.o)
 .text.critical_factorization
                0x010175b8       0xc4 C:\DevTools\gcc_v49_2014q4/arm-none-eabi/lib/thumb\libc.a(lib_a-strstr.o)
 .text.two_way_long_needle
                0x0101767c      0x1f8 C:\DevTools\gcc_v49_2014q4/arm-none-eabi/lib/thumb\libc.a(lib_a-strstr.o)
 .text.strstr   0x01017874      0x228 C:\DevTools\gcc_v49_2014q4/arm-none-eabi/lib/thumb\libc.a(lib_a-strstr.o)
                0x01017874                strstr
 .text          0x01017a9c        0x0 C:\DevTools\gcc_v49_2014q4/arm-none-eabi/lib/thumb\libc.a(lib_a-fvwrite.o)
 .text.__sfvwrite_r
                0x01017a9c      0x340 C:\DevTools\gcc_v49_2014q4/arm-none-eabi/lib/thumb\libc.a(lib_a-fvwrite.o)
                0x01017a9c                __sfvwrite_r
 .text          0x01017ddc        0x0 C:\DevTools\gcc_v49_2014q4/arm-none-eabi/lib/thumb\libc.a(lib_a-impure.o)
 .text          0x01017ddc        0x0 C:\DevTools\gcc_v49_2014q4/arm-none-eabi/lib/thumb\libc.a(lib_a-mallocr.o)
 .text._malloc_r
                0x01017ddc      0x54c C:\DevTools\gcc_v49_2014q4/arm-none-eabi/lib/thumb\libc.a(lib_a-mallocr.o)
                0x01017ddc                _malloc_r
 .text          0x01018328        0x0 C:\DevTools\gcc_v49_2014q4/arm-none-eabi/lib/thumb\libc.a(lib_a-memchr.o)
 .text.memchr   0x01018328       0x8c C:\DevTools\gcc_v49_2014q4/arm-none-eabi/lib/thumb\libc.a(lib_a-memchr.o)
                0x01018328                memchr
 .text          0x010183b4        0x0 C:\DevTools\gcc_v49_2014q4/arm-none-eabi/lib/thumb\libc.a(lib_a-mlock.o)
 .text.__malloc_lock
                0x010183b4        0x4 C:\DevTools\gcc_v49_2014q4/arm-none-eabi/lib/thumb\libc.a(lib_a-mlock.o)
                0x010183b4                __malloc_lock
 .text.__malloc_unlock
                0x010183b8        0x4 C:\DevTools\gcc_v49_2014q4/arm-none-eabi/lib/thumb\libc.a(lib_a-mlock.o)
                0x010183b8                __malloc_unlock
 .text          0x010183bc        0x0 C:\DevTools\gcc_v49_2014q4/arm-none-eabi/lib/thumb\libc.a(lib_a-reallocr.o)
 .text._realloc_r
                0x010183bc      0x3dc C:\DevTools\gcc_v49_2014q4/arm-none-eabi/lib/thumb\libc.a(lib_a-reallocr.o)
                0x010183bc                _realloc_r
 .text          0x01018798        0x0 C:\DevTools\gcc_v49_2014q4/arm-none-eabi/lib/thumb\libc.a(lib_a-wsetup.o)
 .text.__swsetup_r
                0x01018798       0xd0 C:\DevTools\gcc_v49_2014q4/arm-none-eabi/lib/thumb\libc.a(lib_a-wsetup.o)
                0x01018798                __swsetup_r
 .text          0x01018868        0x0 C:\DevTools\gcc_v49_2014q4/arm-none-eabi/lib/thumb\libc.a(lib_a-fflush.o)
 .text.__sflush_r
                0x01018868      0x168 C:\DevTools\gcc_v49_2014q4/arm-none-eabi/lib/thumb\libc.a(lib_a-fflush.o)
                0x01018868                __sflush_r
 .text._fflush_r
                0x010189d0       0x30 C:\DevTools\gcc_v49_2014q4/arm-none-eabi/lib/thumb\libc.a(lib_a-fflush.o)
                0x010189d0                _fflush_r
 .text.fflush   0x01018a00       0x2c C:\DevTools\gcc_v49_2014q4/arm-none-eabi/lib/thumb\libc.a(lib_a-fflush.o)
                0x01018a00                fflush
 .text          0x01018a2c        0x0 C:\DevTools\gcc_v49_2014q4/arm-none-eabi/lib/thumb\libc.a(lib_a-findfp.o)
 .text.__fp_lock
                0x01018a2c        0x4 C:\DevTools\gcc_v49_2014q4/arm-none-eabi/lib/thumb\libc.a(lib_a-findfp.o)
 .text.__fp_unlock
                0x01018a30        0x4 C:\DevTools\gcc_v49_2014q4/arm-none-eabi/lib/thumb\libc.a(lib_a-findfp.o)
 .text._cleanup_r
                0x01018a34       0x14 C:\DevTools\gcc_v49_2014q4/arm-none-eabi/lib/thumb\libc.a(lib_a-findfp.o)
                0x01018a34                _cleanup_r
 .text.__sinit.part.1
                0x01018a48       0xf4 C:\DevTools\gcc_v49_2014q4/arm-none-eabi/lib/thumb\libc.a(lib_a-findfp.o)
 .text.__sfmoreglue
                0x01018b3c       0x34 C:\DevTools\gcc_v49_2014q4/arm-none-eabi/lib/thumb\libc.a(lib_a-findfp.o)
                0x01018b3c                __sfmoreglue
 .text.__sfp    0x01018b70       0x94 C:\DevTools\gcc_v49_2014q4/arm-none-eabi/lib/thumb\libc.a(lib_a-findfp.o)
                0x01018b70                __sfp
 .text._cleanup
                0x01018c04       0x1c C:\DevTools\gcc_v49_2014q4/arm-none-eabi/lib/thumb\libc.a(lib_a-findfp.o)
                0x01018c04                _cleanup
 .text.__sinit  0x01018c20       0x14 C:\DevTools\gcc_v49_2014q4/arm-none-eabi/lib/thumb\libc.a(lib_a-findfp.o)
                0x01018c20                __sinit
 .text.__sfp_lock_acquire
                0x01018c34        0x4 C:\DevTools\gcc_v49_2014q4/arm-none-eabi/lib/thumb\libc.a(lib_a-findfp.o)
                0x01018c34                __sfp_lock_acquire
 .text.__sfp_lock_release
                0x01018c38        0x4 C:\DevTools\gcc_v49_2014q4/arm-none-eabi/lib/thumb\libc.a(lib_a-findfp.o)
                0x01018c38                __sfp_lock_release
 .text.__sinit_lock_acquire
                0x01018c3c        0x4 C:\DevTools\gcc_v49_2014q4/arm-none-eabi/lib/thumb\libc.a(lib_a-findfp.o)
                0x01018c3c                __sinit_lock_acquire
 .text.__sinit_lock_release
                0x01018c40        0x4 C:\DevTools\gcc_v49_2014q4/arm-none-eabi/lib/thumb\libc.a(lib_a-findfp.o)
                0x01018c40                __sinit_lock_release
 .text.__fp_lock_all
                0x01018c44       0x1c C:\DevTools\gcc_v49_2014q4/arm-none-eabi/lib/thumb\libc.a(lib_a-findfp.o)
                0x01018c44                __fp_lock_all
 .text.__fp_unlock_all
                0x01018c60       0x1c C:\DevTools\gcc_v49_2014q4/arm-none-eabi/lib/thumb\libc.a(lib_a-findfp.o)
                0x01018c60                __fp_unlock_all
 .text          0x01018c7c        0x0 C:\DevTools\gcc_v49_2014q4/arm-none-eabi/lib/thumb\libc.a(lib_a-freer.o)
 .text._malloc_trim_r
                0x01018c7c       0xa4 C:\DevTools\gcc_v49_2014q4/arm-none-eabi/lib/thumb\libc.a(lib_a-freer.o)
                0x01018c7c                _malloc_trim_r
 .text._free_r  0x01018d20      0x1b4 C:\DevTools\gcc_v49_2014q4/arm-none-eabi/lib/thumb\libc.a(lib_a-freer.o)
                0x01018d20                _free_r
 .text          0x01018ed4        0x0 C:\DevTools\gcc_v49_2014q4/arm-none-eabi/lib/thumb\libc.a(lib_a-fwalk.o)
 .text._fwalk   0x01018ed4       0x50 C:\DevTools\gcc_v49_2014q4/arm-none-eabi/lib/thumb\libc.a(lib_a-fwalk.o)
                0x01018ed4                _fwalk
 .text._fwalk_reent
                0x01018f24       0x58 C:\DevTools\gcc_v49_2014q4/arm-none-eabi/lib/thumb\libc.a(lib_a-fwalk.o)
                0x01018f24                _fwalk_reent
 .text          0x01018f7c        0x0 C:\DevTools\gcc_v49_2014q4/arm-none-eabi/lib/thumb\libc.a(lib_a-makebuf.o)
 .text.__smakebuf_r
                0x01018f7c      0x100 C:\DevTools\gcc_v49_2014q4/arm-none-eabi/lib/thumb\libc.a(lib_a-makebuf.o)
                0x01018f7c                __smakebuf_r
 .text          0x0101907c        0x0 C:\DevTools\gcc_v49_2014q4/arm-none-eabi/lib/thumb\libc.a(lib_a-stdio.o)
 .text.__sread  0x0101907c       0x2c C:\DevTools\gcc_v49_2014q4/arm-none-eabi/lib/thumb\libc.a(lib_a-stdio.o)
                0x0101907c                __sread
 .text.__seofread
                0x010190a8        0x4 C:\DevTools\gcc_v49_2014q4/arm-none-eabi/lib/thumb\libc.a(lib_a-stdio.o)
                0x010190a8                __seofread
 .text.__swrite
                0x010190ac       0x3c C:\DevTools\gcc_v49_2014q4/arm-none-eabi/lib/thumb\libc.a(lib_a-stdio.o)
                0x010190ac                __swrite
 .text.__sseek  0x010190e8       0x30 C:\DevTools\gcc_v49_2014q4/arm-none-eabi/lib/thumb\libc.a(lib_a-stdio.o)
                0x010190e8                __sseek
 .text.__sclose
                0x01019118       0x10 C:\DevTools\gcc_v49_2014q4/arm-none-eabi/lib/thumb\libc.a(lib_a-stdio.o)
                0x01019118                __sclose
 .text          0x01019128        0x0 C:\DevTools\gcc_v49_2014q4/arm-none-eabi/lib/thumb\libc.a(lib_a-fclose.o)
 .text._fclose_r
                0x01019128       0x94 C:\DevTools\gcc_v49_2014q4/arm-none-eabi/lib/thumb\libc.a(lib_a-fclose.o)
                0x01019128                _fclose_r
 .text.fclose   0x010191bc       0x18 C:\DevTools\gcc_v49_2014q4/arm-none-eabi/lib/thumb\libc.a(lib_a-fclose.o)
                0x010191bc                fclose
 .text          0x010191d4        0x0 C:\DevTools\gcc_v49_2014q4/arm-none-eabi/lib/thumb\libc.a(lib_a-isattyr.o)
 .text._isatty_r
                0x010191d4       0x28 C:\DevTools\gcc_v49_2014q4/arm-none-eabi/lib/thumb\libc.a(lib_a-isattyr.o)
                0x010191d4                _isatty_r
 .text          0x010191fc        0x0 C:\DevTools\gcc_v49_2014q4/arm-none-eabi/lib/thumb\libc.a(lib_a-reent.o)
 .text.cleanup_glue
                0x010191fc       0x20 C:\DevTools\gcc_v49_2014q4/arm-none-eabi/lib/thumb\libc.a(lib_a-reent.o)
                0x010191fc                cleanup_glue
 .text._reclaim_reent
                0x0101921c       0xa0 C:\DevTools\gcc_v49_2014q4/arm-none-eabi/lib/thumb\libc.a(lib_a-reent.o)
                0x0101921c                _reclaim_reent
 .text          0x010192bc        0x0 C:\DevTools\gcc_v49_2014q4/arm-none-eabi/lib/thumb\libnosys.a(isatty.o)
 .text._isatty  0x010192bc       0x10 C:\DevTools\gcc_v49_2014q4/arm-none-eabi/lib/thumb\libnosys.a(isatty.o)
                0x010192bc                _isatty
 .text          0x010192cc        0x0 C:\DevTools\gcc_v49_2014q4/arm-none-eabi/lib/thumb\libm.a(lib_a-w_sqrt.o)
 .text.sqrt     0x010192cc       0xbc C:\DevTools\gcc_v49_2014q4/arm-none-eabi/lib/thumb\libm.a(lib_a-w_sqrt.o)
                0x010192cc                sqrt
 .text          0x01019388        0x0 C:\DevTools\gcc_v49_2014q4/arm-none-eabi/lib/thumb\libm.a(lib_a-e_sqrt.o)
 .text.__ieee754_sqrt
                0x01019388      0x1d4 C:\DevTools\gcc_v49_2014q4/arm-none-eabi/lib/thumb\libm.a(lib_a-e_sqrt.o)
                0x01019388                __ieee754_sqrt
 .text          0x0101955c        0x0 C:\DevTools\gcc_v49_2014q4/arm-none-eabi/lib/thumb\libm.a(lib_a-s_fpclassify.o)
 .text.__fpclassifyd
                0x0101955c       0x5c C:\DevTools\gcc_v49_2014q4/arm-none-eabi/lib/thumb\libm.a(lib_a-s_fpclassify.o)
                0x0101955c                __fpclassifyd
 .text          0x010195b8        0x0 C:\DevTools\gcc_v49_2014q4/arm-none-eabi/lib/thumb\libm.a(lib_a-s_lib_ver.o)
 .text          0x010195b8        0x0 C:\DevTools\gcc_v49_2014q4/arm-none-eabi/lib/thumb\libm.a(lib_a-s_matherr.o)
 .text.matherr  0x010195b8        0x4 C:\DevTools\gcc_v49_2014q4/arm-none-eabi/lib/thumb\libm.a(lib_a-s_matherr.o)
                0x010195b8                matherr
 .text          0x010195bc      0x114 c:/devtools/gcc_v49_2014q4/bin/../lib/gcc/arm-none-eabi/4.9.3\libgcc.a(_udivsi3.o)
                0x010195bc                __aeabi_uidiv
                0x010195bc                __udivsi3
                0x010196b0                __aeabi_uidivmod
 .text          0x010196d0      0x148 c:/devtools/gcc_v49_2014q4/bin/../lib/gcc/arm-none-eabi/4.9.3\libgcc.a(_divsi3.o)
                0x010196d0                __divsi3
                0x010196d0                __aeabi_idiv
                0x010197f8                __aeabi_idivmod
 .text          0x01019818        0x4 c:/devtools/gcc_v49_2014q4/bin/../lib/gcc/arm-none-eabi/4.9.3\libgcc.a(_dvmd_tls.o)
                0x01019818                __aeabi_idiv0
                0x01019818                __aeabi_ldiv0
 .text          0x0101981c      0x41c c:/devtools/gcc_v49_2014q4/bin/../lib/gcc/arm-none-eabi/4.9.3\libgcc.a(_arm_addsubdf3.o)
                0x0101981c                __aeabi_drsub
                0x01019824                __aeabi_dsub
                0x01019824                __subdf3
                0x01019828                __aeabi_dadd
                0x01019828                __adddf3
                0x01019b38                __floatunsidf
                0x01019b38                __aeabi_ui2d
                0x01019b5c                __floatsidf
                0x01019b5c                __aeabi_i2d
                0x01019b84                __aeabi_f2d
                0x01019b84                __extendsfdf2
                0x01019bc4                __floatundidf
                0x01019bc4                __aeabi_ul2d
                0x01019bd8                __floatdidf
                0x01019bd8                __aeabi_l2d
 .text          0x01019c38      0x49c c:/devtools/gcc_v49_2014q4/bin/../lib/gcc/arm-none-eabi/4.9.3\libgcc.a(_arm_muldivdf3.o)
                0x01019c38                __aeabi_dmul
                0x01019c38                __muldf3
                0x01019ec8                __divdf3
                0x01019ec8                __aeabi_ddiv
 .text          0x0101a0d4      0x144 c:/devtools/gcc_v49_2014q4/bin/../lib/gcc/arm-none-eabi/4.9.3\libgcc.a(_arm_cmpdf2.o)
                0x0101a0d4                __gtdf2
                0x0101a0d4                __gedf2
                0x0101a0dc                __ltdf2
                0x0101a0dc                __ledf2
                0x0101a0e4                __nedf2
                0x0101a0e4                __eqdf2
                0x0101a0e4                __cmpdf2
                0x0101a16c                __aeabi_cdrcmple
                0x0101a188                __aeabi_cdcmpeq
                0x0101a188                __aeabi_cdcmple
                0x0101a1a0                __aeabi_dcmpeq
                0x0101a1b8                __aeabi_dcmplt
                0x0101a1d0                __aeabi_dcmple
                0x0101a1e8                __aeabi_dcmpge
                0x0101a200                __aeabi_dcmpgt
 .text          0x0101a218       0x54 c:/devtools/gcc_v49_2014q4/bin/../lib/gcc/arm-none-eabi/4.9.3\libgcc.a(_arm_fixunsdfsi.o)
                0x0101a218                __aeabi_d2uiz
                0x0101a218                __fixunsdfsi
 .text          0x0101a26c       0x44 c:/devtools/gcc_v49_2014q4/bin/../lib/gcc/arm-none-eabi/4.9.3\libgcc.a(_aeabi_ldivmod.o)
                0x0101a26c                __aeabi_ldivmod
 .text          0x0101a2b0       0x3c c:/devtools/gcc_v49_2014q4/bin/../lib/gcc/arm-none-eabi/4.9.3\libgcc.a(_aeabi_uldivmod.o)
                0x0101a2b0                __aeabi_uldivmod
 .text          0x0101a2ec       0x4c c:/devtools/gcc_v49_2014q4/bin/../lib/gcc/arm-none-eabi/4.9.3\libgcc.a(_fixdfdi.o)
                0x0101a2ec                __fixdfdi
                0x0101a2ec                __aeabi_d2lz
 .text          0x0101a338       0x6c c:/devtools/gcc_v49_2014q4/bin/../lib/gcc/arm-none-eabi/4.9.3\libgcc.a(_fixunsdfdi.o)
                0x0101a338                __fixunsdfdi
                0x0101a338                __aeabi_d2ulz
 .text          0x0101a3a4       0x84 c:/devtools/gcc_v49_2014q4/bin/../lib/gcc/arm-none-eabi/4.9.3\libgcc.a(bpabi.o)
                0x0101a3a4                __gnu_ldivmod_helper
                0x0101a3e8                __gnu_uldivmod_helper
 .text          0x0101a428      0x178 c:/devtools/gcc_v49_2014q4/bin/../lib/gcc/arm-none-eabi/4.9.3\libgcc.a(_divdi3.o)
                0x0101a428                __divdi3
 .text          0x0101a5a0      0x120 c:/devtools/gcc_v49_2014q4/bin/../lib/gcc/arm-none-eabi/4.9.3\libgcc.a(_udivdi3.o)
                0x0101a5a0                __udivdi3
 .text          0x0101a6c0       0x28 c:/devtools/gcc_v49_2014q4/bin/../lib/gcc/arm-none-eabi/4.9.3\libgcc.a(_clzdi2.o)
                0x0101a6c0                __clzdi2
 .text          0x0101a6e8       0x48 c:/devtools/gcc_v49_2014q4/bin/../lib/gcc/arm-none-eabi/4.9.3\libgcc.a(_clzsi2.o)
                0x0101a6e8                __clzsi2
 *(.init)
 *(.fini)
 *crtbegin.o(.ctors)
 *crtbegin?.o(.ctors)
 *(EXCLUDE_FILE(*crtend.o *crtend?.o) .ctors)
 *(SORT(.ctors.*))
 *(.ctors)
 *crtbegin.o(.dtors)
 *crtbegin?.o(.dtors)
 *(EXCLUDE_FILE(*crtend.o *crtend?.o) .dtors)
 *(SORT(.dtors.*))
 *(.dtors)
 *(.rodata* .gnu.linkonce.r.*)
 .rodata        0x0101a730       0x10 obj/Adjust.o
 .rodata        0x0101a740      0x274 obj/Constant.o
                0x0101a740                KTransBitmap
                0x0101a998                KTransHeader
                0x0101a9b1                KSetlPCode2
 .rodata        0x0101a9b4       0x24 obj/Coremain.o
                0x0101a9c4                KSoftName
                0x0101a9d0                KExportFunc
 .rodata.str1.1
                0x0101a9d8       0x9b obj/Coremain.o
 *fill*         0x0101aa73        0x1 
 .rodata        0x0101aa74     0x3388 obj/DemoTest.o
                0x0101aa74                KCtlKeyRoom
                0x0101bd0c                KCtlApplCfg
                0x0101c780                KKeyRoom
                0x0101d388                KApplCfg
 .rodata        0x0101ddfc       0x56 obj/Ecr.o
                0x0101ddfc                KSettleResp
                0x0101de00                KHostTotResp
                0x0101de06                KHostNameResp
                0x0101de0c                KLastTrace
                0x0101de14                KOfflSaleResp
                0x0101de32                KSaleResp
 *fill*         0x0101de52        0x2 
 .rodata        0x0101de54      0x2a0 obj/Func.o
 .rodata.str1.1
                0x0101e0f4      0x1a8 obj/Func.o
                                0x1b1 (size before relaxing)
 .rodata        0x0101e29c      0x198 obj/Others.o
                0x0101e29c                KOtherTransMenu
                0x0101e2b8                KOthercurrMenu
                0x0101e2d4                KOtherTxncurr
                0x0101e354                KOtherTxnItem
 .rodata.str1.1
                0x0101e434       0x50 obj/Others.o
 .rodata        0x0101e484        0xc obj/ParamTest.o
 .rodata.str1.1
                0x0101e490       0x39 obj/ParamTest.o
 .rodata        0x0101e4c9       0x62 obj/Print.o
 .rodata.str1.1
                0x0101e52b       0x40 obj/Print.o
                                 0x48 (size before relaxing)
 .rodata.str1.1
                0x0101e56b       0x2f obj/Sale.o
 *fill*         0x0101e59a        0x2 
 .rodata        0x0101e59c       0x78 obj/Settle.o
 .rodata.str1.1
                0x0101e614       0x28 obj/Settle.o
                                 0x2e (size before relaxing)
 .rodata        0x0101e63c       0x2c obj/Sysutil.o
 .rodata.str1.1
                0x0101e668       0x50 obj/Sysutil.o
                                 0x5b (size before relaxing)
 .rodata.str1.1
                0x0101e6b8       0x18 obj/auxcom.o
                                 0x21 (size before relaxing)
 .rodata.str1.1
                0x0101e6d0       0x72 obj/brdrtest.o
 .rodata.str1.1
                0x0101e742       0xb2 obj/camtest.o
 .rodata        0x0101e7f4        0xc obj/corevar.o
 .rodata.str1.1
                0x0101e800       0x10 obj/corevar.o
 .rodata        0x0101e810       0x70 obj/ctltrans.o
                0x0101e842                wCTLDummyTags
                0x0101e84e                wCTLOnlineTags
 .rodata.str1.1
                0x0101e880       0xa3 obj/ctltrans.o
                                 0xb4 (size before relaxing)
 *fill*         0x0101e923        0x5 
 .rodata        0x0101e928      0x400 obj/debugstis.o
 .rodata        0x0101ed28       0xd4 obj/emvtrans.o
                0x0101ed38                wVMOnlineTags
                0x0101edb3                KPinMsg
 .rodata.str1.1
                0x0101edfc       0x20 obj/emvtrans.o
                                 0x3b (size before relaxing)
 .rodata.str1.1
                0x0101ee1c       0x22 obj/hardware.o
 .rodata        0x0101ee3e       0x10 obj/hostmsg.o
 .rodata.str1.1
                0x0101ee4e       0xc8 obj/hostmsg.o
                                 0xf1 (size before relaxing)
 .rodata        0x0101ef16       0x82 obj/iface.o
                0x0101ef2c                KItfSettleResp
                0x0101ef34                KItfHostTotResp
                0x0101ef3c                KItfHostNameResp
                0x0101ef44                KItfLastTrace
                0x0101ef4e                KItfOfflSaleResp
                0x0101ef72                KItfSaleResp
 .rodata.str1.1
                0x0101ef98       0x49 obj/iface.o
                                 0x4c (size before relaxing)
 *fill*         0x0101efe1        0x1 
 .rodata        0x0101efe2      0x200 obj/iface_util.o
 *fill*         0x0101f1e2        0x2 
 .rodata        0x0101f1e4       0x10 obj/input.o
 .rodata.str1.1
                0x0101f1f4       0x59 obj/input.o
                                 0x5c (size before relaxing)
 .rodata        0x0101f24d       0x2d obj/keytrans.o
 .rodata.str1.1
                0x0101f27a      0x23d obj/keytrans.o
 *fill*         0x0101f4b7        0x1 
 .rodata        0x0101f4b8      0x914 obj/lptutil.o
 .rodata.str1.1
                0x00000000        0xc obj/lptutil.o
 .rodata        0x0101fdcc       0x18 obj/main.o
                0x0101fdcc                KAppHdr
 .rodata.str1.1
                0x0101fde4       0x26 obj/main.o
 .rodata.str1.1
                0x0101fe0a       0x3d obj/menu.o
 *fill*         0x0101fe47        0x1 
 .rodata        0x0101fe48      0x678 obj/message.o
                0x010202e0                KRspText
 .rodata.str1.1
                0x010204c0      0xfb3 obj/message.o
 *fill*         0x01021473        0x1 
 .rodata        0x01021474       0x24 obj/network.o
 .rodata.str1.1
                0x01021498      0x29a obj/network.o
                                0x2ae (size before relaxing)
 .rodata.str1.1
                0x01021732      0x127 obj/toggle.o
                                0x137 (size before relaxing)
 *fill*         0x01021859        0x3 
 .rodata        0x0102185c       0x50 obj/tpadtest.o
                0x0102185c                KPadObj
                0x0102188c                KPadConf
 .rodata.str1.1
                0x010218ac       0xb9 obj/tpadtest.o
 *fill*         0x01021965        0x3 
 .rodata        0x01021968      0x104 obj/tranutil.o
 .rodata.str1.1
                0x01021a6c      0xc18 obj/tranutil.o
                                0xca7 (size before relaxing)
 .rodata        0x01022684       0x30 obj/wavecom.o
 .rodata.str1.1
                0x010226b4      0x271 obj/wavecom.o
                                0x286 (size before relaxing)
 .rodata.str1.1
                0x01022925       0x20 obj/cstartup.o
 .rodata.str1.1
                0x01022945        0x7 obj/libc.o
 .rodata        0x0102294c      0x200 ../LibA5T1000/gcc\libsptutil.a(crcccitt.o)
 .rodata.str1.1
                0x01022b4c        0x4 ../LibA5T1000/gcc\libspglib.a(GIFLib.o)
 .rodata.str1.4
                0x01022b50        0x2 C:\DevTools\gcc_v49_2014q4/arm-none-eabi/lib/thumb\libc.a(lib_a-puts.o)
                                  0x4 (size before relaxing)
 *fill*         0x01022b52        0x2 
 .rodata.str1.4
                0x01022b54        0x2 C:\DevTools\gcc_v49_2014q4/arm-none-eabi/lib/thumb\libc.a(lib_a-impure.o)
                                  0x4 (size before relaxing)
 *fill*         0x01022b56        0x2 
 .rodata._global_impure_ptr
                0x01022b58        0x4 C:\DevTools\gcc_v49_2014q4/arm-none-eabi/lib/thumb\libc.a(lib_a-impure.o)
                0x01022b58                _global_impure_ptr
 .rodata.str1.4
                0x01022b5c        0x8 C:\DevTools\gcc_v49_2014q4/arm-none-eabi/lib/thumb\libm.a(lib_a-w_sqrt.o)
 *(.eh_frame*)

.vfp11_veneer   0x01022b64        0x0
 .vfp11_veneer  0x00000000        0x0 linker stubs

.v4_bx          0x01022b64        0x0
 .v4_bx         0x00000000        0x0 linker stubs

.iplt           0x01022b64        0x0
 .iplt          0x00000000        0x0 obj/Adjust.o

.ARM.extab
 *(.ARM.extab* .gnu.linkonce.armextab.*)
                0x01022b64                __exidx_start = .

.ARM.exidx      0x01022b64        0x8
 *(.ARM.exidx* .gnu.linkonce.armexidx.*)
 .ARM.exidx     0x01022b64        0x8 c:/devtools/gcc_v49_2014q4/bin/../lib/gcc/arm-none-eabi/4.9.3\libgcc.a(_divdi3.o)
 .ARM.exidx     0x01022b6c        0x0 c:/devtools/gcc_v49_2014q4/bin/../lib/gcc/arm-none-eabi/4.9.3\libgcc.a(_udivdi3.o)
                                  0x8 (size before relaxing)
                0x01022b6c                __exidx_end = .

.text_kek       0x01022b6c        0x8
 *(sect_kek)
 sect_kek       0x01022b6c        0x8 obj/cstartup.o
                0x01022b6c                KKek
                0x01022b74                _end_of_app = ALIGN (0x4)

.rel.dyn        0x01022b74        0x0
 .rel.iplt      0x00000000        0x0 obj/Adjust.o
                0x01800000                . = _start_of_data
