Archive member included because of file (symbol)

../LibA5T1000/gcc\libsyscall.a(app_call.o)
                              obj/Adjust.o (lib_app_call)
../LibA5T1000/gcc\libsyscall.a(sys_call.o)
                              obj/ParamTest.o (sys_func3)
../LibA5T1000/gcc\libbasecall.a(base_call.o)
                              obj/network.o (base_func0)
../LibA5T1000/gcc\libsptutil.a(bcd2bin.o)
                              obj/Settle.o (bcd2bin)
../LibA5T1000/gcc\libsptutil.a(bcd2val.o)
                              obj/Chkoptn.o (bcd2val)
../LibA5T1000/gcc\libsptutil.a(bcdadd.o)
                              obj/Sysutil.o (bcdadd)
../LibA5T1000/gcc\libsptutil.a(bcdinc.o)
                              obj/Settle.o (bcdinc)
../LibA5T1000/gcc\libsptutil.a(bcdsub.o)
                              obj/Sysutil.o (bcdsub)
../LibA5T1000/gcc\libsptutil.a(bin2bcd.o)
                              obj/hostmsg.o (bin2bcd)
../LibA5T1000/gcc\libsptutil.a(bin2dec.o)
                              obj/Func.o (bin2dec)
../LibA5T1000/gcc\libsptutil.a(bindec_d.o)
                              obj/Print.o (bindec_data)
../LibA5T1000/gcc\libsptutil.a(chkdok.o)
                              obj/input.o (chk_digit_ok)
../LibA5T1000/gcc\libsptutil.a(compress.o)
                              obj/Settle.o (compress)
../LibA5T1000/gcc\libsptutil.a(crcccitt.o)
                              obj/corevar.o (cal_crc)
../LibA5T1000/gcc\libsptutil.a(dbin2asc.o)
                              obj/Sysutil.o (dbin2asc)
../LibA5T1000/gcc\libsptutil.a(dbin2bcd.o)
                              obj/ctltrans.o (dbin2bcd)
../LibA5T1000/gcc\libsptutil.a(decbin4b.o)
                              obj/hostmsg.o (decbin4b)
../LibA5T1000/gcc\libsptutil.a(decbin8b.o)
                              obj/Adjust.o (decbin8b)
../LibA5T1000/gcc\libsptutil.a(fndb.o)
                              obj/Ecr.o (fndb)
../LibA5T1000/gcc\libsptutil.a(get_byte.o)
                              obj/hostmsg.o (get_byte)
../LibA5T1000/gcc\libsptutil.a(get_dist.o)
                              obj/corevar.o (get_distance)
../LibA5T1000/gcc\libsptutil.a(get_mem.o)
                              obj/hostmsg.o (get_mem)
../LibA5T1000/gcc\libsptutil.a(get_pptr.o)
                              obj/hostmsg.o (get_pptr)
../LibA5T1000/gcc\libsptutil.a(hex_val.o)
                              ../LibA5T1000/gcc\libsptutil.a(compress.o) (hex_value)
../LibA5T1000/gcc\libsptutil.a(inc_pptr.o)
                              obj/corevar.o (inc_pptr)
../LibA5T1000/gcc\libsptutil.a(isbdigit.o)
                              obj/input.o (isbdigit)
../LibA5T1000/gcc\libsptutil.a(pack_b.o)
                              obj/Settle.o (pack_byte)
../LibA5T1000/gcc\libsptutil.a(pack_lf.o)
                              obj/Func.o (pack_lf)
../LibA5T1000/gcc\libsptutil.a(pack_lfs.o)
                              obj/Func.o (pack_lfs)
../LibA5T1000/gcc\libsptutil.a(pack_mem.o)
                              obj/Func.o (pack_mem)
../LibA5T1000/gcc\libsptutil.a(pack_nb.o)
                              obj/Print.o (pack_nbyte)
../LibA5T1000/gcc\libsptutil.a(pack_spc.o)
                              obj/Func.o (pack_space)
../LibA5T1000/gcc\libsptutil.a(pack_str.o)
                              obj/Func.o (pack_str)
../LibA5T1000/gcc\libsptutil.a(peek_b.o)
                              obj/hostmsg.o (peek_byte)
../LibA5T1000/gcc\libsptutil.a(set_pptr.o)
                              ../LibA5T1000/gcc\libsptutil.a(get_mem.o) (buffer_overflow)
../LibA5T1000/gcc\libsptutil.a(skpb.o)
                              obj/Sysutil.o (skpb)
../LibA5T1000/gcc\libsptutil.a(split.o)
                              obj/Ecr.o (split)
../LibA5T1000/gcc\libsptutil.a(split_d.o)
                              obj/Func.o (split_data)
../LibA5T1000/gcc\libsptutil.a(val2bcd.o)
                              ../LibA5T1000/gcc\libsptutil.a(bcdadd.o) (val2bcd)
../LibA5T1000/gcc\libsptutil.a(hexdigit.o)
                              ../LibA5T1000/gcc\libsptutil.a(split.o) (hex_digit)
../LibA5T1000/gcc\libspglib.a(GIFLib.o)
                              obj/ParamTest.o (GIFSetPos)
../LibA5T1000/gcc\libspglib.a(GLib.o)
                              obj/tpadtest.o (GD_SetDotSize)
C:\DevTools\gcc_v49_2014q4/arm-none-eabi/lib/thumb\libc.a(lib_a-memcmp.o)
                              obj/Others.o (memcmp)
C:\DevTools\gcc_v49_2014q4/arm-none-eabi/lib/thumb\libc.a(lib_a-memcpy.o)
                              obj/Adjust.o (memcpy)
C:\DevTools\gcc_v49_2014q4/arm-none-eabi/lib/thumb\libc.a(lib_a-memmove.o)
                              obj/Coremain.o (memmove)
C:\DevTools\gcc_v49_2014q4/arm-none-eabi/lib/thumb\libc.a(lib_a-memset.o)
                              obj/Adjust.o (memset)
C:\DevTools\gcc_v49_2014q4/arm-none-eabi/lib/thumb\libc.a(lib_a-puts.o)
                              obj/ctltrans.o (puts)
C:\DevTools\gcc_v49_2014q4/arm-none-eabi/lib/thumb\libc.a(lib_a-strcat.o)
                              obj/ParamTest.o (strcat)
[...]
Memory Configuration

Name             Origin             Length             Attributes
*default*        0x00000000         0xffffffff

Linker script and memory map

START GROUP
LOAD obj/Adjust.o
LOAD obj/Auth.o
LOAD obj/Chkoptn.o
LOAD obj/Constant.o
LOAD obj/Coremain.o
LOAD obj/DemoTest.o
LOAD obj/Ecr.o
LOAD obj/Func.o
LOAD obj/Offline.o
LOAD obj/Others.o
LOAD obj/ParamTest.o
LOAD obj/Print.o
LOAD obj/Reversal.o
LOAD obj/Sale.o
LOAD obj/SaleOffl.o
LOAD obj/Settle.o
LOAD obj/Sysutil.o
LOAD obj/TLVUtil.o
LOAD obj/TestCfg.o
LOAD obj/Void.o
LOAD obj/auxcom.o
LOAD obj/brdrtest.o
LOAD obj/camtest.o
LOAD obj/corevar.o
LOAD obj/ctltrans.o
LOAD obj/debugstis.o
LOAD obj/emvl2cfg.o
LOAD obj/emvtrans.o
LOAD obj/hardware.o
LOAD obj/hostmsg.o
LOAD obj/iface.o
LOAD obj/iface_util.o
LOAD obj/input.o
LOAD obj/keytrans.o
LOAD obj/lptutil.o
LOAD obj/main.o
LOAD obj/menu.o
LOAD obj/message.o
LOAD obj/network.o
LOAD obj/record.o
LOAD obj/refund.o
LOAD obj/testrans.o
LOAD obj/toggle.o
LOAD obj/tpadtest.o
LOAD obj/tranutil.o
LOAD obj/wavecom.o
LOAD obj/cstartup.o
LOAD obj/expect_send.o
LOAD obj/libc.o
LOAD ../LibA5T1000/gcc\libsyscall.a
LOAD ../LibA5T1000/gcc\libbasecall.a
LOAD ../LibA5T1000/gcc\libsptutil.a
LOAD ../LibA5T1000/gcc\libspglib.a
LOAD ../LibA5T1000/gcc\libspqr.a
LOAD C:\DevTools\gcc_v49_2014q4/arm-none-eabi/lib/thumb\libc.a
LOAD C:\DevTools\gcc_v49_2014q4/arm-none-eabi/lib/thumb\libnosys.a
LOAD C:\DevTools\gcc_v49_2014q4/arm-none-eabi/lib/thumb\libm.a
LOAD c:/devtools/gcc_v49_2014q4/bin/../lib/gcc/arm-none-eabi/4.9.3\libgcc.a
END GROUP
                0x01000000                _start_of_flash = 0x1000000
                0x01800000                _start_of_data = 0x1800000
                0x01c00000                _end_of_sram = (_start_of_data + 0x400000)
                0x01000020                _start_of_header = (_start_of_flash + 0x20)
                0x01000050                _start_of_app = (_start_of_flash + 0x50)
                0x01000000                . = _start_of_flash

.startup        0x01000000       0x1a
 *(sect_startup)
 sect_startup   0x01000000       0x1a obj/cstartup.o
                0x01000000                cstartup
                0x01000020                . = _start_of_header

.header         0x01000020       0x30
 *(sect_apphdr)
 sect_apphdr    0x01000020       0x30 obj/cstartup.o
                0x01000020                KAppHeader
                0x01000150                . = (_start_of_app + 0x100)

.text           0x01000150    0x226a4
 *(.text* .glue_7* .gnu.linkonce.t.*)
 .glue_7        0x00000000        0x0 linker stubs
 .glue_7t       0x00000000        0x0 linker stubs
 .text          0x01000150        0x0 obj/Adjust.o
 .text.DispCurrTotal
                0x01000150       0x84 obj/Adjust.o
 .text.AdjustTrans
                0x010001d4      0x4cc obj/Adjust.o
                0x010001d4                AdjustTrans
 .text          0x010006a0        0x0 obj/Auth.o
 .text.AuthTrans
                0x010006a0      0x118 obj/Auth.o
                0x010006a0                AuthTrans
 .text          0x010007b8        0x0 obj/Chkoptn.o
 .text.AdjustPSWReqd
                0x010007b8       0x14 obj/Chkoptn.o
                0x010007b8                AdjustPSWReqd
 .text.SettlePSWReqd
                0x010007cc       0x14 obj/Chkoptn.o
                0x010007cc                SettlePSWReqd
 .text.ManualPSWReqd
                0x010007e0       0x14 obj/Chkoptn.o
                0x010007e0                ManualPSWReqd
 .text.DispMSRReqd
                0x010007f4       0x10 obj/Chkoptn.o
                0x010007f4                DispMSRReqd
 .text.TIPsReqd
                0x01000804       0x10 obj/Chkoptn.o
                0x01000804                TIPsReqd
 .text.PrintTimeReqd
                0x01000814       0x10 obj/Chkoptn.o
                0x01000814                PrintTimeReqd
 .text.DDMMBusinessDate
                0x01000824       0x10 obj/Chkoptn.o
                0x01000824                DDMMBusinessDate
 .text.ComfirmTotal
                0x01000834       0x10 obj/Chkoptn.o
                0x01000834                ComfirmTotal
 .text.EcrRefReqd
                0x01000844       0x10 obj/Chkoptn.o
                0x01000844                EcrRefReqd
 .text.PromptTips
                0x01000854       0x14 obj/Chkoptn.o
                0x01000854                PromptTips
 .text.BlockLocalTrans
                0x01000868       0x14 obj/Chkoptn.o
                0x01000868                BlockLocalTrans
 .text.NumOfRcptCopy
                0x0100087c       0x10 obj/Chkoptn.o
                0x0100087c                NumOfRcptCopy
 .text.ReferralDial
                0x0100088c       0x10 obj/Chkoptn.o
                0x0100088c                ReferralDial
 .text.HostSettlePending
                0x0100089c       0x14 obj/Chkoptn.o
                0x0100089c                HostSettlePending
 .text.RefundOffline
                0x010008b0       0x14 obj/Chkoptn.o
                0x010008b0                RefundOffline
 .text.VoidOffline
                0x010008c4       0x14 obj/Chkoptn.o
                0x010008c4                VoidOffline
 .text.PiggybackOffline
                0x010008d8       0x14 obj/Chkoptn.o
                0x010008d8                PiggybackOffline
 .text.Prompt4DBC
                0x010008ec       0x14 obj/Chkoptn.o
                0x010008ec                Prompt4DBC
 .text.MultiAdjustAllowed
                0x01000900       0x14 obj/Chkoptn.o
                0x01000900                MultiAdjustAllowed
 .text.ExtraMsgLen
                0x01000914       0x14 obj/Chkoptn.o
                0x01000914                ExtraMsgLen
 .text.CheckDuplicate
                0x01000928       0x14 obj/Chkoptn.o
                0x01000928                CheckDuplicate
 .text.FallbackDialup
                0x0100093c       0x14 obj/Chkoptn.o
                0x0100093c                FallbackDialup
 .text.GetHostType
                0x01000950       0x14 obj/Chkoptn.o
                0x01000950                GetHostType
 .text.UnderFloorLimit
                0x01000964       0x3c obj/Chkoptn.o
                0x01000964                UnderFloorLimit
 .text.ManualEntryAllow
                0x010009a0       0x14 obj/Chkoptn.o
                0x010009a0                ManualEntryAllow
 .text.OfflineAllowed
                0x010009b4       0x14 obj/Chkoptn.o
                0x010009b4                OfflineAllowed
 .text.ExpDateReqd
                0x010009c8       0x14 obj/Chkoptn.o
                0x010009c8                ExpDateReqd
 .text.VoiceReferral
                0x010009dc       0x20 obj/Chkoptn.o
                0x010009dc                VoiceReferral
 .text.DescriptorReqd
                0x010009fc       0x14 obj/Chkoptn.o
                0x010009fc                DescriptorReqd
 .text.AdjustAllowed
                0x01000a10       0x14 obj/Chkoptn.o
                0x01000a10                AdjustAllowed
 .text.CheckPAN
                0x01000a24       0x14 obj/Chkoptn.o
                0x01000a24                CheckPAN
 .text.PrintReqd
                0x01000a38       0x14 obj/Chkoptn.o
                0x01000a38                PrintReqd
 .text.DefaultCapture
                0x01000a4c       0x14 obj/Chkoptn.o
                0x01000a4c                DefaultCapture
 .text.CheckExpDate
                0x01000a60       0x14 obj/Chkoptn.o
                0x01000a60                CheckExpDate
 .text.RefundBlocked
                0x01000a74       0x14 obj/Chkoptn.o
                0x01000a74                RefundBlocked
 .text.AuthBlocked
                0x01000a88       0x14 obj/Chkoptn.o
                0x01000a88                AuthBlocked
 .text.VoidBlocked
                0x01000a9c       0x14 obj/Chkoptn.o
                0x01000a9c                VoidBlocked
 .text.BlockAuthCode
                0x01000ab0       0x14 obj/Chkoptn.o
                0x01000ab0                BlockAuthCode
 .text.MaskCardNo
                0x01000ac4       0x14 obj/Chkoptn.o
                0x01000ac4                MaskCardNo
 .text.ExpiryReject
                0x01000ad8       0x14 obj/Chkoptn.o
                0x01000ad8                ExpiryReject
 .text.BlockLocalManual
                0x01000aec       0x14 obj/Chkoptn.o
                0x01000aec                BlockLocalManual
 .text.BlockLocalSwipe
                0x01000b00       0x14 obj/Chkoptn.o
                0x01000b00                BlockLocalSwipe
 .text.Track1Enable
                0x01000b14       0x14 obj/Chkoptn.o
                0x01000b14                Track1Enable
 .text.EMVProcDisable
                0x01000b28       0x14 obj/Chkoptn.o
                0x01000b28                EMVProcDisable
 .text          0x01000b3c        0x0 obj/Constant.o
 .text.SaleType
                0x01000b3c       0x18 obj/Constant.o
                0x01000b3c                SaleType
 .text          0x01000b54        0x0 obj/Coremain.o
 .text.DispDTG  0x01000b54       0xdc obj/Coremain.o
 .text.VirginInit
                0x01000c30      0x150 obj/Coremain.o
                0x01000c30                VirginInit
 .text.GlobalsInit
                0x01000d80       0x5c obj/Coremain.o
                0x01000d80                GlobalsInit
 .text.GlobalsCleanUp
                0x01000ddc       0x18 obj/Coremain.o
                0x01000ddc                GlobalsCleanUp
 .text.TransModeDisp
                0x01000df4      0x134 obj/Coremain.o
                0x01000df4                TransModeDisp
 .text.Coremain
                0x01000f28      0x4d0 obj/Coremain.o
                0x01000f28                Coremain
 .text          0x010013f8        0x0 obj/DemoTest.o
 .text          0x010013f8        0x0 obj/Ecr.o
 .text.EcrGetAmount
                0x010013f8       0x50 obj/Ecr.o
                0x010013f8                EcrGetAmount
 .text.EcrGetRef
                0x01001448       0x4c obj/Ecr.o
                0x01001448                EcrGetRef
 .text.EcrResp  0x01001494      0x284 obj/Ecr.o
                0x01001494                EcrResp
 .text.GetLastTrace
                0x01001718       0x74 obj/Ecr.o
                0x01001718                GetLastTrace
 .text.GetHostIdx
                0x0100178c       0x38 obj/Ecr.o
                0x0100178c                GetHostIdx
 .text.GetHostName
                0x010017c4       0x4c obj/Ecr.o
                0x010017c4                GetHostName
 .text.GetHostTot
                0x01001810       0x50 obj/Ecr.o
                0x01001810                GetHostTot
 .text.EcrSettle
                0x01001860       0x28 obj/Ecr.o
                0x01001860                EcrSettle
 .text.EcrCmdProcess
                0x01001888       0x90 obj/Ecr.o
                0x01001888                EcrCmdProcess
 .text          0x01001918        0x0 obj/Func.o
 .text.DispStatusMsg
                0x01001918       0x1a obj/Func.o
 *fill*         0x01001932        0x2 
 .text.DispTransData
                0x01001934      0x1e8 obj/Func.o
 .text.DispReversal
                0x01001b1c      0x3b8 obj/Func.o
                0x01001b1c                DispReversal
 .text.ClearReversal
                0x01001ed4      0x190 obj/Func.o
                0x01001ed4                ClearReversal
 .text.DisplayRecordno
                0x01002064      0x2e8 obj/Func.o
                0x01002064                DisplayRecordno
 .text.DisplayBatch
                0x0100234c      0x324 obj/Func.o
                0x0100234c                DisplayBatch
 .text.ClearBatch
                0x01002670      0x180 obj/Func.o
                0x01002670                ClearBatch
 .text.DispTransTotal
                0x010027f0      0x1a0 obj/Func.o
                0x010027f0                DispTransTotal
 .text.ReprintTxn
                0x01002990       0x68 obj/Func.o
                0x01002990                ReprintTxn
 .text.PrintTotals
                0x010029f8       0x80 obj/Func.o
                0x010029f8                PrintTotals
 .text.PrintTxnRecord
                0x01002a78      0x348 obj/Func.o
                0x01002a78                PrintTxnRecord
 .text.MerchantFunc
                0x01002dc0      0x354 obj/Func.o
                0x01002dc0                MerchantFunc
 .text          0x01003114        0x0 obj/Offline.o
 .text.OfflineSent
                0x01003114      0x1ac obj/Offline.o
                0x01003114                OfflineSent
 .text          0x010032c0        0x0 obj/Others.o
 .text.GetAccessrefund
                0x010032c0       0xd8 obj/Others.o
                0x010032c0                GetAccessrefund
 .text.GetAccessrevoid
                0x01003398       0xd8 obj/Others.o
                0x01003398                GetAccessrevoid
 .text.OtherTrans
                0x01003470       0xa8 obj/Others.o
                0x01003470                OtherTrans
 .text.OtherCurrency
                0x01003518       0x34 obj/Others.o
                0x01003518                OtherCurrency
 .text          0x0100354c        0x0 obj/ParamTest.o
 .text.ReadBmp  0x0100354c       0x28 obj/ParamTest.o
 .text.LptPutN  0x01003574       0xc4 obj/ParamTest.o
 .text.LptClose
                0x01003638       0x5c obj/ParamTest.o
 .text.WritePrn.constprop.0
                0x01003694       0x14 obj/ParamTest.o
 .text.DispParamFile
                0x010036a8      0x1b4 obj/ParamTest.o
                0x010036a8                DispParamFile
 .text.LptParamFile
                0x0100385c      0x41c obj/ParamTest.o
                0x0100385c                LptParamFile
 .text          0x01003c78        0x0 obj/Print.o
 .text.PackLogo
                0x01003c78       0x50 obj/Print.o
                0x01003c78                PackLogo
 .text.PackDtg  0x01003cc8       0x32 obj/Print.o
                0x01003cc8                PackDtg
 *fill*         0x01003cfa        0x2 
 .text.PackCurrentDate
                0x01003cfc       0x80 obj/Print.o
                0x01003cfc                PackCurrentDate
 .text.PackSeperator
                0x01003d7c       0x10 obj/Print.o
                0x01003d7c                PackSeperator
 .text.PackRcptHeader
                0x01003d8c       0x44 obj/Print.o
                0x01003d8c                PackRcptHeader
 .text.PackAmt  0x01003dd0       0x40 obj/Print.o
                0x01003dd0                PackAmt
 .text.PackCountAmt
                0x01003e10       0x3a obj/Print.o
 .text.PackFF   0x01003e4a       0x1a obj/Print.o
                0x01003e4a                PackFF
 .text.PackTotals
                0x01003e64       0xbc obj/Print.o
                0x01003e64                PackTotals
 .text.PackEndOfRep
                0x01003f20       0x34 obj/Print.o
                0x01003f20                PackEndOfRep
 .text.SaveLastRcpt
                0x01003f54       0xb0 obj/Print.o
                0x01003f54                SaveLastRcpt
 .text.GetLastRcpt
                0x01004004       0x54 obj/Print.o
                0x01004004                GetLastRcpt
 .text.ReprintLast
                0x01004058       0x94 obj/Print.o
                0x01004058                ReprintLast
 .text.ManualFeed
                0x010040ec       0x30 obj/Print.o
                0x010040ec                ManualFeed
 .text          0x0100411c        0x0 obj/Reversal.o
 .text.ReversalOK
                0x0100411c       0xf4 obj/Reversal.o
                0x0100411c                ReversalOK
 .text          0x01004210        0x0 obj/Sale.o
 .text.ReferralCall
                0x01004210      0x19c obj/Sale.o
                0x01004210                ReferralCall
 .text.ReferralProcess
                0x010043ac       0xec obj/Sale.o
                0x010043ac                ReferralProcess
 .text.SaleTrans
                0x01004498      0x15c obj/Sale.o
                0x01004498                SaleTrans
 .text          0x010045f4        0x0 obj/SaleOffl.o
 .text.SaleOfflTrans
                0x010045f4       0x6c obj/SaleOffl.o
                0x010045f4                SaleOfflTrans
 .text          0x01004660        0x0 obj/Settle.o
 .text.AllTotalZero
                0x01004660       0x48 obj/Settle.o
 .text.GetSettleAmount
                0x010046a8       0x80 obj/Settle.o
 .text.PackBatchText
                0x01004728       0x48 obj/Settle.o
 .text.CloseBatch
                0x01004770      0x1ac obj/Settle.o
 .text.ConfirmSetlTot
                0x0100491c      0x304 obj/Settle.o
                0x0100491c                ConfirmSetlTot
 .text.SettleTrans
                0x01004c20      0x3e4 obj/Settle.o
                0x01004c20                SettleTrans
 .text          0x01005004        0x0 obj/Sysutil.o
 .text.LongBeep
                0x01005004        0xc obj/Sysutil.o
                0x01005004                LongBeep
 .text.AcceptBeep
                0x01005010        0xc obj/Sysutil.o
                0x01005010                AcceptBeep
 .text.Short2Beep
                0x0100501c        0xc obj/Sysutil.o
                0x0100501c                Short2Beep
 .text.Short1Beep
                0x01005028        0xc obj/Sysutil.o
                0x01005028                Short1Beep
 .text.Delay1Sec
                0x01005034       0x44 obj/Sysutil.o
                0x01005034                Delay1Sec
 .text.ErrorDelay
                0x01005078        0x8 obj/Sysutil.o
                0x01005078                ErrorDelay
 .text.Delay10ms
                0x01005080       0x28 obj/Sysutil.o
                0x01005080                Delay10ms
 .text.SetRTC   0x010050a8       0x26 obj/Sysutil.o
                0x010050a8                SetRTC
 .text.ReadRTC  0x010050ce       0x1a obj/Sysutil.o
                0x010050ce                ReadRTC
 .text.ConvDateTime
                0x010050e8       0x84 obj/Sysutil.o
                0x010050e8                ConvDateTime
 .text.ConvDateTimeT
                0x0100516c       0x48 obj/Sysutil.o
                0x0100516c                ConvDateTimeT
 .text.SetDTG   0x010051b4       0x5a obj/Sysutil.o
                0x010051b4                SetDTG
 .text.FreeRunMark
                0x0100520e        0x8 obj/Sysutil.o
                0x0100520e                FreeRunMark
 .text.FreeRunElapsed
                0x01005216       0x14 obj/Sysutil.o
                0x01005216                FreeRunElapsed
 .text.ByteCopy
                0x0100522a        0x4 obj/Sysutil.o
                0x0100522a                ByteCopy
 .text.CompressInputData
                0x0100522e       0x32 obj/Sysutil.o
                0x0100522e                CompressInputData
 .text.CompressInputFData
                0x01005260       0x36 obj/Sysutil.o
                0x01005260                CompressInputFData
 *fill*         0x01005296        0x2 
 .text.GetMonthText
                0x01005298       0x10 obj/Sysutil.o
                0x01005298                GetMonthText
 .text.MemFatalErr
                0x010052a8       0x6c obj/Sysutil.o
                0x010052a8                MemFatalErr
 .text.DebugPoint
                0x01005314       0x5c obj/Sysutil.o
                0x01005314                DebugPoint
 .text.ConvAmount
                0x01005370       0x80 obj/Sysutil.o
                0x01005370                ConvAmount
 .text.Disp2x16Msg
                0x010053f0       0xbc obj/Sysutil.o
                0x010053f0                Disp2x16Msg
 .text.PrintLcd2LptCtr
                0x010054ac      0x1c4 obj/Sysutil.o
                0x010054ac                PrintLcd2LptCtr
 .text.debugAsc
                0x01005670       0x60 obj/Sysutil.o
                0x01005670                debugAsc
 .text.debugHex
                0x010056d0       0x80 obj/Sysutil.o
                0x010056d0                debugHex
 .text.ShowIp   0x01005750       0x88 obj/Sysutil.o
                0x01005750                ShowIp
 .text          0x010057d8        0x0 obj/TLVUtil.o
 .text.DDWORD2bcd
                0x010057d8       0x60 obj/TLVUtil.o
                0x010057d8                DDWORD2bcd
 .text.bcd2DDWORD
                0x01005838       0x2a obj/TLVUtil.o
                0x01005838                bcd2DDWORD
 .text.WPut     0x01005862        0x8 obj/TLVUtil.o
                0x01005862                WPut
 .text.TlvTSize
                0x0100586a       0x12 obj/TLVUtil.o
                0x0100586a                TlvTSize
 .text.TlvTag   0x0100587c       0x1a obj/TLVUtil.o
                0x0100587c                TlvTag
 .text.TlvLSize
                0x01005896       0x1e obj/TLVUtil.o
                0x01005896                TlvLSize
 .text.TlvLen   0x010058b4       0x32 obj/TLVUtil.o
                0x010058b4                TlvLen
 .text.TlvSizeOf
                0x010058e6       0x24 obj/TLVUtil.o
                0x010058e6                TlvSizeOf
 .text.TlvVPtr  0x0100590a       0x1a obj/TLVUtil.o
                0x0100590a                TlvVPtr
 .text.TlvSeek  0x01005924       0x44 obj/TLVUtil.o
                0x01005924                TlvSeek
 .text.TlvNext  0x01005968       0x10 obj/TLVUtil.o
                0x01005968                TlvNext
 .text.TlvIsCTag
                0x01005978       0x14 obj/TLVUtil.o
                0x01005978                TlvIsCTag
 .text.TlvPack  0x0100598c       0x58 obj/TLVUtil.o
                0x0100598c                TlvPack
 .text          0x010059e4        0x0 obj/TestCfg.o
 .text.KernelReady
                0x010059e4       0x12 obj/TestCfg.o
 *fill*         0x010059f6        0x2 
 .text.DoSetup  0x010059f8       0x40 obj/TestCfg.o
 .text.DoCTLSetup
                0x01005a38       0x40 obj/TestCfg.o
 .text.DebugAutoRun
                0x01005a78        0x4 obj/TestCfg.o
                0x01005a78                DebugAutoRun
 .text.GetAutoTrans
                0x01005a7c        0x4 obj/TestCfg.o
                0x01005a7c                GetAutoTrans
 .text.GetAutoAmount
                0x01005a80       0x10 obj/TestCfg.o
                0x01005a80                GetAutoAmount
 .text.GetAutoPin
                0x01005a90       0x10 obj/TestCfg.o
                0x01005a90                GetAutoPin
 .text.DebugEnd
                0x01005aa0        0x4 obj/TestCfg.o
                0x01005aa0                DebugEnd
 .text.LoadEMVKey
                0x01005aa4       0x7c obj/TestCfg.o
                0x01005aa4                LoadEMVKey
 .text.LoadEMVCfg
                0x01005b20       0xb8 obj/TestCfg.o
                0x01005b20                LoadEMVCfg
 .text.ExtPPadSetup
                0x01005bd8       0x5c obj/TestCfg.o
                0x01005bd8                ExtPPadSetup
 .text.LoadCTLKey
                0x01005c34       0x80 obj/TestCfg.o
                0x01005c34                LoadCTLKey
 .text.LoadCTLCfg
                0x01005cb4       0xbc obj/TestCfg.o
                0x01005cb4                LoadCTLCfg
 .text          0x01005d70        0x0 obj/Void.o
 .text.VoidTrans
                0x01005d70      0x2ec obj/Void.o
                0x01005d70                VoidTrans
 .text          0x0100605c        0x0 obj/auxcom.o
 .text.AuxOpen  0x0100605c       0x24 obj/auxcom.o
                0x0100605c                AuxOpen
 .text.AuxClose
                0x01006080       0x20 obj/auxcom.o
                0x01006080                AuxClose
 .text.AuxRead  0x010060a0       0x14 obj/auxcom.o
                0x010060a0                AuxRead
 .text.AuxRxRdy
                0x010060b4        0xe obj/auxcom.o
                0x010060b4                AuxRxRdy
 .text.AuxTxRdy
                0x010060c2        0xe obj/auxcom.o
                0x010060c2                AuxTxRdy
 .text.AuxWrite
                0x010060d0       0x24 obj/auxcom.o
                0x010060d0                AuxWrite
 .text.AuxEnable
                0x010060f4       0x18 obj/auxcom.o
                0x010060f4                AuxEnable
 .text.AuxDisable
                0x0100610c       0x1c obj/auxcom.o
                0x0100610c                AuxDisable
 .text.dbgHex   0x01006128       0x7c obj/auxcom.o
                0x01006128                dbgHex
 .text          0x010061a4        0x0 obj/brdrtest.o
 .text.BRdrTest
                0x010061a4      0x3f4 obj/brdrtest.o
                0x010061a4                BRdrTest
 .text          0x01006598        0x0 obj/camtest.o
 .text.ShowLayer
                0x01006598       0x28 obj/camtest.o
 .text.SensorClose
                0x010065c0       0x24 obj/camtest.o
 .text.SensorSwMode
                0x010065e4      0x124 obj/camtest.o
 .text.SensorOpen
                0x01006708      0x140 obj/camtest.o
 .text.LcdOnLayerEnable.part.0
                0x01006848       0x20 obj/camtest.o
 .text.LcdOnLayerShow.constprop.1
                0x01006868       0x54 obj/camtest.o
 .text.Y800toLcdLeft
                0x010068bc       0x5a obj/camtest.o
                0x010068bc                Y800toLcdLeft
 *fill*         0x01006916        0x2 
 .text.ShowBarcode
                0x01006918       0x98 obj/camtest.o
                0x01006918                ShowBarcode
 .text.CamTest2D
                0x010069b0      0x634 obj/camtest.o
                0x010069b0                CamTest2D
 .text.CamTestAll
                0x01006fe4      0x740 obj/camtest.o
                0x01006fe4                CamTestAll
 .text          0x01007724        0x0 obj/corevar.o
 .text.DataFileInit
                0x01007724       0xd4 obj/corevar.o
                0x01007724                DataFileInit
 .text.DataFileUpdate
                0x010077f8       0x68 obj/corevar.o
                0x010077f8                DataFileUpdate
 .text.DataFileClose
                0x01007860       0x70 obj/corevar.o
                0x01007860                DataFileClose
 .text.CorrectHost
                0x010078d0        0x4 obj/corevar.o
                0x010078d0                CorrectHost
 .text.GenAuthCode
                0x010078d4       0x20 obj/corevar.o
                0x010078d4                GenAuthCode
 .text.SetDefault
                0x010078f4       0x10 obj/corevar.o
                0x010078f4                SetDefault
 .text.MsgBufSetup
                0x01007904       0x14 obj/corevar.o
                0x01007904                MsgBufSetup
 .text.PackMsgBufLen
                0x01007918       0x14 obj/corevar.o
                0x01007918                PackMsgBufLen
 .text.TxBufSetup
                0x0100792c       0x28 obj/corevar.o
                0x0100792c                TxBufSetup
 .text.PackTxBufLen
                0x01007954       0x2c obj/corevar.o
                0x01007954                PackTxBufLen
 .text.RxBufSetup
                0x01007980       0x28 obj/corevar.o
                0x01007980                RxBufSetup
 .text.PackRxBufLen
                0x010079a8       0x30 obj/corevar.o
                0x010079a8                PackRxBufLen
 .text.ValidRecordCRC
                0x010079d8       0x24 obj/corevar.o
                0x010079d8                ValidRecordCRC
 .text.RefreshDispAfter
                0x010079fc       0x24 obj/corevar.o
                0x010079fc                RefreshDispAfter
 .text.FreeGDS  0x01007a20       0x14 obj/corevar.o
                0x01007a20                FreeGDS
 .text.MallocGDS
                0x01007a34       0x3c obj/corevar.o
                0x01007a34                MallocGDS
 .text.TrainingModeON
                0x01007a70       0x18 obj/corevar.o
                0x01007a70                TrainingModeON
 .text.IncAPMTraceNoEnd
                0x01007a88       0x48 obj/corevar.o
                0x01007a88                IncAPMTraceNoEnd
 .text.IncAPMTraceNo
                0x01007ad0       0x48 obj/corevar.o
                0x01007ad0                IncAPMTraceNo
 .text.CTLEnable
                0x01007b18        0xc obj/corevar.o
                0x01007b18                CTLEnable
 .text.CTLEnabled
                0x01007b24        0xc obj/corevar.o
                0x01007b24                CTLEnabled
 .text.PPPCfgUpdate
                0x01007b30       0x1c obj/corevar.o
                0x01007b30                PPPCfgUpdate
 .text          0x01007b4c        0x0 obj/ctltrans.o
 .text.CTLTagSeek.part.1
                0x01007b4c       0x74 obj/ctltrans.o
 .text.CL_Led   0x01007bc0       0x60 obj/ctltrans.o
                0x01007bc0                CL_Led
 .text.CL_LedSet
                0x01007c20       0x8c obj/ctltrans.o
                0x01007c20                CL_LedSet
 .text.GetCTLKeyInfo
                0x01007cac       0x54 obj/ctltrans.o
                0x01007cac                GetCTLKeyInfo
 .text.CL_Init  0x01007d00       0x74 obj/ctltrans.o
                0x01007d00                CL_Init
 .text.CL_WaitCard
                0x01007d74       0x94 obj/ctltrans.o
                0x01007d74                CL_WaitCard
 .text.CL_Close
                0x01007e08       0x40 obj/ctltrans.o
                0x01007e08                CL_Close
 .text.CL_Off   0x01007e48       0x16 obj/ctltrans.o
                0x01007e48                CL_Off
 *fill*         0x01007e5e        0x2 
 .text.debugCTL
                0x01007e60       0xd8 obj/ctltrans.o
                0x01007e60                debugCTL
 .text.debugAuxCTL
                0x01007f38       0xd0 obj/ctltrans.o
                0x01007f38                debugAuxCTL
 .text.CTLTagSeek
                0x01008008       0x28 obj/ctltrans.o
                0x01008008                CTLTagSeek
 .text.CTLFatal
                0x01008030       0x40 obj/ctltrans.o
                0x01008030                CTLFatal
 .text.ValidCTLData
                0x01008070      0x168 obj/ctltrans.o
                0x01008070                ValidCTLData
 .text.PackCTLDummyData
                0x010081d8       0x38 obj/ctltrans.o
                0x010081d8                PackCTLDummyData
 .text.PackCTLTagsData
                0x01008210       0x40 obj/ctltrans.o
                0x01008210                PackCTLTagsData
 .text.PackCTLData
                0x01008250       0x20 obj/ctltrans.o
                0x01008250                PackCTLData
 .text.CTLComplete
                0x01008270      0x3fc obj/ctltrans.o
 .text.CTLError.isra.3
                0x0100866c      0x160 obj/ctltrans.o
 .text.CTLPreProcess
                0x010087cc       0xf0 obj/ctltrans.o
                0x010087cc                CTLPreProcess
 .text.CTLWaitCard
                0x010088bc       0x3e obj/ctltrans.o
                0x010088bc                CTLWaitCard
 *fill*         0x010088fa        0x2 
 .text.debugEMV
                0x010088fc       0xac obj/ctltrans.o
                0x010088fc                debugEMV
 .text.CTLDebug
                0x010089a8      0x440 obj/ctltrans.o
                0x010089a8                CTLDebug
 .text.CTLProcess
                0x01008de8       0xbc obj/ctltrans.o
                0x01008de8                CTLProcess
 .text.CTLTrans
                0x01008ea4       0xd4 obj/ctltrans.o
                0x01008ea4                CTLTrans
 .text.CtlUnderTransLimit
                0x01008f78       0x20 obj/ctltrans.o
                0x01008f78                CtlUnderTransLimit
 .text.DispDefinedLogo
                0x01008f98       0x44 obj/ctltrans.o
                0x01008f98                DispDefinedLogo
 .text          0x01008fdc        0x0 obj/debugstis.o
 .text.SaveSTISDbgData
                0x01008fdc       0xd8 obj/debugstis.o
                0x01008fdc                SaveSTISDbgData
 .text          0x010090b4        0x0 obj/emvl2cfg.o
 .text          0x010090b4        0x0 obj/emvtrans.o
 .text.EMVCancel
                0x010090b4       0x70 obj/emvtrans.o
 .text.DeAss    0x01009124       0x82 obj/emvtrans.o
                0x01009124                DeAss
 .text.TagPut   0x010091a6       0x10 obj/emvtrans.o
                0x010091a6                TagPut
 .text.TagSeek  0x010091b6       0x10 obj/emvtrans.o
                0x010091b6                TagSeek
 .text.TagData  0x010091c6       0x14 obj/emvtrans.o
                0x010091c6                TagData
 *fill*         0x010091da        0x2 
 .text.PackTagsData
                0x010091dc       0x48 obj/emvtrans.o
                0x010091dc                PackTagsData
 .text.EMVFatal
                0x01009224       0x40 obj/emvtrans.o
                0x01009224                EMVFatal
 .text.EMVInput
                0x01009264      0x198 obj/emvtrans.o
                0x01009264                EMVInput
 .text.GetApplNameTag
                0x010093fc       0x40 obj/emvtrans.o
                0x010093fc                GetApplNameTag
 .text.ValidEMVData
                0x0100943c      0x1e4 obj/emvtrans.o
                0x0100943c                ValidEMVData
 .text.PackEMVData
                0x01009620       0x20 obj/emvtrans.o
                0x01009620                PackEMVData
 .text.debugEMV2
                0x01009640       0x78 obj/emvtrans.o
                0x01009640                debugEMV2
 .text.GetTxnCode
                0x010096b8       0x1c obj/emvtrans.o
                0x010096b8                GetTxnCode
 .text.EMVProcess
                0x010096d4      0x8fc obj/emvtrans.o
                0x010096d4                EMVProcess
 .text.EMVTrans
                0x01009fd0      0x148 obj/emvtrans.o
                0x01009fd0                EMVTrans
 .text.EMVInit  0x0100a118       0x48 obj/emvtrans.o
                0x0100a118                EMVInit
 .text          0x0100a160        0x0 obj/hardware.o
 .text.CloseAllHw
                0x0100a160       0x50 obj/hardware.o
                0x0100a160                CloseAllHw
 .text.WaitKey  0x0100a1b0       0xac obj/hardware.o
                0x0100a1b0                WaitKey
 .text.MSRSwiped
                0x0100a25c       0xc8 obj/hardware.o
                0x0100a25c                MSRSwiped
 .text.ICCInserted
                0x0100a324       0x4c obj/hardware.o
                0x0100a324                ICCInserted
 .text.ICCReaderRdy
                0x0100a370       0x38 obj/hardware.o
                0x0100a370                ICCReaderRdy
 .text.WaitICCRemove
                0x0100a3a8       0x4c obj/hardware.o
                0x0100a3a8                WaitICCRemove
 .text.PowerOnICC
                0x0100a3f4       0x18 obj/hardware.o
                0x0100a3f4                PowerOnICC
 .text.PowerOffICC
                0x0100a40c       0x16 obj/hardware.o
                0x0100a40c                PowerOffICC
 .text.OffDevice
                0x0100a422       0x34 obj/hardware.o
                0x0100a422                OffDevice
 *fill*         0x0100a456        0x2 
 .text.InitAllHw
                0x0100a458       0x90 obj/hardware.o
                0x0100a458                InitAllHw
 .text.OnDevice
                0x0100a4e8       0x3c obj/hardware.o
                0x0100a4e8                OnDevice
 .text.PwrSleep
                0x0100a524      0x19c obj/hardware.o
                0x0100a524                PwrSleep
 .text          0x0100a6c0        0x0 obj/hostmsg.o
 .text.PackProcCode
                0x0100a6c0       0x3c obj/hostmsg.o
                0x0100a6c0                PackProcCode
 .text.PackHostMsg
                0x0100a6fc      0x70c obj/hostmsg.o
                0x0100a6fc                PackHostMsg
 .text.CheckHostRsp
                0x0100ae08      0x51c obj/hostmsg.o
                0x0100ae08                CheckHostRsp
 .text          0x0100b324        0x0 obj/iface.o
 .text.UpdIfaceDat
                0x0100b324       0x8c obj/iface.o
 .text.keyPut   0x0100b3b0       0x88 obj/iface.o
 .text.encrypt  0x0100b438       0xf8 obj/iface.o
 .text.errRspData.isra.0
                0x0100b530       0x12 obj/iface.o
 .text.IfaceRx.part.8
                0x0100b542       0x2e obj/iface.o
 .text.rspPackFmt.isra.6.constprop.9
                0x0100b570      0x150 obj/iface.o
 .text.IfaceInitData
                0x0100b6c0      0x11c obj/iface.o
                0x0100b6c0                IfaceInitData
 .text.packFullEmvData
                0x0100b7dc      0x2f0 obj/iface.o
                0x0100b7dc                packFullEmvData
 .text.ItfVoid  0x0100bacc        0xe obj/iface.o
                0x0100bacc                ItfVoid
 *fill*         0x0100bada        0x2 
 .text.ItfHostTot
                0x0100badc       0x24 obj/iface.o
                0x0100badc                ItfHostTot
 .text.ItfSettle
                0x0100bb00       0x44 obj/iface.o
                0x0100bb00                ItfSettle
 .text.Spt3MsgHdr
                0x0100bb44      0x5a8 obj/iface.o
                0x0100bb44                Spt3MsgHdr
 .text.IfaceInit
                0x0100c0ec        0x4 obj/iface.o
                0x0100c0ec                IfaceInit
 .text.IfaceClose
                0x0100c0f0        0x4 obj/iface.o
                0x0100c0f0                IfaceClose
 .text.debugAuxIface
                0x0100c0f4      0x108 obj/iface.o
                0x0100c0f4                debugAuxIface
 .text.IfaceTx  0x0100c1fc       0x2a obj/iface.o
                0x0100c1fc                IfaceTx
 .text.IfaceRx  0x0100c226       0x28 obj/iface.o
                0x0100c226                IfaceRx
 *fill*         0x0100c24e        0x2 
 .text.IfaceProcess
                0x0100c250       0x60 obj/iface.o
                0x0100c250                IfaceProcess
 .text          0x0100c2b0        0x0 obj/iface_util.o
 .text.UGet     0x0100c2b0       0x16 obj/iface_util.o
                0x0100c2b0                UGet
 .text.UPut     0x0100c2c6       0x10 obj/iface_util.o
                0x0100c2c6                UPut
 .text.WGet     0x0100c2d6        0xc obj/iface_util.o
                0x0100c2d6                WGet
 .text.Des      0x0100c2e2       0x26 obj/iface_util.o
                0x0100c2e2                Des
 .text.Des2     0x0100c308       0x26 obj/iface_util.o
                0x0100c308                Des2
 .text.TDes     0x0100c32e       0x26 obj/iface_util.o
                0x0100c32e                TDes
 .text.TDes2    0x0100c354       0x26 obj/iface_util.o
                0x0100c354                TDes2
 *fill*         0x0100c37a        0x2 
 .text.Crc16    0x0100c37c       0x28 obj/iface_util.o
                0x0100c37c                Crc16
 .text.Random   0x0100c3a4       0x38 obj/iface_util.o
                0x0100c3a4                Random
 .text          0x0100c3dc        0x0 obj/input.o
 .text.DispKeyinPAN
                0x0100c3dc       0x94 obj/input.o
 .text.FindSeperator.constprop.2
                0x0100c470       0x30 obj/input.o
 .text.CheckCurrency
                0x0100c4a0       0x8c obj/input.o
                0x0100c4a0                CheckCurrency
 .text.InCardTable
                0x0100c52c      0x1a0 obj/input.o
                0x0100c52c                InCardTable
 .text.PromptYesNo
                0x0100c6cc       0x28 obj/input.o
                0x0100c6cc                PromptYesNo
 .text.GetAuthCode
                0x0100c6f4       0xbc obj/input.o
                0x0100c6f4                GetAuthCode
 .text.GetAmount
                0x0100c7b0      0x258 obj/input.o
                0x0100c7b0                GetAmount
 .text.Expire_diff
                0x0100ca08       0x58 obj/input.o
                0x0100ca08                Expire_diff
 .text.ValidCard
                0x0100ca60      0x308 obj/input.o
                0x0100ca60                ValidCard
 .text.GetExpDate
                0x0100cd68      0x118 obj/input.o
                0x0100cd68                GetExpDate
 .text.GetProductCode
                0x0100ce80      0x2c0 obj/input.o
                0x0100ce80                GetProductCode
 .text.Get4DBC  0x0100d140       0x7c obj/input.o
                0x0100d140                Get4DBC
 .text.SearchRecord
                0x0100d1bc      0x108 obj/input.o
                0x0100d1bc                SearchRecord
 .text.GetCardNbr
                0x0100d2c4       0xe8 obj/input.o
                0x0100d2c4                GetCardNbr
 .text.GetCard  0x0100d3ac       0xf8 obj/input.o
                0x0100d3ac                GetCard
 .text.WaitCardTrans
                0x0100d4a4      0x328 obj/input.o
                0x0100d4a4                WaitCardTrans
 .text.GetEcrRef
                0x0100d7cc       0x84 obj/input.o
                0x0100d7cc                GetEcrRef
 .text.GetCashBackAmount
                0x0100d850       0xcc obj/input.o
                0x0100d850                GetCashBackAmount
 .text          0x0100d91c        0x0 obj/keytrans.o
 .text.key_ready
                0x0100d91c       0x24 obj/keytrans.o
                0x0100d91c                key_ready
 .text.ResetKey
                0x0100d940       0x54 obj/keytrans.o
                0x0100d940                ResetKey
 .text.LoadTmk  0x0100d994      0x28c obj/keytrans.o
                0x0100d994                LoadTmk
 .text.LoadKeys
                0x0100dc20      0x220 obj/keytrans.o
                0x0100dc20                LoadKeys
 .text.EncData  0x0100de40      0x114 obj/keytrans.o
                0x0100de40                EncData
 .text.DecData  0x0100df54      0x114 obj/keytrans.o
                0x0100df54                DecData
 .text.SetMode  0x0100e068      0x154 obj/keytrans.o
                0x0100e068                SetMode
 .text.GetPIN   0x0100e1bc       0xb4 obj/keytrans.o
                0x0100e1bc                GetPIN
 .text.SetDhostIdx
                0x0100e270       0x84 obj/keytrans.o
                0x0100e270                SetDhostIdx
 .text.ResetDukptIkey
                0x0100e2f4       0xac obj/keytrans.o
                0x0100e2f4                ResetDukptIkey
 .text.LoadDukptIkey
                0x0100e3a0       0xdc obj/keytrans.o
                0x0100e3a0                LoadDukptIkey
 .text.GetDukptPin
                0x0100e47c      0x108 obj/keytrans.o
                0x0100e47c                GetDukptPin
 .text.IccTmkInject
                0x0100e584       0xec obj/keytrans.o
                0x0100e584                IccTmkInject
 .text          0x0100e670        0x0 obj/lptutil.o
 .text.RestartLpt
                0x0100e670       0x2c obj/lptutil.o
 .text.ResetLpt
                0x0100e69c       0x2c obj/lptutil.o
 .text.WaitPrnFinish
                0x0100e6c8       0xe0 obj/lptutil.o
                0x0100e6c8                WaitPrnFinish
 .text.GetBatteryLevel
                0x0100e7a8       0x1e obj/lptutil.o
                0x0100e7a8                GetBatteryLevel
 .text.PrintLowBatt
                0x0100e7c6       0x10 obj/lptutil.o
                0x0100e7c6                PrintLowBatt
 *fill*         0x0100e7d6        0x2 
 .text.LptClose
                0x0100e7d8       0x2c obj/lptutil.o
                0x0100e7d8                LptClose
 .text.LptOpen  0x0100e804       0xf0 obj/lptutil.o
                0x0100e804                LptOpen
 .text.LptPutN  0x0100e8f4       0x54 obj/lptutil.o
                0x0100e8f4                LptPutN
 .text.LptPutS  0x0100e948       0x14 obj/lptutil.o
                0x0100e948                LptPutS
 .text.Adv2Bookmark
                0x0100e95c       0x78 obj/lptutil.o
                0x0100e95c                Adv2Bookmark
 .text.PrintLogo
                0x0100e9d4       0x88 obj/lptutil.o
                0x0100e9d4                PrintLogo
 .text.PrintBuf
                0x0100ea5c      0x148 obj/lptutil.o
                0x0100ea5c                PrintBuf
 .text.PrintRcptLF
                0x0100eba4       0x24 obj/lptutil.o
                0x0100eba4                PrintRcptLF
 .text.PrintRcptFF
                0x0100ebc8        0x6 obj/lptutil.o
                0x0100ebc8                PrintRcptFF
 .text          0x0100ebce        0x0 obj/main.o
 *fill*         0x0100ebce        0x2 
 .text.startup.main
                0x0100ebd0       0x78 obj/main.o
                0x0100ebd0                main
 .text          0x0100ec48        0x0 obj/menu.o
 .text.MenuSelect
                0x0100ec48      0x590 obj/menu.o
                0x0100ec48                MenuSelect
 .text          0x0100f1d8        0x0 obj/message.o
 .text.GetConstMsg
                0x0100f1d8       0x10 obj/message.o
                0x0100f1d8                GetConstMsg
 .text          0x0100f1e8        0x0 obj/network.o
 .text.SetBannerMode
                0x0100f1e8       0x48 obj/network.o
                0x0100f1e8                SetBannerMode
 .text.IconPuts
                0x0100f230       0x40 obj/network.o
                0x0100f230                IconPuts
 .text.SetBannerText
                0x0100f270       0x14 obj/network.o
                0x0100f270                SetBannerText
 .text.GPRSReset
                0x0100f284      0x14c obj/network.o
                0x0100f284                GPRSReset
 .text.SetPPPConfig
                0x0100f3d0       0xa6 obj/network.o
                0x0100f3d0                SetPPPConfig
 *fill*         0x0100f476        0x2 
 .text.NetworkInfo
                0x0100f478      0x538 obj/network.o
                0x0100f478                NetworkInfo
 .text.SelSIM   0x0100f9b0      0x2a4 obj/network.o
                0x0100f9b0                SelSIM
 .text.GetBatteryPercent
                0x0100fc54       0x60 obj/network.o
                0x0100fc54                GetBatteryPercent
 .text.ShowSimStatus
                0x0100fcb4      0x154 obj/network.o
                0x0100fcb4                ShowSimStatus
 .text.SimStatusThrd
                0x0100fe08       0x18 obj/network.o
                0x0100fe08                SimStatusThrd
 .text.NetworkInit
                0x0100fe20      0x26c obj/network.o
                0x0100fe20                NetworkInit
 .text.GetSubNum
                0x0101008c       0xb4 obj/network.o
                0x0101008c                GetSubNum
 .text.GetMobileNum
                0x01010140      0x1dc obj/network.o
                0x01010140                GetMobileNum
 .text.GetSimCCID
                0x0101031c      0x28c obj/network.o
                0x0101031c                GetSimCCID
 .text.MobileNumTest
                0x010105a8       0xe4 obj/network.o
                0x010105a8                MobileNumTest
 .text.SNTest   0x0101068c       0xe8 obj/network.o
                0x0101068c                SNTest
 .text.GetPPPStatus
                0x01010774       0x20 obj/network.o
                0x01010774                GetPPPStatus
 .text.DispNifInfo2
                0x01010794       0xe4 obj/network.o
                0x01010794                DispNifInfo2
 .text.ShowPPPStatus
                0x01010878      0x144 obj/network.o
                0x01010878                ShowPPPStatus
 .text          0x010109bc        0x0 obj/record.o
 .text.MoveInput2Tx
                0x010109bc       0x2c obj/record.o
                0x010109bc                MoveInput2Tx
 .text.Input2RecordBuf
                0x010109e8       0xa0 obj/record.o
                0x010109e8                Input2RecordBuf
 .text.UpdateHostStatus
                0x01010a88       0xa0 obj/record.o
                0x01010a88                UpdateHostStatus
 .text.SaveRecord
                0x01010b28       0x78 obj/record.o
                0x01010b28                SaveRecord
 .text.SaveOfflRecord
                0x01010ba0       0x70 obj/record.o
                0x01010ba0                SaveOfflRecord
 .text.UpdateRecord
                0x01010c10       0x70 obj/record.o
                0x01010c10                UpdateRecord
 .text          0x01010c80        0x0 obj/refund.o
 .text.RefundTrans
                0x01010c80      0x13c obj/refund.o
                0x01010c80                RefundTrans
 .text          0x01010dbc        0x0 obj/testrans.o
 .text.TestTrans
                0x01010dbc       0xc0 obj/testrans.o
                0x01010dbc                TestTrans
 .text          0x01010e7c        0x0 obj/toggle.o
 .text.ToggleOption
                0x01010e7c      0x12c obj/toggle.o
                0x01010e7c                ToggleOption
 .text          0x01010fa8        0x0 obj/tpadtest.o
 .text.IconPutS
                0x01010fa8       0x2e obj/tpadtest.o
 *fill*         0x01010fd6        0x2 
 .text.TouchDetected2
                0x01010fd8       0x60 obj/tpadtest.o
 .text.TouchDetected1
                0x01011038       0x60 obj/tpadtest.o
 .text.TouchDetected0
                0x01011098       0x60 obj/tpadtest.o
 .text.TouchLoss
                0x010110f8       0x38 obj/tpadtest.o
 .text.CleanTPadConf
                0x01011130        0xa obj/tpadtest.o
 *fill*         0x0101113a        0x2 
 .text.UpdTPadDotSize
                0x0101113c       0x5c obj/tpadtest.o
 .text.DotUpDn  0x01011198       0x2c obj/tpadtest.o
 .text.DotDn    0x010111c4       0x14 obj/tpadtest.o
 .text.DotUp    0x010111d8       0x14 obj/tpadtest.o
 .text.TPadTest
                0x010111ec      0x1e4 obj/tpadtest.o
                0x010111ec                TPadTest
 .text.TPadTestEnable
                0x010113d0       0x10 obj/tpadtest.o
                0x010113d0                TPadTestEnable
 .text.SPadTest
                0x010113e0      0x1dc obj/tpadtest.o
                0x010113e0                SPadTest
 .text          0x010115bc        0x0 obj/tranutil.o
 .text.AddTotal
                0x010115bc       0x16 obj/tranutil.o
 *fill*         0x010115d2        0x2 
 .text.PackContents
                0x010115d4      0x29c obj/tranutil.o
 .text.PackContent
                0x01011870      0x264 obj/tranutil.o
 .text.PackTelNo
                0x01011ad4       0x88 obj/tranutil.o
 .text.PackTxnSlip.part.0
                0x01011b5c       0x14 obj/tranutil.o
 .text.ValidAcquirer
                0x01011b70       0x68 obj/tranutil.o
 .text.OverMargin
                0x01011bd8       0x44 obj/tranutil.o
                0x01011bd8                OverMargin
 .text.PackDTGAA
                0x01011c1c       0x2c obj/tranutil.o
                0x01011c1c                PackDTGAA
 .text.PackDateTime
                0x01011c48       0x48 obj/tranutil.o
                0x01011c48                PackDateTime
 .text.Packprintissuer
                0x01011c90      0x210 obj/tranutil.o
                0x01011c90                Packprintissuer
 .text.Packprintconfig
                0x01011ea0      0x6b4 obj/tranutil.o
                0x01011ea0                Packprintconfig
 .text.PackHeader
                0x01012554       0x78 obj/tranutil.o
                0x01012554                PackHeader
 .text.PackRecordP
                0x010125cc       0xc8 obj/tranutil.o
                0x010125cc                PackRecordP
 .text.PackInputP
                0x01012694       0xf0 obj/tranutil.o
                0x01012694                PackInputP
 .text.DispHeader
                0x01012784       0xc0 obj/tranutil.o
                0x01012784                DispHeader
 .text.SetRspCode
                0x01012844        0xc obj/tranutil.o
                0x01012844                SetRspCode
 .text.ClearResponse
                0x01012850       0x3c obj/tranutil.o
                0x01012850                ClearResponse
 .text.ConfirmCard
                0x0101288c      0x1e8 obj/tranutil.o
                0x0101288c                ConfirmCard
 .text.PackRspText
                0x01012a74       0xa4 obj/tranutil.o
                0x01012a74                PackRspText
 .text.DispRspText
                0x01012b18       0xd0 obj/tranutil.o
                0x01012b18                DispRspText
 .text.DispErrorMsg
                0x01012be8       0x30 obj/tranutil.o
                0x01012be8                DispErrorMsg
 .text.TransEnd
                0x01012c18      0x138 obj/tranutil.o
                0x01012c18                TransEnd
 .text.DispAmount
                0x01012d50       0x98 obj/tranutil.o
                0x01012d50                DispAmount
 .text.AddToTotals
                0x01012de8      0x1b0 obj/tranutil.o
                0x01012de8                AddToTotals
 .text.CalIssuerSum
                0x01012f98       0x40 obj/tranutil.o
 .text.CalTotals
                0x01012fd8       0x5c obj/tranutil.o
                0x01012fd8                CalTotals
 .text.PackIssuerSum
                0x01013034      0x2d8 obj/tranutil.o
                0x01013034                PackIssuerSum
 .text.PackIssuerSumT
                0x0101330c      0x278 obj/tranutil.o
                0x0101330c                PackIssuerSumT
 .text.FormatHolderName
                0x01013584       0x6e obj/tranutil.o
                0x01013584                FormatHolderName
 *fill*         0x010135f2        0x2 
 .text.IncTraceNoEND
                0x010135f4       0x34 obj/tranutil.o
                0x010135f4                IncTraceNoEND
 .text.IncTraceNo
                0x01013628       0x30 obj/tranutil.o
                0x01013628                IncTraceNo
 .text.ClearRspData
                0x01013658       0x4c obj/tranutil.o
                0x01013658                ClearRspData
 .text.ResetTerm
                0x010136a4       0x6c obj/tranutil.o
                0x010136a4                ResetTerm
 .text.PackComm
                0x01013710      0x40c obj/tranutil.o
                0x01013710                PackComm
 .text.TransAllowed
                0x01013b1c      0x16c obj/tranutil.o
                0x01013b1c                TransAllowed
 .text          0x01013c88        0x0 obj/wavecom.o
 .text.ClearCmdBuf
                0x01013c88       0x48 obj/wavecom.o
 .text.SendWaitRsp.part.0
                0x01013cd0      0x128 obj/wavecom.o
 .text.SendWaitRsp
                0x01013df8       0x68 obj/wavecom.o
 .text.SetSmsMode.part.1
                0x01013e60       0x3c obj/wavecom.o
 .text.Asc2DWVAL.constprop.7
                0x01013e9c       0x22 obj/wavecom.o
 *fill*         0x01013ebe        0x2 
 .text.WaitModuReady
                0x01013ec0       0x4c obj/wavecom.o
                0x01013ec0                WaitModuReady
 .text.SimDetect
                0x01013f0c       0x38 obj/wavecom.o
                0x01013f0c                SimDetect
 .text.RegisterNetwork
                0x01013f44       0x84 obj/wavecom.o
                0x01013f44                RegisterNetwork
 .text.AttachGPRS
                0x01013fc8       0x34 obj/wavecom.o
                0x01013fc8                AttachGPRS
 .text.GetPHBCapcity
                0x01013ffc       0xbc obj/wavecom.o
                0x01013ffc                GetPHBCapcity
 .text.GetContact
                0x010140b8       0xb4 obj/wavecom.o
                0x010140b8                GetContact
 .text.LoadPhoneBook
                0x0101416c       0x48 obj/wavecom.o
                0x0101416c                LoadPhoneBook
 .text.SortPhoneBook
                0x010141b4       0xb8 obj/wavecom.o
                0x010141b4                SortPhoneBook
 .text.SelectPHBook
                0x0101426c      0x100 obj/wavecom.o
                0x0101426c                SelectPHBook
 .text.WriteContact
                0x0101436c       0x90 obj/wavecom.o
                0x0101436c                WriteContact
 .text.DelContact
                0x010143fc       0x5c obj/wavecom.o
                0x010143fc                DelContact
 .text.AllCallForward
                0x01014458       0x4c obj/wavecom.o
                0x01014458                AllCallForward
 .text.MakeCall
                0x010144a4       0x40 obj/wavecom.o
                0x010144a4                MakeCall
 .text.MakeReqCall
                0x010144e4       0x4c obj/wavecom.o
                0x010144e4                MakeReqCall
 .text.CheckCallStatus
                0x01014530       0x80 obj/wavecom.o
                0x01014530                CheckCallStatus
 .text.AnswerCall
                0x010145b0       0x28 obj/wavecom.o
                0x010145b0                AnswerCall
 .text.SendKeyPress
                0x010145d8       0x1c obj/wavecom.o
                0x010145d8                SendKeyPress
 .text.HangUp   0x010145f4       0x28 obj/wavecom.o
                0x010145f4                HangUp
 .text.CheckCallEnd
                0x0101461c       0x58 obj/wavecom.o
                0x0101461c                CheckCallEnd
 .text.GetCallerID
                0x01014674       0x54 obj/wavecom.o
                0x01014674                GetCallerID
 .text.ReadGain
                0x010146c8       0x20 obj/wavecom.o
                0x010146c8                ReadGain
 .text.WriteGain
                0x010146e8       0x3c obj/wavecom.o
                0x010146e8                WriteGain
 .text.GetOptrName
                0x01014724       0x6c obj/wavecom.o
                0x01014724                GetOptrName
 .text.FacilityEnable
                0x01014790       0x98 obj/wavecom.o
                0x01014790                FacilityEnable
 .text.CheckPinState
                0x01014828       0x80 obj/wavecom.o
                0x01014828                CheckPinState
 .text.EnterPin
                0x010148a8       0x4c obj/wavecom.o
                0x010148a8                EnterPin
 .text.ChangePin
                0x010148f4       0x94 obj/wavecom.o
                0x010148f4                ChangePin
 .text.SetNewMsgInd
                0x01014988       0x20 obj/wavecom.o
                0x01014988                SetNewMsgInd
 .text.GetSmsMode
                0x010149a8       0x4c obj/wavecom.o
                0x010149a8                GetSmsMode
 .text.GetSmsTotal
                0x010149f4       0xa0 obj/wavecom.o
                0x010149f4                GetSmsTotal
 .text.LoadSmsInbox
                0x01014a94      0x29c obj/wavecom.o
                0x01014a94                LoadSmsInbox
 .text.ReadSms  0x01014d30      0x10c obj/wavecom.o
                0x01014d30                ReadSms
 .text.DelSms   0x01014e3c       0x84 obj/wavecom.o
                0x01014e3c                DelSms
 .text.SmsSend  0x01014ec0       0xb4 obj/wavecom.o
                0x01014ec0                SmsSend
 .text.ModuleInit
                0x01014f74       0x38 obj/wavecom.o
                0x01014f74                ModuleInit
 .text          0x01014fac        0x0 obj/cstartup.o
 .text.SegmentInit
                0x01014fac       0x78 obj/cstartup.o
                0x01014fac                SegmentInit
 .text          0x01015024        0x0 obj/expect_send.o
 .text.expect_send_release
                0x01015024       0x58 obj/expect_send.o
                0x01015024                expect_send_release
 .text.expect_send_alloc
                0x0101507c      0x10e obj/expect_send.o
                0x0101507c                expect_send_alloc
 .text          0x0101518a        0x0 obj/libc.o
 .text.printchar
                0x0101518a       0x14 obj/libc.o
 .text.prints   0x0101519e       0xaa obj/libc.o
 .text.printi   0x01015248       0xa0 obj/libc.o
 .text.print    0x010152e8      0x2c0 obj/libc.o
 .text._read_r  0x010155a8       0x2a obj/libc.o
                0x010155a8                _read_r
 .text._write_r
                0x010155d2       0x22 obj/libc.o
                0x010155d2                _write_r
 .text._close_r
                0x010155f4        0x4 obj/libc.o
                0x010155f4                _close_r
 .text._lseek_r
                0x010155f8        0x4 obj/libc.o
                0x010155f8                _lseek_r
 .text._fstat_r
                0x010155fc        0xa obj/libc.o
                0x010155fc                _fstat_r
 .text.isatty   0x01015606        0x4 obj/libc.o
                0x01015606                isatty
 *fill*         0x0101560a        0x2 
 .text._sbrk_r  0x0101560c       0x2c obj/libc.o
                0x0101560c                _sbrk_r
 .text.putchar  0x01015638        0xe obj/libc.o
                0x01015638                putchar
 .text.printf   0x01015646       0x1c obj/libc.o
                0x01015646                printf
 .text.sprintf  0x01015662       0x1e obj/libc.o
                0x01015662                sprintf
 .text          0x01015680      0x5f4 ../LibA5T1000/gcc\libsyscall.a(app_call.o)
                0x01015680                lib_app_call
 .text          0x01015c74       0x20 ../LibA5T1000/gcc\libsyscall.a(sys_call.o)
                0x01015c74                sys_func3
                0x01015c78                sys_func0
                0x01015c84                sys_func1
                0x01015c8c                sys_func2
 .text          0x01015c94       0x1c ../LibA5T1000/gcc\libbasecall.a(base_call.o)
                0x01015c94                base_func3
                0x01015c98                base_func0
                0x01015ca2                base_func1
                0x01015caa                base_func2
 .text          0x01015cb0       0x52 ../LibA5T1000/gcc\libsptutil.a(bcd2bin.o)
                0x01015cb0                bcd2bin
                0x01015ccc                lbcd2lbin
 .text          0x01015d02        0xe ../LibA5T1000/gcc\libsptutil.a(bcd2val.o)
                0x01015d02                bcd2val
 .text          0x01015d10       0x40 ../LibA5T1000/gcc\libsptutil.a(bcdadd.o)
                0x01015d10                bcdadd
 .text          0x01015d50       0x32 ../LibA5T1000/gcc\libsptutil.a(bcdinc.o)
                0x01015d50                bcdinc
 .text          0x01015d82       0x3e ../LibA5T1000/gcc\libsptutil.a(bcdsub.o)
                0x01015d82                bcdsub
 .text          0x01015dc0       0x3c ../LibA5T1000/gcc\libsptutil.a(bin2bcd.o)
                0x01015dc0                binary2bcd
                0x01015df6                bin2bcd
 .text          0x01015dfc       0x28 ../LibA5T1000/gcc\libsptutil.a(bin2dec.o)
                0x01015dfc                bin2dec
 .text          0x01015e24       0x1a ../LibA5T1000/gcc\libsptutil.a(bindec_d.o)
                0x01015e24                bindec_data
 .text          0x01015e3e       0x36 ../LibA5T1000/gcc\libsptutil.a(chkdok.o)
                0x01015e3e                chk_digit_ok
 .text          0x01015e74       0x32 ../LibA5T1000/gcc\libsptutil.a(compress.o)
                0x01015e74                compress
 *fill*         0x01015ea6        0x2 
 .text          0x01015ea8       0x30 ../LibA5T1000/gcc\libsptutil.a(crcccitt.o)
                0x01015ea8                cal_crcx
                0x01015ed0                cal_crc
 .text          0x01015ed8       0x42 ../LibA5T1000/gcc\libsptutil.a(dbin2asc.o)
                0x01015ed8                dbin2asc
 .text          0x01015f1a       0x60 ../LibA5T1000/gcc\libsptutil.a(dbin2bcd.o)
                0x01015f1a                dbin2bcd
 .text          0x01015f7a       0x1c ../LibA5T1000/gcc\libsptutil.a(decbin4b.o)
                0x01015f7a                decbin4b
 .text          0x01015f96       0x40 ../LibA5T1000/gcc\libsptutil.a(decbin8b.o)
                0x01015f96                decbin8b
 .text          0x01015fd6       0x18 ../LibA5T1000/gcc\libsptutil.a(fndb.o)
                0x01015fd6                fndb
 *fill*         0x01015fee        0x2 
 .text          0x01015ff0       0x64 ../LibA5T1000/gcc\libsptutil.a(get_byte.o)
                0x01015ff0                get_byte
                0x01016000                get_word
                0x01016010                get_dword
                0x01016030                get_dword_le
 .text          0x01016054       0x14 ../LibA5T1000/gcc\libsptutil.a(get_dist.o)
                0x01016054                get_distance
 .text          0x01016068       0x2c ../LibA5T1000/gcc\libsptutil.a(get_mem.o)
                0x01016068                get_mem
 .text          0x01016094        0xc ../LibA5T1000/gcc\libsptutil.a(get_pptr.o)
                0x01016094                get_pptr
 .text          0x010160a0       0x10 ../LibA5T1000/gcc\libsptutil.a(hex_val.o)
                0x010160a0                hex_value
 .text          0x010160b0       0x20 ../LibA5T1000/gcc\libsptutil.a(inc_pptr.o)
                0x010160b0                inc_pptr
 .text          0x010160d0       0x18 ../LibA5T1000/gcc\libsptutil.a(isbdigit.o)
                0x010160d0                isbdigit
 .text          0x010160e8       0xfc ../LibA5T1000/gcc\libsptutil.a(pack_b.o)
                0x010160e8                pack_byte
                0x0101610c                pack_word
                0x01016138                pack_dword
                0x01016178                pack_word_le
                0x010161a4                pack_dword_le
 .text          0x010161e4        0x6 ../LibA5T1000/gcc\libsptutil.a(pack_lf.o)
                0x010161e4                pack_lf
 .text          0x010161ea        0x8 ../LibA5T1000/gcc\libsptutil.a(pack_lfs.o)
                0x010161ea                pack_lfs
 *fill*         0x010161f2        0x2 
 .text          0x010161f4       0x28 ../LibA5T1000/gcc\libsptutil.a(pack_mem.o)
                0x010161f4                pack_mem
 .text          0x0101621c       0x28 ../LibA5T1000/gcc\libsptutil.a(pack_nb.o)
                0x0101621c                pack_nbyte
 .text          0x01016244        0x8 ../LibA5T1000/gcc\libsptutil.a(pack_spc.o)
                0x01016244                pack_space
 .text          0x0101624c       0x18 ../LibA5T1000/gcc\libsptutil.a(pack_str.o)
                0x0101624c                pack_str
 .text          0x01016264        0xc ../LibA5T1000/gcc\libsptutil.a(peek_b.o)
                0x01016264                peek_byte
 .text          0x01016270       0x38 ../LibA5T1000/gcc\libsptutil.a(set_pptr.o)
                0x01016270                buffer_overflow
                0x0101628c                set_pptr
 .text          0x010162a8       0x18 ../LibA5T1000/gcc\libsptutil.a(skpb.o)
                0x010162a8                skpb
 .text          0x010162c0       0x2c ../LibA5T1000/gcc\libsptutil.a(split.o)
                0x010162c0                split
 .text          0x010162ec       0x28 ../LibA5T1000/gcc\libsptutil.a(split_d.o)
                0x010162ec                split_data
 .text          0x01016314       0x18 ../LibA5T1000/gcc\libsptutil.a(val2bcd.o)
                0x01016314                val2bcd
 .text          0x0101632c        0xe ../LibA5T1000/gcc\libsptutil.a(hexdigit.o)
                0x0101632c                hex_digit
 *fill*         0x0101633a        0x2 
 .text          0x0101633c      0x7b4 ../LibA5T1000/gcc\libspglib.a(GIFLib.o)
                0x0101665c                GIFSetPos
                0x01016668                GIFPlay
                0x01016704                GIFPlayOn
                0x0101671c                GIFStop
                0x0101676c                GIFUnLoad
                0x010167d8                GIFLoadMem
 .text          0x01016af0      0x340 ../LibA5T1000/gcc\libspglib.a(GLib.o)
                0x01016af0                GD_SetDotSize
                0x01016b14                GD_SetDotColor
                0x01016b40                GD_SetInSpace
                0x01016b4c                GD_SetOutSpace
                0x01016b58                FillColorPixel
                0x01016b8c                FillMonoPixel
                0x01016bc6                GD_Dot
                0x01016c38                GD_Point
                0x01016c3e                GD_Line
                0x01016d14                GD_Rectangle
                0x01016d9c                GD_Triangle
                0x01016dc4                GD_Circle
 .text          0x01016e30        0x0 C:\DevTools\gcc_v49_2014q4/arm-none-eabi/lib/thumb\libc.a(lib_a-memcmp.o)
 .text.memcmp   0x01016e30       0x54 C:\DevTools\gcc_v49_2014q4/arm-none-eabi/lib/thumb\libc.a(lib_a-memcmp.o)
                0x01016e30                memcmp
 .text          0x01016e84        0x0 C:\DevTools\gcc_v49_2014q4/arm-none-eabi/lib/thumb\libc.a(lib_a-memcpy.o)
 .text.memcpy   0x01016e84       0x80 C:\DevTools\gcc_v49_2014q4/arm-none-eabi/lib/thumb\libc.a(lib_a-memcpy.o)
                0x01016e84                memcpy
 .text          0x01016f04        0x0 C:\DevTools\gcc_v49_2014q4/arm-none-eabi/lib/thumb\libc.a(lib_a-memmove.o)
 .text.memmove  0x01016f04       0x9c C:\DevTools\gcc_v49_2014q4/arm-none-eabi/lib/thumb\libc.a(lib_a-memmove.o)
                0x01016f04                memmove
 .text          0x01016fa0        0x0 C:\DevTools\gcc_v49_2014q4/arm-none-eabi/lib/thumb\libc.a(lib_a-memset.o)
 .text.memset   0x01016fa0       0x94 C:\DevTools\gcc_v49_2014q4/arm-none-eabi/lib/thumb\libc.a(lib_a-memset.o)
                0x01016fa0                memset
 .text          0x01017034        0x0 C:\DevTools\gcc_v49_2014q4/arm-none-eabi/lib/thumb\libc.a(lib_a-puts.o)
 .text._puts_r  0x01017034       0x60 C:\DevTools\gcc_v49_2014q4/arm-none-eabi/lib/thumb\libc.a(lib_a-puts.o)
                0x01017034                _puts_r
 .text.puts     0x01017094       0x18 C:\DevTools\gcc_v49_2014q4/arm-none-eabi/lib/thumb\libc.a(lib_a-puts.o)
                0x01017094                puts
 .text          0x010170ac        0x0 C:\DevTools\gcc_v49_2014q4/arm-none-eabi/lib/thumb\libc.a(lib_a-strcat.o)
 .text.strcat   0x010170ac       0x54 C:\DevTools\gcc_v49_2014q4/arm-none-eabi/lib/thumb\libc.a(lib_a-strcat.o)
                0x010170ac                strcat
 .text          0x01017100        0x0 C:\DevTools\gcc_v49_2014q4/arm-none-eabi/lib/thumb\libc.a(lib_a-strchr.o)
 .text.strchr   0x01017100       0xdc C:\DevTools\gcc_v49_2014q4/arm-none-eabi/lib/thumb\libc.a(lib_a-strchr.o)
                0x01017100                strchr
 .text          0x010171dc        0x0 C:\DevTools\gcc_v49_2014q4/arm-none-eabi/lib/thumb\libc.a(lib_a-strcpy.o)
 .text.strcpy   0x010171dc       0x10 C:\DevTools\gcc_v49_2014q4/arm-none-eabi/lib/thumb\libc.a(lib_a-strcpy.o)
                0x010171dc                strcpy
 .text          0x010171ec        0x0 C:\DevTools\gcc_v49_2014q4/arm-none-eabi/lib/thumb\libc.a(lib_a-strlen.o)
 .text.strlen   0x010171ec       0x6c C:\DevTools\gcc_v49_2014q4/arm-none-eabi/lib/thumb\libc.a(lib_a-strlen.o)
                0x010171ec                strlen
 .text          0x01017258        0x0 C:\DevTools\gcc_v49_2014q4/arm-none-eabi/lib/thumb\libc.a(lib_a-strstr.o)
 .text.critical_factorization
                0x01017258       0xc4 C:\DevTools\gcc_v49_2014q4/arm-none-eabi/lib/thumb\libc.a(lib_a-strstr.o)
 .text.two_way_long_needle
                0x0101731c      0x1f8 C:\DevTools\gcc_v49_2014q4/arm-none-eabi/lib/thumb\libc.a(lib_a-strstr.o)
 .text.strstr   0x01017514      0x228 C:\DevTools\gcc_v49_2014q4/arm-none-eabi/lib/thumb\libc.a(lib_a-strstr.o)
                0x01017514                strstr
 .text          0x0101773c        0x0 C:\DevTools\gcc_v49_2014q4/arm-none-eabi/lib/thumb\libc.a(lib_a-fvwrite.o)
 .text.__sfvwrite_r
                0x0101773c      0x340 C:\DevTools\gcc_v49_2014q4/arm-none-eabi/lib/thumb\libc.a(lib_a-fvwrite.o)
                0x0101773c                __sfvwrite_r
 .text          0x01017a7c        0x0 C:\DevTools\gcc_v49_2014q4/arm-none-eabi/lib/thumb\libc.a(lib_a-impure.o)
 .text          0x01017a7c        0x0 C:\DevTools\gcc_v49_2014q4/arm-none-eabi/lib/thumb\libc.a(lib_a-mallocr.o)
 .text._malloc_r
                0x01017a7c      0x54c C:\DevTools\gcc_v49_2014q4/arm-none-eabi/lib/thumb\libc.a(lib_a-mallocr.o)
                0x01017a7c                _malloc_r
 .text          0x01017fc8        0x0 C:\DevTools\gcc_v49_2014q4/arm-none-eabi/lib/thumb\libc.a(lib_a-memchr.o)
 .text.memchr   0x01017fc8       0x8c C:\DevTools\gcc_v49_2014q4/arm-none-eabi/lib/thumb\libc.a(lib_a-memchr.o)
                0x01017fc8                memchr
 .text          0x01018054        0x0 C:\DevTools\gcc_v49_2014q4/arm-none-eabi/lib/thumb\libc.a(lib_a-mlock.o)
 .text.__malloc_lock
                0x01018054        0x4 C:\DevTools\gcc_v49_2014q4/arm-none-eabi/lib/thumb\libc.a(lib_a-mlock.o)
                0x01018054                __malloc_lock
 .text.__malloc_unlock
                0x01018058        0x4 C:\DevTools\gcc_v49_2014q4/arm-none-eabi/lib/thumb\libc.a(lib_a-mlock.o)
                0x01018058                __malloc_unlock
 .text          0x0101805c        0x0 C:\DevTools\gcc_v49_2014q4/arm-none-eabi/lib/thumb\libc.a(lib_a-reallocr.o)
 .text._realloc_r
                0x0101805c      0x3dc C:\DevTools\gcc_v49_2014q4/arm-none-eabi/lib/thumb\libc.a(lib_a-reallocr.o)
                0x0101805c                _realloc_r
 .text          0x01018438        0x0 C:\DevTools\gcc_v49_2014q4/arm-none-eabi/lib/thumb\libc.a(lib_a-wsetup.o)
 .text.__swsetup_r
                0x01018438       0xd0 C:\DevTools\gcc_v49_2014q4/arm-none-eabi/lib/thumb\libc.a(lib_a-wsetup.o)
                0x01018438                __swsetup_r
 .text          0x01018508        0x0 C:\DevTools\gcc_v49_2014q4/arm-none-eabi/lib/thumb\libc.a(lib_a-fflush.o)
 .text.__sflush_r
                0x01018508      0x168 C:\DevTools\gcc_v49_2014q4/arm-none-eabi/lib/thumb\libc.a(lib_a-fflush.o)
                0x01018508                __sflush_r
 .text._fflush_r
                0x01018670       0x30 C:\DevTools\gcc_v49_2014q4/arm-none-eabi/lib/thumb\libc.a(lib_a-fflush.o)
                0x01018670                _fflush_r
 .text.fflush   0x010186a0       0x2c C:\DevTools\gcc_v49_2014q4/arm-none-eabi/lib/thumb\libc.a(lib_a-fflush.o)
                0x010186a0                fflush
 .text          0x010186cc        0x0 C:\DevTools\gcc_v49_2014q4/arm-none-eabi/lib/thumb\libc.a(lib_a-findfp.o)
 .text.__fp_lock
                0x010186cc        0x4 C:\DevTools\gcc_v49_2014q4/arm-none-eabi/lib/thumb\libc.a(lib_a-findfp.o)
 .text.__fp_unlock
                0x010186d0        0x4 C:\DevTools\gcc_v49_2014q4/arm-none-eabi/lib/thumb\libc.a(lib_a-findfp.o)
 .text._cleanup_r
                0x010186d4       0x14 C:\DevTools\gcc_v49_2014q4/arm-none-eabi/lib/thumb\libc.a(lib_a-findfp.o)
                0x010186d4                _cleanup_r
 .text.__sinit.part.1
                0x010186e8       0xf4 C:\DevTools\gcc_v49_2014q4/arm-none-eabi/lib/thumb\libc.a(lib_a-findfp.o)
 .text.__sfmoreglue
                0x010187dc       0x34 C:\DevTools\gcc_v49_2014q4/arm-none-eabi/lib/thumb\libc.a(lib_a-findfp.o)
                0x010187dc                __sfmoreglue
 .text.__sfp    0x01018810       0x94 C:\DevTools\gcc_v49_2014q4/arm-none-eabi/lib/thumb\libc.a(lib_a-findfp.o)
                0x01018810                __sfp
 .text._cleanup
                0x010188a4       0x1c C:\DevTools\gcc_v49_2014q4/arm-none-eabi/lib/thumb\libc.a(lib_a-findfp.o)
                0x010188a4                _cleanup
 .text.__sinit  0x010188c0       0x14 C:\DevTools\gcc_v49_2014q4/arm-none-eabi/lib/thumb\libc.a(lib_a-findfp.o)
                0x010188c0                __sinit
 .text.__sfp_lock_acquire
                0x010188d4        0x4 C:\DevTools\gcc_v49_2014q4/arm-none-eabi/lib/thumb\libc.a(lib_a-findfp.o)
                0x010188d4                __sfp_lock_acquire
 .text.__sfp_lock_release
                0x010188d8        0x4 C:\DevTools\gcc_v49_2014q4/arm-none-eabi/lib/thumb\libc.a(lib_a-findfp.o)
                0x010188d8                __sfp_lock_release
 .text.__sinit_lock_acquire
                0x010188dc        0x4 C:\DevTools\gcc_v49_2014q4/arm-none-eabi/lib/thumb\libc.a(lib_a-findfp.o)
                0x010188dc                __sinit_lock_acquire
 .text.__sinit_lock_release
                0x010188e0        0x4 C:\DevTools\gcc_v49_2014q4/arm-none-eabi/lib/thumb\libc.a(lib_a-findfp.o)
                0x010188e0                __sinit_lock_release
 .text.__fp_lock_all
                0x010188e4       0x1c C:\DevTools\gcc_v49_2014q4/arm-none-eabi/lib/thumb\libc.a(lib_a-findfp.o)
                0x010188e4                __fp_lock_all
 .text.__fp_unlock_all
                0x01018900       0x1c C:\DevTools\gcc_v49_2014q4/arm-none-eabi/lib/thumb\libc.a(lib_a-findfp.o)
                0x01018900                __fp_unlock_all
 .text          0x0101891c        0x0 C:\DevTools\gcc_v49_2014q4/arm-none-eabi/lib/thumb\libc.a(lib_a-freer.o)
 .text._malloc_trim_r
                0x0101891c       0xa4 C:\DevTools\gcc_v49_2014q4/arm-none-eabi/lib/thumb\libc.a(lib_a-freer.o)
                0x0101891c                _malloc_trim_r
 .text._free_r  0x010189c0      0x1b4 C:\DevTools\gcc_v49_2014q4/arm-none-eabi/lib/thumb\libc.a(lib_a-freer.o)
                0x010189c0                _free_r
 .text          0x01018b74        0x0 C:\DevTools\gcc_v49_2014q4/arm-none-eabi/lib/thumb\libc.a(lib_a-fwalk.o)
 .text._fwalk   0x01018b74       0x50 C:\DevTools\gcc_v49_2014q4/arm-none-eabi/lib/thumb\libc.a(lib_a-fwalk.o)
                0x01018b74                _fwalk
 .text._fwalk_reent
                0x01018bc4       0x58 C:\DevTools\gcc_v49_2014q4/arm-none-eabi/lib/thumb\libc.a(lib_a-fwalk.o)
                0x01018bc4                _fwalk_reent
 .text          0x01018c1c        0x0 C:\DevTools\gcc_v49_2014q4/arm-none-eabi/lib/thumb\libc.a(lib_a-makebuf.o)
 .text.__smakebuf_r
                0x01018c1c      0x100 C:\DevTools\gcc_v49_2014q4/arm-none-eabi/lib/thumb\libc.a(lib_a-makebuf.o)
                0x01018c1c                __smakebuf_r
 .text          0x01018d1c        0x0 C:\DevTools\gcc_v49_2014q4/arm-none-eabi/lib/thumb\libc.a(lib_a-stdio.o)
 .text.__sread  0x01018d1c       0x2c C:\DevTools\gcc_v49_2014q4/arm-none-eabi/lib/thumb\libc.a(lib_a-stdio.o)
                0x01018d1c                __sread
 .text.__seofread
                0x01018d48        0x4 C:\DevTools\gcc_v49_2014q4/arm-none-eabi/lib/thumb\libc.a(lib_a-stdio.o)
                0x01018d48                __seofread
 .text.__swrite
                0x01018d4c       0x3c C:\DevTools\gcc_v49_2014q4/arm-none-eabi/lib/thumb\libc.a(lib_a-stdio.o)
                0x01018d4c                __swrite
 .text.__sseek  0x01018d88       0x30 C:\DevTools\gcc_v49_2014q4/arm-none-eabi/lib/thumb\libc.a(lib_a-stdio.o)
                0x01018d88                __sseek
 .text.__sclose
                0x01018db8       0x10 C:\DevTools\gcc_v49_2014q4/arm-none-eabi/lib/thumb\libc.a(lib_a-stdio.o)
                0x01018db8                __sclose
 .text          0x01018dc8        0x0 C:\DevTools\gcc_v49_2014q4/arm-none-eabi/lib/thumb\libc.a(lib_a-fclose.o)
 .text._fclose_r
                0x01018dc8       0x94 C:\DevTools\gcc_v49_2014q4/arm-none-eabi/lib/thumb\libc.a(lib_a-fclose.o)
                0x01018dc8                _fclose_r
 .text.fclose   0x01018e5c       0x18 C:\DevTools\gcc_v49_2014q4/arm-none-eabi/lib/thumb\libc.a(lib_a-fclose.o)
                0x01018e5c                fclose
 .text          0x01018e74        0x0 C:\DevTools\gcc_v49_2014q4/arm-none-eabi/lib/thumb\libc.a(lib_a-isattyr.o)
 .text._isatty_r
                0x01018e74       0x28 C:\DevTools\gcc_v49_2014q4/arm-none-eabi/lib/thumb\libc.a(lib_a-isattyr.o)
                0x01018e74                _isatty_r
 .text          0x01018e9c        0x0 C:\DevTools\gcc_v49_2014q4/arm-none-eabi/lib/thumb\libc.a(lib_a-reent.o)
 .text.cleanup_glue
                0x01018e9c       0x20 C:\DevTools\gcc_v49_2014q4/arm-none-eabi/lib/thumb\libc.a(lib_a-reent.o)
                0x01018e9c                cleanup_glue
 .text._reclaim_reent
                0x01018ebc       0xa0 C:\DevTools\gcc_v49_2014q4/arm-none-eabi/lib/thumb\libc.a(lib_a-reent.o)
                0x01018ebc                _reclaim_reent
 .text          0x01018f5c        0x0 C:\DevTools\gcc_v49_2014q4/arm-none-eabi/lib/thumb\libnosys.a(isatty.o)
 .text._isatty  0x01018f5c       0x10 C:\DevTools\gcc_v49_2014q4/arm-none-eabi/lib/thumb\libnosys.a(isatty.o)
                0x01018f5c                _isatty
 .text          0x01018f6c        0x0 C:\DevTools\gcc_v49_2014q4/arm-none-eabi/lib/thumb\libm.a(lib_a-w_sqrt.o)
 .text.sqrt     0x01018f6c       0xbc C:\DevTools\gcc_v49_2014q4/arm-none-eabi/lib/thumb\libm.a(lib_a-w_sqrt.o)
                0x01018f6c                sqrt
 .text          0x01019028        0x0 C:\DevTools\gcc_v49_2014q4/arm-none-eabi/lib/thumb\libm.a(lib_a-e_sqrt.o)
 .text.__ieee754_sqrt
                0x01019028      0x1d4 C:\DevTools\gcc_v49_2014q4/arm-none-eabi/lib/thumb\libm.a(lib_a-e_sqrt.o)
                0x01019028                __ieee754_sqrt
 .text          0x010191fc        0x0 C:\DevTools\gcc_v49_2014q4/arm-none-eabi/lib/thumb\libm.a(lib_a-s_fpclassify.o)
 .text.__fpclassifyd
                0x010191fc       0x5c C:\DevTools\gcc_v49_2014q4/arm-none-eabi/lib/thumb\libm.a(lib_a-s_fpclassify.o)
                0x010191fc                __fpclassifyd
 .text          0x01019258        0x0 C:\DevTools\gcc_v49_2014q4/arm-none-eabi/lib/thumb\libm.a(lib_a-s_lib_ver.o)
 .text          0x01019258        0x0 C:\DevTools\gcc_v49_2014q4/arm-none-eabi/lib/thumb\libm.a(lib_a-s_matherr.o)
 .text.matherr  0x01019258        0x4 C:\DevTools\gcc_v49_2014q4/arm-none-eabi/lib/thumb\libm.a(lib_a-s_matherr.o)
                0x01019258                matherr
 .text          0x0101925c      0x114 c:/devtools/gcc_v49_2014q4/bin/../lib/gcc/arm-none-eabi/4.9.3\libgcc.a(_udivsi3.o)
                0x0101925c                __aeabi_uidiv
                0x0101925c                __udivsi3
                0x01019350                __aeabi_uidivmod
 .text          0x01019370      0x148 c:/devtools/gcc_v49_2014q4/bin/../lib/gcc/arm-none-eabi/4.9.3\libgcc.a(_divsi3.o)
                0x01019370                __divsi3
                0x01019370                __aeabi_idiv
                0x01019498                __aeabi_idivmod
 .text          0x010194b8        0x4 c:/devtools/gcc_v49_2014q4/bin/../lib/gcc/arm-none-eabi/4.9.3\libgcc.a(_dvmd_tls.o)
                0x010194b8                __aeabi_idiv0
                0x010194b8                __aeabi_ldiv0
 .text          0x010194bc      0x41c c:/devtools/gcc_v49_2014q4/bin/../lib/gcc/arm-none-eabi/4.9.3\libgcc.a(_arm_addsubdf3.o)
                0x010194bc                __aeabi_drsub
                0x010194c4                __aeabi_dsub
                0x010194c4                __subdf3
                0x010194c8                __aeabi_dadd
                0x010194c8                __adddf3
                0x010197d8                __floatunsidf
                0x010197d8                __aeabi_ui2d
                0x010197fc                __floatsidf
                0x010197fc                __aeabi_i2d
                0x01019824                __aeabi_f2d
                0x01019824                __extendsfdf2
                0x01019864                __floatundidf
                0x01019864                __aeabi_ul2d
                0x01019878                __floatdidf
                0x01019878                __aeabi_l2d
 .text          0x010198d8      0x49c c:/devtools/gcc_v49_2014q4/bin/../lib/gcc/arm-none-eabi/4.9.3\libgcc.a(_arm_muldivdf3.o)
                0x010198d8                __aeabi_dmul
                0x010198d8                __muldf3
                0x01019b68                __divdf3
                0x01019b68                __aeabi_ddiv
 .text          0x01019d74      0x144 c:/devtools/gcc_v49_2014q4/bin/../lib/gcc/arm-none-eabi/4.9.3\libgcc.a(_arm_cmpdf2.o)
                0x01019d74                __gtdf2
                0x01019d74                __gedf2
                0x01019d7c                __ltdf2
                0x01019d7c                __ledf2
                0x01019d84                __nedf2
                0x01019d84                __eqdf2
                0x01019d84                __cmpdf2
                0x01019e0c                __aeabi_cdrcmple
                0x01019e28                __aeabi_cdcmpeq
                0x01019e28                __aeabi_cdcmple
                0x01019e40                __aeabi_dcmpeq
                0x01019e58                __aeabi_dcmplt
                0x01019e70                __aeabi_dcmple
                0x01019e88                __aeabi_dcmpge
                0x01019ea0                __aeabi_dcmpgt
 .text          0x01019eb8       0x54 c:/devtools/gcc_v49_2014q4/bin/../lib/gcc/arm-none-eabi/4.9.3\libgcc.a(_arm_fixunsdfsi.o)
                0x01019eb8                __aeabi_d2uiz
                0x01019eb8                __fixunsdfsi
 .text          0x01019f0c       0x44 c:/devtools/gcc_v49_2014q4/bin/../lib/gcc/arm-none-eabi/4.9.3\libgcc.a(_aeabi_ldivmod.o)
                0x01019f0c                __aeabi_ldivmod
 .text          0x01019f50       0x3c c:/devtools/gcc_v49_2014q4/bin/../lib/gcc/arm-none-eabi/4.9.3\libgcc.a(_aeabi_uldivmod.o)
                0x01019f50                __aeabi_uldivmod
 .text          0x01019f8c       0x4c c:/devtools/gcc_v49_2014q4/bin/../lib/gcc/arm-none-eabi/4.9.3\libgcc.a(_fixdfdi.o)
                0x01019f8c                __fixdfdi
                0x01019f8c                __aeabi_d2lz
 .text          0x01019fd8       0x6c c:/devtools/gcc_v49_2014q4/bin/../lib/gcc/arm-none-eabi/4.9.3\libgcc.a(_fixunsdfdi.o)
                0x01019fd8                __fixunsdfdi
                0x01019fd8                __aeabi_d2ulz
 .text          0x0101a044       0x84 c:/devtools/gcc_v49_2014q4/bin/../lib/gcc/arm-none-eabi/4.9.3\libgcc.a(bpabi.o)
                0x0101a044                __gnu_ldivmod_helper
                0x0101a088                __gnu_uldivmod_helper
 .text          0x0101a0c8      0x178 c:/devtools/gcc_v49_2014q4/bin/../lib/gcc/arm-none-eabi/4.9.3\libgcc.a(_divdi3.o)
                0x0101a0c8                __divdi3
 .text          0x0101a240      0x120 c:/devtools/gcc_v49_2014q4/bin/../lib/gcc/arm-none-eabi/4.9.3\libgcc.a(_udivdi3.o)
                0x0101a240                __udivdi3
 .text          0x0101a360       0x28 c:/devtools/gcc_v49_2014q4/bin/../lib/gcc/arm-none-eabi/4.9.3\libgcc.a(_clzdi2.o)
                0x0101a360                __clzdi2
 .text          0x0101a388       0x48 c:/devtools/gcc_v49_2014q4/bin/../lib/gcc/arm-none-eabi/4.9.3\libgcc.a(_clzsi2.o)
                0x0101a388                __clzsi2
 *(.init)
 *(.fini)
 *crtbegin.o(.ctors)
 *crtbegin?.o(.ctors)
 *(EXCLUDE_FILE(*crtend.o *crtend?.o) .ctors)
 *(SORT(.ctors.*))
 *(.ctors)
 *crtbegin.o(.dtors)
 *crtbegin?.o(.dtors)
 *(EXCLUDE_FILE(*crtend.o *crtend?.o) .dtors)
 *(SORT(.dtors.*))
 *(.dtors)
 *(.rodata* .gnu.linkonce.r.*)
 .rodata        0x0101a3d0       0x10 obj/Adjust.o
 .rodata        0x0101a3e0      0x274 obj/Constant.o
                0x0101a3e0                KTransBitmap
                0x0101a638                KTransHeader
                0x0101a651                KSetlPCode2
 .rodata        0x0101a654       0x24 obj/Coremain.o
                0x0101a664                KSoftName
                0x0101a670                KExportFunc
 .rodata.str1.1
                0x0101a678       0x9b obj/Coremain.o
 *fill*         0x0101a713        0x1 
 .rodata        0x0101a714     0x3388 obj/DemoTest.o
                0x0101a714                KCtlKeyRoom
                0x0101b9ac                KCtlApplCfg
                0x0101c420                KKeyRoom
                0x0101d028                KApplCfg
 .rodata        0x0101da9c       0x56 obj/Ecr.o
                0x0101da9c                KSettleResp
                0x0101daa0                KHostTotResp
                0x0101daa6                KHostNameResp
                0x0101daac                KLastTrace
                0x0101dab4                KOfflSaleResp
                0x0101dad2                KSaleResp
 *fill*         0x0101daf2        0x2 
 .rodata        0x0101daf4      0x2a0 obj/Func.o
 .rodata.str1.1
                0x0101dd94      0x1a8 obj/Func.o
                                0x1b1 (size before relaxing)
 .rodata        0x0101df3c      0x198 obj/Others.o
                0x0101df3c                KOtherTransMenu
                0x0101df58                KOthercurrMenu
                0x0101df74                KOtherTxncurr
                0x0101dff4                KOtherTxnItem
 .rodata.str1.1
                0x0101e0d4       0x50 obj/Others.o
 .rodata        0x0101e124        0xc obj/ParamTest.o
 .rodata.str1.1
                0x0101e130       0x39 obj/ParamTest.o
 .rodata        0x0101e169       0x62 obj/Print.o
 .rodata.str1.1
                0x0101e1cb       0x40 obj/Print.o
                                 0x48 (size before relaxing)
 .rodata.str1.1
                0x0101e20b       0x2f obj/Sale.o
 *fill*         0x0101e23a        0x2 
 .rodata        0x0101e23c       0x78 obj/Settle.o
 .rodata.str1.1
                0x0101e2b4       0x22 obj/Settle.o
                                 0x28 (size before relaxing)
 .rodata        0x0101e2d6       0x2c obj/Sysutil.o
 .rodata.str1.1
                0x0101e302       0x50 obj/Sysutil.o
                                 0x5b (size before relaxing)
 .rodata.str1.1
                0x0101e352       0x18 obj/auxcom.o
                                 0x21 (size before relaxing)
 .rodata.str1.1
                0x0101e36a       0x72 obj/brdrtest.o
 .rodata.str1.1
                0x0101e3dc       0xb2 obj/camtest.o
 .rodata        0x0101e48e        0xc obj/corevar.o
 .rodata.str1.1
                0x0101e49a       0x10 obj/corevar.o
 .rodata        0x0101e4aa       0x70 obj/ctltrans.o
                0x0101e4dc                wCTLDummyTags
                0x0101e4e8                wCTLOnlineTags
 .rodata.str1.1
                0x0101e51a       0xa8 obj/ctltrans.o
                                 0xb4 (size before relaxing)
 *fill*         0x0101e5c2        0x6 
 .rodata        0x0101e5c8      0x400 obj/debugstis.o
 .rodata        0x0101e9c8       0xd4 obj/emvtrans.o
                0x0101e9d8                wVMOnlineTags
                0x0101ea53                KPinMsg
 .rodata.str1.1
                0x0101ea9c       0x20 obj/emvtrans.o
                                 0x3b (size before relaxing)
 .rodata.str1.1
                0x0101eabc       0x22 obj/hardware.o
 .rodata        0x0101eade       0x10 obj/hostmsg.o
 .rodata.str1.1
                0x0101eaee       0xb7 obj/hostmsg.o
                                 0xda (size before relaxing)
 *fill*         0x0101eba5        0x1 
 .rodata        0x0101eba6       0x82 obj/iface.o
                0x0101ebbc                KItfSettleResp
                0x0101ebc4                KItfHostTotResp
                0x0101ebcc                KItfHostNameResp
                0x0101ebd4                KItfLastTrace
                0x0101ebde                KItfOfflSaleResp
                0x0101ec02                KItfSaleResp
 .rodata.str1.1
                0x0101ec28       0x49 obj/iface.o
                                 0x4c (size before relaxing)
 *fill*         0x0101ec71        0x1 
 .rodata        0x0101ec72      0x200 obj/iface_util.o
 *fill*         0x0101ee72        0x2 
 .rodata        0x0101ee74       0x10 obj/input.o
 .rodata.str1.1
                0x0101ee84       0x59 obj/input.o
                                 0x5c (size before relaxing)
 .rodata        0x0101eedd       0x2d obj/keytrans.o
 .rodata.str1.1
                0x0101ef0a      0x23d obj/keytrans.o
 *fill*         0x0101f147        0x1 
 .rodata        0x0101f148      0x914 obj/lptutil.o
 .rodata.str1.1
                0x00000000        0xc obj/lptutil.o
 .rodata        0x0101fa5c       0x18 obj/main.o
                0x0101fa5c                KAppHdr
 .rodata.str1.1
                0x0101fa74       0x26 obj/main.o
 .rodata.str1.1
                0x0101fa9a       0x3d obj/menu.o
 *fill*         0x0101fad7        0x1 
 .rodata        0x0101fad8      0x678 obj/message.o
                0x0101ff70                KRspText
 .rodata.str1.1
                0x01020150      0xfb3 obj/message.o
 *fill*         0x01021103        0x1 
 .rodata        0x01021104       0x24 obj/network.o
 .rodata.str1.1
                0x01021128      0x29a obj/network.o
                                0x2ae (size before relaxing)
 .rodata.str1.1
                0x010213c2      0x127 obj/toggle.o
                                0x137 (size before relaxing)
 *fill*         0x010214e9        0x3 
 .rodata        0x010214ec       0x50 obj/tpadtest.o
                0x010214ec                KPadObj
                0x0102151c                KPadConf
 .rodata.str1.1
                0x0102153c       0xb9 obj/tpadtest.o
 *fill*         0x010215f5        0x3 
 .rodata        0x010215f8      0x104 obj/tranutil.o
 .rodata.str1.1
                0x010216fc      0xc18 obj/tranutil.o
                                0xca7 (size before relaxing)
 .rodata        0x01022314       0x30 obj/wavecom.o
 .rodata.str1.1
                0x01022344      0x271 obj/wavecom.o
                                0x286 (size before relaxing)
 .rodata.str1.1
                0x010225b5       0x20 obj/cstartup.o
 .rodata.str1.1
                0x010225d5        0x7 obj/libc.o
 .rodata        0x010225dc      0x200 ../LibA5T1000/gcc\libsptutil.a(crcccitt.o)
 .rodata.str1.1
                0x010227dc        0x4 ../LibA5T1000/gcc\libspglib.a(GIFLib.o)
 .rodata.str1.4
                0x010227e0        0x2 C:\DevTools\gcc_v49_2014q4/arm-none-eabi/lib/thumb\libc.a(lib_a-puts.o)
                                  0x4 (size before relaxing)
 *fill*         0x010227e2        0x2 
 .rodata.str1.4
                0x010227e4        0x2 C:\DevTools\gcc_v49_2014q4/arm-none-eabi/lib/thumb\libc.a(lib_a-impure.o)
                                  0x4 (size before relaxing)
 *fill*         0x010227e6        0x2 
 .rodata._global_impure_ptr
                0x010227e8        0x4 C:\DevTools\gcc_v49_2014q4/arm-none-eabi/lib/thumb\libc.a(lib_a-impure.o)
                0x010227e8                _global_impure_ptr
 .rodata.str1.4
                0x010227ec        0x8 C:\DevTools\gcc_v49_2014q4/arm-none-eabi/lib/thumb\libm.a(lib_a-w_sqrt.o)
 *(.eh_frame*)

.vfp11_veneer   0x010227f4        0x0
 .vfp11_veneer  0x00000000        0x0 linker stubs

.v4_bx          0x010227f4        0x0
 .v4_bx         0x00000000        0x0 linker stubs

.iplt           0x010227f4        0x0
 .iplt          0x00000000        0x0 obj/Adjust.o

.ARM.extab
 *(.ARM.extab* .gnu.linkonce.armextab.*)
                0x010227f4                __exidx_start = .

.ARM.exidx      0x010227f4        0x8
 *(.ARM.exidx* .gnu.linkonce.armexidx.*)
 .ARM.exidx     0x010227f4        0x8 c:/devtools/gcc_v49_2014q4/bin/../lib/gcc/arm-none-eabi/4.9.3\libgcc.a(_divdi3.o)
 .ARM.exidx     0x010227fc        0x0 c:/devtools/gcc_v49_2014q4/bin/../lib/gcc/arm-none-eabi/4.9.3\libgcc.a(_udivdi3.o)
                                  0x8 (size before relaxing)
                0x010227fc                __exidx_end = .

.text_kek       0x010227fc        0x8
 *(sect_kek)
 sect_kek       0x010227fc        0x8 obj/cstartup.o
                0x010227fc                KKek
                0x01022804                _end_of_app = ALIGN (0x4)

.rel.dyn        0x01022804        0x0