Archive member included because of file (symbol)

../LibA5T1000/gcc\libsyscall.a(app_call.o)
                              obj/Adjust.o (lib_app_call)
../LibA5T1000/gcc\libsyscall.a(sys_call.o)
                              obj/ParamTest.o (sys_func3)
../LibA5T1000/gcc\libbasecall.a(base_call.o)
                              obj/network.o (base_func0)
../LibA5T1000/gcc\libsptutil.a(bcd2bin.o)
                              obj/Settle.o (bcd2bin)
../LibA5T1000/gcc\libsptutil.a(bcd2val.o)
                              obj/Chkoptn.o (bcd2val)
../LibA5T1000/gcc\libsptutil.a(bcdadd.o)
                              obj/Sysutil.o (bcdadd)
../LibA5T1000/gcc\libsptutil.a(bcdinc.o)
                              obj/Settle.o (bcdinc)
../LibA5T1000/gcc\libsptutil.a(bcdsub.o)
                              obj/Sysutil.o (bcdsub)
../LibA5T1000/gcc\libsptutil.a(bin2bcd.o)
                              obj/hostmsg.o (bin2bcd)
../LibA5T1000/gcc\libsptutil.a(bin2dec.o)
                              obj/Func.o (bin2dec)
../LibA5T1000/gcc\libsptutil.a(bindec_d.o)
                              obj/Print.o (bindec_data)
../LibA5T1000/gcc\libsptutil.a(chkdok.o)
                              obj/input.o (chk_digit_ok)
../LibA5T1000/gcc\libsptutil.a(compress.o)
                              obj/Settle.o (compress)
../LibA5T1000/gcc\libsptutil.a(crcccitt.o)
                              obj/corevar.o (cal_crc)
../LibA5T1000/gcc\libsptutil.a(dbin2asc.o)
                              obj/Sysutil.o (dbin2asc)
../LibA5T1000/gcc\libsptutil.a(dbin2bcd.o)
                              obj/ctltrans.o (dbin2bcd)
../LibA5T1000/gcc\libsptutil.a(decbin8b.o)
                              obj/Adjust.o (decbin8b)
../LibA5T1000/gcc\libsptutil.a(fndb.o)
                              obj/Ecr.o (fndb)
../LibA5T1000/gcc\libsptutil.a(get_byte.o)
                              obj/hostmsg.o (get_byte)
../LibA5T1000/gcc\libsptutil.a(get_dist.o)
                              obj/corevar.o (get_distance)
../LibA5T1000/gcc\libsptutil.a(get_mem.o)
                              obj/hostmsg.o (get_mem)
../LibA5T1000/gcc\libsptutil.a(get_pptr.o)
                              obj/hostmsg.o (get_pptr)
../LibA5T1000/gcc\libsptutil.a(hex_val.o)
                              ../LibA5T1000/gcc\libsptutil.a(compress.o) (hex_value)
../LibA5T1000/gcc\libsptutil.a(inc_pptr.o)
                              obj/corevar.o (inc_pptr)
../LibA5T1000/gcc\libsptutil.a(isbdigit.o)
                              obj/input.o (isbdigit)
../LibA5T1000/gcc\libsptutil.a(pack_b.o)
                              obj/Settle.o (pack_byte)
../LibA5T1000/gcc\libsptutil.a(pack_lf.o)
                              obj/Func.o (pack_lf)
../LibA5T1000/gcc\libsptutil.a(pack_lfs.o)
                              obj/Func.o (pack_lfs)
../LibA5T1000/gcc\libsptutil.a(pack_mem.o)
                              obj/Func.o (pack_mem)
../LibA5T1000/gcc\libsptutil.a(pack_nb.o)
                              obj/Print.o (pack_nbyte)
../LibA5T1000/gcc\libsptutil.a(pack_spc.o)
                              obj/Func.o (pack_space)
../LibA5T1000/gcc\libsptutil.a(pack_str.o)
                              obj/Func.o (pack_str)
../LibA5T1000/gcc\libsptutil.a(set_pptr.o)
                              ../LibA5T1000/gcc\libsptutil.a(get_mem.o) (buffer_overflow)
../LibA5T1000/gcc\libsptutil.a(skpb.o)
                              obj/Sysutil.o (skpb)
../LibA5T1000/gcc\libsptutil.a(split.o)
                              obj/Ecr.o (split)
../LibA5T1000/gcc\libsptutil.a(split_d.o)
                              obj/Func.o (split_data)
../LibA5T1000/gcc\libsptutil.a(val2bcd.o)
                              ../LibA5T1000/gcc\libsptutil.a(bcdadd.o) (val2bcd)
../LibA5T1000/gcc\libsptutil.a(hexdigit.o)
                              ../LibA5T1000/gcc\libsptutil.a(split.o) (hex_digit)
../LibA5T1000/gcc\libspglib.a(GIFLib.o)
                              obj/ParamTest.o (GIFSetPos)
../LibA5T1000/gcc\libspglib.a(GLib.o)
                              obj/tpadtest.o (GD_SetDotSize)
C:\DevTools\gcc_v49_2014q4/arm-none-eabi/lib/thumb\libc.a(lib_a-memcmp.o)
                              obj/Others.o (memcmp)
C:\DevTools\gcc_v49_2014q4/arm-none-eabi/lib/thumb\libc.a(lib_a-memcpy.o)
                              obj/Adjust.o (memcpy)
C:\DevTools\gcc_v49_2014q4/arm-none-eabi/lib/thumb\libc.a(lib_a-memmove.o)
                              obj/Coremain.o (memmove)
C:\DevTools\gcc_v49_2014q4/arm-none-eabi/lib/thumb\libc.a(lib_a-memset.o)
                              obj/Adjust.o (memset)
C:\DevTools\gcc_v49_2014q4/arm-none-eabi/lib/thumb\libc.a(lib_a-puts.o)
                              obj/ctltrans.o (puts)
C:\DevTools\gcc_v49_2014q4/arm-none-eabi/lib/thumb\libc.a(lib_a-strcat.o)
                              obj/ParamTest.o (strcat)
C:\DevTools\gcc_v49_2014q4/arm-none-eabi/lib/thumb\libc.a(lib_a-strchr.o)
                              obj/wavecom.o (strchr)
C:\DevTools\gcc_v49_2014q4/arm-none-eabi/lib/thumb\libc.a(lib_a-strcpy.o)
[...]
Memory Configuration

Name             Origin             Length             Attributes
*default*        0x00000000         0xffffffff

Linker script and memory map

START GROUP
LOAD obj/Adjust.o
LOAD obj/Auth.o
LOAD obj/Chkoptn.o
LOAD obj/Constant.o
LOAD obj/Coremain.o
LOAD obj/DemoTest.o
LOAD obj/Ecr.o
LOAD obj/Func.o
LOAD obj/Offline.o
LOAD obj/Others.o
LOAD obj/ParamTest.o
LOAD obj/Print.o
LOAD obj/Reversal.o
LOAD obj/Sale.o
LOAD obj/SaleOffl.o
LOAD obj/Settle.o
LOAD obj/Sysutil.o
LOAD obj/TLVUtil.o
LOAD obj/TestCfg.o
LOAD obj/Void.o
LOAD obj/auxcom.o
LOAD obj/brdrtest.o
LOAD obj/camtest.o
LOAD obj/corevar.o
LOAD obj/ctltrans.o
LOAD obj/debugstis.o
LOAD obj/emvl2cfg.o
LOAD obj/emvtrans.o
LOAD obj/hardware.o
LOAD obj/hostmsg.o
LOAD obj/iface.o
LOAD obj/iface_util.o
LOAD obj/input.o
LOAD obj/keytrans.o
LOAD obj/lptutil.o
LOAD obj/main.o
LOAD obj/menu.o
LOAD obj/message.o
LOAD obj/network.o
LOAD obj/record.o
LOAD obj/refund.o
LOAD obj/testrans.o
LOAD obj/toggle.o
LOAD obj/tpadtest.o
LOAD obj/tranutil.o
LOAD obj/wavecom.o
LOAD obj/cstartup.o
LOAD obj/expect_send.o
LOAD obj/libc.o
LOAD ../LibA5T1000/gcc\libsyscall.a
LOAD ../LibA5T1000/gcc\libbasecall.a
LOAD ../LibA5T1000/gcc\libsptutil.a
LOAD ../LibA5T1000/gcc\libspglib.a
LOAD ../LibA5T1000/gcc\libspqr.a
LOAD C:\DevTools\gcc_v49_2014q4/arm-none-eabi/lib/thumb\libc.a
LOAD C:\DevTools\gcc_v49_2014q4/arm-none-eabi/lib/thumb\libnosys.a
LOAD C:\DevTools\gcc_v49_2014q4/arm-none-eabi/lib/thumb\libm.a
LOAD c:/devtools/gcc_v49_2014q4/bin/../lib/gcc/arm-none-eabi/4.9.3\libgcc.a
END GROUP
                0x01000000                _start_of_flash = 0x1000000
                0x01800000                _start_of_data = 0x1800000
                0x01c00000                _end_of_sram = (_start_of_data + 0x400000)
                0x01000020                _start_of_header = (_start_of_flash + 0x20)
                0x01000050                _start_of_app = (_start_of_flash + 0x50)
                0x01000000                . = _start_of_flash

.startup        0x01000000       0x1a
 *(sect_startup)
 sect_startup   0x01000000       0x1a obj/cstartup.o
                0x01000000                cstartup
                0x01000020                . = _start_of_header

.header         0x01000020       0x30
 *(sect_apphdr)
 sect_apphdr    0x01000020       0x30 obj/cstartup.o
                0x01000020                KAppHeader
                0x01000150                . = (_start_of_app + 0x100)

.text           0x01000150    0x23138
 *(.text* .glue_7* .gnu.linkonce.t.*)
 .glue_7        0x00000000        0x0 linker stubs
 .glue_7t       0x00000000        0x0 linker stubs
 .text          0x01000150        0x0 obj/Adjust.o
 .text.DispCurrTotal
                0x01000150       0x84 obj/Adjust.o
 .text.AdjustTrans
                0x010001d4      0x4cc obj/Adjust.o
                0x010001d4                AdjustTrans
 .text          0x010006a0        0x0 obj/Auth.o
 .text.AuthTrans
                0x010006a0      0x118 obj/Auth.o
                0x010006a0                AuthTrans
 .text          0x010007b8        0x0 obj/Chkoptn.o
 .text.AdjustPSWReqd
                0x010007b8       0x14 obj/Chkoptn.o
                0x010007b8                AdjustPSWReqd
 .text.SettlePSWReqd
                0x010007cc       0x14 obj/Chkoptn.o
                0x010007cc                SettlePSWReqd
 .text.ManualPSWReqd
                0x010007e0       0x14 obj/Chkoptn.o
                0x010007e0                ManualPSWReqd
 .text.DispMSRReqd
                0x010007f4       0x10 obj/Chkoptn.o
                0x010007f4                DispMSRReqd
 .text.TIPsReqd
                0x01000804       0x10 obj/Chkoptn.o
                0x01000804                TIPsReqd
 .text.PrintTimeReqd
                0x01000814       0x10 obj/Chkoptn.o
                0x01000814                PrintTimeReqd
 .text.DDMMBusinessDate
                0x01000824       0x10 obj/Chkoptn.o
                0x01000824                DDMMBusinessDate
 .text.ComfirmTotal
                0x01000834       0x10 obj/Chkoptn.o
                0x01000834                ComfirmTotal
 .text.EcrRefReqd
                0x01000844       0x10 obj/Chkoptn.o
                0x01000844                EcrRefReqd
 .text.PromptTips
                0x01000854       0x14 obj/Chkoptn.o
                0x01000854                PromptTips
 .text.BlockLocalTrans
                0x01000868       0x14 obj/Chkoptn.o
                0x01000868                BlockLocalTrans
 .text.NumOfRcptCopy
                0x0100087c       0x10 obj/Chkoptn.o
                0x0100087c                NumOfRcptCopy
 .text.ReferralDial
                0x0100088c       0x10 obj/Chkoptn.o
                0x0100088c                ReferralDial
 .text.HostSettlePending
                0x0100089c       0x14 obj/Chkoptn.o
                0x0100089c                HostSettlePending
 .text.RefundOffline
                0x010008b0       0x14 obj/Chkoptn.o
                0x010008b0                RefundOffline
 .text.VoidOffline
                0x010008c4       0x14 obj/Chkoptn.o
                0x010008c4                VoidOffline
 .text.PiggybackOffline
                0x010008d8       0x14 obj/Chkoptn.o
                0x010008d8                PiggybackOffline
 .text.Prompt4DBC
                0x010008ec       0x14 obj/Chkoptn.o
                0x010008ec                Prompt4DBC
 .text.MultiAdjustAllowed
                0x01000900       0x14 obj/Chkoptn.o
                0x01000900                MultiAdjustAllowed
 .text.ExtraMsgLen
                0x01000914       0x14 obj/Chkoptn.o
                0x01000914                ExtraMsgLen
 .text.CheckDuplicate
                0x01000928       0x14 obj/Chkoptn.o
                0x01000928                CheckDuplicate
 .text.FallbackDialup
                0x0100093c       0x14 obj/Chkoptn.o
                0x0100093c                FallbackDialup
 .text.GetHostType
                0x01000950       0x14 obj/Chkoptn.o
                0x01000950                GetHostType
 .text.UnderFloorLimit
                0x01000964       0x3c obj/Chkoptn.o
                0x01000964                UnderFloorLimit
 .text.ManualEntryAllow
                0x010009a0       0x14 obj/Chkoptn.o
                0x010009a0                ManualEntryAllow
 .text.OfflineAllowed
                0x010009b4       0x14 obj/Chkoptn.o
                0x010009b4                OfflineAllowed
 .text.ExpDateReqd
                0x010009c8       0x14 obj/Chkoptn.o
                0x010009c8                ExpDateReqd
 .text.VoiceReferral
                0x010009dc       0x20 obj/Chkoptn.o
                0x010009dc                VoiceReferral
 .text.DescriptorReqd
                0x010009fc       0x14 obj/Chkoptn.o
                0x010009fc                DescriptorReqd
 .text.AdjustAllowed
                0x01000a10       0x14 obj/Chkoptn.o
                0x01000a10                AdjustAllowed
 .text.CheckPAN
                0x01000a24       0x14 obj/Chkoptn.o
                0x01000a24                CheckPAN
 .text.PrintReqd
                0x01000a38       0x14 obj/Chkoptn.o
                0x01000a38                PrintReqd
 .text.DefaultCapture
                0x01000a4c       0x14 obj/Chkoptn.o
                0x01000a4c                DefaultCapture
 .text.CheckExpDate
                0x01000a60       0x14 obj/Chkoptn.o
                0x01000a60                CheckExpDate
 .text.RefundBlocked
                0x01000a74       0x14 obj/Chkoptn.o
                0x01000a74                RefundBlocked
 .text.AuthBlocked
                0x01000a88       0x14 obj/Chkoptn.o
                0x01000a88                AuthBlocked
 .text.VoidBlocked
                0x01000a9c       0x14 obj/Chkoptn.o
                0x01000a9c                VoidBlocked
 .text.BlockAuthCode
                0x01000ab0       0x14 obj/Chkoptn.o
                0x01000ab0                BlockAuthCode
 .text.MaskCardNo
                0x01000ac4       0x14 obj/Chkoptn.o
                0x01000ac4                MaskCardNo
 .text.ExpiryReject
                0x01000ad8       0x14 obj/Chkoptn.o
                0x01000ad8                ExpiryReject
 .text.BlockLocalManual
                0x01000aec       0x14 obj/Chkoptn.o
                0x01000aec                BlockLocalManual
 .text.BlockLocalSwipe
                0x01000b00       0x14 obj/Chkoptn.o
                0x01000b00                BlockLocalSwipe
 .text.Track1Enable
                0x01000b14       0x14 obj/Chkoptn.o
                0x01000b14                Track1Enable
 .text.EMVProcDisable
                0x01000b28       0x14 obj/Chkoptn.o
                0x01000b28                EMVProcDisable
 .text          0x01000b3c        0x0 obj/Constant.o
 .text.SaleType
                0x01000b3c       0x18 obj/Constant.o
                0x01000b3c                SaleType
 .text          0x01000b54        0x0 obj/Coremain.o
 .text.DispDTG  0x01000b54       0xdc obj/Coremain.o
 .text.VirginInit
                0x01000c30      0x150 obj/Coremain.o
                0x01000c30                VirginInit
 .text.GlobalsInit
                0x01000d80       0x5c obj/Coremain.o
                0x01000d80                GlobalsInit
 .text.GlobalsCleanUp
                0x01000ddc       0x18 obj/Coremain.o
                0x01000ddc                GlobalsCleanUp
 .text.TransModeDisp
                0x01000df4      0x134 obj/Coremain.o
                0x01000df4                TransModeDisp
 .text.Coremain
                0x01000f28      0x4d0 obj/Coremain.o
                0x01000f28                Coremain
 .text          0x010013f8        0x0 obj/DemoTest.o
 .text          0x010013f8        0x0 obj/Ecr.o
 .text.EcrGetAmount
                0x010013f8       0x50 obj/Ecr.o
                0x010013f8                EcrGetAmount
 .text.EcrGetRef
                0x01001448       0x4c obj/Ecr.o
                0x01001448                EcrGetRef
 .text.EcrResp  0x01001494      0x284 obj/Ecr.o
                0x01001494                EcrResp
 .text.GetLastTrace
                0x01001718       0x78 obj/Ecr.o
                0x01001718                GetLastTrace
 .text.GetHostIdx
                0x01001790       0x38 obj/Ecr.o
                0x01001790                GetHostIdx
 .text.GetHostName
                0x010017c8       0x4c obj/Ecr.o
                0x010017c8                GetHostName
 .text.GetHostTot
                0x01001814       0x50 obj/Ecr.o
                0x01001814                GetHostTot
 .text.EcrSettle
                0x01001864       0x28 obj/Ecr.o
                0x01001864                EcrSettle
 .text.EcrCmdProcess
                0x0100188c       0x90 obj/Ecr.o
                0x0100188c                EcrCmdProcess
 .text          0x0100191c        0x0 obj/Func.o
 .text.DispStatusMsg
                0x0100191c       0x1a obj/Func.o
 *fill*         0x01001936        0x2 
 .text.DispTransData
                0x01001938      0x1e8 obj/Func.o
 .text.DispReversal
                0x01001b20      0x3b8 obj/Func.o
                0x01001b20                DispReversal
 .text.ClearReversal
                0x01001ed8      0x190 obj/Func.o
                0x01001ed8                ClearReversal
 .text.DisplayRecordno
                0x01002068      0x2e8 obj/Func.o
                0x01002068                DisplayRecordno
 .text.DisplayBatch
                0x01002350      0x324 obj/Func.o
                0x01002350                DisplayBatch
 .text.ClearBatch
                0x01002674      0x180 obj/Func.o
                0x01002674                ClearBatch
 .text.DispTransTotal
                0x010027f4      0x1a0 obj/Func.o
                0x010027f4                DispTransTotal
 .text.ReprintTxn
                0x01002994       0x68 obj/Func.o
                0x01002994                ReprintTxn
 .text.PrintTotals
                0x010029fc       0x80 obj/Func.o
                0x010029fc                PrintTotals
 .text.PrintTxnRecord
                0x01002a7c      0x348 obj/Func.o
                0x01002a7c                PrintTxnRecord
 .text.MerchantFunc
                0x01002dc4      0x354 obj/Func.o
                0x01002dc4                MerchantFunc
 .text          0x01003118        0x0 obj/Offline.o
 .text.OfflineSent
                0x01003118      0x1ac obj/Offline.o
                0x01003118                OfflineSent
 .text          0x010032c4        0x0 obj/Others.o
 .text.GetAccessrefund
                0x010032c4       0xd8 obj/Others.o
                0x010032c4                GetAccessrefund
 .text.GetAccessrevoid
                0x0100339c       0xd8 obj/Others.o
                0x0100339c                GetAccessrevoid
 .text.OtherTrans
                0x01003474       0xa8 obj/Others.o
                0x01003474                OtherTrans
 .text.OtherCurrency
                0x0100351c       0x34 obj/Others.o
                0x0100351c                OtherCurrency
 .text          0x01003550        0x0 obj/ParamTest.o
 .text.ReadBmp  0x01003550       0x28 obj/ParamTest.o
 .text.LptPutN  0x01003578       0xc4 obj/ParamTest.o
 .text.LptClose
                0x0100363c       0x5c obj/ParamTest.o
 .text.WritePrn.constprop.0
                0x01003698       0x14 obj/ParamTest.o
 .text.DispParamFile
                0x010036ac      0x1b4 obj/ParamTest.o
                0x010036ac                DispParamFile
 .text.LptParamFile
                0x01003860      0x41c obj/ParamTest.o
                0x01003860                LptParamFile
 .text          0x01003c7c        0x0 obj/Print.o
 .text.PackLogo
                0x01003c7c       0x50 obj/Print.o
                0x01003c7c                PackLogo
 .text.PackDtg  0x01003ccc       0x32 obj/Print.o
                0x01003ccc                PackDtg
 *fill*         0x01003cfe        0x2 
 .text.PackCurrentDate
                0x01003d00       0x80 obj/Print.o
                0x01003d00                PackCurrentDate
 .text.PackSeperator
                0x01003d80       0x10 obj/Print.o
                0x01003d80                PackSeperator
 .text.PackRcptHeader
                0x01003d90       0x44 obj/Print.o
                0x01003d90                PackRcptHeader
 .text.PackAmt  0x01003dd4       0x40 obj/Print.o
                0x01003dd4                PackAmt
 .text.PackCountAmt
                0x01003e14       0x3a obj/Print.o
 .text.PackFF   0x01003e4e       0x1a obj/Print.o
                0x01003e4e                PackFF
 .text.PackTotals
                0x01003e68       0xbc obj/Print.o
                0x01003e68                PackTotals
 .text.PackEndOfRep
                0x01003f24       0x34 obj/Print.o
                0x01003f24                PackEndOfRep
 .text.SaveLastRcpt
                0x01003f58       0xb0 obj/Print.o
                0x01003f58                SaveLastRcpt
 .text.GetLastRcpt
                0x01004008       0x54 obj/Print.o
                0x01004008                GetLastRcpt
 .text.ReprintLast
                0x0100405c       0x94 obj/Print.o
                0x0100405c                ReprintLast
 .text.ManualFeed
                0x010040f0       0x30 obj/Print.o
                0x010040f0                ManualFeed
 .text          0x01004120        0x0 obj/Reversal.o
 .text.ReversalOK
                0x01004120       0xf4 obj/Reversal.o
                0x01004120                ReversalOK
 .text          0x01004214        0x0 obj/Sale.o
 .text.ReferralCall
                0x01004214      0x19c obj/Sale.o
                0x01004214                ReferralCall
 .text.ReferralProcess
                0x010043b0       0xec obj/Sale.o
                0x010043b0                ReferralProcess
 .text.SaleTrans
                0x0100449c      0x15c obj/Sale.o
                0x0100449c                SaleTrans
 .text          0x010045f8        0x0 obj/SaleOffl.o
 .text.SaleOfflTrans
                0x010045f8       0x6c obj/SaleOffl.o
                0x010045f8                SaleOfflTrans
 .text          0x01004664        0x0 obj/Settle.o
 .text.AllTotalZero
                0x01004664       0x48 obj/Settle.o
 .text.GetSettleAmount
                0x010046ac       0x80 obj/Settle.o
 .text.UploadTransOK
                0x0100472c      0x1f0 obj/Settle.o
 .text.PackBatchText
                0x0100491c       0x48 obj/Settle.o
 .text.CloseBatch
                0x01004964      0x1ac obj/Settle.o
 .text.ConfirmSetlTot
                0x01004b10      0x304 obj/Settle.o
                0x01004b10                ConfirmSetlTot
 .text.SettleTrans
                0x01004e14      0x390 obj/Settle.o
                0x01004e14                SettleTrans
 .text          0x010051a4        0x0 obj/Sysutil.o
 .text.LongBeep
                0x010051a4        0xc obj/Sysutil.o
                0x010051a4                LongBeep
 .text.AcceptBeep
                0x010051b0        0xc obj/Sysutil.o
                0x010051b0                AcceptBeep
 .text.Short2Beep
                0x010051bc        0xc obj/Sysutil.o
                0x010051bc                Short2Beep
 .text.Short1Beep
                0x010051c8        0xc obj/Sysutil.o
                0x010051c8                Short1Beep
 .text.Delay1Sec
                0x010051d4       0x44 obj/Sysutil.o
                0x010051d4                Delay1Sec
 .text.ErrorDelay
                0x01005218        0x8 obj/Sysutil.o
                0x01005218                ErrorDelay
 .text.Delay10ms
                0x01005220       0x28 obj/Sysutil.o
                0x01005220                Delay10ms
 .text.SetRTC   0x01005248       0x26 obj/Sysutil.o
                0x01005248                SetRTC
 .text.ReadRTC  0x0100526e       0x1a obj/Sysutil.o
                0x0100526e                ReadRTC
 .text.ConvDateTime
                0x01005288       0x84 obj/Sysutil.o
                0x01005288                ConvDateTime
 .text.ConvDateTimeT
                0x0100530c       0x48 obj/Sysutil.o
                0x0100530c                ConvDateTimeT
 .text.SetDTG   0x01005354       0x5a obj/Sysutil.o
                0x01005354                SetDTG
 .text.FreeRunMark
                0x010053ae        0x8 obj/Sysutil.o
                0x010053ae                FreeRunMark
 .text.FreeRunElapsed
                0x010053b6       0x14 obj/Sysutil.o
                0x010053b6                FreeRunElapsed
 .text.ByteCopy
                0x010053ca        0x4 obj/Sysutil.o
                0x010053ca                ByteCopy
 .text.CompressInputData
                0x010053ce       0x32 obj/Sysutil.o
                0x010053ce                CompressInputData
 .text.CompressInputFData
                0x01005400       0x36 obj/Sysutil.o
                0x01005400                CompressInputFData
 *fill*         0x01005436        0x2 
 .text.GetMonthText
                0x01005438       0x10 obj/Sysutil.o
                0x01005438                GetMonthText
 .text.MemFatalErr
                0x01005448       0x6c obj/Sysutil.o
                0x01005448                MemFatalErr
 .text.DebugPoint
                0x010054b4       0x5c obj/Sysutil.o
                0x010054b4                DebugPoint
 .text.ConvAmount
                0x01005510       0x80 obj/Sysutil.o
                0x01005510                ConvAmount
 .text.Disp2x16Msg
                0x01005590       0xbc obj/Sysutil.o
                0x01005590                Disp2x16Msg
 .text.PrintLcd2LptCtr
                0x0100564c      0x1c4 obj/Sysutil.o
                0x0100564c                PrintLcd2LptCtr
 .text.debugAsc
                0x01005810       0x60 obj/Sysutil.o
                0x01005810                debugAsc
 .text.debugHex
                0x01005870       0x80 obj/Sysutil.o
                0x01005870                debugHex
 .text.ShowIp   0x010058f0       0x88 obj/Sysutil.o
                0x010058f0                ShowIp
 .text          0x01005978        0x0 obj/TLVUtil.o
 .text.DDWORD2bcd
                0x01005978       0x60 obj/TLVUtil.o
                0x01005978                DDWORD2bcd
 .text.bcd2DDWORD
                0x010059d8       0x2a obj/TLVUtil.o
                0x010059d8                bcd2DDWORD
 .text.WPut     0x01005a02        0x8 obj/TLVUtil.o
                0x01005a02                WPut
 .text.TlvTSize
                0x01005a0a       0x12 obj/TLVUtil.o
                0x01005a0a                TlvTSize
 .text.TlvTag   0x01005a1c       0x1a obj/TLVUtil.o
                0x01005a1c                TlvTag
 .text.TlvLSize
                0x01005a36       0x1e obj/TLVUtil.o
                0x01005a36                TlvLSize
 .text.TlvLen   0x01005a54       0x32 obj/TLVUtil.o
                0x01005a54                TlvLen
 .text.TlvSizeOf
                0x01005a86       0x24 obj/TLVUtil.o
                0x01005a86                TlvSizeOf
 .text.TlvVPtr  0x01005aaa       0x1a obj/TLVUtil.o
                0x01005aaa                TlvVPtr
 .text.TlvSeek  0x01005ac4       0x44 obj/TLVUtil.o
                0x01005ac4                TlvSeek
 .text.TlvNext  0x01005b08       0x10 obj/TLVUtil.o
                0x01005b08                TlvNext
 .text.TlvIsCTag
                0x01005b18       0x14 obj/TLVUtil.o
                0x01005b18                TlvIsCTag
 .text.TlvPack  0x01005b2c       0x58 obj/TLVUtil.o
                0x01005b2c                TlvPack
 .text          0x01005b84        0x0 obj/TestCfg.o
 .text.KernelReady
                0x01005b84       0x12 obj/TestCfg.o
 *fill*         0x01005b96        0x2 
 .text.DoSetup  0x01005b98       0x40 obj/TestCfg.o
 .text.DoCTLSetup
                0x01005bd8       0x40 obj/TestCfg.o
 .text.DebugAutoRun
                0x01005c18        0x4 obj/TestCfg.o
                0x01005c18                DebugAutoRun
 .text.GetAutoTrans
                0x01005c1c        0x4 obj/TestCfg.o
                0x01005c1c                GetAutoTrans
 .text.GetAutoAmount
                0x01005c20       0x10 obj/TestCfg.o
                0x01005c20                GetAutoAmount
 .text.GetAutoPin
                0x01005c30       0x10 obj/TestCfg.o
                0x01005c30                GetAutoPin
 .text.DebugEnd
                0x01005c40        0x4 obj/TestCfg.o
                0x01005c40                DebugEnd
 .text.LoadEMVKey
                0x01005c44       0x7c obj/TestCfg.o
                0x01005c44                LoadEMVKey
 .text.LoadEMVCfg
                0x01005cc0       0xb8 obj/TestCfg.o
                0x01005cc0                LoadEMVCfg
 .text.ExtPPadSetup
                0x01005d78       0x5c obj/TestCfg.o
                0x01005d78                ExtPPadSetup
 .text.LoadCTLKey
                0x01005dd4       0x80 obj/TestCfg.o
                0x01005dd4                LoadCTLKey
 .text.LoadCTLCfg
                0x01005e54       0xbc obj/TestCfg.o
                0x01005e54                LoadCTLCfg
 .text          0x01005f10        0x0 obj/Void.o
 .text.VoidTrans
                0x01005f10      0x2ec obj/Void.o
                0x01005f10                VoidTrans
 .text          0x010061fc        0x0 obj/auxcom.o
 .text.AuxOpen  0x010061fc       0x24 obj/auxcom.o
                0x010061fc                AuxOpen
 .text.AuxClose
                0x01006220       0x20 obj/auxcom.o
                0x01006220                AuxClose
 .text.AuxRead  0x01006240       0x14 obj/auxcom.o
                0x01006240                AuxRead
 .text.AuxRxRdy
                0x01006254        0xe obj/auxcom.o
                0x01006254                AuxRxRdy
 .text.AuxTxRdy
                0x01006262        0xe obj/auxcom.o
                0x01006262                AuxTxRdy
 .text.AuxWrite
                0x01006270       0x24 obj/auxcom.o
                0x01006270                AuxWrite
 .text.AuxEnable
                0x01006294       0x18 obj/auxcom.o
                0x01006294                AuxEnable
 .text.AuxDisable
                0x010062ac       0x1c obj/auxcom.o
                0x010062ac                AuxDisable
 .text.dbgHex   0x010062c8       0x7c obj/auxcom.o
                0x010062c8                dbgHex
 .text          0x01006344        0x0 obj/brdrtest.o
 .text.BRdrTest
                0x01006344      0x3f4 obj/brdrtest.o
                0x01006344                BRdrTest
 .text          0x01006738        0x0 obj/camtest.o
 .text.ShowLayer
                0x01006738       0x28 obj/camtest.o
 .text.SensorClose
                0x01006760       0x24 obj/camtest.o
 .text.SensorSwMode
                0x01006784      0x124 obj/camtest.o
 .text.SensorOpen
                0x010068a8      0x140 obj/camtest.o
 .text.LcdOnLayerEnable.part.0
                0x010069e8       0x20 obj/camtest.o
 .text.LcdOnLayerShow.constprop.1
                0x01006a08       0x54 obj/camtest.o
 .text.Y800toLcdLeft
                0x01006a5c       0x5a obj/camtest.o
                0x01006a5c                Y800toLcdLeft
 *fill*         0x01006ab6        0x2 
 .text.ShowBarcode
                0x01006ab8       0x98 obj/camtest.o
                0x01006ab8                ShowBarcode
 .text.CamTest2D
                0x01006b50      0x634 obj/camtest.o
                0x01006b50                CamTest2D
 .text.CamTestAll
                0x01007184      0x740 obj/camtest.o
                0x01007184                CamTestAll
 .text          0x010078c4        0x0 obj/corevar.o
 .text.DataFileInit
                0x010078c4       0xd4 obj/corevar.o
                0x010078c4                DataFileInit
 .text.DataFileUpdate
                0x01007998       0x68 obj/corevar.o
                0x01007998                DataFileUpdate
 .text.DataFileClose
                0x01007a00       0x70 obj/corevar.o
                0x01007a00                DataFileClose
 .text.CorrectHost
                0x01007a70        0x4 obj/corevar.o
                0x01007a70                CorrectHost
 .text.GenAuthCode
                0x01007a74       0x20 obj/corevar.o
                0x01007a74                GenAuthCode
 .text.SetDefault
                0x01007a94       0x10 obj/corevar.o
                0x01007a94                SetDefault
 .text.MsgBufSetup
                0x01007aa4       0x14 obj/corevar.o
                0x01007aa4                MsgBufSetup
 .text.PackMsgBufLen
                0x01007ab8       0x14 obj/corevar.o
                0x01007ab8                PackMsgBufLen
 .text.TxBufSetup
                0x01007acc       0x28 obj/corevar.o
                0x01007acc                TxBufSetup
 .text.PackTxBufLen
                0x01007af4       0x2c obj/corevar.o
                0x01007af4                PackTxBufLen
 .text.RxBufSetup
                0x01007b20       0x28 obj/corevar.o
                0x01007b20                RxBufSetup
 .text.PackRxBufLen
                0x01007b48       0x30 obj/corevar.o
                0x01007b48                PackRxBufLen
 .text.ValidRecordCRC
                0x01007b78       0x24 obj/corevar.o
                0x01007b78                ValidRecordCRC
 .text.RefreshDispAfter
                0x01007b9c       0x24 obj/corevar.o
                0x01007b9c                RefreshDispAfter
 .text.FreeGDS  0x01007bc0       0x14 obj/corevar.o
                0x01007bc0                FreeGDS
 .text.MallocGDS
                0x01007bd4       0x3c obj/corevar.o
                0x01007bd4                MallocGDS
 .text.TrainingModeON
                0x01007c10       0x18 obj/corevar.o
                0x01007c10                TrainingModeON
 .text.IncAPMTraceNoEnd
                0x01007c28       0x48 obj/corevar.o
                0x01007c28                IncAPMTraceNoEnd
 .text.IncAPMTraceNo
                0x01007c70       0x48 obj/corevar.o
                0x01007c70                IncAPMTraceNo
 .text.CTLEnable
                0x01007cb8        0xc obj/corevar.o
                0x01007cb8                CTLEnable
 .text.CTLEnabled
                0x01007cc4        0xc obj/corevar.o
                0x01007cc4                CTLEnabled
 .text.PPPCfgUpdate
                0x01007cd0       0x1c obj/corevar.o
                0x01007cd0                PPPCfgUpdate
 .text          0x01007cec        0x0 obj/ctltrans.o
 .text.CTLTagSeek.part.1
                0x01007cec       0x74 obj/ctltrans.o
 .text.CL_Led   0x01007d60       0x60 obj/ctltrans.o
                0x01007d60                CL_Led
 .text.CL_LedSet
                0x01007dc0       0x8c obj/ctltrans.o
                0x01007dc0                CL_LedSet
 .text.GetCTLKeyInfo
                0x01007e4c       0x54 obj/ctltrans.o
                0x01007e4c                GetCTLKeyInfo
 .text.CL_Init  0x01007ea0       0x74 obj/ctltrans.o
                0x01007ea0                CL_Init
 .text.CL_WaitCard
                0x01007f14       0x94 obj/ctltrans.o
                0x01007f14                CL_WaitCard
 .text.CL_Close
                0x01007fa8       0x40 obj/ctltrans.o
                0x01007fa8                CL_Close
 .text.CL_Off   0x01007fe8       0x16 obj/ctltrans.o
                0x01007fe8                CL_Off
 *fill*         0x01007ffe        0x2 
 .text.debugCTL
                0x01008000       0xd8 obj/ctltrans.o
                0x01008000                debugCTL
 .text.debugAuxCTL
                0x010080d8       0xd0 obj/ctltrans.o
                0x010080d8                debugAuxCTL
 .text.CTLTagSeek
                0x010081a8       0x28 obj/ctltrans.o
                0x010081a8                CTLTagSeek
 .text.CTLFatal
                0x010081d0       0x40 obj/ctltrans.o
                0x010081d0                CTLFatal
 .text.ValidCTLData
                0x01008210      0x164 obj/ctltrans.o
                0x01008210                ValidCTLData
 .text.PackCTLDummyData
                0x01008374       0x38 obj/ctltrans.o
                0x01008374                PackCTLDummyData
 .text.PackCTLTagsData
                0x010083ac       0x40 obj/ctltrans.o
                0x010083ac                PackCTLTagsData
 .text.PackCTLData
                0x010083ec       0x20 obj/ctltrans.o
                0x010083ec                PackCTLData
 .text.CTLComplete
                0x0100840c      0x3fc obj/ctltrans.o
 .text.CTLError.isra.3
                0x01008808      0x160 obj/ctltrans.o
 .text.CTLPreProcess
                0x01008968       0xf0 obj/ctltrans.o
                0x01008968                CTLPreProcess
 .text.CTLWaitCard
                0x01008a58       0x3e obj/ctltrans.o
                0x01008a58                CTLWaitCard
 *fill*         0x01008a96        0x2 
 .text.debugEMV
                0x01008a98       0xac obj/ctltrans.o
                0x01008a98                debugEMV
 .text.CTLDebug
                0x01008b44      0x440 obj/ctltrans.o
                0x01008b44                CTLDebug
 .text.CTLProcess
                0x01008f84       0xbc obj/ctltrans.o
                0x01008f84                CTLProcess
 .text.CTLTrans
                0x01009040       0xd4 obj/ctltrans.o
                0x01009040                CTLTrans
 .text.CtlUnderTransLimit
                0x01009114       0x20 obj/ctltrans.o
                0x01009114                CtlUnderTransLimit
 .text.DispDefinedLogo
                0x01009134       0x44 obj/ctltrans.o
                0x01009134                DispDefinedLogo
 .text          0x01009178        0x0 obj/debugstis.o
 .text.SaveSTISDbgData
                0x01009178       0xd8 obj/debugstis.o
                0x01009178                SaveSTISDbgData
 .text          0x01009250        0x0 obj/emvl2cfg.o
 .text          0x01009250        0x0 obj/emvtrans.o
 .text.EMVCancel
                0x01009250       0x70 obj/emvtrans.o
 .text.DeAss    0x010092c0       0x82 obj/emvtrans.o
                0x010092c0                DeAss
 .text.TagPut   0x01009342       0x10 obj/emvtrans.o
                0x01009342                TagPut
 .text.TagSeek  0x01009352       0x10 obj/emvtrans.o
                0x01009352                TagSeek
 .text.TagData  0x01009362       0x14 obj/emvtrans.o
                0x01009362                TagData
 *fill*         0x01009376        0x2 
 .text.PackTagsData
                0x01009378       0x48 obj/emvtrans.o
                0x01009378                PackTagsData
 .text.EMVFatal
                0x010093c0       0x40 obj/emvtrans.o
                0x010093c0                EMVFatal
 .text.EMVInput
                0x01009400      0x198 obj/emvtrans.o
                0x01009400                EMVInput
 .text.GetApplNameTag
                0x01009598       0x40 obj/emvtrans.o
                0x01009598                GetApplNameTag
 .text.ValidEMVData
                0x010095d8      0x58c obj/emvtrans.o
                0x010095d8                ValidEMVData
 .text.PackEMVData
                0x01009b64       0x20 obj/emvtrans.o
                0x01009b64                PackEMVData
 .text.debugEMV2
                0x01009b84       0x78 obj/emvtrans.o
                0x01009b84                debugEMV2
 .text.GetTxnCode
                0x01009bfc       0x1c obj/emvtrans.o
                0x01009bfc                GetTxnCode
 .text.EMVProcess
                0x01009c18      0x8fc obj/emvtrans.o
                0x01009c18                EMVProcess
 .text.EMVTrans
                0x0100a514      0x148 obj/emvtrans.o
                0x0100a514                EMVTrans
 .text.EMVInit  0x0100a65c       0x48 obj/emvtrans.o
                0x0100a65c                EMVInit
 .text          0x0100a6a4        0x0 obj/hardware.o
 .text.CloseAllHw
                0x0100a6a4       0x50 obj/hardware.o
                0x0100a6a4                CloseAllHw
 .text.WaitKey  0x0100a6f4       0xac obj/hardware.o
                0x0100a6f4                WaitKey
 .text.MSRSwiped
                0x0100a7a0       0xc8 obj/hardware.o
                0x0100a7a0                MSRSwiped
 .text.ICCInserted
                0x0100a868       0x4c obj/hardware.o
                0x0100a868                ICCInserted
 .text.ICCReaderRdy
                0x0100a8b4       0x38 obj/hardware.o
                0x0100a8b4                ICCReaderRdy
 .text.WaitICCRemove
                0x0100a8ec       0x4c obj/hardware.o
                0x0100a8ec                WaitICCRemove
 .text.PowerOnICC
                0x0100a938       0x18 obj/hardware.o
                0x0100a938                PowerOnICC
 .text.PowerOffICC
                0x0100a950       0x16 obj/hardware.o
                0x0100a950                PowerOffICC
 .text.OffDevice
                0x0100a966       0x34 obj/hardware.o
                0x0100a966                OffDevice
 *fill*         0x0100a99a        0x2 
 .text.InitAllHw
                0x0100a99c       0x90 obj/hardware.o
                0x0100a99c                InitAllHw
 .text.OnDevice
                0x0100aa2c       0x3c obj/hardware.o
                0x0100aa2c                OnDevice
 .text.PwrSleep
                0x0100aa68      0x19c obj/hardware.o
                0x0100aa68                PwrSleep
 .text          0x0100ac04        0x0 obj/hostmsg.o
 .text.print_field.isra.0
                0x0100ac04        0xc obj/hostmsg.o
 .text.PackProcCode
                0x0100ac10       0x3c obj/hostmsg.o
                0x0100ac10                PackProcCode
 .text.PackHostMsg
                0x0100ac4c      0xa0c obj/hostmsg.o
                0x0100ac4c                PackHostMsg
 .text.CheckHostRsp
                0x0100b658      0x748 obj/hostmsg.o
                0x0100b658                CheckHostRsp
 .text          0x0100bda0        0x0 obj/iface.o
 .text.UpdIfaceDat
                0x0100bda0       0x8c obj/iface.o
 .text.keyPut   0x0100be2c       0x88 obj/iface.o
 .text.encrypt  0x0100beb4       0xf8 obj/iface.o
 .text.errRspData.isra.0
                0x0100bfac       0x12 obj/iface.o
 .text.IfaceRx.part.8
                0x0100bfbe       0x2e obj/iface.o
 .text.rspPackFmt.isra.6.constprop.9
                0x0100bfec      0x150 obj/iface.o
 .text.IfaceInitData
                0x0100c13c      0x11c obj/iface.o
                0x0100c13c                IfaceInitData
 .text.packFullEmvData
                0x0100c258      0x2f0 obj/iface.o
                0x0100c258                packFullEmvData
 .text.ItfVoid  0x0100c548        0xe obj/iface.o
                0x0100c548                ItfVoid
 *fill*         0x0100c556        0x2 
 .text.ItfHostTot
                0x0100c558       0x24 obj/iface.o
                0x0100c558                ItfHostTot
 .text.ItfSettle
                0x0100c57c       0x44 obj/iface.o
                0x0100c57c                ItfSettle
 .text.Spt3MsgHdr
                0x0100c5c0      0x5a8 obj/iface.o
                0x0100c5c0                Spt3MsgHdr
 .text.IfaceInit
                0x0100cb68        0x4 obj/iface.o
                0x0100cb68                IfaceInit
 .text.IfaceClose
                0x0100cb6c        0x4 obj/iface.o
                0x0100cb6c                IfaceClose
 .text.debugAuxIface
                0x0100cb70      0x108 obj/iface.o
                0x0100cb70                debugAuxIface
 .text.IfaceTx  0x0100cc78       0x2a obj/iface.o
                0x0100cc78                IfaceTx
 .text.IfaceRx  0x0100cca2       0x28 obj/iface.o
                0x0100cca2                IfaceRx
 *fill*         0x0100ccca        0x2 
 .text.IfaceProcess
                0x0100cccc       0x60 obj/iface.o
                0x0100cccc                IfaceProcess
 .text          0x0100cd2c        0x0 obj/iface_util.o
 .text.UGet     0x0100cd2c       0x16 obj/iface_util.o
                0x0100cd2c                UGet
 .text.UPut     0x0100cd42       0x10 obj/iface_util.o
                0x0100cd42                UPut
 .text.WGet     0x0100cd52        0xc obj/iface_util.o
                0x0100cd52                WGet
 .text.Des      0x0100cd5e       0x26 obj/iface_util.o
                0x0100cd5e                Des
 .text.Des2     0x0100cd84       0x26 obj/iface_util.o
                0x0100cd84                Des2
 .text.TDes     0x0100cdaa       0x26 obj/iface_util.o
                0x0100cdaa                TDes
 .text.TDes2    0x0100cdd0       0x26 obj/iface_util.o
                0x0100cdd0                TDes2
 *fill*         0x0100cdf6        0x2 
 .text.Crc16    0x0100cdf8       0x28 obj/iface_util.o
                0x0100cdf8                Crc16
 .text.Random   0x0100ce20       0x38 obj/iface_util.o
                0x0100ce20                Random
 .text          0x0100ce58        0x0 obj/input.o
 .text.DispKeyinPAN
                0x0100ce58       0x94 obj/input.o
 .text.FindSeperator.constprop.2
                0x0100ceec       0x30 obj/input.o
 .text.CheckCurrency
                0x0100cf1c       0x8c obj/input.o
                0x0100cf1c                CheckCurrency
 .text.InCardTable
                0x0100cfa8      0x1a0 obj/input.o
                0x0100cfa8                InCardTable
 .text.PromptYesNo
                0x0100d148       0x28 obj/input.o
                0x0100d148                PromptYesNo
 .text.GetAuthCode
                0x0100d170       0xbc obj/input.o
                0x0100d170                GetAuthCode
 .text.GetAmount
                0x0100d22c      0x258 obj/input.o
                0x0100d22c                GetAmount
 .text.Expire_diff
                0x0100d484       0x58 obj/input.o
                0x0100d484                Expire_diff
 .text.ValidCard
                0x0100d4dc      0x308 obj/input.o
                0x0100d4dc                ValidCard
 .text.GetExpDate
                0x0100d7e4      0x118 obj/input.o
                0x0100d7e4                GetExpDate
 .text.GetProductCode
                0x0100d8fc      0x2c0 obj/input.o
                0x0100d8fc                GetProductCode
 .text.Get4DBC  0x0100dbbc       0x7c obj/input.o
                0x0100dbbc                Get4DBC
 .text.SearchRecord
                0x0100dc38      0x108 obj/input.o
                0x0100dc38                SearchRecord
 .text.GetCardNbr
                0x0100dd40       0xe8 obj/input.o
                0x0100dd40                GetCardNbr
 .text.GetCard  0x0100de28       0xf8 obj/input.o
                0x0100de28                GetCard
 .text.WaitCardTrans
                0x0100df20      0x328 obj/input.o
                0x0100df20                WaitCardTrans
 .text.GetEcrRef
                0x0100e248       0x84 obj/input.o
                0x0100e248                GetEcrRef
 .text.GetCashBackAmount
                0x0100e2cc       0xcc obj/input.o
                0x0100e2cc                GetCashBackAmount
 .text          0x0100e398        0x0 obj/keytrans.o
 .text.key_ready
                0x0100e398       0x24 obj/keytrans.o
                0x0100e398                key_ready
 .text.ResetKey
                0x0100e3bc       0x54 obj/keytrans.o
                0x0100e3bc                ResetKey
 .text.LoadTmk  0x0100e410      0x28c obj/keytrans.o
                0x0100e410                LoadTmk
 .text.LoadKeys
                0x0100e69c      0x220 obj/keytrans.o
                0x0100e69c                LoadKeys
 .text.EncData  0x0100e8bc      0x114 obj/keytrans.o
                0x0100e8bc                EncData
 .text.DecData  0x0100e9d0      0x114 obj/keytrans.o
                0x0100e9d0                DecData
 .text.SetMode  0x0100eae4      0x154 obj/keytrans.o
                0x0100eae4                SetMode
 .text.GetPIN   0x0100ec38       0xb4 obj/keytrans.o
                0x0100ec38                GetPIN
 .text.SetDhostIdx
                0x0100ecec       0x84 obj/keytrans.o
                0x0100ecec                SetDhostIdx
 .text.ResetDukptIkey
                0x0100ed70       0xac obj/keytrans.o
                0x0100ed70                ResetDukptIkey
 .text.LoadDukptIkey
                0x0100ee1c       0xdc obj/keytrans.o
                0x0100ee1c                LoadDukptIkey
 .text.GetDukptPin
                0x0100eef8      0x108 obj/keytrans.o
                0x0100eef8                GetDukptPin
 .text.IccTmkInject
                0x0100f000       0xec obj/keytrans.o
                0x0100f000                IccTmkInject
 .text          0x0100f0ec        0x0 obj/lptutil.o
 .text.RestartLpt
                0x0100f0ec       0x2c obj/lptutil.o
 .text.ResetLpt
                0x0100f118       0x2c obj/lptutil.o
 .text.WaitPrnFinish
                0x0100f144       0xe0 obj/lptutil.o
                0x0100f144                WaitPrnFinish
 .text.GetBatteryLevel
                0x0100f224       0x1e obj/lptutil.o
                0x0100f224                GetBatteryLevel
 .text.PrintLowBatt
                0x0100f242       0x10 obj/lptutil.o
                0x0100f242                PrintLowBatt
 *fill*         0x0100f252        0x2 
 .text.LptClose
                0x0100f254       0x2c obj/lptutil.o
                0x0100f254                LptClose
 .text.LptOpen  0x0100f280       0xf0 obj/lptutil.o
                0x0100f280                LptOpen
 .text.LptPutN  0x0100f370       0x54 obj/lptutil.o
                0x0100f370                LptPutN
 .text.LptPutS  0x0100f3c4       0x14 obj/lptutil.o
                0x0100f3c4                LptPutS
 .text.Adv2Bookmark
                0x0100f3d8       0x78 obj/lptutil.o
                0x0100f3d8                Adv2Bookmark
 .text.PrintLogo
                0x0100f450       0x88 obj/lptutil.o
                0x0100f450                PrintLogo
 .text.PrintBuf
                0x0100f4d8      0x148 obj/lptutil.o
                0x0100f4d8                PrintBuf
 .text.PrintRcptLF
                0x0100f620       0x24 obj/lptutil.o
                0x0100f620                PrintRcptLF
 .text.PrintRcptFF
                0x0100f644        0x6 obj/lptutil.o
                0x0100f644                PrintRcptFF
 .text          0x0100f64a        0x0 obj/main.o
 *fill*         0x0100f64a        0x2 
 .text.startup.main
                0x0100f64c       0x78 obj/main.o
                0x0100f64c                main
 .text          0x0100f6c4        0x0 obj/menu.o
 .text.MenuSelect
                0x0100f6c4      0x590 obj/menu.o
                0x0100f6c4                MenuSelect
 .text          0x0100fc54        0x0 obj/message.o
 .text.GetConstMsg
                0x0100fc54       0x10 obj/message.o
                0x0100fc54                GetConstMsg
 .text          0x0100fc64        0x0 obj/network.o
 .text.SetBannerMode
                0x0100fc64       0x48 obj/network.o
                0x0100fc64                SetBannerMode
 .text.IconPuts
                0x0100fcac       0x40 obj/network.o
                0x0100fcac                IconPuts
 .text.SetBannerText
                0x0100fcec       0x14 obj/network.o
                0x0100fcec                SetBannerText
 .text.GPRSReset
                0x0100fd00      0x14c obj/network.o
                0x0100fd00                GPRSReset
 .text.SetPPPConfig
                0x0100fe4c       0xa6 obj/network.o
                0x0100fe4c                SetPPPConfig
 *fill*         0x0100fef2        0x2 
 .text.NetworkInfo
                0x0100fef4      0x538 obj/network.o
                0x0100fef4                NetworkInfo
 .text.SelSIM   0x0101042c      0x2a4 obj/network.o
                0x0101042c                SelSIM
 .text.GetBatteryPercent
                0x010106d0       0x60 obj/network.o
                0x010106d0                GetBatteryPercent
 .text.ShowSimStatus
                0x01010730      0x154 obj/network.o
                0x01010730                ShowSimStatus
 .text.SimStatusThrd
                0x01010884       0x18 obj/network.o
                0x01010884                SimStatusThrd
 .text.NetworkInit
                0x0101089c      0x26c obj/network.o
                0x0101089c                NetworkInit
 .text.GetSubNum
                0x01010b08       0xb4 obj/network.o
                0x01010b08                GetSubNum
 .text.GetMobileNum
                0x01010bbc      0x1dc obj/network.o
                0x01010bbc                GetMobileNum
 .text.GetSimCCID
                0x01010d98      0x28c obj/network.o
                0x01010d98                GetSimCCID
 .text.MobileNumTest
                0x01011024       0xe4 obj/network.o
                0x01011024                MobileNumTest
 .text.SNTest   0x01011108       0xe8 obj/network.o
                0x01011108                SNTest
 .text.GetPPPStatus
                0x010111f0       0x20 obj/network.o
                0x010111f0                GetPPPStatus
 .text.DispNifInfo2
                0x01011210       0xe4 obj/network.o
                0x01011210                DispNifInfo2
 .text.ShowPPPStatus
                0x010112f4      0x144 obj/network.o
                0x010112f4                ShowPPPStatus
 .text          0x01011438        0x0 obj/record.o
 .text.MoveInput2Tx
                0x01011438       0x2c obj/record.o
                0x01011438                MoveInput2Tx
 .text.Input2RecordBuf
                0x01011464       0xa0 obj/record.o
                0x01011464                Input2RecordBuf
 .text.UpdateHostStatus
                0x01011504       0xa0 obj/record.o
                0x01011504                UpdateHostStatus
 .text.SaveRecord
                0x010115a4       0x78 obj/record.o
                0x010115a4                SaveRecord
 .text.SaveOfflRecord
                0x0101161c       0x70 obj/record.o
                0x0101161c                SaveOfflRecord
 .text.UpdateRecord
                0x0101168c       0x70 obj/record.o
                0x0101168c                UpdateRecord
 .text          0x010116fc        0x0 obj/refund.o
 .text.RefundTrans
                0x010116fc      0x13c obj/refund.o
                0x010116fc                RefundTrans
 .text          0x01011838        0x0 obj/testrans.o
 .text.TestTrans
                0x01011838       0xc0 obj/testrans.o
                0x01011838                TestTrans
 .text          0x010118f8        0x0 obj/toggle.o
 .text.ToggleOption
                0x010118f8      0x12c obj/toggle.o
                0x010118f8                ToggleOption
 .text          0x01011a24        0x0 obj/tpadtest.o
 .text.IconPutS
                0x01011a24       0x2e obj/tpadtest.o
 *fill*         0x01011a52        0x2 
 .text.TouchDetected2
                0x01011a54       0x60 obj/tpadtest.o
 .text.TouchDetected1
                0x01011ab4       0x60 obj/tpadtest.o
 .text.TouchDetected0
                0x01011b14       0x60 obj/tpadtest.o
 .text.TouchLoss
                0x01011b74       0x38 obj/tpadtest.o
 .text.CleanTPadConf
                0x01011bac        0xa obj/tpadtest.o
 *fill*         0x01011bb6        0x2 
 .text.UpdTPadDotSize
                0x01011bb8       0x5c obj/tpadtest.o
 .text.DotUpDn  0x01011c14       0x2c obj/tpadtest.o
 .text.DotDn    0x01011c40       0x14 obj/tpadtest.o
 .text.DotUp    0x01011c54       0x14 obj/tpadtest.o
 .text.TPadTest
                0x01011c68      0x1e4 obj/tpadtest.o
                0x01011c68                TPadTest
 .text.TPadTestEnable
                0x01011e4c       0x10 obj/tpadtest.o
                0x01011e4c                TPadTestEnable
 .text.SPadTest
                0x01011e5c      0x1dc obj/tpadtest.o
                0x01011e5c                SPadTest
 .text          0x01012038        0x0 obj/tranutil.o
 .text.AddTotal
                0x01012038       0x16 obj/tranutil.o
 *fill*         0x0101204e        0x2 
 .text.PackContents
                0x01012050      0x29c obj/tranutil.o
 .text.PackContent
                0x010122ec      0x264 obj/tranutil.o
 .text.PackTelNo
                0x01012550       0x88 obj/tranutil.o
 .text.PackTxnSlip.part.0
                0x010125d8       0x14 obj/tranutil.o
 .text.ValidAcquirer
                0x010125ec       0x68 obj/tranutil.o
 .text.OverMargin
                0x01012654       0x44 obj/tranutil.o
                0x01012654                OverMargin
 .text.PackDTGAA
                0x01012698       0x2c obj/tranutil.o
                0x01012698                PackDTGAA
 .text.PackDateTime
                0x010126c4       0x48 obj/tranutil.o
                0x010126c4                PackDateTime
 .text.Packprintissuer
                0x0101270c      0x210 obj/tranutil.o
                0x0101270c                Packprintissuer
 .text.Packprintconfig
                0x0101291c      0x6b4 obj/tranutil.o
                0x0101291c                Packprintconfig
 .text.PackHeader
                0x01012fd0       0x78 obj/tranutil.o
                0x01012fd0                PackHeader
 .text.PackRecordP
                0x01013048       0xc8 obj/tranutil.o
                0x01013048                PackRecordP
 .text.PackInputP
                0x01013110       0xf0 obj/tranutil.o
                0x01013110                PackInputP
 .text.DispHeader
                0x01013200       0xc0 obj/tranutil.o
                0x01013200                DispHeader
 .text.SetRspCode
                0x010132c0        0xc obj/tranutil.o
                0x010132c0                SetRspCode
 .text.ClearResponse
                0x010132cc       0x3c obj/tranutil.o
                0x010132cc                ClearResponse
 .text.ConfirmCard
                0x01013308      0x1e8 obj/tranutil.o
                0x01013308                ConfirmCard
 .text.PackRspText
                0x010134f0       0xa4 obj/tranutil.o
                0x010134f0                PackRspText
 .text.DispRspText
                0x01013594       0xd0 obj/tranutil.o
                0x01013594                DispRspText
 .text.DispErrorMsg
                0x01013664       0x30 obj/tranutil.o
                0x01013664                DispErrorMsg
 .text.TransEnd
                0x01013694      0x138 obj/tranutil.o
                0x01013694                TransEnd
 .text.DispAmount
                0x010137cc       0x98 obj/tranutil.o
                0x010137cc                DispAmount
 .text.AddToTotals
                0x01013864      0x1b0 obj/tranutil.o
                0x01013864                AddToTotals
 .text.CalIssuerSum
                0x01013a14       0x40 obj/tranutil.o
 .text.CalTotals
                0x01013a54       0x5c obj/tranutil.o
                0x01013a54                CalTotals
 .text.PackIssuerSum
                0x01013ab0      0x2d8 obj/tranutil.o
                0x01013ab0                PackIssuerSum
 .text.PackIssuerSumT
                0x01013d88      0x278 obj/tranutil.o
                0x01013d88                PackIssuerSumT
 .text.FormatHolderName
                0x01014000       0x6e obj/tranutil.o
                0x01014000                FormatHolderName
 *fill*         0x0101406e        0x2 
 .text.IncTraceNoEND
                0x01014070       0x34 obj/tranutil.o
                0x01014070                IncTraceNoEND
 .text.IncTraceNo
                0x010140a4       0x30 obj/tranutil.o
                0x010140a4                IncTraceNo
 .text.ClearRspData
                0x010140d4       0x4c obj/tranutil.o
                0x010140d4                ClearRspData
 .text.ResetTerm
                0x01014120       0x6c obj/tranutil.o
                0x01014120                ResetTerm
 .text.PackComm
                0x0101418c      0x40c obj/tranutil.o
                0x0101418c                PackComm
 .text.TransAllowed
                0x01014598      0x16c obj/tranutil.o
                0x01014598                TransAllowed
 .text          0x01014704        0x0 obj/wavecom.o
 .text.ClearCmdBuf
                0x01014704       0x48 obj/wavecom.o
 .text.SendWaitRsp.part.0
                0x0101474c      0x128 obj/wavecom.o
 .text.SendWaitRsp
                0x01014874       0x68 obj/wavecom.o
 .text.SetSmsMode.part.1
                0x010148dc       0x3c obj/wavecom.o
 .text.Asc2DWVAL.constprop.7
                0x01014918       0x22 obj/wavecom.o
 *fill*         0x0101493a        0x2 
 .text.WaitModuReady
                0x0101493c       0x4c obj/wavecom.o
                0x0101493c                WaitModuReady
 .text.SimDetect
                0x01014988       0x38 obj/wavecom.o
                0x01014988                SimDetect
 .text.RegisterNetwork
                0x010149c0       0x84 obj/wavecom.o
                0x010149c0                RegisterNetwork
 .text.AttachGPRS
                0x01014a44       0x34 obj/wavecom.o
                0x01014a44                AttachGPRS
 .text.GetPHBCapcity
                0x01014a78       0xbc obj/wavecom.o
                0x01014a78                GetPHBCapcity
 .text.GetContact
                0x01014b34       0xb4 obj/wavecom.o
                0x01014b34                GetContact
 .text.LoadPhoneBook
                0x01014be8       0x48 obj/wavecom.o
                0x01014be8                LoadPhoneBook
 .text.SortPhoneBook
                0x01014c30       0xb8 obj/wavecom.o
                0x01014c30                SortPhoneBook
 .text.SelectPHBook
                0x01014ce8      0x100 obj/wavecom.o
                0x01014ce8                SelectPHBook
 .text.WriteContact
                0x01014de8       0x90 obj/wavecom.o
                0x01014de8                WriteContact
 .text.DelContact
                0x01014e78       0x5c obj/wavecom.o
                0x01014e78                DelContact
 .text.AllCallForward
                0x01014ed4       0x4c obj/wavecom.o
                0x01014ed4                AllCallForward
 .text.MakeCall
                0x01014f20       0x40 obj/wavecom.o
                0x01014f20                MakeCall
 .text.MakeReqCall
                0x01014f60       0x4c obj/wavecom.o
                0x01014f60                MakeReqCall
 .text.CheckCallStatus
                0x01014fac       0x80 obj/wavecom.o
                0x01014fac                CheckCallStatus
 .text.AnswerCall
                0x0101502c       0x28 obj/wavecom.o
                0x0101502c                AnswerCall
 .text.SendKeyPress
                0x01015054       0x1c obj/wavecom.o
                0x01015054                SendKeyPress
 .text.HangUp   0x01015070       0x28 obj/wavecom.o
                0x01015070                HangUp
 .text.CheckCallEnd
                0x01015098       0x58 obj/wavecom.o
                0x01015098                CheckCallEnd
 .text.GetCallerID
                0x010150f0       0x54 obj/wavecom.o
                0x010150f0                GetCallerID
 .text.ReadGain
                0x01015144       0x20 obj/wavecom.o
                0x01015144                ReadGain
 .text.WriteGain
                0x01015164       0x3c obj/wavecom.o
                0x01015164                WriteGain
 .text.GetOptrName
                0x010151a0       0x6c obj/wavecom.o
                0x010151a0                GetOptrName
 .text.FacilityEnable
                0x0101520c       0x98 obj/wavecom.o
                0x0101520c                FacilityEnable
 .text.CheckPinState
                0x010152a4       0x80 obj/wavecom.o
                0x010152a4                CheckPinState
 .text.EnterPin
                0x01015324       0x4c obj/wavecom.o
                0x01015324                EnterPin
 .text.ChangePin
                0x01015370       0x94 obj/wavecom.o
                0x01015370                ChangePin
 .text.SetNewMsgInd
                0x01015404       0x20 obj/wavecom.o
                0x01015404                SetNewMsgInd
 .text.GetSmsMode
                0x01015424       0x4c obj/wavecom.o
                0x01015424                GetSmsMode
 .text.GetSmsTotal
                0x01015470       0xa0 obj/wavecom.o
                0x01015470                GetSmsTotal
 .text.LoadSmsInbox
                0x01015510      0x29c obj/wavecom.o
                0x01015510                LoadSmsInbox
 .text.ReadSms  0x010157ac      0x10c obj/wavecom.o
                0x010157ac                ReadSms
 .text.DelSms   0x010158b8       0x84 obj/wavecom.o
                0x010158b8                DelSms
 .text.SmsSend  0x0101593c       0xb4 obj/wavecom.o
                0x0101593c                SmsSend
 .text.ModuleInit
                0x010159f0       0x38 obj/wavecom.o
                0x010159f0                ModuleInit
 .text          0x01015a28        0x0 obj/cstartup.o
 .text.SegmentInit
                0x01015a28       0x78 obj/cstartup.o
                0x01015a28                SegmentInit
 .text          0x01015aa0        0x0 obj/expect_send.o
 .text.expect_send_release
                0x01015aa0       0x58 obj/expect_send.o
                0x01015aa0                expect_send_release
 .text.expect_send_alloc
                0x01015af8      0x10e obj/expect_send.o
                0x01015af8                expect_send_alloc
 .text          0x01015c06        0x0 obj/libc.o
 .text.printchar
                0x01015c06       0x14 obj/libc.o
 .text.prints   0x01015c1a       0xaa obj/libc.o
 .text.printi   0x01015cc4       0xa0 obj/libc.o
 *fill*         0x01015d64        0x4 
 .text.print    0x01015d68      0x2c0 obj/libc.o
 .text._read_r  0x01016028       0x2a obj/libc.o
                0x01016028                _read_r
 .text._write_r
                0x01016052       0x22 obj/libc.o
                0x01016052                _write_r
 .text._close_r
                0x01016074        0x4 obj/libc.o
                0x01016074                _close_r
 .text._lseek_r
                0x01016078        0x4 obj/libc.o
                0x01016078                _lseek_r
 .text._fstat_r
                0x0101607c        0xa obj/libc.o
                0x0101607c                _fstat_r
 .text.isatty   0x01016086        0x4 obj/libc.o
                0x01016086                isatty
 *fill*         0x0101608a        0x2 
 .text._sbrk_r  0x0101608c       0x2c obj/libc.o
                0x0101608c                _sbrk_r
 .text.putchar  0x010160b8        0xe obj/libc.o
                0x010160b8                putchar
 .text.printf   0x010160c6       0x1c obj/libc.o
                0x010160c6                printf
 .text.sprintf  0x010160e2       0x1e obj/libc.o
                0x010160e2                sprintf
 .text          0x01016100      0x5f4 ../LibA5T1000/gcc\libsyscall.a(app_call.o)
                0x01016100                lib_app_call
 .text          0x010166f4       0x20 ../LibA5T1000/gcc\libsyscall.a(sys_call.o)
                0x010166f4                sys_func3
                0x010166f8                sys_func0
                0x01016704                sys_func1
                0x0101670c                sys_func2
 .text          0x01016714       0x1c ../LibA5T1000/gcc\libbasecall.a(base_call.o)
                0x01016714                base_func3
                0x01016718                base_func0
                0x01016722                base_func1
                0x0101672a                base_func2
 .text          0x01016730       0x52 ../LibA5T1000/gcc\libsptutil.a(bcd2bin.o)
                0x01016730                bcd2bin
                0x0101674c                lbcd2lbin
 .text          0x01016782        0xe ../LibA5T1000/gcc\libsptutil.a(bcd2val.o)
                0x01016782                bcd2val
 .text          0x01016790       0x40 ../LibA5T1000/gcc\libsptutil.a(bcdadd.o)
                0x01016790                bcdadd
 .text          0x010167d0       0x32 ../LibA5T1000/gcc\libsptutil.a(bcdinc.o)
                0x010167d0                bcdinc
 .text          0x01016802       0x3e ../LibA5T1000/gcc\libsptutil.a(bcdsub.o)
                0x01016802                bcdsub
 .text          0x01016840       0x3c ../LibA5T1000/gcc\libsptutil.a(bin2bcd.o)
                0x01016840                binary2bcd
                0x01016876                bin2bcd
 .text          0x0101687c       0x28 ../LibA5T1000/gcc\libsptutil.a(bin2dec.o)
                0x0101687c                bin2dec
 .text          0x010168a4       0x1a ../LibA5T1000/gcc\libsptutil.a(bindec_d.o)
                0x010168a4                bindec_data
 .text          0x010168be       0x36 ../LibA5T1000/gcc\libsptutil.a(chkdok.o)
                0x010168be                chk_digit_ok
 .text          0x010168f4       0x32 ../LibA5T1000/gcc\libsptutil.a(compress.o)
                0x010168f4                compress
 *fill*         0x01016926        0x2 
 .text          0x01016928       0x30 ../LibA5T1000/gcc\libsptutil.a(crcccitt.o)
                0x01016928                cal_crcx
                0x01016950                cal_crc
 .text          0x01016958       0x42 ../LibA5T1000/gcc\libsptutil.a(dbin2asc.o)
                0x01016958                dbin2asc
 .text          0x0101699a       0x60 ../LibA5T1000/gcc\libsptutil.a(dbin2bcd.o)
                0x0101699a                dbin2bcd
 .text          0x010169fa       0x40 ../LibA5T1000/gcc\libsptutil.a(decbin8b.o)
                0x010169fa                decbin8b
 .text          0x01016a3a       0x18 ../LibA5T1000/gcc\libsptutil.a(fndb.o)
                0x01016a3a                fndb
 *fill*         0x01016a52        0x2 
 .text          0x01016a54       0x64 ../LibA5T1000/gcc\libsptutil.a(get_byte.o)
                0x01016a54                get_byte
                0x01016a64                get_word
                0x01016a74                get_dword
                0x01016a94                get_dword_le
 .text          0x01016ab8       0x14 ../LibA5T1000/gcc\libsptutil.a(get_dist.o)
                0x01016ab8                get_distance
 .text          0x01016acc       0x2c ../LibA5T1000/gcc\libsptutil.a(get_mem.o)
                0x01016acc                get_mem
 .text          0x01016af8        0xc ../LibA5T1000/gcc\libsptutil.a(get_pptr.o)
                0x01016af8                get_pptr
 .text          0x01016b04       0x10 ../LibA5T1000/gcc\libsptutil.a(hex_val.o)
                0x01016b04                hex_value
 .text          0x01016b14       0x20 ../LibA5T1000/gcc\libsptutil.a(inc_pptr.o)
                0x01016b14                inc_pptr
 .text          0x01016b34       0x18 ../LibA5T1000/gcc\libsptutil.a(isbdigit.o)
                0x01016b34                isbdigit
 .text          0x01016b4c       0xfc ../LibA5T1000/gcc\libsptutil.a(pack_b.o)
                0x01016b4c                pack_byte
                0x01016b70                pack_word
                0x01016b9c                pack_dword
                0x01016bdc                pack_word_le
                0x01016c08                pack_dword_le
 .text          0x01016c48        0x6 ../LibA5T1000/gcc\libsptutil.a(pack_lf.o)
                0x01016c48                pack_lf
 .text          0x01016c4e        0x8 ../LibA5T1000/gcc\libsptutil.a(pack_lfs.o)
                0x01016c4e                pack_lfs
 *fill*         0x01016c56        0x2 
 .text          0x01016c58       0x28 ../LibA5T1000/gcc\libsptutil.a(pack_mem.o)
                0x01016c58                pack_mem
 .text          0x01016c80       0x28 ../LibA5T1000/gcc\libsptutil.a(pack_nb.o)
                0x01016c80                pack_nbyte
 .text          0x01016ca8        0x8 ../LibA5T1000/gcc\libsptutil.a(pack_spc.o)
                0x01016ca8                pack_space
 .text          0x01016cb0       0x18 ../LibA5T1000/gcc\libsptutil.a(pack_str.o)
                0x01016cb0                pack_str
 .text          0x01016cc8       0x38 ../LibA5T1000/gcc\libsptutil.a(set_pptr.o)
                0x01016cc8                buffer_overflow
                0x01016ce4                set_pptr
 .text          0x01016d00       0x18 ../LibA5T1000/gcc\libsptutil.a(skpb.o)
                0x01016d00                skpb
 .text          0x01016d18       0x2c ../LibA5T1000/gcc\libsptutil.a(split.o)
                0x01016d18                split
 .text          0x01016d44       0x28 ../LibA5T1000/gcc\libsptutil.a(split_d.o)
                0x01016d44                split_data
 .text          0x01016d6c       0x18 ../LibA5T1000/gcc\libsptutil.a(val2bcd.o)
                0x01016d6c                val2bcd
 .text          0x01016d84        0xe ../LibA5T1000/gcc\libsptutil.a(hexdigit.o)
                0x01016d84                hex_digit
 *fill*         0x01016d92        0x2 
 .text          0x01016d94      0x7b4 ../LibA5T1000/gcc\libspglib.a(GIFLib.o)
                0x010170b4                GIFSetPos
                0x010170c0                GIFPlay
                0x0101715c                GIFPlayOn
                0x01017174                GIFStop
                0x010171c4                GIFUnLoad
                0x01017230                GIFLoadMem
 .text          0x01017548      0x340 ../LibA5T1000/gcc\libspglib.a(GLib.o)
                0x01017548                GD_SetDotSize
                0x0101756c                GD_SetDotColor
                0x01017598                GD_SetInSpace
                0x010175a4                GD_SetOutSpace
                0x010175b0                FillColorPixel
                0x010175e4                FillMonoPixel
                0x0101761e                GD_Dot
                0x01017690                GD_Point
                0x01017696                GD_Line
                0x0101776c                GD_Rectangle
                0x010177f4                GD_Triangle
                0x0101781c                GD_Circle
 .text          0x01017888        0x0 C:\DevTools\gcc_v49_2014q4/arm-none-eabi/lib/thumb\libc.a(lib_a-memcmp.o)
 .text.memcmp   0x01017888       0x54 C:\DevTools\gcc_v49_2014q4/arm-none-eabi/lib/thumb\libc.a(lib_a-memcmp.o)
                0x01017888                memcmp
 .text          0x010178dc        0x0 C:\DevTools\gcc_v49_2014q4/arm-none-eabi/lib/thumb\libc.a(lib_a-memcpy.o)
 .text.memcpy   0x010178dc       0x80 C:\DevTools\gcc_v49_2014q4/arm-none-eabi/lib/thumb\libc.a(lib_a-memcpy.o)
                0x010178dc                memcpy
 .text          0x0101795c        0x0 C:\DevTools\gcc_v49_2014q4/arm-none-eabi/lib/thumb\libc.a(lib_a-memmove.o)
 .text.memmove  0x0101795c       0x9c C:\DevTools\gcc_v49_2014q4/arm-none-eabi/lib/thumb\libc.a(lib_a-memmove.o)
                0x0101795c                memmove
 .text          0x010179f8        0x0 C:\DevTools\gcc_v49_2014q4/arm-none-eabi/lib/thumb\libc.a(lib_a-memset.o)
 .text.memset   0x010179f8       0x94 C:\DevTools\gcc_v49_2014q4/arm-none-eabi/lib/thumb\libc.a(lib_a-memset.o)
                0x010179f8                memset
 .text          0x01017a8c        0x0 C:\DevTools\gcc_v49_2014q4/arm-none-eabi/lib/thumb\libc.a(lib_a-puts.o)
 .text._puts_r  0x01017a8c       0x60 C:\DevTools\gcc_v49_2014q4/arm-none-eabi/lib/thumb\libc.a(lib_a-puts.o)
                0x01017a8c                _puts_r
 .text.puts     0x01017aec       0x18 C:\DevTools\gcc_v49_2014q4/arm-none-eabi/lib/thumb\libc.a(lib_a-puts.o)
                0x01017aec                puts
 .text          0x01017b04        0x0 C:\DevTools\gcc_v49_2014q4/arm-none-eabi/lib/thumb\libc.a(lib_a-strcat.o)
 .text.strcat   0x01017b04       0x54 C:\DevTools\gcc_v49_2014q4/arm-none-eabi/lib/thumb\libc.a(lib_a-strcat.o)
                0x01017b04                strcat
 .text          0x01017b58        0x0 C:\DevTools\gcc_v49_2014q4/arm-none-eabi/lib/thumb\libc.a(lib_a-strchr.o)
 .text.strchr   0x01017b58       0xdc C:\DevTools\gcc_v49_2014q4/arm-none-eabi/lib/thumb\libc.a(lib_a-strchr.o)
                0x01017b58                strchr
 .text          0x01017c34        0x0 C:\DevTools\gcc_v49_2014q4/arm-none-eabi/lib/thumb\libc.a(lib_a-strcpy.o)
 .text.strcpy   0x01017c34       0x10 C:\DevTools\gcc_v49_2014q4/arm-none-eabi/lib/thumb\libc.a(lib_a-strcpy.o)
                0x01017c34                strcpy
 .text          0x01017c44        0x0 C:\DevTools\gcc_v49_2014q4/arm-none-eabi/lib/thumb\libc.a(lib_a-strlen.o)
 .text.strlen   0x01017c44       0x6c C:\DevTools\gcc_v49_2014q4/arm-none-eabi/lib/thumb\libc.a(lib_a-strlen.o)
                0x01017c44                strlen
 .text          0x01017cb0        0x0 C:\DevTools\gcc_v49_2014q4/arm-none-eabi/lib/thumb\libc.a(lib_a-strstr.o)
 .text.critical_factorization
                0x01017cb0       0xc4 C:\DevTools\gcc_v49_2014q4/arm-none-eabi/lib/thumb\libc.a(lib_a-strstr.o)
 .text.two_way_long_needle
                0x01017d74      0x1f8 C:\DevTools\gcc_v49_2014q4/arm-none-eabi/lib/thumb\libc.a(lib_a-strstr.o)
 .text.strstr   0x01017f6c      0x228 C:\DevTools\gcc_v49_2014q4/arm-none-eabi/lib/thumb\libc.a(lib_a-strstr.o)
                0x01017f6c                strstr
 .text          0x01018194        0x0 C:\DevTools\gcc_v49_2014q4/arm-none-eabi/lib/thumb\libc.a(lib_a-fvwrite.o)
 .text.__sfvwrite_r
                0x01018194      0x340 C:\DevTools\gcc_v49_2014q4/arm-none-eabi/lib/thumb\libc.a(lib_a-fvwrite.o)
                0x01018194                __sfvwrite_r
 .text          0x010184d4        0x0 C:\DevTools\gcc_v49_2014q4/arm-none-eabi/lib/thumb\libc.a(lib_a-impure.o)
 .text          0x010184d4        0x0 C:\DevTools\gcc_v49_2014q4/arm-none-eabi/lib/thumb\libc.a(lib_a-mallocr.o)
 .text._malloc_r
                0x010184d4      0x54c C:\DevTools\gcc_v49_2014q4/arm-none-eabi/lib/thumb\libc.a(lib_a-mallocr.o)
                0x010184d4                _malloc_r
 .text          0x01018a20        0x0 C:\DevTools\gcc_v49_2014q4/arm-none-eabi/lib/thumb\libc.a(lib_a-memchr.o)
 .text.memchr   0x01018a20       0x8c C:\DevTools\gcc_v49_2014q4/arm-none-eabi/lib/thumb\libc.a(lib_a-memchr.o)
                0x01018a20                memchr
 .text          0x01018aac        0x0 C:\DevTools\gcc_v49_2014q4/arm-none-eabi/lib/thumb\libc.a(lib_a-mlock.o)
 .text.__malloc_lock
                0x01018aac        0x4 C:\DevTools\gcc_v49_2014q4/arm-none-eabi/lib/thumb\libc.a(lib_a-mlock.o)
                0x01018aac                __malloc_lock
 .text.__malloc_unlock
                0x01018ab0        0x4 C:\DevTools\gcc_v49_2014q4/arm-none-eabi/lib/thumb\libc.a(lib_a-mlock.o)
                0x01018ab0                __malloc_unlock
 .text          0x01018ab4        0x0 C:\DevTools\gcc_v49_2014q4/arm-none-eabi/lib/thumb\libc.a(lib_a-reallocr.o)
 .text._realloc_r
                0x01018ab4      0x3dc C:\DevTools\gcc_v49_2014q4/arm-none-eabi/lib/thumb\libc.a(lib_a-reallocr.o)
                0x01018ab4                _realloc_r
 .text          0x01018e90        0x0 C:\DevTools\gcc_v49_2014q4/arm-none-eabi/lib/thumb\libc.a(lib_a-wsetup.o)
 .text.__swsetup_r
                0x01018e90       0xd0 C:\DevTools\gcc_v49_2014q4/arm-none-eabi/lib/thumb\libc.a(lib_a-wsetup.o)
                0x01018e90                __swsetup_r
 .text          0x01018f60        0x0 C:\DevTools\gcc_v49_2014q4/arm-none-eabi/lib/thumb\libc.a(lib_a-fflush.o)
 .text.__sflush_r
                0x01018f60      0x168 C:\DevTools\gcc_v49_2014q4/arm-none-eabi/lib/thumb\libc.a(lib_a-fflush.o)
                0x01018f60                __sflush_r
 .text._fflush_r
                0x010190c8       0x30 C:\DevTools\gcc_v49_2014q4/arm-none-eabi/lib/thumb\libc.a(lib_a-fflush.o)
                0x010190c8                _fflush_r
 .text.fflush   0x010190f8       0x2c C:\DevTools\gcc_v49_2014q4/arm-none-eabi/lib/thumb\libc.a(lib_a-fflush.o)
                0x010190f8                fflush
 .text          0x01019124        0x0 C:\DevTools\gcc_v49_2014q4/arm-none-eabi/lib/thumb\libc.a(lib_a-findfp.o)
 .text.__fp_lock
                0x01019124        0x4 C:\DevTools\gcc_v49_2014q4/arm-none-eabi/lib/thumb\libc.a(lib_a-findfp.o)
 .text.__fp_unlock
                0x01019128        0x4 C:\DevTools\gcc_v49_2014q4/arm-none-eabi/lib/thumb\libc.a(lib_a-findfp.o)
 .text._cleanup_r
                0x0101912c       0x14 C:\DevTools\gcc_v49_2014q4/arm-none-eabi/lib/thumb\libc.a(lib_a-findfp.o)
                0x0101912c                _cleanup_r
 .text.__sinit.part.1
                0x01019140       0xf4 C:\DevTools\gcc_v49_2014q4/arm-none-eabi/lib/thumb\libc.a(lib_a-findfp.o)
 .text.__sfmoreglue
                0x01019234       0x34 C:\DevTools\gcc_v49_2014q4/arm-none-eabi/lib/thumb\libc.a(lib_a-findfp.o)
                0x01019234                __sfmoreglue
 .text.__sfp    0x01019268       0x94 C:\DevTools\gcc_v49_2014q4/arm-none-eabi/lib/thumb\libc.a(lib_a-findfp.o)
                0x01019268                __sfp
 .text._cleanup
                0x010192fc       0x1c C:\DevTools\gcc_v49_2014q4/arm-none-eabi/lib/thumb\libc.a(lib_a-findfp.o)
                0x010192fc                _cleanup
 .text.__sinit  0x01019318       0x14 C:\DevTools\gcc_v49_2014q4/arm-none-eabi/lib/thumb\libc.a(lib_a-findfp.o)
                0x01019318                __sinit
 .text.__sfp_lock_acquire
                0x0101932c        0x4 C:\DevTools\gcc_v49_2014q4/arm-none-eabi/lib/thumb\libc.a(lib_a-findfp.o)
                0x0101932c                __sfp_lock_acquire
 .text.__sfp_lock_release
                0x01019330        0x4 C:\DevTools\gcc_v49_2014q4/arm-none-eabi/lib/thumb\libc.a(lib_a-findfp.o)
                0x01019330                __sfp_lock_release
 .text.__sinit_lock_acquire
                0x01019334        0x4 C:\DevTools\gcc_v49_2014q4/arm-none-eabi/lib/thumb\libc.a(lib_a-findfp.o)
                0x01019334                __sinit_lock_acquire
 .text.__sinit_lock_release
                0x01019338        0x4 C:\DevTools\gcc_v49_2014q4/arm-none-eabi/lib/thumb\libc.a(lib_a-findfp.o)
                0x01019338                __sinit_lock_release
 .text.__fp_lock_all
                0x0101933c       0x1c C:\DevTools\gcc_v49_2014q4/arm-none-eabi/lib/thumb\libc.a(lib_a-findfp.o)
                0x0101933c                __fp_lock_all
 .text.__fp_unlock_all
                0x01019358       0x1c C:\DevTools\gcc_v49_2014q4/arm-none-eabi/lib/thumb\libc.a(lib_a-findfp.o)
                0x01019358                __fp_unlock_all
 .text          0x01019374        0x0 C:\DevTools\gcc_v49_2014q4/arm-none-eabi/lib/thumb\libc.a(lib_a-freer.o)
 .text._malloc_trim_r
                0x01019374       0xa4 C:\DevTools\gcc_v49_2014q4/arm-none-eabi/lib/thumb\libc.a(lib_a-freer.o)
                0x01019374                _malloc_trim_r
 .text._free_r  0x01019418      0x1b4 C:\DevTools\gcc_v49_2014q4/arm-none-eabi/lib/thumb\libc.a(lib_a-freer.o)
                0x01019418                _free_r
 .text          0x010195cc        0x0 C:\DevTools\gcc_v49_2014q4/arm-none-eabi/lib/thumb\libc.a(lib_a-fwalk.o)
 .text._fwalk   0x010195cc       0x50 C:\DevTools\gcc_v49_2014q4/arm-none-eabi/lib/thumb\libc.a(lib_a-fwalk.o)
                0x010195cc                _fwalk
 .text._fwalk_reent
                0x0101961c       0x58 C:\DevTools\gcc_v49_2014q4/arm-none-eabi/lib/thumb\libc.a(lib_a-fwalk.o)
                0x0101961c                _fwalk_reent
 .text          0x01019674        0x0 C:\DevTools\gcc_v49_2014q4/arm-none-eabi/lib/thumb\libc.a(lib_a-makebuf.o)
 .text.__smakebuf_r
                0x01019674      0x100 C:\DevTools\gcc_v49_2014q4/arm-none-eabi/lib/thumb\libc.a(lib_a-makebuf.o)
                0x01019674                __smakebuf_r
 .text          0x01019774        0x0 C:\DevTools\gcc_v49_2014q4/arm-none-eabi/lib/thumb\libc.a(lib_a-stdio.o)
 .text.__sread  0x01019774       0x2c C:\DevTools\gcc_v49_2014q4/arm-none-eabi/lib/thumb\libc.a(lib_a-stdio.o)
                0x01019774                __sread
 .text.__seofread
                0x010197a0        0x4 C:\DevTools\gcc_v49_2014q4/arm-none-eabi/lib/thumb\libc.a(lib_a-stdio.o)
                0x010197a0                __seofread
 .text.__swrite
                0x010197a4       0x3c C:\DevTools\gcc_v49_2014q4/arm-none-eabi/lib/thumb\libc.a(lib_a-stdio.o)
                0x010197a4                __swrite
 .text.__sseek  0x010197e0       0x30 C:\DevTools\gcc_v49_2014q4/arm-none-eabi/lib/thumb\libc.a(lib_a-stdio.o)
                0x010197e0                __sseek
 .text.__sclose
                0x01019810       0x10 C:\DevTools\gcc_v49_2014q4/arm-none-eabi/lib/thumb\libc.a(lib_a-stdio.o)
                0x01019810                __sclose
 .text          0x01019820        0x0 C:\DevTools\gcc_v49_2014q4/arm-none-eabi/lib/thumb\libc.a(lib_a-fclose.o)
 .text._fclose_r
                0x01019820       0x94 C:\DevTools\gcc_v49_2014q4/arm-none-eabi/lib/thumb\libc.a(lib_a-fclose.o)
                0x01019820                _fclose_r
 .text.fclose   0x010198b4       0x18 C:\DevTools\gcc_v49_2014q4/arm-none-eabi/lib/thumb\libc.a(lib_a-fclose.o)
                0x010198b4                fclose
 .text          0x010198cc        0x0 C:\DevTools\gcc_v49_2014q4/arm-none-eabi/lib/thumb\libc.a(lib_a-isattyr.o)
 .text._isatty_r
                0x010198cc       0x28 C:\DevTools\gcc_v49_2014q4/arm-none-eabi/lib/thumb\libc.a(lib_a-isattyr.o)
                0x010198cc                _isatty_r
 .text          0x010198f4        0x0 C:\DevTools\gcc_v49_2014q4/arm-none-eabi/lib/thumb\libc.a(lib_a-reent.o)
 .text.cleanup_glue
                0x010198f4       0x20 C:\DevTools\gcc_v49_2014q4/arm-none-eabi/lib/thumb\libc.a(lib_a-reent.o)
                0x010198f4                cleanup_glue
 .text._reclaim_reent
                0x01019914       0xa0 C:\DevTools\gcc_v49_2014q4/arm-none-eabi/lib/thumb\libc.a(lib_a-reent.o)
                0x01019914                _reclaim_reent
 .text          0x010199b4        0x0 C:\DevTools\gcc_v49_2014q4/arm-none-eabi/lib/thumb\libnosys.a(isatty.o)
 .text._isatty  0x010199b4       0x10 C:\DevTools\gcc_v49_2014q4/arm-none-eabi/lib/thumb\libnosys.a(isatty.o)
                0x010199b4                _isatty
 .text          0x010199c4        0x0 C:\DevTools\gcc_v49_2014q4/arm-none-eabi/lib/thumb\libm.a(lib_a-w_sqrt.o)
 .text.sqrt     0x010199c4       0xbc C:\DevTools\gcc_v49_2014q4/arm-none-eabi/lib/thumb\libm.a(lib_a-w_sqrt.o)
                0x010199c4                sqrt
 .text          0x01019a80        0x0 C:\DevTools\gcc_v49_2014q4/arm-none-eabi/lib/thumb\libm.a(lib_a-e_sqrt.o)
 .text.__ieee754_sqrt
                0x01019a80      0x1d4 C:\DevTools\gcc_v49_2014q4/arm-none-eabi/lib/thumb\libm.a(lib_a-e_sqrt.o)
                0x01019a80                __ieee754_sqrt
 .text          0x01019c54        0x0 C:\DevTools\gcc_v49_2014q4/arm-none-eabi/lib/thumb\libm.a(lib_a-s_fpclassify.o)
 .text.__fpclassifyd
                0x01019c54       0x5c C:\DevTools\gcc_v49_2014q4/arm-none-eabi/lib/thumb\libm.a(lib_a-s_fpclassify.o)
                0x01019c54                __fpclassifyd
 .text          0x01019cb0        0x0 C:\DevTools\gcc_v49_2014q4/arm-none-eabi/lib/thumb\libm.a(lib_a-s_lib_ver.o)
 .text          0x01019cb0        0x0 C:\DevTools\gcc_v49_2014q4/arm-none-eabi/lib/thumb\libm.a(lib_a-s_matherr.o)
 .text.matherr  0x01019cb0        0x4 C:\DevTools\gcc_v49_2014q4/arm-none-eabi/lib/thumb\libm.a(lib_a-s_matherr.o)
                0x01019cb0                matherr
 .text          0x01019cb4      0x114 c:/devtools/gcc_v49_2014q4/bin/../lib/gcc/arm-none-eabi/4.9.3\libgcc.a(_udivsi3.o)
                0x01019cb4                __aeabi_uidiv
                0x01019cb4                __udivsi3
                0x01019da8                __aeabi_uidivmod
 .text          0x01019dc8      0x148 c:/devtools/gcc_v49_2014q4/bin/../lib/gcc/arm-none-eabi/4.9.3\libgcc.a(_divsi3.o)
                0x01019dc8                __divsi3
                0x01019dc8                __aeabi_idiv
                0x01019ef0                __aeabi_idivmod
 .text          0x01019f10        0x4 c:/devtools/gcc_v49_2014q4/bin/../lib/gcc/arm-none-eabi/4.9.3\libgcc.a(_dvmd_tls.o)
                0x01019f10                __aeabi_idiv0
                0x01019f10                __aeabi_ldiv0
 .text          0x01019f14      0x41c c:/devtools/gcc_v49_2014q4/bin/../lib/gcc/arm-none-eabi/4.9.3\libgcc.a(_arm_addsubdf3.o)
                0x01019f14                __aeabi_drsub
                0x01019f1c                __aeabi_dsub
                0x01019f1c                __subdf3
                0x01019f20                __aeabi_dadd
                0x01019f20                __adddf3
                0x0101a230                __floatunsidf
                0x0101a230                __aeabi_ui2d
                0x0101a254                __floatsidf
                0x0101a254                __aeabi_i2d
                0x0101a27c                __aeabi_f2d
                0x0101a27c                __extendsfdf2
                0x0101a2bc                __floatundidf
                0x0101a2bc                __aeabi_ul2d
                0x0101a2d0                __floatdidf
                0x0101a2d0                __aeabi_l2d
 .text          0x0101a330      0x49c c:/devtools/gcc_v49_2014q4/bin/../lib/gcc/arm-none-eabi/4.9.3\libgcc.a(_arm_muldivdf3.o)
                0x0101a330                __aeabi_dmul
                0x0101a330                __muldf3
                0x0101a5c0                __divdf3
                0x0101a5c0                __aeabi_ddiv
 .text          0x0101a7cc      0x144 c:/devtools/gcc_v49_2014q4/bin/../lib/gcc/arm-none-eabi/4.9.3\libgcc.a(_arm_cmpdf2.o)
                0x0101a7cc                __gtdf2
                0x0101a7cc                __gedf2
                0x0101a7d4                __ltdf2
                0x0101a7d4                __ledf2
                0x0101a7dc                __nedf2
                0x0101a7dc                __eqdf2
                0x0101a7dc                __cmpdf2
                0x0101a864                __aeabi_cdrcmple
                0x0101a880                __aeabi_cdcmpeq
                0x0101a880                __aeabi_cdcmple
                0x0101a898                __aeabi_dcmpeq
                0x0101a8b0                __aeabi_dcmplt
                0x0101a8c8                __aeabi_dcmple
                0x0101a8e0                __aeabi_dcmpge
                0x0101a8f8                __aeabi_dcmpgt
 .text          0x0101a910       0x54 c:/devtools/gcc_v49_2014q4/bin/../lib/gcc/arm-none-eabi/4.9.3\libgcc.a(_arm_fixunsdfsi.o)
                0x0101a910                __aeabi_d2uiz
                0x0101a910                __fixunsdfsi
 .text          0x0101a964       0x44 c:/devtools/gcc_v49_2014q4/bin/../lib/gcc/arm-none-eabi/4.9.3\libgcc.a(_aeabi_ldivmod.o)
                0x0101a964                __aeabi_ldivmod
 .text          0x0101a9a8       0x3c c:/devtools/gcc_v49_2014q4/bin/../lib/gcc/arm-none-eabi/4.9.3\libgcc.a(_aeabi_uldivmod.o)
                0x0101a9a8                __aeabi_uldivmod
 .text          0x0101a9e4       0x4c c:/devtools/gcc_v49_2014q4/bin/../lib/gcc/arm-none-eabi/4.9.3\libgcc.a(_fixdfdi.o)
                0x0101a9e4                __fixdfdi
                0x0101a9e4                __aeabi_d2lz
 .text          0x0101aa30       0x6c c:/devtools/gcc_v49_2014q4/bin/../lib/gcc/arm-none-eabi/4.9.3\libgcc.a(_fixunsdfdi.o)
                0x0101aa30                __fixunsdfdi
                0x0101aa30                __aeabi_d2ulz
 .text          0x0101aa9c       0x84 c:/devtools/gcc_v49_2014q4/bin/../lib/gcc/arm-none-eabi/4.9.3\libgcc.a(bpabi.o)
                0x0101aa9c                __gnu_ldivmod_helper
                0x0101aae0                __gnu_uldivmod_helper
 .text          0x0101ab20      0x178 c:/devtools/gcc_v49_2014q4/bin/../lib/gcc/arm-none-eabi/4.9.3\libgcc.a(_divdi3.o)
                0x0101ab20                __divdi3
 .text          0x0101ac98      0x120 c:/devtools/gcc_v49_2014q4/bin/../lib/gcc/arm-none-eabi/4.9.3\libgcc.a(_udivdi3.o)
                0x0101ac98                __udivdi3
 .text          0x0101adb8       0x28 c:/devtools/gcc_v49_2014q4/bin/../lib/gcc/arm-none-eabi/4.9.3\libgcc.a(_clzdi2.o)
                0x0101adb8                __clzdi2
 .text          0x0101ade0       0x48 c:/devtools/gcc_v49_2014q4/bin/../lib/gcc/arm-none-eabi/4.9.3\libgcc.a(_clzsi2.o)
                0x0101ade0                __clzsi2
 *(.init)
 *(.fini)
 *crtbegin.o(.ctors)
 *crtbegin?.o(.ctors)
 *(EXCLUDE_FILE(*crtend.o *crtend?.o) .ctors)
 *(SORT(.ctors.*))
 *(.ctors)
 *crtbegin.o(.dtors)
 *crtbegin?.o(.dtors)
 *(EXCLUDE_FILE(*crtend.o *crtend?.o) .dtors)
 *(SORT(.dtors.*))
 *(.dtors)
 *(.rodata* .gnu.linkonce.r.*)
 .rodata        0x0101ae28       0x10 obj/Adjust.o
 .rodata        0x0101ae38      0x290 obj/Constant.o
                0x0101ae38                KTransBitmap
                0x0101b0a8                KTransHeader
                0x0101b0c2                KSetlPCode2
 .rodata        0x0101b0c8       0x24 obj/Coremain.o
                0x0101b0d8                KSoftName
                0x0101b0e4                KExportFunc
 .rodata.str1.1
                0x0101b0ec       0x9b obj/Coremain.o
 *fill*         0x0101b187        0x1 
 .rodata        0x0101b188     0x3388 obj/DemoTest.o
                0x0101b188                KCtlKeyRoom
                0x0101c420                KCtlApplCfg
                0x0101ce94                KKeyRoom
                0x0101da9c                KApplCfg
 .rodata        0x0101e510       0x56 obj/Ecr.o
                0x0101e510                KSettleResp
                0x0101e514                KHostTotResp
                0x0101e51a                KHostNameResp
                0x0101e520                KLastTrace
                0x0101e528                KOfflSaleResp
                0x0101e546                KSaleResp
 *fill*         0x0101e566        0x2 
 .rodata        0x0101e568      0x2a0 obj/Func.o
 .rodata.str1.1
                0x0101e808      0x1a8 obj/Func.o
                                0x1b1 (size before relaxing)
 .rodata        0x0101e9b0      0x198 obj/Others.o
                0x0101e9b0                KOtherTransMenu
                0x0101e9cc                KOthercurrMenu
                0x0101e9e8                KOtherTxncurr
                0x0101ea68                KOtherTxnItem
 .rodata.str1.1
                0x0101eb48       0x50 obj/Others.o
 .rodata        0x0101eb98        0xc obj/ParamTest.o
 .rodata.str1.1
                0x0101eba4       0x39 obj/ParamTest.o
 .rodata        0x0101ebdd       0x62 obj/Print.o
 .rodata.str1.1
                0x0101ec3f       0x40 obj/Print.o
                                 0x48 (size before relaxing)
 .rodata.str1.1
                0x0101ec7f       0x2f obj/Sale.o
 *fill*         0x0101ecae        0x2 
 .rodata        0x0101ecb0       0x78 obj/Settle.o
 .rodata.str1.1
                0x0101ed28       0x28 obj/Settle.o
                                 0x2e (size before relaxing)
 .rodata        0x0101ed50       0x2c obj/Sysutil.o
 .rodata.str1.1
                0x0101ed7c       0x50 obj/Sysutil.o
                                 0x5b (size before relaxing)
 .rodata.str1.1
                0x0101edcc       0x18 obj/auxcom.o
                                 0x21 (size before relaxing)
 .rodata.str1.1
                0x0101ede4       0x72 obj/brdrtest.o
 .rodata.str1.1
                0x0101ee56       0xb2 obj/camtest.o
 .rodata        0x0101ef08        0xc obj/corevar.o
 .rodata.str1.1
                0x0101ef14       0x10 obj/corevar.o
 .rodata        0x0101ef24       0x70 obj/ctltrans.o
                0x0101ef56                wCTLDummyTags
                0x0101ef62                wCTLOnlineTags
 .rodata.str1.1
                0x0101ef94       0xa3 obj/ctltrans.o
                                 0xb4 (size before relaxing)
 *fill*         0x0101f037        0x1 
 .rodata        0x0101f038      0x400 obj/debugstis.o
 .rodata        0x0101f438       0xd4 obj/emvtrans.o
                0x0101f448                wVMOnlineTags
                0x0101f4c3                KPinMsg
 .rodata.str1.1
                0x0101f50c       0x20 obj/emvtrans.o
                                 0x3b (size before relaxing)
 .rodata.str1.1
                0x0101f52c       0x22 obj/hardware.o
 .rodata        0x0101f54e       0x10 obj/hostmsg.o
 .rodata.str1.1
                0x0101f55e       0xc4 obj/hostmsg.o
                                 0xfb (size before relaxing)
 .rodata        0x0101f622       0x82 obj/iface.o
                0x0101f638                KItfSettleResp
                0x0101f640                KItfHostTotResp
                0x0101f648                KItfHostNameResp
                0x0101f650                KItfLastTrace
                0x0101f65a                KItfOfflSaleResp
                0x0101f67e                KItfSaleResp
 .rodata.str1.1
                0x0101f6a4       0x49 obj/iface.o
                                 0x4c (size before relaxing)
 *fill*         0x0101f6ed        0x1 
 .rodata        0x0101f6ee      0x200 obj/iface_util.o
 *fill*         0x0101f8ee        0x2 
 .rodata        0x0101f8f0       0x10 obj/input.o
 .rodata.str1.1
                0x0101f900       0x59 obj/input.o
                                 0x5c (size before relaxing)
 .rodata        0x0101f959       0x2d obj/keytrans.o
 .rodata.str1.1
                0x0101f986      0x23d obj/keytrans.o
 *fill*         0x0101fbc3        0x1 
 .rodata        0x0101fbc4      0x914 obj/lptutil.o
 .rodata.str1.1
                0x00000000        0xc obj/lptutil.o
 .rodata        0x010204d8       0x18 obj/main.o
                0x010204d8                KAppHdr
 .rodata.str1.1
                0x010204f0       0x26 obj/main.o
 .rodata.str1.1
                0x01020516       0x3d obj/menu.o
 *fill*         0x01020553        0x1 
 .rodata        0x01020554      0x680 obj/message.o
                0x010209f4                KRspText
 .rodata.str1.1
                0x01020bd4      0xfc4 obj/message.o
 .rodata        0x01021b98       0x24 obj/network.o
 .rodata.str1.1
                0x01021bbc      0x29a obj/network.o
                                0x2ae (size before relaxing)
 .rodata.str1.1
                0x01021e56      0x127 obj/toggle.o
                                0x137 (size before relaxing)
 *fill*         0x01021f7d        0x3 
 .rodata        0x01021f80       0x50 obj/tpadtest.o
                0x01021f80                KPadObj
                0x01021fb0                KPadConf
 .rodata.str1.1
                0x01021fd0       0xb9 obj/tpadtest.o
 *fill*         0x01022089        0x3 
 .rodata        0x0102208c      0x104 obj/tranutil.o
 .rodata.str1.1
                0x01022190      0xc18 obj/tranutil.o
                                0xca7 (size before relaxing)
 .rodata        0x01022da8       0x30 obj/wavecom.o
 .rodata.str1.1
                0x01022dd8      0x271 obj/wavecom.o
                                0x286 (size before relaxing)
 .rodata.str1.1
                0x01023049       0x20 obj/cstartup.o
 .rodata.str1.1
                0x01023069        0x7 obj/libc.o
 .rodata        0x01023070      0x200 ../LibA5T1000/gcc\libsptutil.a(crcccitt.o)
 .rodata.str1.1
                0x01023270        0x4 ../LibA5T1000/gcc\libspglib.a(GIFLib.o)
 .rodata.str1.4
                0x01023274        0x2 C:\DevTools\gcc_v49_2014q4/arm-none-eabi/lib/thumb\libc.a(lib_a-puts.o)
                                  0x4 (size before relaxing)
 *fill*         0x01023276        0x2 
 .rodata.str1.4
                0x01023278        0x2 C:\DevTools\gcc_v49_2014q4/arm-none-eabi/lib/thumb\libc.a(lib_a-impure.o)
                                  0x4 (size before relaxing)
 *fill*         0x0102327a        0x2 
 .rodata._global_impure_ptr
                0x0102327c        0x4 C:\DevTools\gcc_v49_2014q4/arm-none-eabi/lib/thumb\libc.a(lib_a-impure.o)
                0x0102327c                _global_impure_ptr
 .rodata.str1.4
                0x01023280        0x8 C:\DevTools\gcc_v49_2014q4/arm-none-eabi/lib/thumb\libm.a(lib_a-w_sqrt.o)
 *(.eh_frame*)

.vfp11_veneer   0x01023288        0x0
 .vfp11_veneer  0x00000000        0x0 linker stubs

.v4_bx          0x01023288        0x0
 .v4_bx         0x00000000        0x0 linker stubs

.iplt           0x01023288        0x0
 .iplt          0x00000000        0x0 obj/Adjust.o

.ARM.extab
 *(.ARM.extab* .gnu.linkonce.armextab.*)
                0x01023288                __exidx_start = .

.ARM.exidx      0x01023288        0x8
 *(.ARM.exidx* .gnu.linkonce.armexidx.*)
 .ARM.exidx     0x01023288        0x8 c:/devtools/gcc_v49_2014q4/bin/../lib/gcc/arm-none-eabi/4.9.3\libgcc.a(_divdi3.o)
 .ARM.exidx     0x01023290        0x0 c:/devtools/gcc_v49_2014q4/bin/../lib/gcc/arm-none-eabi/4.9.3\libgcc.a(_udivdi3.o)
                                  0x8 (size before relaxing)
                0x01023290                __exidx_end = .

.text_kek       0x01023290        0x8
 *(sect_kek)
 sect_kek       0x01023290        0x8 obj/cstartup.o
                0x01023290                KKek
                0x01023298                _end_of_app = ALIGN (0x4)

.rel.dyn        0x01023298        0x0
 .rel.iplt      0x00000000        0x0 obj/Adjust.o
                0x01800000                . = _start_of_data
